---
http_interactions:
- request:
    method: get
    uri: https://api.stripe.com/v1/customers
    body:
      encoding: US-ASCII
      string: ''
    headers:
      User-Agent:
      - Stripe/v1 RubyBindings/10.11.0
      Authorization:
      - Bearer aAcnj1rwUlr0eRc4MrHxFvsye3Dd4GXU
      Content-Type:
      - application/x-www-form-urlencoded
      X-Stripe-Client-Telemetry:
      - '{"last_request_metrics":{"request_id":"req_dXCeU7rPnvbtEG","request_duration_ms":384}}'
      Stripe-Version:
      - '2023-10-16'
      X-Stripe-Client-User-Agent:
      - '{"bindings_version":"10.11.0","lang":"ruby","lang_version":"3.2.3 p157 (2024-01-18)","platform":"arm64-darwin23","engine":"ruby","publisher":"stripe","uname":"Darwin
        pancake.localdomain 23.3.0 Darwin Kernel Version 23.3.0: Wed Dec 20 21:30:44
        PST 2023; root:xnu-10002.81.5~7/RELEASE_ARM64_T6000 arm64","hostname":"pancake.localdomain"}'
      Accept-Encoding:
      - gzip;q=1.0,deflate;q=0.6,identity;q=0.3
      Accept:
      - "*/*"
  response:
    status:
      code: 200
      message: OK
    headers:
      Server:
      - nginx
      Date:
      - Sat, 09 Mar 2024 04:29:00 GMT
      Content-Type:
      - application/json
      Content-Length:
      - '872'
      Connection:
      - keep-alive
      Access-Control-Allow-Credentials:
      - 'true'
      Access-Control-Allow-Methods:
      - GET,HEAD,PUT,PATCH,POST,DELETE
      Access-Control-Allow-Origin:
      - "*"
      Access-Control-Expose-Headers:
      - Request-Id, Stripe-Manage-Version, Stripe-Should-Retry, X-Stripe-External-Auth-Required,
        X-Stripe-Privileged-Session-Required
      Access-Control-Max-Age:
      - '300'
      Cache-Control:
      - no-cache, no-store
      Content-Security-Policy:
      - report-uri https://q.stripe.com/csp-report?p=v1%2Fcustomers; block-all-mixed-content;
        default-src 'none'; base-uri 'none'; form-action 'none'; frame-ancestors 'none';
        img-src 'self'; script-src 'self' 'report-sample'; style-src 'self'
      Cross-Origin-Opener-Policy-Report-Only:
      - same-origin; report-to=https://q.stripe.com/coop-report
      Request-Id:
      - req_7rKQl2ab4dKgou
      Stripe-Version:
      - '2023-10-16'
      Vary:
      - Origin
      X-Stripe-Routing-Context-Priority-Tier:
      - api-testmode
      Strict-Transport-Security:
      - max-age=63072000; includeSubDomains; preload
    body:
      encoding: UTF-8
      string: |-
        {
          "object": "list",
          "data": [
            {
              "id": "cus_PhgjmHBr29UDoF",
              "object": "customer",
              "address": null,
              "balance": 0,
              "created": 1709957892,
              "currency": "usd",
              "default_source": "card_0OsHMPkKe4kFpYbdsvgoo15T",
              "delinquent": true,
              "description": null,
              "discount": null,
              "email": "search0002@drumknottsearch.com",
              "invoice_prefix": "9E58314F",
              "invoice_settings": {
                "custom_fields": null,
                "default_payment_method": null,
                "footer": null,
                "rendering_options": null
              },
              "livemode": false,
              "metadata": {},
              "name": null,
              "next_invoice_sequence": 3,
              "phone": null,
              "preferred_locales": [],
              "shipping": null,
              "tax_exempt": "none",
              "test_clock": null
            }
          ],
          "has_more": false,
          "url": "/v1/customers"
        }
  recorded_at: Sat, 09 Mar 2024 04:29:00 GMT
- request:
    method: delete
    uri: https://api.stripe.com/v1/customers/cus_PhgjmHBr29UDoF
    body:
      encoding: US-ASCII
      string: ''
    headers:
      User-Agent:
      - Stripe/v1 RubyBindings/10.11.0
      Authorization:
      - Bearer aAcnj1rwUlr0eRc4MrHxFvsye3Dd4GXU
      Content-Type:
      - application/x-www-form-urlencoded
      X-Stripe-Client-Telemetry:
      - '{"last_request_metrics":{"request_id":"req_7rKQl2ab4dKgou","request_duration_ms":443}}'
      Stripe-Version:
      - '2023-10-16'
      X-Stripe-Client-User-Agent:
      - '{"bindings_version":"10.11.0","lang":"ruby","lang_version":"3.2.3 p157 (2024-01-18)","platform":"arm64-darwin23","engine":"ruby","publisher":"stripe","uname":"Darwin
        pancake.localdomain 23.3.0 Darwin Kernel Version 23.3.0: Wed Dec 20 21:30:44
        PST 2023; root:xnu-10002.81.5~7/RELEASE_ARM64_T6000 arm64","hostname":"pancake.localdomain"}'
      Accept-Encoding:
      - gzip;q=1.0,deflate;q=0.6,identity;q=0.3
      Accept:
      - "*/*"
  response:
    status:
      code: 200
      message: OK
    headers:
      Server:
      - nginx
      Date:
      - Sat, 09 Mar 2024 04:29:01 GMT
      Content-Type:
      - application/json
      Content-Length:
      - '75'
      Connection:
      - keep-alive
      Access-Control-Allow-Credentials:
      - 'true'
      Access-Control-Allow-Methods:
      - GET,HEAD,PUT,PATCH,POST,DELETE
      Access-Control-Allow-Origin:
      - "*"
      Access-Control-Expose-Headers:
      - Request-Id, Stripe-Manage-Version, Stripe-Should-Retry, X-Stripe-External-Auth-Required,
        X-Stripe-Privileged-Session-Required
      Access-Control-Max-Age:
      - '300'
      Cache-Control:
      - no-cache, no-store
      Content-Security-Policy:
      - report-uri https://q.stripe.com/csp-report?p=v1%2Fcustomers%2F%3Acustomer;
        block-all-mixed-content; default-src 'none'; base-uri 'none'; form-action
        'none'; frame-ancestors 'none'; img-src 'self'; script-src 'self' 'report-sample';
        style-src 'self'
      Cross-Origin-Opener-Policy-Report-Only:
      - same-origin; report-to=https://q.stripe.com/coop-report
      Request-Id:
      - req_KNVhLG2kbFdBow
      Stripe-Version:
      - '2023-10-16'
      Vary:
      - Origin
      X-Stripe-Routing-Context-Priority-Tier:
      - api-testmode
      Strict-Transport-Security:
      - max-age=63072000; includeSubDomains; preload
    body:
      encoding: UTF-8
      string: |-
        {
          "id": "cus_PhgjmHBr29UDoF",
          "object": "customer",
          "deleted": true
        }
  recorded_at: Sat, 09 Mar 2024 04:29:01 GMT
- request:
    method: get
    uri: https://api.stripe.com/v1/coupons
    body:
      encoding: US-ASCII
      string: ''
    headers:
      User-Agent:
      - Stripe/v1 RubyBindings/10.11.0
      Authorization:
      - Bearer aAcnj1rwUlr0eRc4MrHxFvsye3Dd4GXU
      Content-Type:
      - application/x-www-form-urlencoded
      X-Stripe-Client-Telemetry:
      - '{"last_request_metrics":{"request_id":"req_KNVhLG2kbFdBow","request_duration_ms":610}}'
      Stripe-Version:
      - '2023-10-16'
      X-Stripe-Client-User-Agent:
      - '{"bindings_version":"10.11.0","lang":"ruby","lang_version":"3.2.3 p157 (2024-01-18)","platform":"arm64-darwin23","engine":"ruby","publisher":"stripe","uname":"Darwin
        pancake.localdomain 23.3.0 Darwin Kernel Version 23.3.0: Wed Dec 20 21:30:44
        PST 2023; root:xnu-10002.81.5~7/RELEASE_ARM64_T6000 arm64","hostname":"pancake.localdomain"}'
      Accept-Encoding:
      - gzip;q=1.0,deflate;q=0.6,identity;q=0.3
      Accept:
      - "*/*"
  response:
    status:
      code: 200
      message: OK
    headers:
      Server:
      - nginx
      Date:
      - Sat, 09 Mar 2024 04:29:01 GMT
      Content-Type:
      - application/json
      Content-Length:
      - '81'
      Connection:
      - keep-alive
      Access-Control-Allow-Credentials:
      - 'true'
      Access-Control-Allow-Methods:
      - GET,HEAD,PUT,PATCH,POST,DELETE
      Access-Control-Allow-Origin:
      - "*"
      Access-Control-Expose-Headers:
      - Request-Id, Stripe-Manage-Version, Stripe-Should-Retry, X-Stripe-External-Auth-Required,
        X-Stripe-Privileged-Session-Required
      Access-Control-Max-Age:
      - '300'
      Cache-Control:
      - no-cache, no-store
      Content-Security-Policy:
      - report-uri https://q.stripe.com/csp-report?p=v1%2Fcoupons; block-all-mixed-content;
        default-src 'none'; base-uri 'none'; form-action 'none'; frame-ancestors 'none';
        img-src 'self'; script-src 'self' 'report-sample'; style-src 'self'
      Cross-Origin-Opener-Policy-Report-Only:
      - same-origin; report-to=https://q.stripe.com/coop-report
      Request-Id:
      - req_WUswsmi1bcVTQ1
      Stripe-Version:
      - '2023-10-16'
      Vary:
      - Origin
      X-Stripe-Routing-Context-Priority-Tier:
      - api-testmode
      Strict-Transport-Security:
      - max-age=63072000; includeSubDomains; preload
    body:
      encoding: UTF-8
      string: |-
        {
          "object": "list",
          "data": [],
          "has_more": false,
          "url": "/v1/coupons"
        }
  recorded_at: Sat, 09 Mar 2024 04:29:01 GMT
- request:
    method: post
    uri: https://api.stripe.com/v1/customers
    body:
      encoding: UTF-8
      string: email=search0003%40drumknottsearch.com
    headers:
      User-Agent:
      - Stripe/v1 RubyBindings/10.11.0
      Authorization:
      - Bearer aAcnj1rwUlr0eRc4MrHxFvsye3Dd4GXU
      Content-Type:
      - application/x-www-form-urlencoded
      X-Stripe-Client-Telemetry:
      - '{"last_request_metrics":{"request_id":"req_WUswsmi1bcVTQ1","request_duration_ms":308}}'
      Stripe-Version:
      - '2023-10-16'
      X-Stripe-Client-User-Agent:
      - '{"bindings_version":"10.11.0","lang":"ruby","lang_version":"3.2.3 p157 (2024-01-18)","platform":"arm64-darwin23","engine":"ruby","publisher":"stripe","uname":"Darwin
        pancake.localdomain 23.3.0 Darwin Kernel Version 23.3.0: Wed Dec 20 21:30:44
        PST 2023; root:xnu-10002.81.5~7/RELEASE_ARM64_T6000 arm64","hostname":"pancake.localdomain"}'
      Accept-Encoding:
      - gzip;q=1.0,deflate;q=0.6,identity;q=0.3
      Accept:
      - "*/*"
  response:
    status:
      code: 200
      message: OK
    headers:
      Server:
      - nginx
      Date:
      - Sat, 09 Mar 2024 04:29:02 GMT
      Content-Type:
      - application/json
      Content-Length:
      - '642'
      Connection:
      - keep-alive
      Access-Control-Allow-Credentials:
      - 'true'
      Access-Control-Allow-Methods:
      - GET,HEAD,PUT,PATCH,POST,DELETE
      Access-Control-Allow-Origin:
      - "*"
      Access-Control-Expose-Headers:
      - Request-Id, Stripe-Manage-Version, Stripe-Should-Retry, X-Stripe-External-Auth-Required,
        X-Stripe-Privileged-Session-Required
      Access-Control-Max-Age:
      - '300'
      Cache-Control:
      - no-cache, no-store
      Content-Security-Policy:
      - report-uri https://q.stripe.com/csp-report?p=v1%2Fcustomers; block-all-mixed-content;
        default-src 'none'; base-uri 'none'; form-action 'none'; frame-ancestors 'none';
        img-src 'self'; script-src 'self' 'report-sample'; style-src 'self'
      Cross-Origin-Opener-Policy-Report-Only:
      - same-origin; report-to=https://q.stripe.com/coop-report
      Idempotency-Key:
      - d1811943-79b5-457d-a48f-dfaa03c8720a
      Original-Request:
      - req_DJhIVLwBuiOd9a
      Request-Id:
      - req_DJhIVLwBuiOd9a
      Stripe-Should-Retry:
      - 'false'
      Stripe-Version:
      - '2023-10-16'
      Vary:
      - Origin
      X-Stripe-Routing-Context-Priority-Tier:
      - api-testmode
      Strict-Transport-Security:
      - max-age=63072000; includeSubDomains; preload
    body:
      encoding: UTF-8
      string: |-
        {
          "id": "cus_PhguPmroz4eSWX",
          "object": "customer",
          "address": null,
          "balance": 0,
          "created": 1709958541,
          "currency": null,
          "default_source": null,
          "delinquent": false,
          "description": null,
          "discount": null,
          "email": "search0003@drumknottsearch.com",
          "invoice_prefix": "4864037E",
          "invoice_settings": {
            "custom_fields": null,
            "default_payment_method": null,
            "footer": null,
            "rendering_options": null
          },
          "livemode": false,
          "metadata": {},
          "name": null,
          "next_invoice_sequence": 1,
          "phone": null,
          "preferred_locales": [],
          "shipping": null,
          "tax_exempt": "none",
          "test_clock": null
        }
  recorded_at: Sat, 09 Mar 2024 04:29:01 GMT
- request:
    method: post
    uri: https://api.stripe.com/v1/tokens
    body:
      encoding: UTF-8
      string: card[number]=4242424242424242&card[exp_month]=1&card[exp_year]=2026&card[cvc]=123
    headers:
      User-Agent:
      - Stripe/v1 RubyBindings/10.11.0
      Authorization:
      - Bearer aAcnj1rwUlr0eRc4MrHxFvsye3Dd4GXU
      Content-Type:
      - application/x-www-form-urlencoded
      X-Stripe-Client-Telemetry:
      - '{"last_request_metrics":{"request_id":"req_DJhIVLwBuiOd9a","request_duration_ms":396}}'
      Stripe-Version:
      - '2023-10-16'
      X-Stripe-Client-User-Agent:
      - '{"bindings_version":"10.11.0","lang":"ruby","lang_version":"3.2.3 p157 (2024-01-18)","platform":"arm64-darwin23","engine":"ruby","publisher":"stripe","uname":"Darwin
        pancake.localdomain 23.3.0 Darwin Kernel Version 23.3.0: Wed Dec 20 21:30:44
        PST 2023; root:xnu-10002.81.5~7/RELEASE_ARM64_T6000 arm64","hostname":"pancake.localdomain"}'
      Accept-Encoding:
      - gzip;q=1.0,deflate;q=0.6,identity;q=0.3
      Accept:
      - "*/*"
  response:
    status:
      code: 200
      message: OK
    headers:
      Server:
      - nginx
      Date:
      - Sat, 09 Mar 2024 04:29:02 GMT
      Content-Type:
      - application/json
      Content-Length:
      - '849'
      Connection:
      - keep-alive
      Access-Control-Allow-Credentials:
      - 'true'
      Access-Control-Allow-Methods:
      - GET,HEAD,PUT,PATCH,POST,DELETE
      Access-Control-Allow-Origin:
      - "*"
      Access-Control-Expose-Headers:
      - Request-Id, Stripe-Manage-Version, Stripe-Should-Retry, X-Stripe-External-Auth-Required,
        X-Stripe-Privileged-Session-Required
      Access-Control-Max-Age:
      - '300'
      Cache-Control:
      - no-cache, no-store
      Content-Security-Policy:
      - report-uri https://q.stripe.com/csp-report?p=v1%2Ftokens; block-all-mixed-content;
        default-src 'none'; base-uri 'none'; form-action 'none'; frame-ancestors 'none';
        img-src 'self'; script-src 'self' 'report-sample'; style-src 'self'
      Cross-Origin-Opener-Policy-Report-Only:
      - same-origin; report-to=https://q.stripe.com/coop-report
      Idempotency-Key:
      - 1677a1fb-2255-489e-aa14-36e1eed0c82e
      Original-Request:
      - req_Na6TvDuNCeKaEB
      Request-Id:
      - req_Na6TvDuNCeKaEB
      Stripe-Should-Retry:
      - 'false'
      Stripe-Version:
      - '2023-10-16'
      Vary:
      - Origin
      X-Stripe-Routing-Context-Priority-Tier:
      - api-testmode
      Strict-Transport-Security:
      - max-age=63072000; includeSubDomains; preload
    body:
      encoding: UTF-8
      string: |-
        {
          "id": "tok_0OsHWskKe4kFpYbdOrLO775L",
          "object": "token",
          "card": {
            "id": "card_0OsHWskKe4kFpYbdXEDj15la",
            "object": "card",
            "address_city": null,
            "address_country": null,
            "address_line1": null,
            "address_line1_check": null,
            "address_line2": null,
            "address_state": null,
            "address_zip": null,
            "address_zip_check": null,
            "brand": "Visa",
            "country": "US",
            "cvc_check": "unchecked",
            "dynamic_last4": null,
            "exp_month": 1,
            "exp_year": 2026,
            "fingerprint": "DCZbB0jNI6O56OrA",
            "funding": "credit",
            "last4": "4242",
            "metadata": {},
            "name": null,
            "networks": {
              "preferred": null
            },
            "tokenization_method": null,
            "wallet": null
          },
          "client_ip": "180.150.37.147",
          "created": 1709958542,
          "livemode": false,
          "type": "card",
          "used": false
        }
  recorded_at: Sat, 09 Mar 2024 04:29:02 GMT
- request:
    method: post
    uri: https://api.stripe.com/v1/customers/cus_PhguPmroz4eSWX/sources
    body:
      encoding: UTF-8
      string: source=tok_0OsHWskKe4kFpYbdOrLO775L
    headers:
      User-Agent:
      - Stripe/v1 RubyBindings/10.11.0
      Authorization:
      - Bearer aAcnj1rwUlr0eRc4MrHxFvsye3Dd4GXU
      Content-Type:
      - application/x-www-form-urlencoded
      X-Stripe-Client-Telemetry:
      - '{"last_request_metrics":{"request_id":"req_Na6TvDuNCeKaEB","request_duration_ms":509}}'
      Stripe-Version:
      - '2023-10-16'
      X-Stripe-Client-User-Agent:
      - '{"bindings_version":"10.11.0","lang":"ruby","lang_version":"3.2.3 p157 (2024-01-18)","platform":"arm64-darwin23","engine":"ruby","publisher":"stripe","uname":"Darwin
        pancake.localdomain 23.3.0 Darwin Kernel Version 23.3.0: Wed Dec 20 21:30:44
        PST 2023; root:xnu-10002.81.5~7/RELEASE_ARM64_T6000 arm64","hostname":"pancake.localdomain"}'
      Accept-Encoding:
      - gzip;q=1.0,deflate;q=0.6,identity;q=0.3
      Accept:
      - "*/*"
  response:
    status:
      code: 200
      message: OK
    headers:
      Server:
      - nginx
      Date:
      - Sat, 09 Mar 2024 04:29:03 GMT
      Content-Type:
      - application/json
      Content-Length:
      - '594'
      Connection:
      - keep-alive
      Access-Control-Allow-Credentials:
      - 'true'
      Access-Control-Allow-Methods:
      - GET,HEAD,PUT,PATCH,POST,DELETE
      Access-Control-Allow-Origin:
      - "*"
      Access-Control-Expose-Headers:
      - Request-Id, Stripe-Manage-Version, Stripe-Should-Retry, X-Stripe-External-Auth-Required,
        X-Stripe-Privileged-Session-Required
      Access-Control-Max-Age:
      - '300'
      Cache-Control:
      - no-cache, no-store
      Content-Security-Policy:
      - report-uri https://q.stripe.com/csp-report?p=v1%2Fcustomers%2F%3Acustomer%2Fsources;
        block-all-mixed-content; default-src 'none'; base-uri 'none'; form-action
        'none'; frame-ancestors 'none'; img-src 'self'; script-src 'self' 'report-sample';
        style-src 'self'
      Cross-Origin-Opener-Policy-Report-Only:
      - same-origin; report-to=https://q.stripe.com/coop-report
      Idempotency-Key:
      - 2e7e80cb-9a18-49db-9bdf-d22aa218d6ba
      Original-Request:
      - req_dM76UlPtriaku8
      Request-Id:
      - req_dM76UlPtriaku8
      Stripe-Should-Retry:
      - 'false'
      Stripe-Version:
      - '2023-10-16'
      Vary:
      - Origin
      X-Stripe-Routing-Context-Priority-Tier:
      - api-testmode
      Strict-Transport-Security:
      - max-age=63072000; includeSubDomains; preload
    body:
      encoding: UTF-8
      string: |-
        {
          "id": "card_0OsHWskKe4kFpYbdXEDj15la",
          "object": "card",
          "address_city": null,
          "address_country": null,
          "address_line1": null,
          "address_line1_check": null,
          "address_line2": null,
          "address_state": null,
          "address_zip": null,
          "address_zip_check": null,
          "brand": "Visa",
          "country": "US",
          "customer": "cus_PhguPmroz4eSWX",
          "cvc_check": "pass",
          "dynamic_last4": null,
          "exp_month": 1,
          "exp_year": 2026,
          "fingerprint": "DCZbB0jNI6O56OrA",
          "funding": "credit",
          "last4": "4242",
          "metadata": {},
          "name": null,
          "tokenization_method": null,
          "wallet": null
        }
  recorded_at: Sat, 09 Mar 2024 04:29:03 GMT
- request:
    method: get
    uri: https://api.stripe.com/v1/customers/cus_PhguPmroz4eSWX
    body:
      encoding: US-ASCII
      string: ''
    headers:
      User-Agent:
      - Stripe/v1 RubyBindings/10.11.0
      Authorization:
      - Bearer aAcnj1rwUlr0eRc4MrHxFvsye3Dd4GXU
      Content-Type:
      - application/x-www-form-urlencoded
      X-Stripe-Client-Telemetry:
      - '{"last_request_metrics":{"request_id":"req_dM76UlPtriaku8","request_duration_ms":590}}'
      Stripe-Version:
      - '2023-10-16'
      X-Stripe-Client-User-Agent:
      - '{"bindings_version":"10.11.0","lang":"ruby","lang_version":"3.2.3 p157 (2024-01-18)","platform":"arm64-darwin23","engine":"ruby","publisher":"stripe","uname":"Darwin
        pancake.localdomain 23.3.0 Darwin Kernel Version 23.3.0: Wed Dec 20 21:30:44
        PST 2023; root:xnu-10002.81.5~7/RELEASE_ARM64_T6000 arm64","hostname":"pancake.localdomain"}'
      Accept-Encoding:
      - gzip;q=1.0,deflate;q=0.6,identity;q=0.3
      Accept:
      - "*/*"
  response:
    status:
      code: 200
      message: OK
    headers:
      Server:
      - nginx
      Date:
      - Sat, 09 Mar 2024 04:29:03 GMT
      Content-Type:
      - application/json
      Content-Length:
      - '669'
      Connection:
      - keep-alive
      Access-Control-Allow-Credentials:
      - 'true'
      Access-Control-Allow-Methods:
      - GET,HEAD,PUT,PATCH,POST,DELETE
      Access-Control-Allow-Origin:
      - "*"
      Access-Control-Expose-Headers:
      - Request-Id, Stripe-Manage-Version, Stripe-Should-Retry, X-Stripe-External-Auth-Required,
        X-Stripe-Privileged-Session-Required
      Access-Control-Max-Age:
      - '300'
      Cache-Control:
      - no-cache, no-store
      Content-Security-Policy:
      - report-uri https://q.stripe.com/csp-report?p=v1%2Fcustomers%2F%3Acustomer;
        block-all-mixed-content; default-src 'none'; base-uri 'none'; form-action
        'none'; frame-ancestors 'none'; img-src 'self'; script-src 'self' 'report-sample';
        style-src 'self'
      Cross-Origin-Opener-Policy-Report-Only:
      - same-origin; report-to=https://q.stripe.com/coop-report
      Request-Id:
      - req_a9BTljEWgpqpMG
      Stripe-Version:
      - '2023-10-16'
      Vary:
      - Origin
      X-Stripe-Routing-Context-Priority-Tier:
      - api-testmode
      Strict-Transport-Security:
      - max-age=63072000; includeSubDomains; preload
    body:
      encoding: UTF-8
      string: |-
        {
          "id": "cus_PhguPmroz4eSWX",
          "object": "customer",
          "address": null,
          "balance": 0,
          "created": 1709958541,
          "currency": null,
          "default_source": "card_0OsHWskKe4kFpYbdXEDj15la",
          "delinquent": false,
          "description": null,
          "discount": null,
          "email": "search0003@drumknottsearch.com",
          "invoice_prefix": "4864037E",
          "invoice_settings": {
            "custom_fields": null,
            "default_payment_method": null,
            "footer": null,
            "rendering_options": null
          },
          "livemode": false,
          "metadata": {},
          "name": null,
          "next_invoice_sequence": 1,
          "phone": null,
          "preferred_locales": [],
          "shipping": null,
          "tax_exempt": "none",
          "test_clock": null
        }
  recorded_at: Sat, 09 Mar 2024 04:29:03 GMT
- request:
    method: get
    uri: https://api.stripe.com/v1/customers/cus_PhguPmroz4eSWX/sources/card_0OsHWskKe4kFpYbdXEDj15la
    body:
      encoding: US-ASCII
      string: ''
    headers:
      User-Agent:
      - Stripe/v1 RubyBindings/10.11.0
      Authorization:
      - Bearer aAcnj1rwUlr0eRc4MrHxFvsye3Dd4GXU
      Content-Type:
      - application/x-www-form-urlencoded
      X-Stripe-Client-Telemetry:
      - '{"last_request_metrics":{"request_id":"req_a9BTljEWgpqpMG","request_duration_ms":319}}'
      Stripe-Version:
      - '2023-10-16'
      X-Stripe-Client-User-Agent:
      - '{"bindings_version":"10.11.0","lang":"ruby","lang_version":"3.2.3 p157 (2024-01-18)","platform":"arm64-darwin23","engine":"ruby","publisher":"stripe","uname":"Darwin
        pancake.localdomain 23.3.0 Darwin Kernel Version 23.3.0: Wed Dec 20 21:30:44
        PST 2023; root:xnu-10002.81.5~7/RELEASE_ARM64_T6000 arm64","hostname":"pancake.localdomain"}'
      Accept-Encoding:
      - gzip;q=1.0,deflate;q=0.6,identity;q=0.3
      Accept:
      - "*/*"
  response:
    status:
      code: 200
      message: OK
    headers:
      Server:
      - nginx
      Date:
      - Sat, 09 Mar 2024 04:29:03 GMT
      Content-Type:
      - application/json
      Content-Length:
      - '594'
      Connection:
      - keep-alive
      Access-Control-Allow-Credentials:
      - 'true'
      Access-Control-Allow-Methods:
      - GET,HEAD,PUT,PATCH,POST,DELETE
      Access-Control-Allow-Origin:
      - "*"
      Access-Control-Expose-Headers:
      - Request-Id, Stripe-Manage-Version, Stripe-Should-Retry, X-Stripe-External-Auth-Required,
        X-Stripe-Privileged-Session-Required
      Access-Control-Max-Age:
      - '300'
      Cache-Control:
      - no-cache, no-store
      Content-Security-Policy:
      - report-uri https://q.stripe.com/csp-report?p=v1%2Fcustomers%2F%3Acustomer%2Fsources%2F%3Aid;
        block-all-mixed-content; default-src 'none'; base-uri 'none'; form-action
        'none'; frame-ancestors 'none'; img-src 'self'; script-src 'self' 'report-sample';
        style-src 'self'
      Cross-Origin-Opener-Policy-Report-Only:
      - same-origin; report-to=https://q.stripe.com/coop-report
      Request-Id:
      - req_LNT7i1Sbe8vt4h
      Stripe-Version:
      - '2023-10-16'
      Vary:
      - Origin
      X-Stripe-Routing-Context-Priority-Tier:
      - api-testmode
      Strict-Transport-Security:
      - max-age=63072000; includeSubDomains; preload
    body:
      encoding: UTF-8
      string: |-
        {
          "id": "card_0OsHWskKe4kFpYbdXEDj15la",
          "object": "card",
          "address_city": null,
          "address_country": null,
          "address_line1": null,
          "address_line1_check": null,
          "address_line2": null,
          "address_state": null,
          "address_zip": null,
          "address_zip_check": null,
          "brand": "Visa",
          "country": "US",
          "customer": "cus_PhguPmroz4eSWX",
          "cvc_check": "pass",
          "dynamic_last4": null,
          "exp_month": 1,
          "exp_year": 2026,
          "fingerprint": "DCZbB0jNI6O56OrA",
          "funding": "credit",
          "last4": "4242",
          "metadata": {},
          "name": null,
          "tokenization_method": null,
          "wallet": null
        }
  recorded_at: Sat, 09 Mar 2024 04:29:03 GMT
- request:
    method: get
    uri: https://api.stripe.com/v1/customers/cus_PhguPmroz4eSWX
    body:
      encoding: US-ASCII
      string: ''
    headers:
      User-Agent:
      - Stripe/v1 RubyBindings/10.11.0
      Authorization:
      - Bearer aAcnj1rwUlr0eRc4MrHxFvsye3Dd4GXU
      Content-Type:
      - application/x-www-form-urlencoded
      X-Stripe-Client-Telemetry:
      - '{"last_request_metrics":{"request_id":"req_LNT7i1Sbe8vt4h","request_duration_ms":307}}'
      Stripe-Version:
      - '2023-10-16'
      X-Stripe-Client-User-Agent:
      - '{"bindings_version":"10.11.0","lang":"ruby","lang_version":"3.2.3 p157 (2024-01-18)","platform":"arm64-darwin23","engine":"ruby","publisher":"stripe","uname":"Darwin
        pancake.localdomain 23.3.0 Darwin Kernel Version 23.3.0: Wed Dec 20 21:30:44
        PST 2023; root:xnu-10002.81.5~7/RELEASE_ARM64_T6000 arm64","hostname":"pancake.localdomain"}'
      Accept-Encoding:
      - gzip;q=1.0,deflate;q=0.6,identity;q=0.3
      Accept:
      - "*/*"
  response:
    status:
      code: 200
      message: OK
    headers:
      Server:
      - nginx
      Date:
      - Sat, 09 Mar 2024 04:29:04 GMT
      Content-Type:
      - application/json
      Content-Length:
      - '669'
      Connection:
      - keep-alive
      Access-Control-Allow-Credentials:
      - 'true'
      Access-Control-Allow-Methods:
      - GET,HEAD,PUT,PATCH,POST,DELETE
      Access-Control-Allow-Origin:
      - "*"
      Access-Control-Expose-Headers:
      - Request-Id, Stripe-Manage-Version, Stripe-Should-Retry, X-Stripe-External-Auth-Required,
        X-Stripe-Privileged-Session-Required
      Access-Control-Max-Age:
      - '300'
      Cache-Control:
      - no-cache, no-store
      Content-Security-Policy:
      - report-uri https://q.stripe.com/csp-report?p=v1%2Fcustomers%2F%3Acustomer;
        block-all-mixed-content; default-src 'none'; base-uri 'none'; form-action
        'none'; frame-ancestors 'none'; img-src 'self'; script-src 'self' 'report-sample';
        style-src 'self'
      Cross-Origin-Opener-Policy-Report-Only:
      - same-origin; report-to=https://q.stripe.com/coop-report
      Request-Id:
      - req_X0IgrpgfhN2by4
      Stripe-Version:
      - '2023-10-16'
      Vary:
      - Origin
      X-Stripe-Routing-Context-Priority-Tier:
      - api-testmode
      Strict-Transport-Security:
      - max-age=63072000; includeSubDomains; preload
    body:
      encoding: UTF-8
      string: |-
        {
          "id": "cus_PhguPmroz4eSWX",
          "object": "customer",
          "address": null,
          "balance": 0,
          "created": 1709958541,
          "currency": null,
          "default_source": "card_0OsHWskKe4kFpYbdXEDj15la",
          "delinquent": false,
          "description": null,
          "discount": null,
          "email": "search0003@drumknottsearch.com",
          "invoice_prefix": "4864037E",
          "invoice_settings": {
            "custom_fields": null,
            "default_payment_method": null,
            "footer": null,
            "rendering_options": null
          },
          "livemode": false,
          "metadata": {},
          "name": null,
          "next_invoice_sequence": 1,
          "phone": null,
          "preferred_locales": [],
          "shipping": null,
          "tax_exempt": "none",
          "test_clock": null
        }
  recorded_at: Sat, 09 Mar 2024 04:29:04 GMT
- request:
    method: post
    uri: https://api.stripe.com/v1/subscriptions
    body:
      encoding: UTF-8
      string: customer=cus_PhguPmroz4eSWX&plan=drumknott
    headers:
      User-Agent:
      - Stripe/v1 RubyBindings/10.11.0
      Authorization:
      - Bearer aAcnj1rwUlr0eRc4MrHxFvsye3Dd4GXU
      Content-Type:
      - application/x-www-form-urlencoded
      X-Stripe-Client-Telemetry:
      - '{"last_request_metrics":{"request_id":"req_X0IgrpgfhN2by4","request_duration_ms":290}}'
      Stripe-Version:
      - '2023-10-16'
      X-Stripe-Client-User-Agent:
      - '{"bindings_version":"10.11.0","lang":"ruby","lang_version":"3.2.3 p157 (2024-01-18)","platform":"arm64-darwin23","engine":"ruby","publisher":"stripe","uname":"Darwin
        pancake.localdomain 23.3.0 Darwin Kernel Version 23.3.0: Wed Dec 20 21:30:44
        PST 2023; root:xnu-10002.81.5~7/RELEASE_ARM64_T6000 arm64","hostname":"pancake.localdomain"}'
      Accept-Encoding:
      - gzip;q=1.0,deflate;q=0.6,identity;q=0.3
      Accept:
      - "*/*"
  response:
    status:
      code: 200
      message: OK
    headers:
      Server:
      - nginx
      Date:
      - Sat, 09 Mar 2024 04:29:06 GMT
      Content-Type:
      - application/json
      Content-Length:
      - '4114'
      Connection:
      - keep-alive
      Access-Control-Allow-Credentials:
      - 'true'
      Access-Control-Allow-Methods:
      - GET,HEAD,PUT,PATCH,POST,DELETE
      Access-Control-Allow-Origin:
      - "*"
      Access-Control-Expose-Headers:
      - Request-Id, Stripe-Manage-Version, Stripe-Should-Retry, X-Stripe-External-Auth-Required,
        X-Stripe-Privileged-Session-Required
      Access-Control-Max-Age:
      - '300'
      Cache-Control:
      - no-cache, no-store
      Content-Security-Policy:
      - report-uri https://q.stripe.com/csp-report?p=v1%2Fsubscriptions; block-all-mixed-content;
        default-src 'none'; base-uri 'none'; form-action 'none'; frame-ancestors 'none';
        img-src 'self'; script-src 'self' 'report-sample'; style-src 'self'
      Cross-Origin-Opener-Policy-Report-Only:
      - same-origin; report-to=https://q.stripe.com/coop-report
      Idempotency-Key:
      - e21ea9b9-0f2a-4588-ac57-56eef2ad4a9a
      Original-Request:
      - req_YJRyVUz7UqpLpz
      Request-Id:
      - req_YJRyVUz7UqpLpz
      Stripe-Should-Retry:
      - 'false'
      Stripe-Version:
      - '2023-10-16'
      Vary:
      - Origin
      X-Stripe-Routing-Context-Priority-Tier:
      - api-testmode
      Strict-Transport-Security:
      - max-age=63072000; includeSubDomains; preload
    body:
      encoding: UTF-8
      string: |-
        {
          "id": "sub_0OsHWukKe4kFpYbd9Qf97Ulj",
          "object": "subscription",
          "application": null,
          "application_fee_percent": null,
          "automatic_tax": {
            "enabled": false,
            "liability": null
          },
          "billing_cycle_anchor": 1709958544,
          "billing_cycle_anchor_config": null,
          "billing_thresholds": null,
          "cancel_at": null,
          "cancel_at_period_end": false,
          "canceled_at": null,
          "cancellation_details": {
            "comment": null,
            "feedback": null,
            "reason": null
          },
          "collection_method": "charge_automatically",
          "created": 1709958544,
          "currency": "usd",
          "current_period_end": 1712636944,
          "current_period_start": 1709958544,
          "customer": "cus_PhguPmroz4eSWX",
          "days_until_due": null,
          "default_payment_method": null,
          "default_source": null,
          "default_tax_rates": [],
          "description": null,
          "discount": null,
          "ended_at": null,
          "invoice_settings": {
            "account_tax_ids": null,
            "issuer": {
              "type": "self"
            }
          },
          "items": {
            "object": "list",
            "data": [
              {
                "id": "si_Phgu5BvtCnOq3h",
                "object": "subscription_item",
                "billing_thresholds": null,
                "created": 1709958544,
                "metadata": {},
                "plan": {
                  "id": "drumknott",
                  "object": "plan",
                  "active": true,
                  "aggregate_usage": null,
                  "amount": 300,
                  "amount_decimal": "300",
                  "billing_scheme": "per_unit",
                  "created": 1604809947,
                  "currency": "usd",
                  "interval": "month",
                  "interval_count": 1,
                  "livemode": false,
                  "metadata": {},
                  "nickname": null,
                  "product": "prod_ILnAkJFwBWFPnl",
                  "tiers_mode": null,
                  "transform_usage": null,
                  "trial_period_days": null,
                  "usage_type": "licensed"
                },
                "price": {
                  "id": "drumknott",
                  "object": "price",
                  "active": true,
                  "billing_scheme": "per_unit",
                  "created": 1604809947,
                  "currency": "usd",
                  "custom_unit_amount": null,
                  "livemode": false,
                  "lookup_key": null,
                  "metadata": {},
                  "nickname": null,
                  "product": "prod_ILnAkJFwBWFPnl",
                  "recurring": {
                    "aggregate_usage": null,
                    "interval": "month",
                    "interval_count": 1,
                    "trial_period_days": null,
                    "usage_type": "licensed"
                  },
                  "tax_behavior": "unspecified",
                  "tiers_mode": null,
                  "transform_quantity": null,
                  "type": "recurring",
                  "unit_amount": 300,
                  "unit_amount_decimal": "300"
                },
                "quantity": 1,
                "subscription": "sub_0OsHWukKe4kFpYbd9Qf97Ulj",
                "tax_rates": []
              }
            ],
            "has_more": false,
            "total_count": 1,
            "url": "/v1/subscription_items?subscription=sub_0OsHWukKe4kFpYbd9Qf97Ulj"
          },
          "latest_invoice": "in_0OsHWukKe4kFpYbd2C9n6ywc",
          "livemode": false,
          "metadata": {},
          "next_pending_invoice_item_invoice": null,
          "on_behalf_of": null,
          "pause_collection": null,
          "payment_settings": {
            "payment_method_options": null,
            "payment_method_types": null,
            "save_default_payment_method": "off"
          },
          "pending_invoice_item_interval": null,
          "pending_setup_intent": null,
          "pending_update": null,
          "plan": {
            "id": "drumknott",
            "object": "plan",
            "active": true,
            "aggregate_usage": null,
            "amount": 300,
            "amount_decimal": "300",
            "billing_scheme": "per_unit",
            "created": 1604809947,
            "currency": "usd",
            "interval": "month",
            "interval_count": 1,
            "livemode": false,
            "metadata": {},
            "nickname": null,
            "product": "prod_ILnAkJFwBWFPnl",
            "tiers_mode": null,
            "transform_usage": null,
            "trial_period_days": null,
            "usage_type": "licensed"
          },
          "quantity": 1,
          "schedule": null,
          "start_date": 1709958544,
          "status": "active",
          "test_clock": null,
          "transfer_data": null,
          "trial_end": null,
          "trial_settings": {
            "end_behavior": {
              "missing_payment_method": "create_invoice"
            }
          },
          "trial_start": null
        }
  recorded_at: Sat, 09 Mar 2024 04:29:06 GMT
- request:
    method: get
    uri: https://api.stripe.com/v1/customers/cus_PhguPmroz4eSWX
    body:
      encoding: US-ASCII
      string: ''
    headers:
      User-Agent:
      - Stripe/v1 RubyBindings/10.11.0
      Authorization:
      - Bearer aAcnj1rwUlr0eRc4MrHxFvsye3Dd4GXU
      Content-Type:
      - application/x-www-form-urlencoded
      X-Stripe-Client-Telemetry:
      - '{"last_request_metrics":{"request_id":"req_YJRyVUz7UqpLpz","request_duration_ms":2099}}'
      Stripe-Version:
      - '2023-10-16'
      X-Stripe-Client-User-Agent:
      - '{"bindings_version":"10.11.0","lang":"ruby","lang_version":"3.2.3 p157 (2024-01-18)","platform":"arm64-darwin23","engine":"ruby","publisher":"stripe","uname":"Darwin
        pancake.localdomain 23.3.0 Darwin Kernel Version 23.3.0: Wed Dec 20 21:30:44
        PST 2023; root:xnu-10002.81.5~7/RELEASE_ARM64_T6000 arm64","hostname":"pancake.localdomain"}'
      Accept-Encoding:
      - gzip;q=1.0,deflate;q=0.6,identity;q=0.3
      Accept:
      - "*/*"
  response:
    status:
      code: 200
      message: OK
    headers:
      Server:
      - nginx
      Date:
      - Sat, 09 Mar 2024 04:29:06 GMT
      Content-Type:
      - application/json
      Content-Length:
      - '670'
      Connection:
      - keep-alive
      Access-Control-Allow-Credentials:
      - 'true'
      Access-Control-Allow-Methods:
      - GET,HEAD,PUT,PATCH,POST,DELETE
      Access-Control-Allow-Origin:
      - "*"
      Access-Control-Expose-Headers:
      - Request-Id, Stripe-Manage-Version, Stripe-Should-Retry, X-Stripe-External-Auth-Required,
        X-Stripe-Privileged-Session-Required
      Access-Control-Max-Age:
      - '300'
      Cache-Control:
      - no-cache, no-store
      Content-Security-Policy:
      - report-uri https://q.stripe.com/csp-report?p=v1%2Fcustomers%2F%3Acustomer;
        block-all-mixed-content; default-src 'none'; base-uri 'none'; form-action
        'none'; frame-ancestors 'none'; img-src 'self'; script-src 'self' 'report-sample';
        style-src 'self'
      Cross-Origin-Opener-Policy-Report-Only:
      - same-origin; report-to=https://q.stripe.com/coop-report
      Request-Id:
      - req_nhXFi7LSxc6U0o
      Stripe-Version:
      - '2023-10-16'
      Vary:
      - Origin
      X-Stripe-Routing-Context-Priority-Tier:
      - api-testmode
      Strict-Transport-Security:
      - max-age=63072000; includeSubDomains; preload
    body:
      encoding: UTF-8
      string: |-
        {
          "id": "cus_PhguPmroz4eSWX",
          "object": "customer",
          "address": null,
          "balance": 0,
          "created": 1709958541,
          "currency": "usd",
          "default_source": "card_0OsHWskKe4kFpYbdXEDj15la",
          "delinquent": false,
          "description": null,
          "discount": null,
          "email": "search0003@drumknottsearch.com",
          "invoice_prefix": "4864037E",
          "invoice_settings": {
            "custom_fields": null,
            "default_payment_method": null,
            "footer": null,
            "rendering_options": null
          },
          "livemode": false,
          "metadata": {},
          "name": null,
          "next_invoice_sequence": 2,
          "phone": null,
          "preferred_locales": [],
          "shipping": null,
          "tax_exempt": "none",
          "test_clock": null
        }
  recorded_at: Sat, 09 Mar 2024 04:29:06 GMT
- request:
    method: get
    uri: https://api.stripe.com/v1/invoices?customer=cus_PhguPmroz4eSWX
    body:
      encoding: US-ASCII
      string: ''
    headers:
      User-Agent:
      - Stripe/v1 RubyBindings/10.11.0
      Authorization:
      - Bearer aAcnj1rwUlr0eRc4MrHxFvsye3Dd4GXU
      Content-Type:
      - application/x-www-form-urlencoded
      X-Stripe-Client-Telemetry:
      - '{"last_request_metrics":{"request_id":"req_nhXFi7LSxc6U0o","request_duration_ms":253}}'
      Stripe-Version:
      - '2023-10-16'
      X-Stripe-Client-User-Agent:
      - '{"bindings_version":"10.11.0","lang":"ruby","lang_version":"3.2.3 p157 (2024-01-18)","platform":"arm64-darwin23","engine":"ruby","publisher":"stripe","uname":"Darwin
        pancake.localdomain 23.3.0 Darwin Kernel Version 23.3.0: Wed Dec 20 21:30:44
        PST 2023; root:xnu-10002.81.5~7/RELEASE_ARM64_T6000 arm64","hostname":"pancake.localdomain"}'
      Accept-Encoding:
      - gzip;q=1.0,deflate;q=0.6,identity;q=0.3
      Accept:
      - "*/*"
  response:
    status:
      code: 200
      message: OK
    headers:
      Server:
      - nginx
      Date:
      - Sat, 09 Mar 2024 04:29:06 GMT
      Content-Type:
      - application/json
      Content-Length:
      - '6270'
      Connection:
      - keep-alive
      Access-Control-Allow-Credentials:
      - 'true'
      Access-Control-Allow-Methods:
      - GET,HEAD,PUT,PATCH,POST,DELETE
      Access-Control-Allow-Origin:
      - "*"
      Access-Control-Expose-Headers:
      - Request-Id, Stripe-Manage-Version, Stripe-Should-Retry, X-Stripe-External-Auth-Required,
        X-Stripe-Privileged-Session-Required
      Access-Control-Max-Age:
      - '300'
      Cache-Control:
      - no-cache, no-store
      Content-Security-Policy:
      - report-uri https://q.stripe.com/csp-report?p=v1%2Finvoices; block-all-mixed-content;
        default-src 'none'; base-uri 'none'; form-action 'none'; frame-ancestors 'none';
        img-src 'self'; script-src 'self' 'report-sample'; style-src 'self'
      Cross-Origin-Opener-Policy-Report-Only:
      - same-origin; report-to=https://q.stripe.com/coop-report
      Request-Id:
      - req_0D6QZvZa8HcAwk
      Stripe-Version:
      - '2023-10-16'
      Vary:
      - Origin
      X-Stripe-Routing-Context-Priority-Tier:
      - api-testmode
      Strict-Transport-Security:
      - max-age=63072000; includeSubDomains; preload
    body:
      encoding: ASCII-8BIT
      string: !binary |-
        ewogICJvYmplY3QiOiAibGlzdCIsCiAgImRhdGEiOiBbCiAgICB7CiAgICAgICJpZCI6ICJpbl8wT3NIV3VrS2U0a0ZwWWJkMkM5bjZ5d2MiLAogICAgICAib2JqZWN0IjogImludm9pY2UiLAogICAgICAiYWNjb3VudF9jb3VudHJ5IjogIkFVIiwKICAgICAgImFjY291bnRfbmFtZSI6ICJEcnVta25vdHQgU2VhcmNoIiwKICAgICAgImFjY291bnRfdGF4X2lkcyI6IG51bGwsCiAgICAgICJhbW91bnRfZHVlIjogMzAwLAogICAgICAiYW1vdW50X3BhaWQiOiAzMDAsCiAgICAgICJhbW91bnRfcmVtYWluaW5nIjogMCwKICAgICAgImFtb3VudF9zaGlwcGluZyI6IDAsCiAgICAgICJhcHBsaWNhdGlvbiI6IG51bGwsCiAgICAgICJhcHBsaWNhdGlvbl9mZWVfYW1vdW50IjogbnVsbCwKICAgICAgImF0dGVtcHRfY291bnQiOiAxLAogICAgICAiYXR0ZW1wdGVkIjogdHJ1ZSwKICAgICAgImF1dG9fYWR2YW5jZSI6IGZhbHNlLAogICAgICAiYXV0b21hdGljX3RheCI6IHsKICAgICAgICAiZW5hYmxlZCI6IGZhbHNlLAogICAgICAgICJsaWFiaWxpdHkiOiBudWxsLAogICAgICAgICJzdGF0dXMiOiBudWxsCiAgICAgIH0sCiAgICAgICJiaWxsaW5nX3JlYXNvbiI6ICJzdWJzY3JpcHRpb25fY3JlYXRlIiwKICAgICAgImNoYXJnZSI6ICJjaF8yT3NIV3VrS2U0a0ZwWWJkMTFhYURmRDgiLAogICAgICAiY29sbGVjdGlvbl9tZXRob2QiOiAiY2hhcmdlX2F1dG9tYXRpY2FsbHkiLAogICAgICAiY3JlYXRlZCI6IDE3MDk5NTg1NDQsCiAgICAgICJjdXJyZW5jeSI6ICJ1c2QiLAogICAgICAiY3VzdG9tX2ZpZWxkcyI6IG51bGwsCiAgICAgICJjdXN0b21lciI6ICJjdXNfUGhndVBtcm96NGVTV1giLAogICAgICAiY3VzdG9tZXJfYWRkcmVzcyI6IG51bGwsCiAgICAgICJjdXN0b21lcl9lbWFpbCI6ICJzZWFyY2gwMDAzQGRydW1rbm90dHNlYXJjaC5jb20iLAogICAgICAiY3VzdG9tZXJfbmFtZSI6IG51bGwsCiAgICAgICJjdXN0b21lcl9waG9uZSI6IG51bGwsCiAgICAgICJjdXN0b21lcl9zaGlwcGluZyI6IG51bGwsCiAgICAgICJjdXN0b21lcl90YXhfZXhlbXB0IjogIm5vbmUiLAogICAgICAiY3VzdG9tZXJfdGF4X2lkcyI6IFtdLAogICAgICAiZGVmYXVsdF9wYXltZW50X21ldGhvZCI6IG51bGwsCiAgICAgICJkZWZhdWx0X3NvdXJjZSI6IG51bGwsCiAgICAgICJkZWZhdWx0X3RheF9yYXRlcyI6IFtdLAogICAgICAiZGVzY3JpcHRpb24iOiBudWxsLAogICAgICAiZGlzY291bnQiOiBudWxsLAogICAgICAiZGlzY291bnRzIjogW10sCiAgICAgICJkdWVfZGF0ZSI6IG51bGwsCiAgICAgICJlZmZlY3RpdmVfYXQiOiAxNzA5OTU4NTQ0LAogICAgICAiZW5kaW5nX2JhbGFuY2UiOiAwLAogICAgICAiZm9vdGVyIjogbnVsbCwKICAgICAgImZyb21faW52b2ljZSI6IG51bGwsCiAgICAgICJob3N0ZWRfaW52b2ljZV91cmwiOiAiaHR0cHM6Ly9pbnZvaWNlLnN0cmlwZS5jb20vaS9rS2U0a0ZwWWJkTDZ1UkY3MVRsSHZzT1F6aWJUWVJVMC90ZXN0X2EwdGxOR3RHY0ZsaVpFdzJkVkpHTnpGVWJFaDJjMDlSZW1saVZGbFNWVEFzWDFCb1ozVkVObE5OV2xkaE5FaHZVVlpwYUZCdVZtcGllVW93UW5OdWQza3NNVEF3TkRrNU16UTIwMjAwNE9JZHZ4VkE/cz1hcCIsCiAgICAgICJpbnZvaWNlX3BkZiI6ICJodHRwczovL3BheS5zdHJpcGUuY29tL2ludm9pY2Uva0tlNGtGcFliZEw2dVJGNzFUbEh2c09RemliVFlSVTAvdGVzdF9hMHRsTkd0R2NGbGlaRXcyZFZKR056RlViRWgyYzA5UmVtbGlWRmxTVlRBc1gxQm9aM1ZFTmxOTldsZGhORWh2VVZacGFGQnVWbXBpZVVvd1FuTnVkM2tzTVRBd05EazVNelEyMDIwMDRPSWR2eFZBL3BkZj9zPWFwIiwKICAgICAgImlzc3VlciI6IHsKICAgICAgICAidHlwZSI6ICJzZWxmIgogICAgICB9LAogICAgICAibGFzdF9maW5hbGl6YXRpb25fZXJyb3IiOiBudWxsLAogICAgICAibGF0ZXN0X3JldmlzaW9uIjogbnVsbCwKICAgICAgImxpbmVzIjogewogICAgICAgICJvYmplY3QiOiAibGlzdCIsCiAgICAgICAgImRhdGEiOiBbCiAgICAgICAgICB7CiAgICAgICAgICAgICJpZCI6ICJpbF8wT3NIV3VrS2U0a0ZwWWJkSTl3MzRGTk4iLAogICAgICAgICAgICAib2JqZWN0IjogImxpbmVfaXRlbSIsCiAgICAgICAgICAgICJhbW91bnQiOiAzMDAsCiAgICAgICAgICAgICJhbW91bnRfZXhjbHVkaW5nX3RheCI6IDMwMCwKICAgICAgICAgICAgImN1cnJlbmN5IjogInVzZCIsCiAgICAgICAgICAgICJkZXNjcmlwdGlvbiI6ICIxIMOXIERydW1rbm90dCBUZXN0IChhdCAkMy4wMCAvIG1vbnRoKSIsCiAgICAgICAgICAgICJkaXNjb3VudF9hbW91bnRzIjogW10sCiAgICAgICAgICAgICJkaXNjb3VudGFibGUiOiB0cnVlLAogICAgICAgICAgICAiZGlzY291bnRzIjogW10sCiAgICAgICAgICAgICJpbnZvaWNlIjogImluXzBPc0hXdWtLZTRrRnBZYmQyQzluNnl3YyIsCiAgICAgICAgICAgICJsaXZlbW9kZSI6IGZhbHNlLAogICAgICAgICAgICAibWV0YWRhdGEiOiB7fSwKICAgICAgICAgICAgInBlcmlvZCI6IHsKICAgICAgICAgICAgICAiZW5kIjogMTcxMjYzNjk0NCwKICAgICAgICAgICAgICAic3RhcnQiOiAxNzA5OTU4NTQ0CiAgICAgICAgICAgIH0sCiAgICAgICAgICAgICJwbGFuIjogewogICAgICAgICAgICAgICJpZCI6ICJkcnVta25vdHQiLAogICAgICAgICAgICAgICJvYmplY3QiOiAicGxhbiIsCiAgICAgICAgICAgICAgImFjdGl2ZSI6IHRydWUsCiAgICAgICAgICAgICAgImFnZ3JlZ2F0ZV91c2FnZSI6IG51bGwsCiAgICAgICAgICAgICAgImFtb3VudCI6IDMwMCwKICAgICAgICAgICAgICAiYW1vdW50X2RlY2ltYWwiOiAiMzAwIiwKICAgICAgICAgICAgICAiYmlsbGluZ19zY2hlbWUiOiAicGVyX3VuaXQiLAogICAgICAgICAgICAgICJjcmVhdGVkIjogMTYwNDgwOTk0NywKICAgICAgICAgICAgICAiY3VycmVuY3kiOiAidXNkIiwKICAgICAgICAgICAgICAiaW50ZXJ2YWwiOiAibW9udGgiLAogICAgICAgICAgICAgICJpbnRlcnZhbF9jb3VudCI6IDEsCiAgICAgICAgICAgICAgImxpdmVtb2RlIjogZmFsc2UsCiAgICAgICAgICAgICAgIm1ldGFkYXRhIjoge30sCiAgICAgICAgICAgICAgIm5pY2tuYW1lIjogbnVsbCwKICAgICAgICAgICAgICAicHJvZHVjdCI6ICJwcm9kX0lMbkFrSkZ3QldGUG5sIiwKICAgICAgICAgICAgICAidGllcnNfbW9kZSI6IG51bGwsCiAgICAgICAgICAgICAgInRyYW5zZm9ybV91c2FnZSI6IG51bGwsCiAgICAgICAgICAgICAgInRyaWFsX3BlcmlvZF9kYXlzIjogbnVsbCwKICAgICAgICAgICAgICAidXNhZ2VfdHlwZSI6ICJsaWNlbnNlZCIKICAgICAgICAgICAgfSwKICAgICAgICAgICAgInByaWNlIjogewogICAgICAgICAgICAgICJpZCI6ICJkcnVta25vdHQiLAogICAgICAgICAgICAgICJvYmplY3QiOiAicHJpY2UiLAogICAgICAgICAgICAgICJhY3RpdmUiOiB0cnVlLAogICAgICAgICAgICAgICJiaWxsaW5nX3NjaGVtZSI6ICJwZXJfdW5pdCIsCiAgICAgICAgICAgICAgImNyZWF0ZWQiOiAxNjA0ODA5OTQ3LAogICAgICAgICAgICAgICJjdXJyZW5jeSI6ICJ1c2QiLAogICAgICAgICAgICAgICJjdXN0b21fdW5pdF9hbW91bnQiOiBudWxsLAogICAgICAgICAgICAgICJsaXZlbW9kZSI6IGZhbHNlLAogICAgICAgICAgICAgICJsb29rdXBfa2V5IjogbnVsbCwKICAgICAgICAgICAgICAibWV0YWRhdGEiOiB7fSwKICAgICAgICAgICAgICAibmlja25hbWUiOiBudWxsLAogICAgICAgICAgICAgICJwcm9kdWN0IjogInByb2RfSUxuQWtKRndCV0ZQbmwiLAogICAgICAgICAgICAgICJyZWN1cnJpbmciOiB7CiAgICAgICAgICAgICAgICAiYWdncmVnYXRlX3VzYWdlIjogbnVsbCwKICAgICAgICAgICAgICAgICJpbnRlcnZhbCI6ICJtb250aCIsCiAgICAgICAgICAgICAgICAiaW50ZXJ2YWxfY291bnQiOiAxLAogICAgICAgICAgICAgICAgInRyaWFsX3BlcmlvZF9kYXlzIjogbnVsbCwKICAgICAgICAgICAgICAgICJ1c2FnZV90eXBlIjogImxpY2Vuc2VkIgogICAgICAgICAgICAgIH0sCiAgICAgICAgICAgICAgInRheF9iZWhhdmlvciI6ICJ1bnNwZWNpZmllZCIsCiAgICAgICAgICAgICAgInRpZXJzX21vZGUiOiBudWxsLAogICAgICAgICAgICAgICJ0cmFuc2Zvcm1fcXVhbnRpdHkiOiBudWxsLAogICAgICAgICAgICAgICJ0eXBlIjogInJlY3VycmluZyIsCiAgICAgICAgICAgICAgInVuaXRfYW1vdW50IjogMzAwLAogICAgICAgICAgICAgICJ1bml0X2Ftb3VudF9kZWNpbWFsIjogIjMwMCIKICAgICAgICAgICAgfSwKICAgICAgICAgICAgInByb3JhdGlvbiI6IGZhbHNlLAogICAgICAgICAgICAicHJvcmF0aW9uX2RldGFpbHMiOiB7CiAgICAgICAgICAgICAgImNyZWRpdGVkX2l0ZW1zIjogbnVsbAogICAgICAgICAgICB9LAogICAgICAgICAgICAicXVhbnRpdHkiOiAxLAogICAgICAgICAgICAic3Vic2NyaXB0aW9uIjogInN1Yl8wT3NIV3VrS2U0a0ZwWWJkOVFmOTdVbGoiLAogICAgICAgICAgICAic3Vic2NyaXB0aW9uX2l0ZW0iOiAic2lfUGhndTVCdnRDbk9xM2giLAogICAgICAgICAgICAidGF4X2Ftb3VudHMiOiBbXSwKICAgICAgICAgICAgInRheF9yYXRlcyI6IFtdLAogICAgICAgICAgICAidHlwZSI6ICJzdWJzY3JpcHRpb24iLAogICAgICAgICAgICAidW5pdF9hbW91bnRfZXhjbHVkaW5nX3RheCI6ICIzMDAiCiAgICAgICAgICB9CiAgICAgICAgXSwKICAgICAgICAiaGFzX21vcmUiOiBmYWxzZSwKICAgICAgICAidG90YWxfY291bnQiOiAxLAogICAgICAgICJ1cmwiOiAiL3YxL2ludm9pY2VzL2luXzBPc0hXdWtLZTRrRnBZYmQyQzluNnl3Yy9saW5lcyIKICAgICAgfSwKICAgICAgImxpdmVtb2RlIjogZmFsc2UsCiAgICAgICJtZXRhZGF0YSI6IHt9LAogICAgICAibmV4dF9wYXltZW50X2F0dGVtcHQiOiBudWxsLAogICAgICAibnVtYmVyIjogIjQ4NjQwMzdFLTAwMDEiLAogICAgICAib25fYmVoYWxmX29mIjogbnVsbCwKICAgICAgInBhaWQiOiB0cnVlLAogICAgICAicGFpZF9vdXRfb2ZfYmFuZCI6IGZhbHNlLAogICAgICAicGF5bWVudF9pbnRlbnQiOiAicGlfMk9zSFd1a0tlNGtGcFliZDFyZjRoU1NSIiwKICAgICAgInBheW1lbnRfc2V0dGluZ3MiOiB7CiAgICAgICAgImRlZmF1bHRfbWFuZGF0ZSI6IG51bGwsCiAgICAgICAgInBheW1lbnRfbWV0aG9kX29wdGlvbnMiOiBudWxsLAogICAgICAgICJwYXltZW50X21ldGhvZF90eXBlcyI6IG51bGwKICAgICAgfSwKICAgICAgInBlcmlvZF9lbmQiOiAxNzA5OTU4NTQ0LAogICAgICAicGVyaW9kX3N0YXJ0IjogMTcwOTk1ODU0NCwKICAgICAgInBvc3RfcGF5bWVudF9jcmVkaXRfbm90ZXNfYW1vdW50IjogMCwKICAgICAgInByZV9wYXltZW50X2NyZWRpdF9ub3Rlc19hbW91bnQiOiAwLAogICAgICAicXVvdGUiOiBudWxsLAogICAgICAicmVjZWlwdF9udW1iZXIiOiBudWxsLAogICAgICAicmVuZGVyaW5nIjogbnVsbCwKICAgICAgInJlbmRlcmluZ19vcHRpb25zIjogbnVsbCwKICAgICAgInNoaXBwaW5nX2Nvc3QiOiBudWxsLAogICAgICAic2hpcHBpbmdfZGV0YWlscyI6IG51bGwsCiAgICAgICJzdGFydGluZ19iYWxhbmNlIjogMCwKICAgICAgInN0YXRlbWVudF9kZXNjcmlwdG9yIjogbnVsbCwKICAgICAgInN0YXR1cyI6ICJwYWlkIiwKICAgICAgInN0YXR1c190cmFuc2l0aW9ucyI6IHsKICAgICAgICAiZmluYWxpemVkX2F0IjogMTcwOTk1ODU0NCwKICAgICAgICAibWFya2VkX3VuY29sbGVjdGlibGVfYXQiOiBudWxsLAogICAgICAgICJwYWlkX2F0IjogMTcwOTk1ODU0NCwKICAgICAgICAidm9pZGVkX2F0IjogbnVsbAogICAgICB9LAogICAgICAic3Vic2NyaXB0aW9uIjogInN1Yl8wT3NIV3VrS2U0a0ZwWWJkOVFmOTdVbGoiLAogICAgICAic3Vic2NyaXB0aW9uX2RldGFpbHMiOiB7CiAgICAgICAgIm1ldGFkYXRhIjoge30KICAgICAgfSwKICAgICAgInN1YnRvdGFsIjogMzAwLAogICAgICAic3VidG90YWxfZXhjbHVkaW5nX3RheCI6IDMwMCwKICAgICAgInRheCI6IG51bGwsCiAgICAgICJ0ZXN0X2Nsb2NrIjogbnVsbCwKICAgICAgInRvdGFsIjogMzAwLAogICAgICAidG90YWxfZGlzY291bnRfYW1vdW50cyI6IFtdLAogICAgICAidG90YWxfZXhjbHVkaW5nX3RheCI6IDMwMCwKICAgICAgInRvdGFsX3RheF9hbW91bnRzIjogW10sCiAgICAgICJ0cmFuc2Zlcl9kYXRhIjogbnVsbCwKICAgICAgIndlYmhvb2tzX2RlbGl2ZXJlZF9hdCI6IDE3MDk5NTg1NDQKICAgIH0KICBdLAogICJoYXNfbW9yZSI6IGZhbHNlLAogICJ1cmwiOiAiL3YxL2ludm9pY2VzIgp9
  recorded_at: Sat, 09 Mar 2024 04:29:06 GMT
- request:
    method: get
    uri: https://api.stripe.com/v1/events
    body:
      encoding: US-ASCII
      string: ''
    headers:
      User-Agent:
      - Stripe/v1 RubyBindings/10.11.0
      Authorization:
      - Bearer aAcnj1rwUlr0eRc4MrHxFvsye3Dd4GXU
      Content-Type:
      - application/x-www-form-urlencoded
      X-Stripe-Client-Telemetry:
      - '{"last_request_metrics":{"request_id":"req_0D6QZvZa8HcAwk","request_duration_ms":399}}'
      Stripe-Version:
      - '2023-10-16'
      X-Stripe-Client-User-Agent:
      - '{"bindings_version":"10.11.0","lang":"ruby","lang_version":"3.2.3 p157 (2024-01-18)","platform":"arm64-darwin23","engine":"ruby","publisher":"stripe","uname":"Darwin
        pancake.localdomain 23.3.0 Darwin Kernel Version 23.3.0: Wed Dec 20 21:30:44
        PST 2023; root:xnu-10002.81.5~7/RELEASE_ARM64_T6000 arm64","hostname":"pancake.localdomain"}'
      Accept-Encoding:
      - gzip;q=1.0,deflate;q=0.6,identity;q=0.3
      Accept:
      - "*/*"
  response:
    status:
      code: 200
      message: OK
    headers:
      Server:
      - nginx
      Date:
      - Sat, 09 Mar 2024 04:29:07 GMT
      Content-Type:
      - application/json
      Content-Length:
      - '47050'
      Connection:
      - keep-alive
      Access-Control-Allow-Credentials:
      - 'true'
      Access-Control-Allow-Methods:
      - GET,HEAD,PUT,PATCH,POST,DELETE
      Access-Control-Allow-Origin:
      - "*"
      Access-Control-Expose-Headers:
      - Request-Id, Stripe-Manage-Version, Stripe-Should-Retry, X-Stripe-External-Auth-Required,
        X-Stripe-Privileged-Session-Required
      Access-Control-Max-Age:
      - '300'
      Cache-Control:
      - no-cache, no-store
      Content-Security-Policy:
      - report-uri https://q.stripe.com/csp-report?p=v1%2Fevents; block-all-mixed-content;
        default-src 'none'; base-uri 'none'; form-action 'none'; frame-ancestors 'none';
        img-src 'self'; script-src 'self' 'report-sample'; style-src 'self'
      Cross-Origin-Opener-Policy-Report-Only:
      - same-origin; report-to=https://q.stripe.com/coop-report
      Request-Id:
      - req_4aiVa7LX3mrv7m
      Stripe-Version:
      - '2023-10-16'
      Vary:
      - Origin
      X-Stripe-Routing-Context-Priority-Tier:
      - api-testmode
      Strict-Transport-Security:
      - max-age=63072000; includeSubDomains; preload
    body:
      encoding: ASCII-8BIT
      string: !binary |-
        ewogICJvYmplY3QiOiAibGlzdCIsCiAgImRhdGEiOiBbCiAgICB7CiAgICAgICJpZCI6ICJldnRfME9zSFd3a0tlNGtGcFliZGsyb2tHekpIIiwKICAgICAgIm9iamVjdCI6ICJldmVudCIsCiAgICAgICJhcGlfdmVyc2lvbiI6ICIyMDIzLTEwLTE2IiwKICAgICAgImNyZWF0ZWQiOiAxNzA5OTU4NTQ2LAogICAgICAiZGF0YSI6IHsKICAgICAgICAib2JqZWN0IjogewogICAgICAgICAgImlkIjogInN1Yl8wT3NIV3VrS2U0a0ZwWWJkOVFmOTdVbGoiLAogICAgICAgICAgIm9iamVjdCI6ICJzdWJzY3JpcHRpb24iLAogICAgICAgICAgImFwcGxpY2F0aW9uIjogbnVsbCwKICAgICAgICAgICJhcHBsaWNhdGlvbl9mZWVfcGVyY2VudCI6IG51bGwsCiAgICAgICAgICAiYXV0b21hdGljX3RheCI6IHsKICAgICAgICAgICAgImVuYWJsZWQiOiBmYWxzZSwKICAgICAgICAgICAgImxpYWJpbGl0eSI6IG51bGwKICAgICAgICAgIH0sCiAgICAgICAgICAiYmlsbGluZ19jeWNsZV9hbmNob3IiOiAxNzA5OTU4NTQ0LAogICAgICAgICAgImJpbGxpbmdfY3ljbGVfYW5jaG9yX2NvbmZpZyI6IG51bGwsCiAgICAgICAgICAiYmlsbGluZ190aHJlc2hvbGRzIjogbnVsbCwKICAgICAgICAgICJjYW5jZWxfYXQiOiBudWxsLAogICAgICAgICAgImNhbmNlbF9hdF9wZXJpb2RfZW5kIjogZmFsc2UsCiAgICAgICAgICAiY2FuY2VsZWRfYXQiOiBudWxsLAogICAgICAgICAgImNhbmNlbGxhdGlvbl9kZXRhaWxzIjogewogICAgICAgICAgICAiY29tbWVudCI6IG51bGwsCiAgICAgICAgICAgICJmZWVkYmFjayI6IG51bGwsCiAgICAgICAgICAgICJyZWFzb24iOiBudWxsCiAgICAgICAgICB9LAogICAgICAgICAgImNvbGxlY3Rpb25fbWV0aG9kIjogImNoYXJnZV9hdXRvbWF0aWNhbGx5IiwKICAgICAgICAgICJjcmVhdGVkIjogMTcwOTk1ODU0NCwKICAgICAgICAgICJjdXJyZW5jeSI6ICJ1c2QiLAogICAgICAgICAgImN1cnJlbnRfcGVyaW9kX2VuZCI6IDE3MTI2MzY5NDQsCiAgICAgICAgICAiY3VycmVudF9wZXJpb2Rfc3RhcnQiOiAxNzA5OTU4NTQ0LAogICAgICAgICAgImN1c3RvbWVyIjogImN1c19QaGd1UG1yb3o0ZVNXWCIsCiAgICAgICAgICAiZGF5c191bnRpbF9kdWUiOiBudWxsLAogICAgICAgICAgImRlZmF1bHRfcGF5bWVudF9tZXRob2QiOiBudWxsLAogICAgICAgICAgImRlZmF1bHRfc291cmNlIjogbnVsbCwKICAgICAgICAgICJkZWZhdWx0X3RheF9yYXRlcyI6IFtdLAogICAgICAgICAgImRlc2NyaXB0aW9uIjogbnVsbCwKICAgICAgICAgICJkaXNjb3VudCI6IG51bGwsCiAgICAgICAgICAiZW5kZWRfYXQiOiBudWxsLAogICAgICAgICAgImludm9pY2Vfc2V0dGluZ3MiOiB7CiAgICAgICAgICAgICJhY2NvdW50X3RheF9pZHMiOiBudWxsLAogICAgICAgICAgICAiaXNzdWVyIjogewogICAgICAgICAgICAgICJ0eXBlIjogInNlbGYiCiAgICAgICAgICAgIH0KICAgICAgICAgIH0sCiAgICAgICAgICAiaXRlbXMiOiB7CiAgICAgICAgICAgICJvYmplY3QiOiAibGlzdCIsCiAgICAgICAgICAgICJkYXRhIjogWwogICAgICAgICAgICAgIHsKICAgICAgICAgICAgICAgICJpZCI6ICJzaV9QaGd1NUJ2dENuT3EzaCIsCiAgICAgICAgICAgICAgICAib2JqZWN0IjogInN1YnNjcmlwdGlvbl9pdGVtIiwKICAgICAgICAgICAgICAgICJiaWxsaW5nX3RocmVzaG9sZHMiOiBudWxsLAogICAgICAgICAgICAgICAgImNyZWF0ZWQiOiAxNzA5OTU4NTQ0LAogICAgICAgICAgICAgICAgIm1ldGFkYXRhIjoge30sCiAgICAgICAgICAgICAgICAicGxhbiI6IHsKICAgICAgICAgICAgICAgICAgImlkIjogImRydW1rbm90dCIsCiAgICAgICAgICAgICAgICAgICJvYmplY3QiOiAicGxhbiIsCiAgICAgICAgICAgICAgICAgICJhY3RpdmUiOiB0cnVlLAogICAgICAgICAgICAgICAgICAiYWdncmVnYXRlX3VzYWdlIjogbnVsbCwKICAgICAgICAgICAgICAgICAgImFtb3VudCI6IDMwMCwKICAgICAgICAgICAgICAgICAgImFtb3VudF9kZWNpbWFsIjogIjMwMCIsCiAgICAgICAgICAgICAgICAgICJiaWxsaW5nX3NjaGVtZSI6ICJwZXJfdW5pdCIsCiAgICAgICAgICAgICAgICAgICJjcmVhdGVkIjogMTYwNDgwOTk0NywKICAgICAgICAgICAgICAgICAgImN1cnJlbmN5IjogInVzZCIsCiAgICAgICAgICAgICAgICAgICJpbnRlcnZhbCI6ICJtb250aCIsCiAgICAgICAgICAgICAgICAgICJpbnRlcnZhbF9jb3VudCI6IDEsCiAgICAgICAgICAgICAgICAgICJsaXZlbW9kZSI6IGZhbHNlLAogICAgICAgICAgICAgICAgICAibWV0YWRhdGEiOiB7fSwKICAgICAgICAgICAgICAgICAgIm5pY2tuYW1lIjogbnVsbCwKICAgICAgICAgICAgICAgICAgInByb2R1Y3QiOiAicHJvZF9JTG5Ba0pGd0JXRlBubCIsCiAgICAgICAgICAgICAgICAgICJ0aWVyc19tb2RlIjogbnVsbCwKICAgICAgICAgICAgICAgICAgInRyYW5zZm9ybV91c2FnZSI6IG51bGwsCiAgICAgICAgICAgICAgICAgICJ0cmlhbF9wZXJpb2RfZGF5cyI6IG51bGwsCiAgICAgICAgICAgICAgICAgICJ1c2FnZV90eXBlIjogImxpY2Vuc2VkIgogICAgICAgICAgICAgICAgfSwKICAgICAgICAgICAgICAgICJwcmljZSI6IHsKICAgICAgICAgICAgICAgICAgImlkIjogImRydW1rbm90dCIsCiAgICAgICAgICAgICAgICAgICJvYmplY3QiOiAicHJpY2UiLAogICAgICAgICAgICAgICAgICAiYWN0aXZlIjogdHJ1ZSwKICAgICAgICAgICAgICAgICAgImJpbGxpbmdfc2NoZW1lIjogInBlcl91bml0IiwKICAgICAgICAgICAgICAgICAgImNyZWF0ZWQiOiAxNjA0ODA5OTQ3LAogICAgICAgICAgICAgICAgICAiY3VycmVuY3kiOiAidXNkIiwKICAgICAgICAgICAgICAgICAgImN1c3RvbV91bml0X2Ftb3VudCI6IG51bGwsCiAgICAgICAgICAgICAgICAgICJsaXZlbW9kZSI6IGZhbHNlLAogICAgICAgICAgICAgICAgICAibG9va3VwX2tleSI6IG51bGwsCiAgICAgICAgICAgICAgICAgICJtZXRhZGF0YSI6IHt9LAogICAgICAgICAgICAgICAgICAibmlja25hbWUiOiBudWxsLAogICAgICAgICAgICAgICAgICAicHJvZHVjdCI6ICJwcm9kX0lMbkFrSkZ3QldGUG5sIiwKICAgICAgICAgICAgICAgICAgInJlY3VycmluZyI6IHsKICAgICAgICAgICAgICAgICAgICAiYWdncmVnYXRlX3VzYWdlIjogbnVsbCwKICAgICAgICAgICAgICAgICAgICAiaW50ZXJ2YWwiOiAibW9udGgiLAogICAgICAgICAgICAgICAgICAgICJpbnRlcnZhbF9jb3VudCI6IDEsCiAgICAgICAgICAgICAgICAgICAgInRyaWFsX3BlcmlvZF9kYXlzIjogbnVsbCwKICAgICAgICAgICAgICAgICAgICAidXNhZ2VfdHlwZSI6ICJsaWNlbnNlZCIKICAgICAgICAgICAgICAgICAgfSwKICAgICAgICAgICAgICAgICAgInRheF9iZWhhdmlvciI6ICJ1bnNwZWNpZmllZCIsCiAgICAgICAgICAgICAgICAgICJ0aWVyc19tb2RlIjogbnVsbCwKICAgICAgICAgICAgICAgICAgInRyYW5zZm9ybV9xdWFudGl0eSI6IG51bGwsCiAgICAgICAgICAgICAgICAgICJ0eXBlIjogInJlY3VycmluZyIsCiAgICAgICAgICAgICAgICAgICJ1bml0X2Ftb3VudCI6IDMwMCwKICAgICAgICAgICAgICAgICAgInVuaXRfYW1vdW50X2RlY2ltYWwiOiAiMzAwIgogICAgICAgICAgICAgICAgfSwKICAgICAgICAgICAgICAgICJxdWFudGl0eSI6IDEsCiAgICAgICAgICAgICAgICAic3Vic2NyaXB0aW9uIjogInN1Yl8wT3NIV3VrS2U0a0ZwWWJkOVFmOTdVbGoiLAogICAgICAgICAgICAgICAgInRheF9yYXRlcyI6IFtdCiAgICAgICAgICAgICAgfQogICAgICAgICAgICBdLAogICAgICAgICAgICAiaGFzX21vcmUiOiBmYWxzZSwKICAgICAgICAgICAgInRvdGFsX2NvdW50IjogMSwKICAgICAgICAgICAgInVybCI6ICIvdjEvc3Vic2NyaXB0aW9uX2l0ZW1zP3N1YnNjcmlwdGlvbj1zdWJfME9zSFd1a0tlNGtGcFliZDlRZjk3VWxqIgogICAgICAgICAgfSwKICAgICAgICAgICJsYXRlc3RfaW52b2ljZSI6ICJpbl8wT3NIV3VrS2U0a0ZwWWJkMkM5bjZ5d2MiLAogICAgICAgICAgImxpdmVtb2RlIjogZmFsc2UsCiAgICAgICAgICAibWV0YWRhdGEiOiB7fSwKICAgICAgICAgICJuZXh0X3BlbmRpbmdfaW52b2ljZV9pdGVtX2ludm9pY2UiOiBudWxsLAogICAgICAgICAgIm9uX2JlaGFsZl9vZiI6IG51bGwsCiAgICAgICAgICAicGF1c2VfY29sbGVjdGlvbiI6IG51bGwsCiAgICAgICAgICAicGF5bWVudF9zZXR0aW5ncyI6IHsKICAgICAgICAgICAgInBheW1lbnRfbWV0aG9kX29wdGlvbnMiOiBudWxsLAogICAgICAgICAgICAicGF5bWVudF9tZXRob2RfdHlwZXMiOiBudWxsLAogICAgICAgICAgICAic2F2ZV9kZWZhdWx0X3BheW1lbnRfbWV0aG9kIjogIm9mZiIKICAgICAgICAgIH0sCiAgICAgICAgICAicGVuZGluZ19pbnZvaWNlX2l0ZW1faW50ZXJ2YWwiOiBudWxsLAogICAgICAgICAgInBlbmRpbmdfc2V0dXBfaW50ZW50IjogbnVsbCwKICAgICAgICAgICJwZW5kaW5nX3VwZGF0ZSI6IG51bGwsCiAgICAgICAgICAicGxhbiI6IHsKICAgICAgICAgICAgImlkIjogImRydW1rbm90dCIsCiAgICAgICAgICAgICJvYmplY3QiOiAicGxhbiIsCiAgICAgICAgICAgICJhY3RpdmUiOiB0cnVlLAogICAgICAgICAgICAiYWdncmVnYXRlX3VzYWdlIjogbnVsbCwKICAgICAgICAgICAgImFtb3VudCI6IDMwMCwKICAgICAgICAgICAgImFtb3VudF9kZWNpbWFsIjogIjMwMCIsCiAgICAgICAgICAgICJiaWxsaW5nX3NjaGVtZSI6ICJwZXJfdW5pdCIsCiAgICAgICAgICAgICJjcmVhdGVkIjogMTYwNDgwOTk0NywKICAgICAgICAgICAgImN1cnJlbmN5IjogInVzZCIsCiAgICAgICAgICAgICJpbnRlcnZhbCI6ICJtb250aCIsCiAgICAgICAgICAgICJpbnRlcnZhbF9jb3VudCI6IDEsCiAgICAgICAgICAgICJsaXZlbW9kZSI6IGZhbHNlLAogICAgICAgICAgICAibWV0YWRhdGEiOiB7fSwKICAgICAgICAgICAgIm5pY2tuYW1lIjogbnVsbCwKICAgICAgICAgICAgInByb2R1Y3QiOiAicHJvZF9JTG5Ba0pGd0JXRlBubCIsCiAgICAgICAgICAgICJ0aWVyc19tb2RlIjogbnVsbCwKICAgICAgICAgICAgInRyYW5zZm9ybV91c2FnZSI6IG51bGwsCiAgICAgICAgICAgICJ0cmlhbF9wZXJpb2RfZGF5cyI6IG51bGwsCiAgICAgICAgICAgICJ1c2FnZV90eXBlIjogImxpY2Vuc2VkIgogICAgICAgICAgfSwKICAgICAgICAgICJxdWFudGl0eSI6IDEsCiAgICAgICAgICAic2NoZWR1bGUiOiBudWxsLAogICAgICAgICAgInN0YXJ0X2RhdGUiOiAxNzA5OTU4NTQ0LAogICAgICAgICAgInN0YXR1cyI6ICJhY3RpdmUiLAogICAgICAgICAgInRlc3RfY2xvY2siOiBudWxsLAogICAgICAgICAgInRyYW5zZmVyX2RhdGEiOiBudWxsLAogICAgICAgICAgInRyaWFsX2VuZCI6IG51bGwsCiAgICAgICAgICAidHJpYWxfc2V0dGluZ3MiOiB7CiAgICAgICAgICAgICJlbmRfYmVoYXZpb3IiOiB7CiAgICAgICAgICAgICAgIm1pc3NpbmdfcGF5bWVudF9tZXRob2QiOiAiY3JlYXRlX2ludm9pY2UiCiAgICAgICAgICAgIH0KICAgICAgICAgIH0sCiAgICAgICAgICAidHJpYWxfc3RhcnQiOiBudWxsCiAgICAgICAgfQogICAgICB9LAogICAgICAibGl2ZW1vZGUiOiBmYWxzZSwKICAgICAgInBlbmRpbmdfd2ViaG9va3MiOiAwLAogICAgICAicmVxdWVzdCI6IHsKICAgICAgICAiaWQiOiAicmVxX1lKUnlWVXo3VXFwTHB6IiwKICAgICAgICAiaWRlbXBvdGVuY3lfa2V5IjogImUyMWVhOWI5LTBmMmEtNDU4OC1hYzU3LTU2ZWVmMmFkNGE5YSIKICAgICAgfSwKICAgICAgInR5cGUiOiAiY3VzdG9tZXIuc3Vic2NyaXB0aW9uLmNyZWF0ZWQiCiAgICB9LAogICAgewogICAgICAiaWQiOiAiZXZ0XzBPc0hXd2tLZTRrRnBZYmRxT0ZtbG0wWiIsCiAgICAgICJvYmplY3QiOiAiZXZlbnQiLAogICAgICAiYXBpX3ZlcnNpb24iOiAiMjAyMy0xMC0xNiIsCiAgICAgICJjcmVhdGVkIjogMTcwOTk1ODU0NiwKICAgICAgImRhdGEiOiB7CiAgICAgICAgIm9iamVjdCI6IHsKICAgICAgICAgICJpZCI6ICJpbl8wT3NIV3VrS2U0a0ZwWWJkMkM5bjZ5d2MiLAogICAgICAgICAgIm9iamVjdCI6ICJpbnZvaWNlIiwKICAgICAgICAgICJhY2NvdW50X2NvdW50cnkiOiAiQVUiLAogICAgICAgICAgImFjY291bnRfbmFtZSI6ICJEcnVta25vdHQgU2VhcmNoIiwKICAgICAgICAgICJhY2NvdW50X3RheF9pZHMiOiBudWxsLAogICAgICAgICAgImFtb3VudF9kdWUiOiAzMDAsCiAgICAgICAgICAiYW1vdW50X3BhaWQiOiAzMDAsCiAgICAgICAgICAiYW1vdW50X3JlbWFpbmluZyI6IDAsCiAgICAgICAgICAiYW1vdW50X3NoaXBwaW5nIjogMCwKICAgICAgICAgICJhcHBsaWNhdGlvbiI6IG51bGwsCiAgICAgICAgICAiYXBwbGljYXRpb25fZmVlX2Ftb3VudCI6IG51bGwsCiAgICAgICAgICAiYXR0ZW1wdF9jb3VudCI6IDEsCiAgICAgICAgICAiYXR0ZW1wdGVkIjogdHJ1ZSwKICAgICAgICAgICJhdXRvX2FkdmFuY2UiOiBmYWxzZSwKICAgICAgICAgICJhdXRvbWF0aWNfdGF4IjogewogICAgICAgICAgICAiZW5hYmxlZCI6IGZhbHNlLAogICAgICAgICAgICAibGlhYmlsaXR5IjogbnVsbCwKICAgICAgICAgICAgInN0YXR1cyI6IG51bGwKICAgICAgICAgIH0sCiAgICAgICAgICAiYmlsbGluZ19yZWFzb24iOiAic3Vic2NyaXB0aW9uX2NyZWF0ZSIsCiAgICAgICAgICAiY2hhcmdlIjogImNoXzJPc0hXdWtLZTRrRnBZYmQxMWFhRGZEOCIsCiAgICAgICAgICAiY29sbGVjdGlvbl9tZXRob2QiOiAiY2hhcmdlX2F1dG9tYXRpY2FsbHkiLAogICAgICAgICAgImNyZWF0ZWQiOiAxNzA5OTU4NTQ0LAogICAgICAgICAgImN1cnJlbmN5IjogInVzZCIsCiAgICAgICAgICAiY3VzdG9tX2ZpZWxkcyI6IG51bGwsCiAgICAgICAgICAiY3VzdG9tZXIiOiAiY3VzX1BoZ3VQbXJvejRlU1dYIiwKICAgICAgICAgICJjdXN0b21lcl9hZGRyZXNzIjogbnVsbCwKICAgICAgICAgICJjdXN0b21lcl9lbWFpbCI6ICJzZWFyY2gwMDAzQGRydW1rbm90dHNlYXJjaC5jb20iLAogICAgICAgICAgImN1c3RvbWVyX25hbWUiOiBudWxsLAogICAgICAgICAgImN1c3RvbWVyX3Bob25lIjogbnVsbCwKICAgICAgICAgICJjdXN0b21lcl9zaGlwcGluZyI6IG51bGwsCiAgICAgICAgICAiY3VzdG9tZXJfdGF4X2V4ZW1wdCI6ICJub25lIiwKICAgICAgICAgICJjdXN0b21lcl90YXhfaWRzIjogW10sCiAgICAgICAgICAiZGVmYXVsdF9wYXltZW50X21ldGhvZCI6IG51bGwsCiAgICAgICAgICAiZGVmYXVsdF9zb3VyY2UiOiBudWxsLAogICAgICAgICAgImRlZmF1bHRfdGF4X3JhdGVzIjogW10sCiAgICAgICAgICAiZGVzY3JpcHRpb24iOiBudWxsLAogICAgICAgICAgImRpc2NvdW50IjogbnVsbCwKICAgICAgICAgICJkaXNjb3VudHMiOiBbXSwKICAgICAgICAgICJkdWVfZGF0ZSI6IG51bGwsCiAgICAgICAgICAiZWZmZWN0aXZlX2F0IjogMTcwOTk1ODU0NCwKICAgICAgICAgICJlbmRpbmdfYmFsYW5jZSI6IDAsCiAgICAgICAgICAiZm9vdGVyIjogbnVsbCwKICAgICAgICAgICJmcm9tX2ludm9pY2UiOiBudWxsLAogICAgICAgICAgImhvc3RlZF9pbnZvaWNlX3VybCI6ICJodHRwczovL2ludm9pY2Uuc3RyaXBlLmNvbS9pL2tLZTRrRnBZYmRMNnVSRjcxVGxIdnNPUXppYlRZUlUwL3Rlc3RfYTB0bE5HdEdjRmxpWkV3MmRWSkdOekZVYkVoMmMwOVJlbWxpVkZsU1ZUQXNYMUJvWjNWRU5sTk5XbGRoTkVodlVWWnBhRkJ1Vm1waWVVb3dRbk51ZDNrc01UQXdORGs1TXpRMjAyMDA0T0lkdnhWQT9zPWFwIiwKICAgICAgICAgICJpbnZvaWNlX3BkZiI6ICJodHRwczovL3BheS5zdHJpcGUuY29tL2ludm9pY2Uva0tlNGtGcFliZEw2dVJGNzFUbEh2c09RemliVFlSVTAvdGVzdF9hMHRsTkd0R2NGbGlaRXcyZFZKR056RlViRWgyYzA5UmVtbGlWRmxTVlRBc1gxQm9aM1ZFTmxOTldsZGhORWh2VVZacGFGQnVWbXBpZVVvd1FuTnVkM2tzTVRBd05EazVNelEyMDIwMDRPSWR2eFZBL3BkZj9zPWFwIiwKICAgICAgICAgICJpc3N1ZXIiOiB7CiAgICAgICAgICAgICJ0eXBlIjogInNlbGYiCiAgICAgICAgICB9LAogICAgICAgICAgImxhc3RfZmluYWxpemF0aW9uX2Vycm9yIjogbnVsbCwKICAgICAgICAgICJsYXRlc3RfcmV2aXNpb24iOiBudWxsLAogICAgICAgICAgImxpbmVzIjogewogICAgICAgICAgICAib2JqZWN0IjogImxpc3QiLAogICAgICAgICAgICAiZGF0YSI6IFsKICAgICAgICAgICAgICB7CiAgICAgICAgICAgICAgICAiaWQiOiAiaWxfME9zSFd1a0tlNGtGcFliZEk5dzM0Rk5OIiwKICAgICAgICAgICAgICAgICJvYmplY3QiOiAibGluZV9pdGVtIiwKICAgICAgICAgICAgICAgICJhbW91bnQiOiAzMDAsCiAgICAgICAgICAgICAgICAiYW1vdW50X2V4Y2x1ZGluZ190YXgiOiAzMDAsCiAgICAgICAgICAgICAgICAiY3VycmVuY3kiOiAidXNkIiwKICAgICAgICAgICAgICAgICJkZXNjcmlwdGlvbiI6ICIxIMOXIERydW1rbm90dCBUZXN0IChhdCAkMy4wMCAvIG1vbnRoKSIsCiAgICAgICAgICAgICAgICAiZGlzY291bnRfYW1vdW50cyI6IFtdLAogICAgICAgICAgICAgICAgImRpc2NvdW50YWJsZSI6IHRydWUsCiAgICAgICAgICAgICAgICAiZGlzY291bnRzIjogW10sCiAgICAgICAgICAgICAgICAiaW52b2ljZSI6ICJpbl8wT3NIV3VrS2U0a0ZwWWJkMkM5bjZ5d2MiLAogICAgICAgICAgICAgICAgImxpdmVtb2RlIjogZmFsc2UsCiAgICAgICAgICAgICAgICAibWV0YWRhdGEiOiB7fSwKICAgICAgICAgICAgICAgICJwZXJpb2QiOiB7CiAgICAgICAgICAgICAgICAgICJlbmQiOiAxNzEyNjM2OTQ0LAogICAgICAgICAgICAgICAgICAic3RhcnQiOiAxNzA5OTU4NTQ0CiAgICAgICAgICAgICAgICB9LAogICAgICAgICAgICAgICAgInBsYW4iOiB7CiAgICAgICAgICAgICAgICAgICJpZCI6ICJkcnVta25vdHQiLAogICAgICAgICAgICAgICAgICAib2JqZWN0IjogInBsYW4iLAogICAgICAgICAgICAgICAgICAiYWN0aXZlIjogdHJ1ZSwKICAgICAgICAgICAgICAgICAgImFnZ3JlZ2F0ZV91c2FnZSI6IG51bGwsCiAgICAgICAgICAgICAgICAgICJhbW91bnQiOiAzMDAsCiAgICAgICAgICAgICAgICAgICJhbW91bnRfZGVjaW1hbCI6ICIzMDAiLAogICAgICAgICAgICAgICAgICAiYmlsbGluZ19zY2hlbWUiOiAicGVyX3VuaXQiLAogICAgICAgICAgICAgICAgICAiY3JlYXRlZCI6IDE2MDQ4MDk5NDcsCiAgICAgICAgICAgICAgICAgICJjdXJyZW5jeSI6ICJ1c2QiLAogICAgICAgICAgICAgICAgICAiaW50ZXJ2YWwiOiAibW9udGgiLAogICAgICAgICAgICAgICAgICAiaW50ZXJ2YWxfY291bnQiOiAxLAogICAgICAgICAgICAgICAgICAibGl2ZW1vZGUiOiBmYWxzZSwKICAgICAgICAgICAgICAgICAgIm1ldGFkYXRhIjoge30sCiAgICAgICAgICAgICAgICAgICJuaWNrbmFtZSI6IG51bGwsCiAgICAgICAgICAgICAgICAgICJwcm9kdWN0IjogInByb2RfSUxuQWtKRndCV0ZQbmwiLAogICAgICAgICAgICAgICAgICAidGllcnNfbW9kZSI6IG51bGwsCiAgICAgICAgICAgICAgICAgICJ0cmFuc2Zvcm1fdXNhZ2UiOiBudWxsLAogICAgICAgICAgICAgICAgICAidHJpYWxfcGVyaW9kX2RheXMiOiBudWxsLAogICAgICAgICAgICAgICAgICAidXNhZ2VfdHlwZSI6ICJsaWNlbnNlZCIKICAgICAgICAgICAgICAgIH0sCiAgICAgICAgICAgICAgICAicHJpY2UiOiB7CiAgICAgICAgICAgICAgICAgICJpZCI6ICJkcnVta25vdHQiLAogICAgICAgICAgICAgICAgICAib2JqZWN0IjogInByaWNlIiwKICAgICAgICAgICAgICAgICAgImFjdGl2ZSI6IHRydWUsCiAgICAgICAgICAgICAgICAgICJiaWxsaW5nX3NjaGVtZSI6ICJwZXJfdW5pdCIsCiAgICAgICAgICAgICAgICAgICJjcmVhdGVkIjogMTYwNDgwOTk0NywKICAgICAgICAgICAgICAgICAgImN1cnJlbmN5IjogInVzZCIsCiAgICAgICAgICAgICAgICAgICJjdXN0b21fdW5pdF9hbW91bnQiOiBudWxsLAogICAgICAgICAgICAgICAgICAibGl2ZW1vZGUiOiBmYWxzZSwKICAgICAgICAgICAgICAgICAgImxvb2t1cF9rZXkiOiBudWxsLAogICAgICAgICAgICAgICAgICAibWV0YWRhdGEiOiB7fSwKICAgICAgICAgICAgICAgICAgIm5pY2tuYW1lIjogbnVsbCwKICAgICAgICAgICAgICAgICAgInByb2R1Y3QiOiAicHJvZF9JTG5Ba0pGd0JXRlBubCIsCiAgICAgICAgICAgICAgICAgICJyZWN1cnJpbmciOiB7CiAgICAgICAgICAgICAgICAgICAgImFnZ3JlZ2F0ZV91c2FnZSI6IG51bGwsCiAgICAgICAgICAgICAgICAgICAgImludGVydmFsIjogIm1vbnRoIiwKICAgICAgICAgICAgICAgICAgICAiaW50ZXJ2YWxfY291bnQiOiAxLAogICAgICAgICAgICAgICAgICAgICJ0cmlhbF9wZXJpb2RfZGF5cyI6IG51bGwsCiAgICAgICAgICAgICAgICAgICAgInVzYWdlX3R5cGUiOiAibGljZW5zZWQiCiAgICAgICAgICAgICAgICAgIH0sCiAgICAgICAgICAgICAgICAgICJ0YXhfYmVoYXZpb3IiOiAidW5zcGVjaWZpZWQiLAogICAgICAgICAgICAgICAgICAidGllcnNfbW9kZSI6IG51bGwsCiAgICAgICAgICAgICAgICAgICJ0cmFuc2Zvcm1fcXVhbnRpdHkiOiBudWxsLAogICAgICAgICAgICAgICAgICAidHlwZSI6ICJyZWN1cnJpbmciLAogICAgICAgICAgICAgICAgICAidW5pdF9hbW91bnQiOiAzMDAsCiAgICAgICAgICAgICAgICAgICJ1bml0X2Ftb3VudF9kZWNpbWFsIjogIjMwMCIKICAgICAgICAgICAgICAgIH0sCiAgICAgICAgICAgICAgICAicHJvcmF0aW9uIjogZmFsc2UsCiAgICAgICAgICAgICAgICAicHJvcmF0aW9uX2RldGFpbHMiOiB7CiAgICAgICAgICAgICAgICAgICJjcmVkaXRlZF9pdGVtcyI6IG51bGwKICAgICAgICAgICAgICAgIH0sCiAgICAgICAgICAgICAgICAicXVhbnRpdHkiOiAxLAogICAgICAgICAgICAgICAgInN1YnNjcmlwdGlvbiI6ICJzdWJfME9zSFd1a0tlNGtGcFliZDlRZjk3VWxqIiwKICAgICAgICAgICAgICAgICJzdWJzY3JpcHRpb25faXRlbSI6ICJzaV9QaGd1NUJ2dENuT3EzaCIsCiAgICAgICAgICAgICAgICAidGF4X2Ftb3VudHMiOiBbXSwKICAgICAgICAgICAgICAgICJ0YXhfcmF0ZXMiOiBbXSwKICAgICAgICAgICAgICAgICJ0eXBlIjogInN1YnNjcmlwdGlvbiIsCiAgICAgICAgICAgICAgICAidW5pdF9hbW91bnRfZXhjbHVkaW5nX3RheCI6ICIzMDAiCiAgICAgICAgICAgICAgfQogICAgICAgICAgICBdLAogICAgICAgICAgICAiaGFzX21vcmUiOiBmYWxzZSwKICAgICAgICAgICAgInRvdGFsX2NvdW50IjogMSwKICAgICAgICAgICAgInVybCI6ICIvdjEvaW52b2ljZXMvaW5fME9zSFd1a0tlNGtGcFliZDJDOW42eXdjL2xpbmVzIgogICAgICAgICAgfSwKICAgICAgICAgICJsaXZlbW9kZSI6IGZhbHNlLAogICAgICAgICAgIm1ldGFkYXRhIjoge30sCiAgICAgICAgICAibmV4dF9wYXltZW50X2F0dGVtcHQiOiBudWxsLAogICAgICAgICAgIm51bWJlciI6ICI0ODY0MDM3RS0wMDAxIiwKICAgICAgICAgICJvbl9iZWhhbGZfb2YiOiBudWxsLAogICAgICAgICAgInBhaWQiOiB0cnVlLAogICAgICAgICAgInBhaWRfb3V0X29mX2JhbmQiOiBmYWxzZSwKICAgICAgICAgICJwYXltZW50X2ludGVudCI6ICJwaV8yT3NIV3VrS2U0a0ZwWWJkMXJmNGhTU1IiLAogICAgICAgICAgInBheW1lbnRfc2V0dGluZ3MiOiB7CiAgICAgICAgICAgICJkZWZhdWx0X21hbmRhdGUiOiBudWxsLAogICAgICAgICAgICAicGF5bWVudF9tZXRob2Rfb3B0aW9ucyI6IG51bGwsCiAgICAgICAgICAgICJwYXltZW50X21ldGhvZF90eXBlcyI6IG51bGwKICAgICAgICAgIH0sCiAgICAgICAgICAicGVyaW9kX2VuZCI6IDE3MDk5NTg1NDQsCiAgICAgICAgICAicGVyaW9kX3N0YXJ0IjogMTcwOTk1ODU0NCwKICAgICAgICAgICJwb3N0X3BheW1lbnRfY3JlZGl0X25vdGVzX2Ftb3VudCI6IDAsCiAgICAgICAgICAicHJlX3BheW1lbnRfY3JlZGl0X25vdGVzX2Ftb3VudCI6IDAsCiAgICAgICAgICAicXVvdGUiOiBudWxsLAogICAgICAgICAgInJlY2VpcHRfbnVtYmVyIjogbnVsbCwKICAgICAgICAgICJyZW5kZXJpbmciOiBudWxsLAogICAgICAgICAgInJlbmRlcmluZ19vcHRpb25zIjogbnVsbCwKICAgICAgICAgICJzaGlwcGluZ19jb3N0IjogbnVsbCwKICAgICAgICAgICJzaGlwcGluZ19kZXRhaWxzIjogbnVsbCwKICAgICAgICAgICJzdGFydGluZ19iYWxhbmNlIjogMCwKICAgICAgICAgICJzdGF0ZW1lbnRfZGVzY3JpcHRvciI6IG51bGwsCiAgICAgICAgICAic3RhdHVzIjogInBhaWQiLAogICAgICAgICAgInN0YXR1c190cmFuc2l0aW9ucyI6IHsKICAgICAgICAgICAgImZpbmFsaXplZF9hdCI6IDE3MDk5NTg1NDQsCiAgICAgICAgICAgICJtYXJrZWRfdW5jb2xsZWN0aWJsZV9hdCI6IG51bGwsCiAgICAgICAgICAgICJwYWlkX2F0IjogMTcwOTk1ODU0NCwKICAgICAgICAgICAgInZvaWRlZF9hdCI6IG51bGwKICAgICAgICAgIH0sCiAgICAgICAgICAic3Vic2NyaXB0aW9uIjogInN1Yl8wT3NIV3VrS2U0a0ZwWWJkOVFmOTdVbGoiLAogICAgICAgICAgInN1YnNjcmlwdGlvbl9kZXRhaWxzIjogewogICAgICAgICAgICAibWV0YWRhdGEiOiB7fQogICAgICAgICAgfSwKICAgICAgICAgICJzdWJ0b3RhbCI6IDMwMCwKICAgICAgICAgICJzdWJ0b3RhbF9leGNsdWRpbmdfdGF4IjogMzAwLAogICAgICAgICAgInRheCI6IG51bGwsCiAgICAgICAgICAidGVzdF9jbG9jayI6IG51bGwsCiAgICAgICAgICAidG90YWwiOiAzMDAsCiAgICAgICAgICAidG90YWxfZGlzY291bnRfYW1vdW50cyI6IFtdLAogICAgICAgICAgInRvdGFsX2V4Y2x1ZGluZ190YXgiOiAzMDAsCiAgICAgICAgICAidG90YWxfdGF4X2Ftb3VudHMiOiBbXSwKICAgICAgICAgICJ0cmFuc2Zlcl9kYXRhIjogbnVsbCwKICAgICAgICAgICJ3ZWJob29rc19kZWxpdmVyZWRfYXQiOiAxNzA5OTU4NTQ0CiAgICAgICAgfQogICAgICB9LAogICAgICAibGl2ZW1vZGUiOiBmYWxzZSwKICAgICAgInBlbmRpbmdfd2ViaG9va3MiOiAwLAogICAgICAicmVxdWVzdCI6IHsKICAgICAgICAiaWQiOiAicmVxX1lKUnlWVXo3VXFwTHB6IiwKICAgICAgICAiaWRlbXBvdGVuY3lfa2V5IjogImUyMWVhOWI5LTBmMmEtNDU4OC1hYzU3LTU2ZWVmMmFkNGE5YSIKICAgICAgfSwKICAgICAgInR5cGUiOiAiaW52b2ljZS5wYXltZW50X3N1Y2NlZWRlZCIKICAgIH0sCiAgICB7CiAgICAgICJpZCI6ICJldnRfME9zSFd3a0tlNGtGcFliZDVpRTFLRWdSIiwKICAgICAgIm9iamVjdCI6ICJldmVudCIsCiAgICAgICJhcGlfdmVyc2lvbiI6ICIyMDIzLTEwLTE2IiwKICAgICAgImNyZWF0ZWQiOiAxNzA5OTU4NTQ2LAogICAgICAiZGF0YSI6IHsKICAgICAgICAib2JqZWN0IjogewogICAgICAgICAgImlkIjogImluXzBPc0hXdWtLZTRrRnBZYmQyQzluNnl3YyIsCiAgICAgICAgICAib2JqZWN0IjogImludm9pY2UiLAogICAgICAgICAgImFjY291bnRfY291bnRyeSI6ICJBVSIsCiAgICAgICAgICAiYWNjb3VudF9uYW1lIjogIkRydW1rbm90dCBTZWFyY2giLAogICAgICAgICAgImFjY291bnRfdGF4X2lkcyI6IG51bGwsCiAgICAgICAgICAiYW1vdW50X2R1ZSI6IDMwMCwKICAgICAgICAgICJhbW91bnRfcGFpZCI6IDMwMCwKICAgICAgICAgICJhbW91bnRfcmVtYWluaW5nIjogMCwKICAgICAgICAgICJhbW91bnRfc2hpcHBpbmciOiAwLAogICAgICAgICAgImFwcGxpY2F0aW9uIjogbnVsbCwKICAgICAgICAgICJhcHBsaWNhdGlvbl9mZWVfYW1vdW50IjogbnVsbCwKICAgICAgICAgICJhdHRlbXB0X2NvdW50IjogMSwKICAgICAgICAgICJhdHRlbXB0ZWQiOiB0cnVlLAogICAgICAgICAgImF1dG9fYWR2YW5jZSI6IGZhbHNlLAogICAgICAgICAgImF1dG9tYXRpY190YXgiOiB7CiAgICAgICAgICAgICJlbmFibGVkIjogZmFsc2UsCiAgICAgICAgICAgICJsaWFiaWxpdHkiOiBudWxsLAogICAgICAgICAgICAic3RhdHVzIjogbnVsbAogICAgICAgICAgfSwKICAgICAgICAgICJiaWxsaW5nX3JlYXNvbiI6ICJzdWJzY3JpcHRpb25fY3JlYXRlIiwKICAgICAgICAgICJjaGFyZ2UiOiAiY2hfMk9zSFd1a0tlNGtGcFliZDExYWFEZkQ4IiwKICAgICAgICAgICJjb2xsZWN0aW9uX21ldGhvZCI6ICJjaGFyZ2VfYXV0b21hdGljYWxseSIsCiAgICAgICAgICAiY3JlYXRlZCI6IDE3MDk5NTg1NDQsCiAgICAgICAgICAiY3VycmVuY3kiOiAidXNkIiwKICAgICAgICAgICJjdXN0b21fZmllbGRzIjogbnVsbCwKICAgICAgICAgICJjdXN0b21lciI6ICJjdXNfUGhndVBtcm96NGVTV1giLAogICAgICAgICAgImN1c3RvbWVyX2FkZHJlc3MiOiBudWxsLAogICAgICAgICAgImN1c3RvbWVyX2VtYWlsIjogInNlYXJjaDAwMDNAZHJ1bWtub3R0c2VhcmNoLmNvbSIsCiAgICAgICAgICAiY3VzdG9tZXJfbmFtZSI6IG51bGwsCiAgICAgICAgICAiY3VzdG9tZXJfcGhvbmUiOiBudWxsLAogICAgICAgICAgImN1c3RvbWVyX3NoaXBwaW5nIjogbnVsbCwKICAgICAgICAgICJjdXN0b21lcl90YXhfZXhlbXB0IjogIm5vbmUiLAogICAgICAgICAgImN1c3RvbWVyX3RheF9pZHMiOiBbXSwKICAgICAgICAgICJkZWZhdWx0X3BheW1lbnRfbWV0aG9kIjogbnVsbCwKICAgICAgICAgICJkZWZhdWx0X3NvdXJjZSI6IG51bGwsCiAgICAgICAgICAiZGVmYXVsdF90YXhfcmF0ZXMiOiBbXSwKICAgICAgICAgICJkZXNjcmlwdGlvbiI6IG51bGwsCiAgICAgICAgICAiZGlzY291bnQiOiBudWxsLAogICAgICAgICAgImRpc2NvdW50cyI6IFtdLAogICAgICAgICAgImR1ZV9kYXRlIjogbnVsbCwKICAgICAgICAgICJlZmZlY3RpdmVfYXQiOiAxNzA5OTU4NTQ0LAogICAgICAgICAgImVuZGluZ19iYWxhbmNlIjogMCwKICAgICAgICAgICJmb290ZXIiOiBudWxsLAogICAgICAgICAgImZyb21faW52b2ljZSI6IG51bGwsCiAgICAgICAgICAiaG9zdGVkX2ludm9pY2VfdXJsIjogImh0dHBzOi8vaW52b2ljZS5zdHJpcGUuY29tL2kva0tlNGtGcFliZEw2dVJGNzFUbEh2c09RemliVFlSVTAvdGVzdF9hMHRsTkd0R2NGbGlaRXcyZFZKR056RlViRWgyYzA5UmVtbGlWRmxTVlRBc1gxQm9aM1ZFTmxOTldsZGhORWh2VVZacGFGQnVWbXBpZVVvd1FuTnVkM2tzTVRBd05EazVNelEyMDIwMDRPSWR2eFZBP3M9YXAiLAogICAgICAgICAgImludm9pY2VfcGRmIjogImh0dHBzOi8vcGF5LnN0cmlwZS5jb20vaW52b2ljZS9rS2U0a0ZwWWJkTDZ1UkY3MVRsSHZzT1F6aWJUWVJVMC90ZXN0X2EwdGxOR3RHY0ZsaVpFdzJkVkpHTnpGVWJFaDJjMDlSZW1saVZGbFNWVEFzWDFCb1ozVkVObE5OV2xkaE5FaHZVVlpwYUZCdVZtcGllVW93UW5OdWQza3NNVEF3TkRrNU16UTIwMjAwNE9JZHZ4VkEvcGRmP3M9YXAiLAogICAgICAgICAgImlzc3VlciI6IHsKICAgICAgICAgICAgInR5cGUiOiAic2VsZiIKICAgICAgICAgIH0sCiAgICAgICAgICAibGFzdF9maW5hbGl6YXRpb25fZXJyb3IiOiBudWxsLAogICAgICAgICAgImxhdGVzdF9yZXZpc2lvbiI6IG51bGwsCiAgICAgICAgICAibGluZXMiOiB7CiAgICAgICAgICAgICJvYmplY3QiOiAibGlzdCIsCiAgICAgICAgICAgICJkYXRhIjogWwogICAgICAgICAgICAgIHsKICAgICAgICAgICAgICAgICJpZCI6ICJpbF8wT3NIV3VrS2U0a0ZwWWJkSTl3MzRGTk4iLAogICAgICAgICAgICAgICAgIm9iamVjdCI6ICJsaW5lX2l0ZW0iLAogICAgICAgICAgICAgICAgImFtb3VudCI6IDMwMCwKICAgICAgICAgICAgICAgICJhbW91bnRfZXhjbHVkaW5nX3RheCI6IDMwMCwKICAgICAgICAgICAgICAgICJjdXJyZW5jeSI6ICJ1c2QiLAogICAgICAgICAgICAgICAgImRlc2NyaXB0aW9uIjogIjEgw5cgRHJ1bWtub3R0IFRlc3QgKGF0ICQzLjAwIC8gbW9udGgpIiwKICAgICAgICAgICAgICAgICJkaXNjb3VudF9hbW91bnRzIjogW10sCiAgICAgICAgICAgICAgICAiZGlzY291bnRhYmxlIjogdHJ1ZSwKICAgICAgICAgICAgICAgICJkaXNjb3VudHMiOiBbXSwKICAgICAgICAgICAgICAgICJpbnZvaWNlIjogImluXzBPc0hXdWtLZTRrRnBZYmQyQzluNnl3YyIsCiAgICAgICAgICAgICAgICAibGl2ZW1vZGUiOiBmYWxzZSwKICAgICAgICAgICAgICAgICJtZXRhZGF0YSI6IHt9LAogICAgICAgICAgICAgICAgInBlcmlvZCI6IHsKICAgICAgICAgICAgICAgICAgImVuZCI6IDE3MTI2MzY5NDQsCiAgICAgICAgICAgICAgICAgICJzdGFydCI6IDE3MDk5NTg1NDQKICAgICAgICAgICAgICAgIH0sCiAgICAgICAgICAgICAgICAicGxhbiI6IHsKICAgICAgICAgICAgICAgICAgImlkIjogImRydW1rbm90dCIsCiAgICAgICAgICAgICAgICAgICJvYmplY3QiOiAicGxhbiIsCiAgICAgICAgICAgICAgICAgICJhY3RpdmUiOiB0cnVlLAogICAgICAgICAgICAgICAgICAiYWdncmVnYXRlX3VzYWdlIjogbnVsbCwKICAgICAgICAgICAgICAgICAgImFtb3VudCI6IDMwMCwKICAgICAgICAgICAgICAgICAgImFtb3VudF9kZWNpbWFsIjogIjMwMCIsCiAgICAgICAgICAgICAgICAgICJiaWxsaW5nX3NjaGVtZSI6ICJwZXJfdW5pdCIsCiAgICAgICAgICAgICAgICAgICJjcmVhdGVkIjogMTYwNDgwOTk0NywKICAgICAgICAgICAgICAgICAgImN1cnJlbmN5IjogInVzZCIsCiAgICAgICAgICAgICAgICAgICJpbnRlcnZhbCI6ICJtb250aCIsCiAgICAgICAgICAgICAgICAgICJpbnRlcnZhbF9jb3VudCI6IDEsCiAgICAgICAgICAgICAgICAgICJsaXZlbW9kZSI6IGZhbHNlLAogICAgICAgICAgICAgICAgICAibWV0YWRhdGEiOiB7fSwKICAgICAgICAgICAgICAgICAgIm5pY2tuYW1lIjogbnVsbCwKICAgICAgICAgICAgICAgICAgInByb2R1Y3QiOiAicHJvZF9JTG5Ba0pGd0JXRlBubCIsCiAgICAgICAgICAgICAgICAgICJ0aWVyc19tb2RlIjogbnVsbCwKICAgICAgICAgICAgICAgICAgInRyYW5zZm9ybV91c2FnZSI6IG51bGwsCiAgICAgICAgICAgICAgICAgICJ0cmlhbF9wZXJpb2RfZGF5cyI6IG51bGwsCiAgICAgICAgICAgICAgICAgICJ1c2FnZV90eXBlIjogImxpY2Vuc2VkIgogICAgICAgICAgICAgICAgfSwKICAgICAgICAgICAgICAgICJwcmljZSI6IHsKICAgICAgICAgICAgICAgICAgImlkIjogImRydW1rbm90dCIsCiAgICAgICAgICAgICAgICAgICJvYmplY3QiOiAicHJpY2UiLAogICAgICAgICAgICAgICAgICAiYWN0aXZlIjogdHJ1ZSwKICAgICAgICAgICAgICAgICAgImJpbGxpbmdfc2NoZW1lIjogInBlcl91bml0IiwKICAgICAgICAgICAgICAgICAgImNyZWF0ZWQiOiAxNjA0ODA5OTQ3LAogICAgICAgICAgICAgICAgICAiY3VycmVuY3kiOiAidXNkIiwKICAgICAgICAgICAgICAgICAgImN1c3RvbV91bml0X2Ftb3VudCI6IG51bGwsCiAgICAgICAgICAgICAgICAgICJsaXZlbW9kZSI6IGZhbHNlLAogICAgICAgICAgICAgICAgICAibG9va3VwX2tleSI6IG51bGwsCiAgICAgICAgICAgICAgICAgICJtZXRhZGF0YSI6IHt9LAogICAgICAgICAgICAgICAgICAibmlja25hbWUiOiBudWxsLAogICAgICAgICAgICAgICAgICAicHJvZHVjdCI6ICJwcm9kX0lMbkFrSkZ3QldGUG5sIiwKICAgICAgICAgICAgICAgICAgInJlY3VycmluZyI6IHsKICAgICAgICAgICAgICAgICAgICAiYWdncmVnYXRlX3VzYWdlIjogbnVsbCwKICAgICAgICAgICAgICAgICAgICAiaW50ZXJ2YWwiOiAibW9udGgiLAogICAgICAgICAgICAgICAgICAgICJpbnRlcnZhbF9jb3VudCI6IDEsCiAgICAgICAgICAgICAgICAgICAgInRyaWFsX3BlcmlvZF9kYXlzIjogbnVsbCwKICAgICAgICAgICAgICAgICAgICAidXNhZ2VfdHlwZSI6ICJsaWNlbnNlZCIKICAgICAgICAgICAgICAgICAgfSwKICAgICAgICAgICAgICAgICAgInRheF9iZWhhdmlvciI6ICJ1bnNwZWNpZmllZCIsCiAgICAgICAgICAgICAgICAgICJ0aWVyc19tb2RlIjogbnVsbCwKICAgICAgICAgICAgICAgICAgInRyYW5zZm9ybV9xdWFudGl0eSI6IG51bGwsCiAgICAgICAgICAgICAgICAgICJ0eXBlIjogInJlY3VycmluZyIsCiAgICAgICAgICAgICAgICAgICJ1bml0X2Ftb3VudCI6IDMwMCwKICAgICAgICAgICAgICAgICAgInVuaXRfYW1vdW50X2RlY2ltYWwiOiAiMzAwIgogICAgICAgICAgICAgICAgfSwKICAgICAgICAgICAgICAgICJwcm9yYXRpb24iOiBmYWxzZSwKICAgICAgICAgICAgICAgICJwcm9yYXRpb25fZGV0YWlscyI6IHsKICAgICAgICAgICAgICAgICAgImNyZWRpdGVkX2l0ZW1zIjogbnVsbAogICAgICAgICAgICAgICAgfSwKICAgICAgICAgICAgICAgICJxdWFudGl0eSI6IDEsCiAgICAgICAgICAgICAgICAic3Vic2NyaXB0aW9uIjogInN1Yl8wT3NIV3VrS2U0a0ZwWWJkOVFmOTdVbGoiLAogICAgICAgICAgICAgICAgInN1YnNjcmlwdGlvbl9pdGVtIjogInNpX1BoZ3U1QnZ0Q25PcTNoIiwKICAgICAgICAgICAgICAgICJ0YXhfYW1vdW50cyI6IFtdLAogICAgICAgICAgICAgICAgInRheF9yYXRlcyI6IFtdLAogICAgICAgICAgICAgICAgInR5cGUiOiAic3Vic2NyaXB0aW9uIiwKICAgICAgICAgICAgICAgICJ1bml0X2Ftb3VudF9leGNsdWRpbmdfdGF4IjogIjMwMCIKICAgICAgICAgICAgICB9CiAgICAgICAgICAgIF0sCiAgICAgICAgICAgICJoYXNfbW9yZSI6IGZhbHNlLAogICAgICAgICAgICAidG90YWxfY291bnQiOiAxLAogICAgICAgICAgICAidXJsIjogIi92MS9pbnZvaWNlcy9pbl8wT3NIV3VrS2U0a0ZwWWJkMkM5bjZ5d2MvbGluZXMiCiAgICAgICAgICB9LAogICAgICAgICAgImxpdmVtb2RlIjogZmFsc2UsCiAgICAgICAgICAibWV0YWRhdGEiOiB7fSwKICAgICAgICAgICJuZXh0X3BheW1lbnRfYXR0ZW1wdCI6IG51bGwsCiAgICAgICAgICAibnVtYmVyIjogIjQ4NjQwMzdFLTAwMDEiLAogICAgICAgICAgIm9uX2JlaGFsZl9vZiI6IG51bGwsCiAgICAgICAgICAicGFpZCI6IHRydWUsCiAgICAgICAgICAicGFpZF9vdXRfb2ZfYmFuZCI6IGZhbHNlLAogICAgICAgICAgInBheW1lbnRfaW50ZW50IjogInBpXzJPc0hXdWtLZTRrRnBZYmQxcmY0aFNTUiIsCiAgICAgICAgICAicGF5bWVudF9zZXR0aW5ncyI6IHsKICAgICAgICAgICAgImRlZmF1bHRfbWFuZGF0ZSI6IG51bGwsCiAgICAgICAgICAgICJwYXltZW50X21ldGhvZF9vcHRpb25zIjogbnVsbCwKICAgICAgICAgICAgInBheW1lbnRfbWV0aG9kX3R5cGVzIjogbnVsbAogICAgICAgICAgfSwKICAgICAgICAgICJwZXJpb2RfZW5kIjogMTcwOTk1ODU0NCwKICAgICAgICAgICJwZXJpb2Rfc3RhcnQiOiAxNzA5OTU4NTQ0LAogICAgICAgICAgInBvc3RfcGF5bWVudF9jcmVkaXRfbm90ZXNfYW1vdW50IjogMCwKICAgICAgICAgICJwcmVfcGF5bWVudF9jcmVkaXRfbm90ZXNfYW1vdW50IjogMCwKICAgICAgICAgICJxdW90ZSI6IG51bGwsCiAgICAgICAgICAicmVjZWlwdF9udW1iZXIiOiBudWxsLAogICAgICAgICAgInJlbmRlcmluZyI6IG51bGwsCiAgICAgICAgICAicmVuZGVyaW5nX29wdGlvbnMiOiBudWxsLAogICAgICAgICAgInNoaXBwaW5nX2Nvc3QiOiBudWxsLAogICAgICAgICAgInNoaXBwaW5nX2RldGFpbHMiOiBudWxsLAogICAgICAgICAgInN0YXJ0aW5nX2JhbGFuY2UiOiAwLAogICAgICAgICAgInN0YXRlbWVudF9kZXNjcmlwdG9yIjogbnVsbCwKICAgICAgICAgICJzdGF0dXMiOiAicGFpZCIsCiAgICAgICAgICAic3RhdHVzX3RyYW5zaXRpb25zIjogewogICAgICAgICAgICAiZmluYWxpemVkX2F0IjogMTcwOTk1ODU0NCwKICAgICAgICAgICAgIm1hcmtlZF91bmNvbGxlY3RpYmxlX2F0IjogbnVsbCwKICAgICAgICAgICAgInBhaWRfYXQiOiAxNzA5OTU4NTQ0LAogICAgICAgICAgICAidm9pZGVkX2F0IjogbnVsbAogICAgICAgICAgfSwKICAgICAgICAgICJzdWJzY3JpcHRpb24iOiAic3ViXzBPc0hXdWtLZTRrRnBZYmQ5UWY5N1VsaiIsCiAgICAgICAgICAic3Vic2NyaXB0aW9uX2RldGFpbHMiOiB7CiAgICAgICAgICAgICJtZXRhZGF0YSI6IHt9CiAgICAgICAgICB9LAogICAgICAgICAgInN1YnRvdGFsIjogMzAwLAogICAgICAgICAgInN1YnRvdGFsX2V4Y2x1ZGluZ190YXgiOiAzMDAsCiAgICAgICAgICAidGF4IjogbnVsbCwKICAgICAgICAgICJ0ZXN0X2Nsb2NrIjogbnVsbCwKICAgICAgICAgICJ0b3RhbCI6IDMwMCwKICAgICAgICAgICJ0b3RhbF9kaXNjb3VudF9hbW91bnRzIjogW10sCiAgICAgICAgICAidG90YWxfZXhjbHVkaW5nX3RheCI6IDMwMCwKICAgICAgICAgICJ0b3RhbF90YXhfYW1vdW50cyI6IFtdLAogICAgICAgICAgInRyYW5zZmVyX2RhdGEiOiBudWxsLAogICAgICAgICAgIndlYmhvb2tzX2RlbGl2ZXJlZF9hdCI6IDE3MDk5NTg1NDQKICAgICAgICB9CiAgICAgIH0sCiAgICAgICJsaXZlbW9kZSI6IGZhbHNlLAogICAgICAicGVuZGluZ193ZWJob29rcyI6IDAsCiAgICAgICJyZXF1ZXN0IjogewogICAgICAgICJpZCI6ICJyZXFfWUpSeVZVejdVcXBMcHoiLAogICAgICAgICJpZGVtcG90ZW5jeV9rZXkiOiAiZTIxZWE5YjktMGYyYS00NTg4LWFjNTctNTZlZWYyYWQ0YTlhIgogICAgICB9LAogICAgICAidHlwZSI6ICJpbnZvaWNlLnBhaWQiCiAgICB9LAogICAgewogICAgICAiaWQiOiAiZXZ0XzBPc0hXd2tLZTRrRnBZYmR2c3NxbmVPMSIsCiAgICAgICJvYmplY3QiOiAiZXZlbnQiLAogICAgICAiYXBpX3ZlcnNpb24iOiAiMjAyMy0xMC0xNiIsCiAgICAgICJjcmVhdGVkIjogMTcwOTk1ODU0NiwKICAgICAgImRhdGEiOiB7CiAgICAgICAgIm9iamVjdCI6IHsKICAgICAgICAgICJpZCI6ICJpbl8wT3NIV3VrS2U0a0ZwWWJkMkM5bjZ5d2MiLAogICAgICAgICAgIm9iamVjdCI6ICJpbnZvaWNlIiwKICAgICAgICAgICJhY2NvdW50X2NvdW50cnkiOiAiQVUiLAogICAgICAgICAgImFjY291bnRfbmFtZSI6ICJEcnVta25vdHQgU2VhcmNoIiwKICAgICAgICAgICJhY2NvdW50X3RheF9pZHMiOiBudWxsLAogICAgICAgICAgImFtb3VudF9kdWUiOiAzMDAsCiAgICAgICAgICAiYW1vdW50X3BhaWQiOiAzMDAsCiAgICAgICAgICAiYW1vdW50X3JlbWFpbmluZyI6IDAsCiAgICAgICAgICAiYW1vdW50X3NoaXBwaW5nIjogMCwKICAgICAgICAgICJhcHBsaWNhdGlvbiI6IG51bGwsCiAgICAgICAgICAiYXBwbGljYXRpb25fZmVlX2Ftb3VudCI6IG51bGwsCiAgICAgICAgICAiYXR0ZW1wdF9jb3VudCI6IDEsCiAgICAgICAgICAiYXR0ZW1wdGVkIjogdHJ1ZSwKICAgICAgICAgICJhdXRvX2FkdmFuY2UiOiBmYWxzZSwKICAgICAgICAgICJhdXRvbWF0aWNfdGF4IjogewogICAgICAgICAgICAiZW5hYmxlZCI6IGZhbHNlLAogICAgICAgICAgICAibGlhYmlsaXR5IjogbnVsbCwKICAgICAgICAgICAgInN0YXR1cyI6IG51bGwKICAgICAgICAgIH0sCiAgICAgICAgICAiYmlsbGluZ19yZWFzb24iOiAic3Vic2NyaXB0aW9uX2NyZWF0ZSIsCiAgICAgICAgICAiY2hhcmdlIjogImNoXzJPc0hXdWtLZTRrRnBZYmQxMWFhRGZEOCIsCiAgICAgICAgICAiY29sbGVjdGlvbl9tZXRob2QiOiAiY2hhcmdlX2F1dG9tYXRpY2FsbHkiLAogICAgICAgICAgImNyZWF0ZWQiOiAxNzA5OTU4NTQ0LAogICAgICAgICAgImN1cnJlbmN5IjogInVzZCIsCiAgICAgICAgICAiY3VzdG9tX2ZpZWxkcyI6IG51bGwsCiAgICAgICAgICAiY3VzdG9tZXIiOiAiY3VzX1BoZ3VQbXJvejRlU1dYIiwKICAgICAgICAgICJjdXN0b21lcl9hZGRyZXNzIjogbnVsbCwKICAgICAgICAgICJjdXN0b21lcl9lbWFpbCI6ICJzZWFyY2gwMDAzQGRydW1rbm90dHNlYXJjaC5jb20iLAogICAgICAgICAgImN1c3RvbWVyX25hbWUiOiBudWxsLAogICAgICAgICAgImN1c3RvbWVyX3Bob25lIjogbnVsbCwKICAgICAgICAgICJjdXN0b21lcl9zaGlwcGluZyI6IG51bGwsCiAgICAgICAgICAiY3VzdG9tZXJfdGF4X2V4ZW1wdCI6ICJub25lIiwKICAgICAgICAgICJjdXN0b21lcl90YXhfaWRzIjogW10sCiAgICAgICAgICAiZGVmYXVsdF9wYXltZW50X21ldGhvZCI6IG51bGwsCiAgICAgICAgICAiZGVmYXVsdF9zb3VyY2UiOiBudWxsLAogICAgICAgICAgImRlZmF1bHRfdGF4X3JhdGVzIjogW10sCiAgICAgICAgICAiZGVzY3JpcHRpb24iOiBudWxsLAogICAgICAgICAgImRpc2NvdW50IjogbnVsbCwKICAgICAgICAgICJkaXNjb3VudHMiOiBbXSwKICAgICAgICAgICJkdWVfZGF0ZSI6IG51bGwsCiAgICAgICAgICAiZWZmZWN0aXZlX2F0IjogMTcwOTk1ODU0NCwKICAgICAgICAgICJlbmRpbmdfYmFsYW5jZSI6IDAsCiAgICAgICAgICAiZm9vdGVyIjogbnVsbCwKICAgICAgICAgICJmcm9tX2ludm9pY2UiOiBudWxsLAogICAgICAgICAgImhvc3RlZF9pbnZvaWNlX3VybCI6ICJodHRwczovL2ludm9pY2Uuc3RyaXBlLmNvbS9pL2tLZTRrRnBZYmRMNnVSRjcxVGxIdnNPUXppYlRZUlUwL3Rlc3RfYTB0bE5HdEdjRmxpWkV3MmRWSkdOekZVYkVoMmMwOVJlbWxpVkZsU1ZUQXNYMUJvWjNWRU5sTk5XbGRoTkVodlVWWnBhRkJ1Vm1waWVVb3dRbk51ZDNrc01UQXdORGs1TXpRMjAyMDA0T0lkdnhWQT9zPWFwIiwKICAgICAgICAgICJpbnZvaWNlX3BkZiI6ICJodHRwczovL3BheS5zdHJpcGUuY29tL2ludm9pY2Uva0tlNGtGcFliZEw2dVJGNzFUbEh2c09RemliVFlSVTAvdGVzdF9hMHRsTkd0R2NGbGlaRXcyZFZKR056RlViRWgyYzA5UmVtbGlWRmxTVlRBc1gxQm9aM1ZFTmxOTldsZGhORWh2VVZacGFGQnVWbXBpZVVvd1FuTnVkM2tzTVRBd05EazVNelEyMDIwMDRPSWR2eFZBL3BkZj9zPWFwIiwKICAgICAgICAgICJpc3N1ZXIiOiB7CiAgICAgICAgICAgICJ0eXBlIjogInNlbGYiCiAgICAgICAgICB9LAogICAgICAgICAgImxhc3RfZmluYWxpemF0aW9uX2Vycm9yIjogbnVsbCwKICAgICAgICAgICJsYXRlc3RfcmV2aXNpb24iOiBudWxsLAogICAgICAgICAgImxpbmVzIjogewogICAgICAgICAgICAib2JqZWN0IjogImxpc3QiLAogICAgICAgICAgICAiZGF0YSI6IFsKICAgICAgICAgICAgICB7CiAgICAgICAgICAgICAgICAiaWQiOiAiaWxfME9zSFd1a0tlNGtGcFliZEk5dzM0Rk5OIiwKICAgICAgICAgICAgICAgICJvYmplY3QiOiAibGluZV9pdGVtIiwKICAgICAgICAgICAgICAgICJhbW91bnQiOiAzMDAsCiAgICAgICAgICAgICAgICAiYW1vdW50X2V4Y2x1ZGluZ190YXgiOiAzMDAsCiAgICAgICAgICAgICAgICAiY3VycmVuY3kiOiAidXNkIiwKICAgICAgICAgICAgICAgICJkZXNjcmlwdGlvbiI6ICIxIMOXIERydW1rbm90dCBUZXN0IChhdCAkMy4wMCAvIG1vbnRoKSIsCiAgICAgICAgICAgICAgICAiZGlzY291bnRfYW1vdW50cyI6IFtdLAogICAgICAgICAgICAgICAgImRpc2NvdW50YWJsZSI6IHRydWUsCiAgICAgICAgICAgICAgICAiZGlzY291bnRzIjogW10sCiAgICAgICAgICAgICAgICAiaW52b2ljZSI6ICJpbl8wT3NIV3VrS2U0a0ZwWWJkMkM5bjZ5d2MiLAogICAgICAgICAgICAgICAgImxpdmVtb2RlIjogZmFsc2UsCiAgICAgICAgICAgICAgICAibWV0YWRhdGEiOiB7fSwKICAgICAgICAgICAgICAgICJwZXJpb2QiOiB7CiAgICAgICAgICAgICAgICAgICJlbmQiOiAxNzEyNjM2OTQ0LAogICAgICAgICAgICAgICAgICAic3RhcnQiOiAxNzA5OTU4NTQ0CiAgICAgICAgICAgICAgICB9LAogICAgICAgICAgICAgICAgInBsYW4iOiB7CiAgICAgICAgICAgICAgICAgICJpZCI6ICJkcnVta25vdHQiLAogICAgICAgICAgICAgICAgICAib2JqZWN0IjogInBsYW4iLAogICAgICAgICAgICAgICAgICAiYWN0aXZlIjogdHJ1ZSwKICAgICAgICAgICAgICAgICAgImFnZ3JlZ2F0ZV91c2FnZSI6IG51bGwsCiAgICAgICAgICAgICAgICAgICJhbW91bnQiOiAzMDAsCiAgICAgICAgICAgICAgICAgICJhbW91bnRfZGVjaW1hbCI6ICIzMDAiLAogICAgICAgICAgICAgICAgICAiYmlsbGluZ19zY2hlbWUiOiAicGVyX3VuaXQiLAogICAgICAgICAgICAgICAgICAiY3JlYXRlZCI6IDE2MDQ4MDk5NDcsCiAgICAgICAgICAgICAgICAgICJjdXJyZW5jeSI6ICJ1c2QiLAogICAgICAgICAgICAgICAgICAiaW50ZXJ2YWwiOiAibW9udGgiLAogICAgICAgICAgICAgICAgICAiaW50ZXJ2YWxfY291bnQiOiAxLAogICAgICAgICAgICAgICAgICAibGl2ZW1vZGUiOiBmYWxzZSwKICAgICAgICAgICAgICAgICAgIm1ldGFkYXRhIjoge30sCiAgICAgICAgICAgICAgICAgICJuaWNrbmFtZSI6IG51bGwsCiAgICAgICAgICAgICAgICAgICJwcm9kdWN0IjogInByb2RfSUxuQWtKRndCV0ZQbmwiLAogICAgICAgICAgICAgICAgICAidGllcnNfbW9kZSI6IG51bGwsCiAgICAgICAgICAgICAgICAgICJ0cmFuc2Zvcm1fdXNhZ2UiOiBudWxsLAogICAgICAgICAgICAgICAgICAidHJpYWxfcGVyaW9kX2RheXMiOiBudWxsLAogICAgICAgICAgICAgICAgICAidXNhZ2VfdHlwZSI6ICJsaWNlbnNlZCIKICAgICAgICAgICAgICAgIH0sCiAgICAgICAgICAgICAgICAicHJpY2UiOiB7CiAgICAgICAgICAgICAgICAgICJpZCI6ICJkcnVta25vdHQiLAogICAgICAgICAgICAgICAgICAib2JqZWN0IjogInByaWNlIiwKICAgICAgICAgICAgICAgICAgImFjdGl2ZSI6IHRydWUsCiAgICAgICAgICAgICAgICAgICJiaWxsaW5nX3NjaGVtZSI6ICJwZXJfdW5pdCIsCiAgICAgICAgICAgICAgICAgICJjcmVhdGVkIjogMTYwNDgwOTk0NywKICAgICAgICAgICAgICAgICAgImN1cnJlbmN5IjogInVzZCIsCiAgICAgICAgICAgICAgICAgICJjdXN0b21fdW5pdF9hbW91bnQiOiBudWxsLAogICAgICAgICAgICAgICAgICAibGl2ZW1vZGUiOiBmYWxzZSwKICAgICAgICAgICAgICAgICAgImxvb2t1cF9rZXkiOiBudWxsLAogICAgICAgICAgICAgICAgICAibWV0YWRhdGEiOiB7fSwKICAgICAgICAgICAgICAgICAgIm5pY2tuYW1lIjogbnVsbCwKICAgICAgICAgICAgICAgICAgInByb2R1Y3QiOiAicHJvZF9JTG5Ba0pGd0JXRlBubCIsCiAgICAgICAgICAgICAgICAgICJyZWN1cnJpbmciOiB7CiAgICAgICAgICAgICAgICAgICAgImFnZ3JlZ2F0ZV91c2FnZSI6IG51bGwsCiAgICAgICAgICAgICAgICAgICAgImludGVydmFsIjogIm1vbnRoIiwKICAgICAgICAgICAgICAgICAgICAiaW50ZXJ2YWxfY291bnQiOiAxLAogICAgICAgICAgICAgICAgICAgICJ0cmlhbF9wZXJpb2RfZGF5cyI6IG51bGwsCiAgICAgICAgICAgICAgICAgICAgInVzYWdlX3R5cGUiOiAibGljZW5zZWQiCiAgICAgICAgICAgICAgICAgIH0sCiAgICAgICAgICAgICAgICAgICJ0YXhfYmVoYXZpb3IiOiAidW5zcGVjaWZpZWQiLAogICAgICAgICAgICAgICAgICAidGllcnNfbW9kZSI6IG51bGwsCiAgICAgICAgICAgICAgICAgICJ0cmFuc2Zvcm1fcXVhbnRpdHkiOiBudWxsLAogICAgICAgICAgICAgICAgICAidHlwZSI6ICJyZWN1cnJpbmciLAogICAgICAgICAgICAgICAgICAidW5pdF9hbW91bnQiOiAzMDAsCiAgICAgICAgICAgICAgICAgICJ1bml0X2Ftb3VudF9kZWNpbWFsIjogIjMwMCIKICAgICAgICAgICAgICAgIH0sCiAgICAgICAgICAgICAgICAicHJvcmF0aW9uIjogZmFsc2UsCiAgICAgICAgICAgICAgICAicHJvcmF0aW9uX2RldGFpbHMiOiB7CiAgICAgICAgICAgICAgICAgICJjcmVkaXRlZF9pdGVtcyI6IG51bGwKICAgICAgICAgICAgICAgIH0sCiAgICAgICAgICAgICAgICAicXVhbnRpdHkiOiAxLAogICAgICAgICAgICAgICAgInN1YnNjcmlwdGlvbiI6ICJzdWJfME9zSFd1a0tlNGtGcFliZDlRZjk3VWxqIiwKICAgICAgICAgICAgICAgICJzdWJzY3JpcHRpb25faXRlbSI6ICJzaV9QaGd1NUJ2dENuT3EzaCIsCiAgICAgICAgICAgICAgICAidGF4X2Ftb3VudHMiOiBbXSwKICAgICAgICAgICAgICAgICJ0YXhfcmF0ZXMiOiBbXSwKICAgICAgICAgICAgICAgICJ0eXBlIjogInN1YnNjcmlwdGlvbiIsCiAgICAgICAgICAgICAgICAidW5pdF9hbW91bnRfZXhjbHVkaW5nX3RheCI6ICIzMDAiCiAgICAgICAgICAgICAgfQogICAgICAgICAgICBdLAogICAgICAgICAgICAiaGFzX21vcmUiOiBmYWxzZSwKICAgICAgICAgICAgInRvdGFsX2NvdW50IjogMSwKICAgICAgICAgICAgInVybCI6ICIvdjEvaW52b2ljZXMvaW5fME9zSFd1a0tlNGtGcFliZDJDOW42eXdjL2xpbmVzIgogICAgICAgICAgfSwKICAgICAgICAgICJsaXZlbW9kZSI6IGZhbHNlLAogICAgICAgICAgIm1ldGFkYXRhIjoge30sCiAgICAgICAgICAibmV4dF9wYXltZW50X2F0dGVtcHQiOiBudWxsLAogICAgICAgICAgIm51bWJlciI6ICI0ODY0MDM3RS0wMDAxIiwKICAgICAgICAgICJvbl9iZWhhbGZfb2YiOiBudWxsLAogICAgICAgICAgInBhaWQiOiB0cnVlLAogICAgICAgICAgInBhaWRfb3V0X29mX2JhbmQiOiBmYWxzZSwKICAgICAgICAgICJwYXltZW50X2ludGVudCI6ICJwaV8yT3NIV3VrS2U0a0ZwWWJkMXJmNGhTU1IiLAogICAgICAgICAgInBheW1lbnRfc2V0dGluZ3MiOiB7CiAgICAgICAgICAgICJkZWZhdWx0X21hbmRhdGUiOiBudWxsLAogICAgICAgICAgICAicGF5bWVudF9tZXRob2Rfb3B0aW9ucyI6IG51bGwsCiAgICAgICAgICAgICJwYXltZW50X21ldGhvZF90eXBlcyI6IG51bGwKICAgICAgICAgIH0sCiAgICAgICAgICAicGVyaW9kX2VuZCI6IDE3MDk5NTg1NDQsCiAgICAgICAgICAicGVyaW9kX3N0YXJ0IjogMTcwOTk1ODU0NCwKICAgICAgICAgICJwb3N0X3BheW1lbnRfY3JlZGl0X25vdGVzX2Ftb3VudCI6IDAsCiAgICAgICAgICAicHJlX3BheW1lbnRfY3JlZGl0X25vdGVzX2Ftb3VudCI6IDAsCiAgICAgICAgICAicXVvdGUiOiBudWxsLAogICAgICAgICAgInJlY2VpcHRfbnVtYmVyIjogbnVsbCwKICAgICAgICAgICJyZW5kZXJpbmciOiBudWxsLAogICAgICAgICAgInJlbmRlcmluZ19vcHRpb25zIjogbnVsbCwKICAgICAgICAgICJzaGlwcGluZ19jb3N0IjogbnVsbCwKICAgICAgICAgICJzaGlwcGluZ19kZXRhaWxzIjogbnVsbCwKICAgICAgICAgICJzdGFydGluZ19iYWxhbmNlIjogMCwKICAgICAgICAgICJzdGF0ZW1lbnRfZGVzY3JpcHRvciI6IG51bGwsCiAgICAgICAgICAic3RhdHVzIjogInBhaWQiLAogICAgICAgICAgInN0YXR1c190cmFuc2l0aW9ucyI6IHsKICAgICAgICAgICAgImZpbmFsaXplZF9hdCI6IDE3MDk5NTg1NDQsCiAgICAgICAgICAgICJtYXJrZWRfdW5jb2xsZWN0aWJsZV9hdCI6IG51bGwsCiAgICAgICAgICAgICJwYWlkX2F0IjogMTcwOTk1ODU0NCwKICAgICAgICAgICAgInZvaWRlZF9hdCI6IG51bGwKICAgICAgICAgIH0sCiAgICAgICAgICAic3Vic2NyaXB0aW9uIjogInN1Yl8wT3NIV3VrS2U0a0ZwWWJkOVFmOTdVbGoiLAogICAgICAgICAgInN1YnNjcmlwdGlvbl9kZXRhaWxzIjogewogICAgICAgICAgICAibWV0YWRhdGEiOiB7fQogICAgICAgICAgfSwKICAgICAgICAgICJzdWJ0b3RhbCI6IDMwMCwKICAgICAgICAgICJzdWJ0b3RhbF9leGNsdWRpbmdfdGF4IjogMzAwLAogICAgICAgICAgInRheCI6IG51bGwsCiAgICAgICAgICAidGVzdF9jbG9jayI6IG51bGwsCiAgICAgICAgICAidG90YWwiOiAzMDAsCiAgICAgICAgICAidG90YWxfZGlzY291bnRfYW1vdW50cyI6IFtdLAogICAgICAgICAgInRvdGFsX2V4Y2x1ZGluZ190YXgiOiAzMDAsCiAgICAgICAgICAidG90YWxfdGF4X2Ftb3VudHMiOiBbXSwKICAgICAgICAgICJ0cmFuc2Zlcl9kYXRhIjogbnVsbCwKICAgICAgICAgICJ3ZWJob29rc19kZWxpdmVyZWRfYXQiOiAxNzA5OTU4NTQ0CiAgICAgICAgfQogICAgICB9LAogICAgICAibGl2ZW1vZGUiOiBmYWxzZSwKICAgICAgInBlbmRpbmdfd2ViaG9va3MiOiAwLAogICAgICAicmVxdWVzdCI6IHsKICAgICAgICAiaWQiOiAicmVxX1lKUnlWVXo3VXFwTHB6IiwKICAgICAgICAiaWRlbXBvdGVuY3lfa2V5IjogImUyMWVhOWI5LTBmMmEtNDU4OC1hYzU3LTU2ZWVmMmFkNGE5YSIKICAgICAgfSwKICAgICAgInR5cGUiOiAiaW52b2ljZS5maW5hbGl6ZWQiCiAgICB9LAogICAgewogICAgICAiaWQiOiAiZXZ0XzBPc0hXd2tLZTRrRnBZYmRBeHQ0d0tmQiIsCiAgICAgICJvYmplY3QiOiAiZXZlbnQiLAogICAgICAiYXBpX3ZlcnNpb24iOiAiMjAyMy0xMC0xNiIsCiAgICAgICJjcmVhdGVkIjogMTcwOTk1ODU0NiwKICAgICAgImRhdGEiOiB7CiAgICAgICAgIm9iamVjdCI6IHsKICAgICAgICAgICJpZCI6ICJpbl8wT3NIV3VrS2U0a0ZwWWJkMkM5bjZ5d2MiLAogICAgICAgICAgIm9iamVjdCI6ICJpbnZvaWNlIiwKICAgICAgICAgICJhY2NvdW50X2NvdW50cnkiOiAiQVUiLAogICAgICAgICAgImFjY291bnRfbmFtZSI6ICJEcnVta25vdHQgU2VhcmNoIiwKICAgICAgICAgICJhY2NvdW50X3RheF9pZHMiOiBudWxsLAogICAgICAgICAgImFtb3VudF9kdWUiOiAzMDAsCiAgICAgICAgICAiYW1vdW50X3BhaWQiOiAzMDAsCiAgICAgICAgICAiYW1vdW50X3JlbWFpbmluZyI6IDAsCiAgICAgICAgICAiYW1vdW50X3NoaXBwaW5nIjogMCwKICAgICAgICAgICJhcHBsaWNhdGlvbiI6IG51bGwsCiAgICAgICAgICAiYXBwbGljYXRpb25fZmVlX2Ftb3VudCI6IG51bGwsCiAgICAgICAgICAiYXR0ZW1wdF9jb3VudCI6IDEsCiAgICAgICAgICAiYXR0ZW1wdGVkIjogdHJ1ZSwKICAgICAgICAgICJhdXRvX2FkdmFuY2UiOiBmYWxzZSwKICAgICAgICAgICJhdXRvbWF0aWNfdGF4IjogewogICAgICAgICAgICAiZW5hYmxlZCI6IGZhbHNlLAogICAgICAgICAgICAibGlhYmlsaXR5IjogbnVsbCwKICAgICAgICAgICAgInN0YXR1cyI6IG51bGwKICAgICAgICAgIH0sCiAgICAgICAgICAiYmlsbGluZ19yZWFzb24iOiAic3Vic2NyaXB0aW9uX2NyZWF0ZSIsCiAgICAgICAgICAiY2hhcmdlIjogImNoXzJPc0hXdWtLZTRrRnBZYmQxMWFhRGZEOCIsCiAgICAgICAgICAiY29sbGVjdGlvbl9tZXRob2QiOiAiY2hhcmdlX2F1dG9tYXRpY2FsbHkiLAogICAgICAgICAgImNyZWF0ZWQiOiAxNzA5OTU4NTQ0LAogICAgICAgICAgImN1cnJlbmN5IjogInVzZCIsCiAgICAgICAgICAiY3VzdG9tX2ZpZWxkcyI6IG51bGwsCiAgICAgICAgICAiY3VzdG9tZXIiOiAiY3VzX1BoZ3VQbXJvejRlU1dYIiwKICAgICAgICAgICJjdXN0b21lcl9hZGRyZXNzIjogbnVsbCwKICAgICAgICAgICJjdXN0b21lcl9lbWFpbCI6ICJzZWFyY2gwMDAzQGRydW1rbm90dHNlYXJjaC5jb20iLAogICAgICAgICAgImN1c3RvbWVyX25hbWUiOiBudWxsLAogICAgICAgICAgImN1c3RvbWVyX3Bob25lIjogbnVsbCwKICAgICAgICAgICJjdXN0b21lcl9zaGlwcGluZyI6IG51bGwsCiAgICAgICAgICAiY3VzdG9tZXJfdGF4X2V4ZW1wdCI6ICJub25lIiwKICAgICAgICAgICJjdXN0b21lcl90YXhfaWRzIjogW10sCiAgICAgICAgICAiZGVmYXVsdF9wYXltZW50X21ldGhvZCI6IG51bGwsCiAgICAgICAgICAiZGVmYXVsdF9zb3VyY2UiOiBudWxsLAogICAgICAgICAgImRlZmF1bHRfdGF4X3JhdGVzIjogW10sCiAgICAgICAgICAiZGVzY3JpcHRpb24iOiBudWxsLAogICAgICAgICAgImRpc2NvdW50IjogbnVsbCwKICAgICAgICAgICJkaXNjb3VudHMiOiBbXSwKICAgICAgICAgICJkdWVfZGF0ZSI6IG51bGwsCiAgICAgICAgICAiZWZmZWN0aXZlX2F0IjogMTcwOTk1ODU0NCwKICAgICAgICAgICJlbmRpbmdfYmFsYW5jZSI6IDAsCiAgICAgICAgICAiZm9vdGVyIjogbnVsbCwKICAgICAgICAgICJmcm9tX2ludm9pY2UiOiBudWxsLAogICAgICAgICAgImhvc3RlZF9pbnZvaWNlX3VybCI6ICJodHRwczovL2ludm9pY2Uuc3RyaXBlLmNvbS9pL2tLZTRrRnBZYmRMNnVSRjcxVGxIdnNPUXppYlRZUlUwL3Rlc3RfYTB0bE5HdEdjRmxpWkV3MmRWSkdOekZVYkVoMmMwOVJlbWxpVkZsU1ZUQXNYMUJvWjNWRU5sTk5XbGRoTkVodlVWWnBhRkJ1Vm1waWVVb3dRbk51ZDNrc01UQXdORGs1TXpRMjAyMDA0T0lkdnhWQT9zPWFwIiwKICAgICAgICAgICJpbnZvaWNlX3BkZiI6ICJodHRwczovL3BheS5zdHJpcGUuY29tL2ludm9pY2Uva0tlNGtGcFliZEw2dVJGNzFUbEh2c09RemliVFlSVTAvdGVzdF9hMHRsTkd0R2NGbGlaRXcyZFZKR056RlViRWgyYzA5UmVtbGlWRmxTVlRBc1gxQm9aM1ZFTmxOTldsZGhORWh2VVZacGFGQnVWbXBpZVVvd1FuTnVkM2tzTVRBd05EazVNelEyMDIwMDRPSWR2eFZBL3BkZj9zPWFwIiwKICAgICAgICAgICJpc3N1ZXIiOiB7CiAgICAgICAgICAgICJ0eXBlIjogInNlbGYiCiAgICAgICAgICB9LAogICAgICAgICAgImxhc3RfZmluYWxpemF0aW9uX2Vycm9yIjogbnVsbCwKICAgICAgICAgICJsYXRlc3RfcmV2aXNpb24iOiBudWxsLAogICAgICAgICAgImxpbmVzIjogewogICAgICAgICAgICAib2JqZWN0IjogImxpc3QiLAogICAgICAgICAgICAiZGF0YSI6IFsKICAgICAgICAgICAgICB7CiAgICAgICAgICAgICAgICAiaWQiOiAiaWxfME9zSFd1a0tlNGtGcFliZEk5dzM0Rk5OIiwKICAgICAgICAgICAgICAgICJvYmplY3QiOiAibGluZV9pdGVtIiwKICAgICAgICAgICAgICAgICJhbW91bnQiOiAzMDAsCiAgICAgICAgICAgICAgICAiYW1vdW50X2V4Y2x1ZGluZ190YXgiOiAzMDAsCiAgICAgICAgICAgICAgICAiY3VycmVuY3kiOiAidXNkIiwKICAgICAgICAgICAgICAgICJkZXNjcmlwdGlvbiI6ICIxIMOXIERydW1rbm90dCBUZXN0IChhdCAkMy4wMCAvIG1vbnRoKSIsCiAgICAgICAgICAgICAgICAiZGlzY291bnRfYW1vdW50cyI6IFtdLAogICAgICAgICAgICAgICAgImRpc2NvdW50YWJsZSI6IHRydWUsCiAgICAgICAgICAgICAgICAiZGlzY291bnRzIjogW10sCiAgICAgICAgICAgICAgICAiaW52b2ljZSI6ICJpbl8wT3NIV3VrS2U0a0ZwWWJkMkM5bjZ5d2MiLAogICAgICAgICAgICAgICAgImxpdmVtb2RlIjogZmFsc2UsCiAgICAgICAgICAgICAgICAibWV0YWRhdGEiOiB7fSwKICAgICAgICAgICAgICAgICJwZXJpb2QiOiB7CiAgICAgICAgICAgICAgICAgICJlbmQiOiAxNzEyNjM2OTQ0LAogICAgICAgICAgICAgICAgICAic3RhcnQiOiAxNzA5OTU4NTQ0CiAgICAgICAgICAgICAgICB9LAogICAgICAgICAgICAgICAgInBsYW4iOiB7CiAgICAgICAgICAgICAgICAgICJpZCI6ICJkcnVta25vdHQiLAogICAgICAgICAgICAgICAgICAib2JqZWN0IjogInBsYW4iLAogICAgICAgICAgICAgICAgICAiYWN0aXZlIjogdHJ1ZSwKICAgICAgICAgICAgICAgICAgImFnZ3JlZ2F0ZV91c2FnZSI6IG51bGwsCiAgICAgICAgICAgICAgICAgICJhbW91bnQiOiAzMDAsCiAgICAgICAgICAgICAgICAgICJhbW91bnRfZGVjaW1hbCI6ICIzMDAiLAogICAgICAgICAgICAgICAgICAiYmlsbGluZ19zY2hlbWUiOiAicGVyX3VuaXQiLAogICAgICAgICAgICAgICAgICAiY3JlYXRlZCI6IDE2MDQ4MDk5NDcsCiAgICAgICAgICAgICAgICAgICJjdXJyZW5jeSI6ICJ1c2QiLAogICAgICAgICAgICAgICAgICAiaW50ZXJ2YWwiOiAibW9udGgiLAogICAgICAgICAgICAgICAgICAiaW50ZXJ2YWxfY291bnQiOiAxLAogICAgICAgICAgICAgICAgICAibGl2ZW1vZGUiOiBmYWxzZSwKICAgICAgICAgICAgICAgICAgIm1ldGFkYXRhIjoge30sCiAgICAgICAgICAgICAgICAgICJuaWNrbmFtZSI6IG51bGwsCiAgICAgICAgICAgICAgICAgICJwcm9kdWN0IjogInByb2RfSUxuQWtKRndCV0ZQbmwiLAogICAgICAgICAgICAgICAgICAidGllcnNfbW9kZSI6IG51bGwsCiAgICAgICAgICAgICAgICAgICJ0cmFuc2Zvcm1fdXNhZ2UiOiBudWxsLAogICAgICAgICAgICAgICAgICAidHJpYWxfcGVyaW9kX2RheXMiOiBudWxsLAogICAgICAgICAgICAgICAgICAidXNhZ2VfdHlwZSI6ICJsaWNlbnNlZCIKICAgICAgICAgICAgICAgIH0sCiAgICAgICAgICAgICAgICAicHJpY2UiOiB7CiAgICAgICAgICAgICAgICAgICJpZCI6ICJkcnVta25vdHQiLAogICAgICAgICAgICAgICAgICAib2JqZWN0IjogInByaWNlIiwKICAgICAgICAgICAgICAgICAgImFjdGl2ZSI6IHRydWUsCiAgICAgICAgICAgICAgICAgICJiaWxsaW5nX3NjaGVtZSI6ICJwZXJfdW5pdCIsCiAgICAgICAgICAgICAgICAgICJjcmVhdGVkIjogMTYwNDgwOTk0NywKICAgICAgICAgICAgICAgICAgImN1cnJlbmN5IjogInVzZCIsCiAgICAgICAgICAgICAgICAgICJjdXN0b21fdW5pdF9hbW91bnQiOiBudWxsLAogICAgICAgICAgICAgICAgICAibGl2ZW1vZGUiOiBmYWxzZSwKICAgICAgICAgICAgICAgICAgImxvb2t1cF9rZXkiOiBudWxsLAogICAgICAgICAgICAgICAgICAibWV0YWRhdGEiOiB7fSwKICAgICAgICAgICAgICAgICAgIm5pY2tuYW1lIjogbnVsbCwKICAgICAgICAgICAgICAgICAgInByb2R1Y3QiOiAicHJvZF9JTG5Ba0pGd0JXRlBubCIsCiAgICAgICAgICAgICAgICAgICJyZWN1cnJpbmciOiB7CiAgICAgICAgICAgICAgICAgICAgImFnZ3JlZ2F0ZV91c2FnZSI6IG51bGwsCiAgICAgICAgICAgICAgICAgICAgImludGVydmFsIjogIm1vbnRoIiwKICAgICAgICAgICAgICAgICAgICAiaW50ZXJ2YWxfY291bnQiOiAxLAogICAgICAgICAgICAgICAgICAgICJ0cmlhbF9wZXJpb2RfZGF5cyI6IG51bGwsCiAgICAgICAgICAgICAgICAgICAgInVzYWdlX3R5cGUiOiAibGljZW5zZWQiCiAgICAgICAgICAgICAgICAgIH0sCiAgICAgICAgICAgICAgICAgICJ0YXhfYmVoYXZpb3IiOiAidW5zcGVjaWZpZWQiLAogICAgICAgICAgICAgICAgICAidGllcnNfbW9kZSI6IG51bGwsCiAgICAgICAgICAgICAgICAgICJ0cmFuc2Zvcm1fcXVhbnRpdHkiOiBudWxsLAogICAgICAgICAgICAgICAgICAidHlwZSI6ICJyZWN1cnJpbmciLAogICAgICAgICAgICAgICAgICAidW5pdF9hbW91bnQiOiAzMDAsCiAgICAgICAgICAgICAgICAgICJ1bml0X2Ftb3VudF9kZWNpbWFsIjogIjMwMCIKICAgICAgICAgICAgICAgIH0sCiAgICAgICAgICAgICAgICAicHJvcmF0aW9uIjogZmFsc2UsCiAgICAgICAgICAgICAgICAicHJvcmF0aW9uX2RldGFpbHMiOiB7CiAgICAgICAgICAgICAgICAgICJjcmVkaXRlZF9pdGVtcyI6IG51bGwKICAgICAgICAgICAgICAgIH0sCiAgICAgICAgICAgICAgICAicXVhbnRpdHkiOiAxLAogICAgICAgICAgICAgICAgInN1YnNjcmlwdGlvbiI6ICJzdWJfME9zSFd1a0tlNGtGcFliZDlRZjk3VWxqIiwKICAgICAgICAgICAgICAgICJzdWJzY3JpcHRpb25faXRlbSI6ICJzaV9QaGd1NUJ2dENuT3EzaCIsCiAgICAgICAgICAgICAgICAidGF4X2Ftb3VudHMiOiBbXSwKICAgICAgICAgICAgICAgICJ0YXhfcmF0ZXMiOiBbXSwKICAgICAgICAgICAgICAgICJ0eXBlIjogInN1YnNjcmlwdGlvbiIsCiAgICAgICAgICAgICAgICAidW5pdF9hbW91bnRfZXhjbHVkaW5nX3RheCI6ICIzMDAiCiAgICAgICAgICAgICAgfQogICAgICAgICAgICBdLAogICAgICAgICAgICAiaGFzX21vcmUiOiBmYWxzZSwKICAgICAgICAgICAgInRvdGFsX2NvdW50IjogMSwKICAgICAgICAgICAgInVybCI6ICIvdjEvaW52b2ljZXMvaW5fME9zSFd1a0tlNGtGcFliZDJDOW42eXdjL2xpbmVzIgogICAgICAgICAgfSwKICAgICAgICAgICJsaXZlbW9kZSI6IGZhbHNlLAogICAgICAgICAgIm1ldGFkYXRhIjoge30sCiAgICAgICAgICAibmV4dF9wYXltZW50X2F0dGVtcHQiOiBudWxsLAogICAgICAgICAgIm51bWJlciI6ICI0ODY0MDM3RS0wMDAxIiwKICAgICAgICAgICJvbl9iZWhhbGZfb2YiOiBudWxsLAogICAgICAgICAgInBhaWQiOiB0cnVlLAogICAgICAgICAgInBhaWRfb3V0X29mX2JhbmQiOiBmYWxzZSwKICAgICAgICAgICJwYXltZW50X2ludGVudCI6ICJwaV8yT3NIV3VrS2U0a0ZwWWJkMXJmNGhTU1IiLAogICAgICAgICAgInBheW1lbnRfc2V0dGluZ3MiOiB7CiAgICAgICAgICAgICJkZWZhdWx0X21hbmRhdGUiOiBudWxsLAogICAgICAgICAgICAicGF5bWVudF9tZXRob2Rfb3B0aW9ucyI6IG51bGwsCiAgICAgICAgICAgICJwYXltZW50X21ldGhvZF90eXBlcyI6IG51bGwKICAgICAgICAgIH0sCiAgICAgICAgICAicGVyaW9kX2VuZCI6IDE3MDk5NTg1NDQsCiAgICAgICAgICAicGVyaW9kX3N0YXJ0IjogMTcwOTk1ODU0NCwKICAgICAgICAgICJwb3N0X3BheW1lbnRfY3JlZGl0X25vdGVzX2Ftb3VudCI6IDAsCiAgICAgICAgICAicHJlX3BheW1lbnRfY3JlZGl0X25vdGVzX2Ftb3VudCI6IDAsCiAgICAgICAgICAicXVvdGUiOiBudWxsLAogICAgICAgICAgInJlY2VpcHRfbnVtYmVyIjogbnVsbCwKICAgICAgICAgICJyZW5kZXJpbmciOiBudWxsLAogICAgICAgICAgInJlbmRlcmluZ19vcHRpb25zIjogbnVsbCwKICAgICAgICAgICJzaGlwcGluZ19jb3N0IjogbnVsbCwKICAgICAgICAgICJzaGlwcGluZ19kZXRhaWxzIjogbnVsbCwKICAgICAgICAgICJzdGFydGluZ19iYWxhbmNlIjogMCwKICAgICAgICAgICJzdGF0ZW1lbnRfZGVzY3JpcHRvciI6IG51bGwsCiAgICAgICAgICAic3RhdHVzIjogInBhaWQiLAogICAgICAgICAgInN0YXR1c190cmFuc2l0aW9ucyI6IHsKICAgICAgICAgICAgImZpbmFsaXplZF9hdCI6IDE3MDk5NTg1NDQsCiAgICAgICAgICAgICJtYXJrZWRfdW5jb2xsZWN0aWJsZV9hdCI6IG51bGwsCiAgICAgICAgICAgICJwYWlkX2F0IjogMTcwOTk1ODU0NCwKICAgICAgICAgICAgInZvaWRlZF9hdCI6IG51bGwKICAgICAgICAgIH0sCiAgICAgICAgICAic3Vic2NyaXB0aW9uIjogInN1Yl8wT3NIV3VrS2U0a0ZwWWJkOVFmOTdVbGoiLAogICAgICAgICAgInN1YnNjcmlwdGlvbl9kZXRhaWxzIjogewogICAgICAgICAgICAibWV0YWRhdGEiOiB7fQogICAgICAgICAgfSwKICAgICAgICAgICJzdWJ0b3RhbCI6IDMwMCwKICAgICAgICAgICJzdWJ0b3RhbF9leGNsdWRpbmdfdGF4IjogMzAwLAogICAgICAgICAgInRheCI6IG51bGwsCiAgICAgICAgICAidGVzdF9jbG9jayI6IG51bGwsCiAgICAgICAgICAidG90YWwiOiAzMDAsCiAgICAgICAgICAidG90YWxfZGlzY291bnRfYW1vdW50cyI6IFtdLAogICAgICAgICAgInRvdGFsX2V4Y2x1ZGluZ190YXgiOiAzMDAsCiAgICAgICAgICAidG90YWxfdGF4X2Ftb3VudHMiOiBbXSwKICAgICAgICAgICJ0cmFuc2Zlcl9kYXRhIjogbnVsbCwKICAgICAgICAgICJ3ZWJob29rc19kZWxpdmVyZWRfYXQiOiAxNzA5OTU4NTQ0CiAgICAgICAgfQogICAgICB9LAogICAgICAibGl2ZW1vZGUiOiBmYWxzZSwKICAgICAgInBlbmRpbmdfd2ViaG9va3MiOiAwLAogICAgICAicmVxdWVzdCI6IHsKICAgICAgICAiaWQiOiAicmVxX1lKUnlWVXo3VXFwTHB6IiwKICAgICAgICAiaWRlbXBvdGVuY3lfa2V5IjogImUyMWVhOWI5LTBmMmEtNDU4OC1hYzU3LTU2ZWVmMmFkNGE5YSIKICAgICAgfSwKICAgICAgInR5cGUiOiAiaW52b2ljZS5jcmVhdGVkIgogICAgfSwKICAgIHsKICAgICAgImlkIjogImV2dF8wT3NIV3drS2U0a0ZwWWJkV2k1T2o1djciLAogICAgICAib2JqZWN0IjogImV2ZW50IiwKICAgICAgImFwaV92ZXJzaW9uIjogIjIwMjMtMTAtMTYiLAogICAgICAiY3JlYXRlZCI6IDE3MDk5NTg1NDUsCiAgICAgICJkYXRhIjogewogICAgICAgICJvYmplY3QiOiB7CiAgICAgICAgICAiaWQiOiAiY3VzX1BoZ3VQbXJvejRlU1dYIiwKICAgICAgICAgICJvYmplY3QiOiAiY3VzdG9tZXIiLAogICAgICAgICAgImFkZHJlc3MiOiBudWxsLAogICAgICAgICAgImJhbGFuY2UiOiAwLAogICAgICAgICAgImNyZWF0ZWQiOiAxNzA5OTU4NTQxLAogICAgICAgICAgImN1cnJlbmN5IjogInVzZCIsCiAgICAgICAgICAiZGVmYXVsdF9zb3VyY2UiOiAiY2FyZF8wT3NIV3NrS2U0a0ZwWWJkWEVEajE1bGEiLAogICAgICAgICAgImRlbGlucXVlbnQiOiBmYWxzZSwKICAgICAgICAgICJkZXNjcmlwdGlvbiI6IG51bGwsCiAgICAgICAgICAiZGlzY291bnQiOiBudWxsLAogICAgICAgICAgImVtYWlsIjogInNlYXJjaDAwMDNAZHJ1bWtub3R0c2VhcmNoLmNvbSIsCiAgICAgICAgICAiaW52b2ljZV9wcmVmaXgiOiAiNDg2NDAzN0UiLAogICAgICAgICAgImludm9pY2Vfc2V0dGluZ3MiOiB7CiAgICAgICAgICAgICJjdXN0b21fZmllbGRzIjogbnVsbCwKICAgICAgICAgICAgImRlZmF1bHRfcGF5bWVudF9tZXRob2QiOiBudWxsLAogICAgICAgICAgICAiZm9vdGVyIjogbnVsbCwKICAgICAgICAgICAgInJlbmRlcmluZ19vcHRpb25zIjogbnVsbAogICAgICAgICAgfSwKICAgICAgICAgICJsaXZlbW9kZSI6IGZhbHNlLAogICAgICAgICAgIm1ldGFkYXRhIjoge30sCiAgICAgICAgICAibmFtZSI6IG51bGwsCiAgICAgICAgICAibmV4dF9pbnZvaWNlX3NlcXVlbmNlIjogMiwKICAgICAgICAgICJwaG9uZSI6IG51bGwsCiAgICAgICAgICAicHJlZmVycmVkX2xvY2FsZXMiOiBbXSwKICAgICAgICAgICJzaGlwcGluZyI6IG51bGwsCiAgICAgICAgICAidGF4X2V4ZW1wdCI6ICJub25lIiwKICAgICAgICAgICJ0ZXN0X2Nsb2NrIjogbnVsbAogICAgICAgIH0sCiAgICAgICAgInByZXZpb3VzX2F0dHJpYnV0ZXMiOiB7CiAgICAgICAgICAiY3VycmVuY3kiOiBudWxsCiAgICAgICAgfQogICAgICB9LAogICAgICAibGl2ZW1vZGUiOiBmYWxzZSwKICAgICAgInBlbmRpbmdfd2ViaG9va3MiOiAwLAogICAgICAicmVxdWVzdCI6IHsKICAgICAgICAiaWQiOiAicmVxX1lKUnlWVXo3VXFwTHB6IiwKICAgICAgICAiaWRlbXBvdGVuY3lfa2V5IjogImUyMWVhOWI5LTBmMmEtNDU4OC1hYzU3LTU2ZWVmMmFkNGE5YSIKICAgICAgfSwKICAgICAgInR5cGUiOiAiY3VzdG9tZXIudXBkYXRlZCIKICAgIH0sCiAgICB7CiAgICAgICJpZCI6ICJldnRfMk9zSFd1a0tlNGtGcFliZDF6TUZaRTdMIiwKICAgICAgIm9iamVjdCI6ICJldmVudCIsCiAgICAgICJhcGlfdmVyc2lvbiI6ICIyMDIzLTEwLTE2IiwKICAgICAgImNyZWF0ZWQiOiAxNzA5OTU4NTQ1LAogICAgICAiZGF0YSI6IHsKICAgICAgICAib2JqZWN0IjogewogICAgICAgICAgImlkIjogInBpXzJPc0hXdWtLZTRrRnBZYmQxcmY0aFNTUiIsCiAgICAgICAgICAib2JqZWN0IjogInBheW1lbnRfaW50ZW50IiwKICAgICAgICAgICJhbW91bnQiOiAzMDAsCiAgICAgICAgICAiYW1vdW50X2NhcHR1cmFibGUiOiAwLAogICAgICAgICAgImFtb3VudF9kZXRhaWxzIjogewogICAgICAgICAgICAidGlwIjoge30KICAgICAgICAgIH0sCiAgICAgICAgICAiYW1vdW50X3JlY2VpdmVkIjogMzAwLAogICAgICAgICAgImFwcGxpY2F0aW9uIjogbnVsbCwKICAgICAgICAgICJhcHBsaWNhdGlvbl9mZWVfYW1vdW50IjogbnVsbCwKICAgICAgICAgICJhdXRvbWF0aWNfcGF5bWVudF9tZXRob2RzIjogbnVsbCwKICAgICAgICAgICJjYW5jZWxlZF9hdCI6IG51bGwsCiAgICAgICAgICAiY2FuY2VsbGF0aW9uX3JlYXNvbiI6IG51bGwsCiAgICAgICAgICAiY2FwdHVyZV9tZXRob2QiOiAiYXV0b21hdGljIiwKICAgICAgICAgICJjbGllbnRfc2VjcmV0IjogInBpXzJPc0hXdWtLZTRrRnBZYmQxcmY0aFNTUl9zZWNyZXRfeXpKRmdYN2V0dVNJWGdhY05UZVd6ZXJDRyIsCiAgICAgICAgICAiY29uZmlybWF0aW9uX21ldGhvZCI6ICJhdXRvbWF0aWMiLAogICAgICAgICAgImNyZWF0ZWQiOiAxNzA5OTU4NTQ0LAogICAgICAgICAgImN1cnJlbmN5IjogInVzZCIsCiAgICAgICAgICAiY3VzdG9tZXIiOiAiY3VzX1BoZ3VQbXJvejRlU1dYIiwKICAgICAgICAgICJkZXNjcmlwdGlvbiI6ICJTdWJzY3JpcHRpb24gY3JlYXRpb24iLAogICAgICAgICAgImludm9pY2UiOiAiaW5fME9zSFd1a0tlNGtGcFliZDJDOW42eXdjIiwKICAgICAgICAgICJsYXN0X3BheW1lbnRfZXJyb3IiOiBudWxsLAogICAgICAgICAgImxhdGVzdF9jaGFyZ2UiOiAiY2hfMk9zSFd1a0tlNGtGcFliZDExYWFEZkQ4IiwKICAgICAgICAgICJsaXZlbW9kZSI6IGZhbHNlLAogICAgICAgICAgIm1ldGFkYXRhIjoge30sCiAgICAgICAgICAibmV4dF9hY3Rpb24iOiBudWxsLAogICAgICAgICAgIm9uX2JlaGFsZl9vZiI6IG51bGwsCiAgICAgICAgICAicGF5bWVudF9tZXRob2QiOiBudWxsLAogICAgICAgICAgInBheW1lbnRfbWV0aG9kX2NvbmZpZ3VyYXRpb25fZGV0YWlscyI6IG51bGwsCiAgICAgICAgICAicGF5bWVudF9tZXRob2Rfb3B0aW9ucyI6IHsKICAgICAgICAgICAgImNhcmQiOiB7CiAgICAgICAgICAgICAgImluc3RhbGxtZW50cyI6IG51bGwsCiAgICAgICAgICAgICAgIm1hbmRhdGVfb3B0aW9ucyI6IG51bGwsCiAgICAgICAgICAgICAgIm5ldHdvcmsiOiBudWxsLAogICAgICAgICAgICAgICJyZXF1ZXN0X3RocmVlX2Rfc2VjdXJlIjogImF1dG9tYXRpYyIKICAgICAgICAgICAgfQogICAgICAgICAgfSwKICAgICAgICAgICJwYXltZW50X21ldGhvZF90eXBlcyI6IFsKICAgICAgICAgICAgImNhcmQiCiAgICAgICAgICBdLAogICAgICAgICAgInByb2Nlc3NpbmciOiBudWxsLAogICAgICAgICAgInJlY2VpcHRfZW1haWwiOiBudWxsLAogICAgICAgICAgInJldmlldyI6IG51bGwsCiAgICAgICAgICAic2V0dXBfZnV0dXJlX3VzYWdlIjogIm9mZl9zZXNzaW9uIiwKICAgICAgICAgICJzaGlwcGluZyI6IG51bGwsCiAgICAgICAgICAic291cmNlIjogImNhcmRfME9zSFdza0tlNGtGcFliZFhFRGoxNWxhIiwKICAgICAgICAgICJzdGF0ZW1lbnRfZGVzY3JpcHRvciI6IG51bGwsCiAgICAgICAgICAic3RhdGVtZW50X2Rlc2NyaXB0b3Jfc3VmZml4IjogbnVsbCwKICAgICAgICAgICJzdGF0dXMiOiAic3VjY2VlZGVkIiwKICAgICAgICAgICJ0cmFuc2Zlcl9kYXRhIjogbnVsbCwKICAgICAgICAgICJ0cmFuc2Zlcl9ncm91cCI6IG51bGwKICAgICAgICB9CiAgICAgIH0sCiAgICAgICJsaXZlbW9kZSI6IGZhbHNlLAogICAgICAicGVuZGluZ193ZWJob29rcyI6IDAsCiAgICAgICJyZXF1ZXN0IjogewogICAgICAgICJpZCI6ICJyZXFfWUpSeVZVejdVcXBMcHoiLAogICAgICAgICJpZGVtcG90ZW5jeV9rZXkiOiAiZTIxZWE5YjktMGYyYS00NTg4LWFjNTctNTZlZWYyYWQ0YTlhIgogICAgICB9LAogICAgICAidHlwZSI6ICJwYXltZW50X2ludGVudC5zdWNjZWVkZWQiCiAgICB9LAogICAgewogICAgICAiaWQiOiAiZXZ0XzJPc0hXdWtLZTRrRnBZYmQxZ044aXg5bSIsCiAgICAgICJvYmplY3QiOiAiZXZlbnQiLAogICAgICAiYXBpX3ZlcnNpb24iOiAiMjAyMy0xMC0xNiIsCiAgICAgICJjcmVhdGVkIjogMTcwOTk1ODU0NSwKICAgICAgImRhdGEiOiB7CiAgICAgICAgIm9iamVjdCI6IHsKICAgICAgICAgICJpZCI6ICJjaF8yT3NIV3VrS2U0a0ZwWWJkMTFhYURmRDgiLAogICAgICAgICAgIm9iamVjdCI6ICJjaGFyZ2UiLAogICAgICAgICAgImFtb3VudCI6IDMwMCwKICAgICAgICAgICJhbW91bnRfY2FwdHVyZWQiOiAzMDAsCiAgICAgICAgICAiYW1vdW50X3JlZnVuZGVkIjogMCwKICAgICAgICAgICJhcHBsaWNhdGlvbiI6IG51bGwsCiAgICAgICAgICAiYXBwbGljYXRpb25fZmVlIjogbnVsbCwKICAgICAgICAgICJhcHBsaWNhdGlvbl9mZWVfYW1vdW50IjogbnVsbCwKICAgICAgICAgICJiYWxhbmNlX3RyYW5zYWN0aW9uIjogInR4bl8yT3NIV3VrS2U0a0ZwWWJkMWxNeEFBU1ciLAogICAgICAgICAgImJpbGxpbmdfZGV0YWlscyI6IHsKICAgICAgICAgICAgImFkZHJlc3MiOiB7CiAgICAgICAgICAgICAgImNpdHkiOiBudWxsLAogICAgICAgICAgICAgICJjb3VudHJ5IjogbnVsbCwKICAgICAgICAgICAgICAibGluZTEiOiBudWxsLAogICAgICAgICAgICAgICJsaW5lMiI6IG51bGwsCiAgICAgICAgICAgICAgInBvc3RhbF9jb2RlIjogbnVsbCwKICAgICAgICAgICAgICAic3RhdGUiOiBudWxsCiAgICAgICAgICAgIH0sCiAgICAgICAgICAgICJlbWFpbCI6IG51bGwsCiAgICAgICAgICAgICJuYW1lIjogbnVsbCwKICAgICAgICAgICAgInBob25lIjogbnVsbAogICAgICAgICAgfSwKICAgICAgICAgICJjYWxjdWxhdGVkX3N0YXRlbWVudF9kZXNjcmlwdG9yIjogIkRSVU1LTk9UVCIsCiAgICAgICAgICAiY2FwdHVyZWQiOiB0cnVlLAogICAgICAgICAgImNyZWF0ZWQiOiAxNzA5OTU4NTQ1LAogICAgICAgICAgImN1cnJlbmN5IjogInVzZCIsCiAgICAgICAgICAiY3VzdG9tZXIiOiAiY3VzX1BoZ3VQbXJvejRlU1dYIiwKICAgICAgICAgICJkZXNjcmlwdGlvbiI6ICJTdWJzY3JpcHRpb24gY3JlYXRpb24iLAogICAgICAgICAgImRlc3RpbmF0aW9uIjogbnVsbCwKICAgICAgICAgICJkaXNwdXRlIjogbnVsbCwKICAgICAgICAgICJkaXNwdXRlZCI6IGZhbHNlLAogICAgICAgICAgImZhaWx1cmVfYmFsYW5jZV90cmFuc2FjdGlvbiI6IG51bGwsCiAgICAgICAgICAiZmFpbHVyZV9jb2RlIjogbnVsbCwKICAgICAgICAgICJmYWlsdXJlX21lc3NhZ2UiOiBudWxsLAogICAgICAgICAgImZyYXVkX2RldGFpbHMiOiB7fSwKICAgICAgICAgICJpbnZvaWNlIjogImluXzBPc0hXdWtLZTRrRnBZYmQyQzluNnl3YyIsCiAgICAgICAgICAibGl2ZW1vZGUiOiBmYWxzZSwKICAgICAgICAgICJtZXRhZGF0YSI6IHt9LAogICAgICAgICAgIm9uX2JlaGFsZl9vZiI6IG51bGwsCiAgICAgICAgICAib3JkZXIiOiBudWxsLAogICAgICAgICAgIm91dGNvbWUiOiB7CiAgICAgICAgICAgICJuZXR3b3JrX3N0YXR1cyI6ICJhcHByb3ZlZF9ieV9uZXR3b3JrIiwKICAgICAgICAgICAgInJlYXNvbiI6IG51bGwsCiAgICAgICAgICAgICJyaXNrX2xldmVsIjogIm5vcm1hbCIsCiAgICAgICAgICAgICJyaXNrX3Njb3JlIjogMzQsCiAgICAgICAgICAgICJzZWxsZXJfbWVzc2FnZSI6ICJQYXltZW50IGNvbXBsZXRlLiIsCiAgICAgICAgICAgICJ0eXBlIjogImF1dGhvcml6ZWQiCiAgICAgICAgICB9LAogICAgICAgICAgInBhaWQiOiB0cnVlLAogICAgICAgICAgInBheW1lbnRfaW50ZW50IjogInBpXzJPc0hXdWtLZTRrRnBZYmQxcmY0aFNTUiIsCiAgICAgICAgICAicGF5bWVudF9tZXRob2QiOiAiY2FyZF8wT3NIV3NrS2U0a0ZwWWJkWEVEajE1bGEiLAogICAgICAgICAgInBheW1lbnRfbWV0aG9kX2RldGFpbHMiOiB7CiAgICAgICAgICAgICJjYXJkIjogewogICAgICAgICAgICAgICJhbW91bnRfYXV0aG9yaXplZCI6IDMwMCwKICAgICAgICAgICAgICAiYnJhbmQiOiAidmlzYSIsCiAgICAgICAgICAgICAgImNoZWNrcyI6IHsKICAgICAgICAgICAgICAgICJhZGRyZXNzX2xpbmUxX2NoZWNrIjogbnVsbCwKICAgICAgICAgICAgICAgICJhZGRyZXNzX3Bvc3RhbF9jb2RlX2NoZWNrIjogbnVsbCwKICAgICAgICAgICAgICAgICJjdmNfY2hlY2siOiAicGFzcyIKICAgICAgICAgICAgICB9LAogICAgICAgICAgICAgICJjb3VudHJ5IjogIlVTIiwKICAgICAgICAgICAgICAiZXhwX21vbnRoIjogMSwKICAgICAgICAgICAgICAiZXhwX3llYXIiOiAyMDI2LAogICAgICAgICAgICAgICJleHRlbmRlZF9hdXRob3JpemF0aW9uIjogewogICAgICAgICAgICAgICAgInN0YXR1cyI6ICJkaXNhYmxlZCIKICAgICAgICAgICAgICB9LAogICAgICAgICAgICAgICJmaW5nZXJwcmludCI6ICJEQ1piQjBqTkk2TzU2T3JBIiwKICAgICAgICAgICAgICAiZnVuZGluZyI6ICJjcmVkaXQiLAogICAgICAgICAgICAgICJpbmNyZW1lbnRhbF9hdXRob3JpemF0aW9uIjogewogICAgICAgICAgICAgICAgInN0YXR1cyI6ICJ1bmF2YWlsYWJsZSIKICAgICAgICAgICAgICB9LAogICAgICAgICAgICAgICJpbnN0YWxsbWVudHMiOiBudWxsLAogICAgICAgICAgICAgICJsYXN0NCI6ICI0MjQyIiwKICAgICAgICAgICAgICAibWFuZGF0ZSI6IG51bGwsCiAgICAgICAgICAgICAgIm11bHRpY2FwdHVyZSI6IHsKICAgICAgICAgICAgICAgICJzdGF0dXMiOiAidW5hdmFpbGFibGUiCiAgICAgICAgICAgICAgfSwKICAgICAgICAgICAgICAibmV0d29yayI6ICJ2aXNhIiwKICAgICAgICAgICAgICAibmV0d29ya190b2tlbiI6IHsKICAgICAgICAgICAgICAgICJ1c2VkIjogZmFsc2UKICAgICAgICAgICAgICB9LAogICAgICAgICAgICAgICJvdmVyY2FwdHVyZSI6IHsKICAgICAgICAgICAgICAgICJtYXhpbXVtX2Ftb3VudF9jYXB0dXJhYmxlIjogMzAwLAogICAgICAgICAgICAgICAgInN0YXR1cyI6ICJ1bmF2YWlsYWJsZSIKICAgICAgICAgICAgICB9LAogICAgICAgICAgICAgICJ0aHJlZV9kX3NlY3VyZSI6IG51bGwsCiAgICAgICAgICAgICAgIndhbGxldCI6IG51bGwKICAgICAgICAgICAgfSwKICAgICAgICAgICAgInR5cGUiOiAiY2FyZCIKICAgICAgICAgIH0sCiAgICAgICAgICAicmFkYXJfb3B0aW9ucyI6IHt9LAogICAgICAgICAgInJlY2VpcHRfZW1haWwiOiBudWxsLAogICAgICAgICAgInJlY2VpcHRfbnVtYmVyIjogbnVsbCwKICAgICAgICAgICJyZWNlaXB0X3VybCI6ICJodHRwczovL3BheS5zdHJpcGUuY29tL3JlY2VpcHRzL2ludm9pY2VzL0NBY2FJZ29nYTB0bE5HdEdjRmxpWkV3MmRWSkdOekZVYkVoMmMwOVJlbWxpVkZsU1ZUQW9rc3V2cndZeUJnTjV3SnlEOGpvc0ZqLThKTXExc3pwYVREOUdyYXNGS19sQlVmbGFMVTdORVdMcW85SGNsUXZESW9KSFA3c2I3WUM0YmtNP3M9YXAiLAogICAgICAgICAgInJlZnVuZGVkIjogZmFsc2UsCiAgICAgICAgICAicmV2aWV3IjogbnVsbCwKICAgICAgICAgICJzaGlwcGluZyI6IG51bGwsCiAgICAgICAgICAic291cmNlIjogewogICAgICAgICAgICAiaWQiOiAiY2FyZF8wT3NIV3NrS2U0a0ZwWWJkWEVEajE1bGEiLAogICAgICAgICAgICAib2JqZWN0IjogImNhcmQiLAogICAgICAgICAgICAiYWRkcmVzc19jaXR5IjogbnVsbCwKICAgICAgICAgICAgImFkZHJlc3NfY291bnRyeSI6IG51bGwsCiAgICAgICAgICAgICJhZGRyZXNzX2xpbmUxIjogbnVsbCwKICAgICAgICAgICAgImFkZHJlc3NfbGluZTFfY2hlY2siOiBudWxsLAogICAgICAgICAgICAiYWRkcmVzc19saW5lMiI6IG51bGwsCiAgICAgICAgICAgICJhZGRyZXNzX3N0YXRlIjogbnVsbCwKICAgICAgICAgICAgImFkZHJlc3NfemlwIjogbnVsbCwKICAgICAgICAgICAgImFkZHJlc3NfemlwX2NoZWNrIjogbnVsbCwKICAgICAgICAgICAgImJyYW5kIjogIlZpc2EiLAogICAgICAgICAgICAiY291bnRyeSI6ICJVUyIsCiAgICAgICAgICAgICJjdXN0b21lciI6ICJjdXNfUGhndVBtcm96NGVTV1giLAogICAgICAgICAgICAiY3ZjX2NoZWNrIjogInBhc3MiLAogICAgICAgICAgICAiZHluYW1pY19sYXN0NCI6IG51bGwsCiAgICAgICAgICAgICJleHBfbW9udGgiOiAxLAogICAgICAgICAgICAiZXhwX3llYXIiOiAyMDI2LAogICAgICAgICAgICAiZmluZ2VycHJpbnQiOiAiRENaYkIwak5JNk81Nk9yQSIsCiAgICAgICAgICAgICJmdW5kaW5nIjogImNyZWRpdCIsCiAgICAgICAgICAgICJsYXN0NCI6ICI0MjQyIiwKICAgICAgICAgICAgIm1ldGFkYXRhIjoge30sCiAgICAgICAgICAgICJuYW1lIjogbnVsbCwKICAgICAgICAgICAgInRva2VuaXphdGlvbl9tZXRob2QiOiBudWxsLAogICAgICAgICAgICAid2FsbGV0IjogbnVsbAogICAgICAgICAgfSwKICAgICAgICAgICJzb3VyY2VfdHJhbnNmZXIiOiBudWxsLAogICAgICAgICAgInN0YXRlbWVudF9kZXNjcmlwdG9yIjogbnVsbCwKICAgICAgICAgICJzdGF0ZW1lbnRfZGVzY3JpcHRvcl9zdWZmaXgiOiBudWxsLAogICAgICAgICAgInN0YXR1cyI6ICJzdWNjZWVkZWQiLAogICAgICAgICAgInRyYW5zZmVyX2RhdGEiOiBudWxsLAogICAgICAgICAgInRyYW5zZmVyX2dyb3VwIjogbnVsbAogICAgICAgIH0KICAgICAgfSwKICAgICAgImxpdmVtb2RlIjogZmFsc2UsCiAgICAgICJwZW5kaW5nX3dlYmhvb2tzIjogMCwKICAgICAgInJlcXVlc3QiOiB7CiAgICAgICAgImlkIjogInJlcV9ZSlJ5VlV6N1VxcExweiIsCiAgICAgICAgImlkZW1wb3RlbmN5X2tleSI6ICJlMjFlYTliOS0wZjJhLTQ1ODgtYWM1Ny01NmVlZjJhZDRhOWEiCiAgICAgIH0sCiAgICAgICJ0eXBlIjogImNoYXJnZS5zdWNjZWVkZWQiCiAgICB9LAogICAgewogICAgICAiaWQiOiAiZXZ0XzJPc0hXdWtLZTRrRnBZYmQxYm1yMGFUNSIsCiAgICAgICJvYmplY3QiOiAiZXZlbnQiLAogICAgICAiYXBpX3ZlcnNpb24iOiAiMjAyMy0xMC0xNiIsCiAgICAgICJjcmVhdGVkIjogMTcwOTk1ODU0NCwKICAgICAgImRhdGEiOiB7CiAgICAgICAgIm9iamVjdCI6IHsKICAgICAgICAgICJpZCI6ICJwaV8yT3NIV3VrS2U0a0ZwWWJkMXJmNGhTU1IiLAogICAgICAgICAgIm9iamVjdCI6ICJwYXltZW50X2ludGVudCIsCiAgICAgICAgICAiYW1vdW50IjogMzAwLAogICAgICAgICAgImFtb3VudF9jYXB0dXJhYmxlIjogMCwKICAgICAgICAgICJhbW91bnRfZGV0YWlscyI6IHsKICAgICAgICAgICAgInRpcCI6IHt9CiAgICAgICAgICB9LAogICAgICAgICAgImFtb3VudF9yZWNlaXZlZCI6IDAsCiAgICAgICAgICAiYXBwbGljYXRpb24iOiBudWxsLAogICAgICAgICAgImFwcGxpY2F0aW9uX2ZlZV9hbW91bnQiOiBudWxsLAogICAgICAgICAgImF1dG9tYXRpY19wYXltZW50X21ldGhvZHMiOiBudWxsLAogICAgICAgICAgImNhbmNlbGVkX2F0IjogbnVsbCwKICAgICAgICAgICJjYW5jZWxsYXRpb25fcmVhc29uIjogbnVsbCwKICAgICAgICAgICJjYXB0dXJlX21ldGhvZCI6ICJhdXRvbWF0aWMiLAogICAgICAgICAgImNsaWVudF9zZWNyZXQiOiAicGlfMk9zSFd1a0tlNGtGcFliZDFyZjRoU1NSX3NlY3JldF95ekpGZ1g3ZXR1U0lYZ2FjTlRlV3plckNHIiwKICAgICAgICAgICJjb25maXJtYXRpb25fbWV0aG9kIjogImF1dG9tYXRpYyIsCiAgICAgICAgICAiY3JlYXRlZCI6IDE3MDk5NTg1NDQsCiAgICAgICAgICAiY3VycmVuY3kiOiAidXNkIiwKICAgICAgICAgICJjdXN0b21lciI6ICJjdXNfUGhndVBtcm96NGVTV1giLAogICAgICAgICAgImRlc2NyaXB0aW9uIjogIlN1YnNjcmlwdGlvbiBjcmVhdGlvbiIsCiAgICAgICAgICAiaW52b2ljZSI6ICJpbl8wT3NIV3VrS2U0a0ZwWWJkMkM5bjZ5d2MiLAogICAgICAgICAgImxhc3RfcGF5bWVudF9lcnJvciI6IG51bGwsCiAgICAgICAgICAibGF0ZXN0X2NoYXJnZSI6IG51bGwsCiAgICAgICAgICAibGl2ZW1vZGUiOiBmYWxzZSwKICAgICAgICAgICJtZXRhZGF0YSI6IHt9LAogICAgICAgICAgIm5leHRfYWN0aW9uIjogbnVsbCwKICAgICAgICAgICJvbl9iZWhhbGZfb2YiOiBudWxsLAogICAgICAgICAgInBheW1lbnRfbWV0aG9kIjogbnVsbCwKICAgICAgICAgICJwYXltZW50X21ldGhvZF9jb25maWd1cmF0aW9uX2RldGFpbHMiOiBudWxsLAogICAgICAgICAgInBheW1lbnRfbWV0aG9kX29wdGlvbnMiOiB7CiAgICAgICAgICAgICJjYXJkIjogewogICAgICAgICAgICAgICJpbnN0YWxsbWVudHMiOiBudWxsLAogICAgICAgICAgICAgICJtYW5kYXRlX29wdGlvbnMiOiBudWxsLAogICAgICAgICAgICAgICJuZXR3b3JrIjogbnVsbCwKICAgICAgICAgICAgICAicmVxdWVzdF90aHJlZV9kX3NlY3VyZSI6ICJhdXRvbWF0aWMiCiAgICAgICAgICAgIH0KICAgICAgICAgIH0sCiAgICAgICAgICAicGF5bWVudF9tZXRob2RfdHlwZXMiOiBbCiAgICAgICAgICAgICJjYXJkIgogICAgICAgICAgXSwKICAgICAgICAgICJwcm9jZXNzaW5nIjogbnVsbCwKICAgICAgICAgICJyZWNlaXB0X2VtYWlsIjogbnVsbCwKICAgICAgICAgICJyZXZpZXciOiBudWxsLAogICAgICAgICAgInNldHVwX2Z1dHVyZV91c2FnZSI6ICJvZmZfc2Vzc2lvbiIsCiAgICAgICAgICAic2hpcHBpbmciOiBudWxsLAogICAgICAgICAgInNvdXJjZSI6IG51bGwsCiAgICAgICAgICAic3RhdGVtZW50X2Rlc2NyaXB0b3IiOiBudWxsLAogICAgICAgICAgInN0YXRlbWVudF9kZXNjcmlwdG9yX3N1ZmZpeCI6IG51bGwsCiAgICAgICAgICAic3RhdHVzIjogInJlcXVpcmVzX3BheW1lbnRfbWV0aG9kIiwKICAgICAgICAgICJ0cmFuc2Zlcl9kYXRhIjogbnVsbCwKICAgICAgICAgICJ0cmFuc2Zlcl9ncm91cCI6IG51bGwKICAgICAgICB9CiAgICAgIH0sCiAgICAgICJsaXZlbW9kZSI6IGZhbHNlLAogICAgICAicGVuZGluZ193ZWJob29rcyI6IDAsCiAgICAgICJyZXF1ZXN0IjogewogICAgICAgICJpZCI6ICJyZXFfWUpSeVZVejdVcXBMcHoiLAogICAgICAgICJpZGVtcG90ZW5jeV9rZXkiOiAiZTIxZWE5YjktMGYyYS00NTg4LWFjNTctNTZlZWYyYWQ0YTlhIgogICAgICB9LAogICAgICAidHlwZSI6ICJwYXltZW50X2ludGVudC5jcmVhdGVkIgogICAgfSwKICAgIHsKICAgICAgImlkIjogImV2dF8wT3NIV3RrS2U0a0ZwWWJkUE5LRWhWOWgiLAogICAgICAib2JqZWN0IjogImV2ZW50IiwKICAgICAgImFwaV92ZXJzaW9uIjogIjIwMjMtMTAtMTYiLAogICAgICAiY3JlYXRlZCI6IDE3MDk5NTg1NDMsCiAgICAgICJkYXRhIjogewogICAgICAgICJvYmplY3QiOiB7CiAgICAgICAgICAiaWQiOiAiY2FyZF8wT3NIV3NrS2U0a0ZwWWJkWEVEajE1bGEiLAogICAgICAgICAgIm9iamVjdCI6ICJjYXJkIiwKICAgICAgICAgICJhZGRyZXNzX2NpdHkiOiBudWxsLAogICAgICAgICAgImFkZHJlc3NfY291bnRyeSI6IG51bGwsCiAgICAgICAgICAiYWRkcmVzc19saW5lMSI6IG51bGwsCiAgICAgICAgICAiYWRkcmVzc19saW5lMV9jaGVjayI6IG51bGwsCiAgICAgICAgICAiYWRkcmVzc19saW5lMiI6IG51bGwsCiAgICAgICAgICAiYWRkcmVzc19zdGF0ZSI6IG51bGwsCiAgICAgICAgICAiYWRkcmVzc196aXAiOiBudWxsLAogICAgICAgICAgImFkZHJlc3NfemlwX2NoZWNrIjogbnVsbCwKICAgICAgICAgICJicmFuZCI6ICJWaXNhIiwKICAgICAgICAgICJjb3VudHJ5IjogIlVTIiwKICAgICAgICAgICJjdXN0b21lciI6ICJjdXNfUGhndVBtcm96NGVTV1giLAogICAgICAgICAgImN2Y19jaGVjayI6ICJwYXNzIiwKICAgICAgICAgICJkeW5hbWljX2xhc3Q0IjogbnVsbCwKICAgICAgICAgICJleHBfbW9udGgiOiAxLAogICAgICAgICAgImV4cF95ZWFyIjogMjAyNiwKICAgICAgICAgICJmaW5nZXJwcmludCI6ICJEQ1piQjBqTkk2TzU2T3JBIiwKICAgICAgICAgICJmdW5kaW5nIjogImNyZWRpdCIsCiAgICAgICAgICAibGFzdDQiOiAiNDI0MiIsCiAgICAgICAgICAibWV0YWRhdGEiOiB7fSwKICAgICAgICAgICJuYW1lIjogbnVsbCwKICAgICAgICAgICJ0b2tlbml6YXRpb25fbWV0aG9kIjogbnVsbCwKICAgICAgICAgICJ3YWxsZXQiOiBudWxsCiAgICAgICAgfQogICAgICB9LAogICAgICAibGl2ZW1vZGUiOiBmYWxzZSwKICAgICAgInBlbmRpbmdfd2ViaG9va3MiOiAwLAogICAgICAicmVxdWVzdCI6IHsKICAgICAgICAiaWQiOiAicmVxX2RNNzZVbFB0cmlha3U4IiwKICAgICAgICAiaWRlbXBvdGVuY3lfa2V5IjogIjJlN2U4MGNiLTlhMTgtNDlkYi05YmRmLWQyMmFhMjE4ZDZiYSIKICAgICAgfSwKICAgICAgInR5cGUiOiAiY3VzdG9tZXIuc291cmNlLmNyZWF0ZWQiCiAgICB9CiAgXSwKICAiaGFzX21vcmUiOiB0cnVlLAogICJ1cmwiOiAiL3YxL2V2ZW50cyIKfQ==
  recorded_at: Sat, 09 Mar 2024 04:29:07 GMT
- request:
    method: get
    uri: https://api.stripe.com/v1/events
    body:
      encoding: US-ASCII
      string: ''
    headers:
      User-Agent:
      - Stripe/v1 RubyBindings/10.11.0
      Authorization:
      - Bearer aAcnj1rwUlr0eRc4MrHxFvsye3Dd4GXU
      Content-Type:
      - application/x-www-form-urlencoded
      X-Stripe-Client-Telemetry:
      - '{"last_request_metrics":{"request_id":"req_4aiVa7LX3mrv7m","request_duration_ms":544}}'
      Stripe-Version:
      - '2023-10-16'
      X-Stripe-Client-User-Agent:
      - '{"bindings_version":"10.11.0","lang":"ruby","lang_version":"3.2.3 p157 (2024-01-18)","platform":"arm64-darwin23","engine":"ruby","publisher":"stripe","uname":"Darwin
        pancake.localdomain 23.3.0 Darwin Kernel Version 23.3.0: Wed Dec 20 21:30:44
        PST 2023; root:xnu-10002.81.5~7/RELEASE_ARM64_T6000 arm64","hostname":"pancake.localdomain"}'
      Accept-Encoding:
      - gzip;q=1.0,deflate;q=0.6,identity;q=0.3
      Accept:
      - "*/*"
  response:
    status:
      code: 200
      message: OK
    headers:
      Server:
      - nginx
      Date:
      - Sat, 09 Mar 2024 04:29:07 GMT
      Content-Type:
      - application/json
      Content-Length:
      - '47050'
      Connection:
      - keep-alive
      Access-Control-Allow-Credentials:
      - 'true'
      Access-Control-Allow-Methods:
      - GET,HEAD,PUT,PATCH,POST,DELETE
      Access-Control-Allow-Origin:
      - "*"
      Access-Control-Expose-Headers:
      - Request-Id, Stripe-Manage-Version, Stripe-Should-Retry, X-Stripe-External-Auth-Required,
        X-Stripe-Privileged-Session-Required
      Access-Control-Max-Age:
      - '300'
      Cache-Control:
      - no-cache, no-store
      Content-Security-Policy:
      - report-uri https://q.stripe.com/csp-report?p=v1%2Fevents; block-all-mixed-content;
        default-src 'none'; base-uri 'none'; form-action 'none'; frame-ancestors 'none';
        img-src 'self'; script-src 'self' 'report-sample'; style-src 'self'
      Cross-Origin-Opener-Policy-Report-Only:
      - same-origin; report-to=https://q.stripe.com/coop-report
      Request-Id:
      - req_Ol0maE7rDVlFHS
      Stripe-Version:
      - '2023-10-16'
      Vary:
      - Origin
      X-Stripe-Routing-Context-Priority-Tier:
      - api-testmode
      Strict-Transport-Security:
      - max-age=63072000; includeSubDomains; preload
    body:
      encoding: ASCII-8BIT
      string: !binary |-
        ewogICJvYmplY3QiOiAibGlzdCIsCiAgImRhdGEiOiBbCiAgICB7CiAgICAgICJpZCI6ICJldnRfME9zSFd3a0tlNGtGcFliZGsyb2tHekpIIiwKICAgICAgIm9iamVjdCI6ICJldmVudCIsCiAgICAgICJhcGlfdmVyc2lvbiI6ICIyMDIzLTEwLTE2IiwKICAgICAgImNyZWF0ZWQiOiAxNzA5OTU4NTQ2LAogICAgICAiZGF0YSI6IHsKICAgICAgICAib2JqZWN0IjogewogICAgICAgICAgImlkIjogInN1Yl8wT3NIV3VrS2U0a0ZwWWJkOVFmOTdVbGoiLAogICAgICAgICAgIm9iamVjdCI6ICJzdWJzY3JpcHRpb24iLAogICAgICAgICAgImFwcGxpY2F0aW9uIjogbnVsbCwKICAgICAgICAgICJhcHBsaWNhdGlvbl9mZWVfcGVyY2VudCI6IG51bGwsCiAgICAgICAgICAiYXV0b21hdGljX3RheCI6IHsKICAgICAgICAgICAgImVuYWJsZWQiOiBmYWxzZSwKICAgICAgICAgICAgImxpYWJpbGl0eSI6IG51bGwKICAgICAgICAgIH0sCiAgICAgICAgICAiYmlsbGluZ19jeWNsZV9hbmNob3IiOiAxNzA5OTU4NTQ0LAogICAgICAgICAgImJpbGxpbmdfY3ljbGVfYW5jaG9yX2NvbmZpZyI6IG51bGwsCiAgICAgICAgICAiYmlsbGluZ190aHJlc2hvbGRzIjogbnVsbCwKICAgICAgICAgICJjYW5jZWxfYXQiOiBudWxsLAogICAgICAgICAgImNhbmNlbF9hdF9wZXJpb2RfZW5kIjogZmFsc2UsCiAgICAgICAgICAiY2FuY2VsZWRfYXQiOiBudWxsLAogICAgICAgICAgImNhbmNlbGxhdGlvbl9kZXRhaWxzIjogewogICAgICAgICAgICAiY29tbWVudCI6IG51bGwsCiAgICAgICAgICAgICJmZWVkYmFjayI6IG51bGwsCiAgICAgICAgICAgICJyZWFzb24iOiBudWxsCiAgICAgICAgICB9LAogICAgICAgICAgImNvbGxlY3Rpb25fbWV0aG9kIjogImNoYXJnZV9hdXRvbWF0aWNhbGx5IiwKICAgICAgICAgICJjcmVhdGVkIjogMTcwOTk1ODU0NCwKICAgICAgICAgICJjdXJyZW5jeSI6ICJ1c2QiLAogICAgICAgICAgImN1cnJlbnRfcGVyaW9kX2VuZCI6IDE3MTI2MzY5NDQsCiAgICAgICAgICAiY3VycmVudF9wZXJpb2Rfc3RhcnQiOiAxNzA5OTU4NTQ0LAogICAgICAgICAgImN1c3RvbWVyIjogImN1c19QaGd1UG1yb3o0ZVNXWCIsCiAgICAgICAgICAiZGF5c191bnRpbF9kdWUiOiBudWxsLAogICAgICAgICAgImRlZmF1bHRfcGF5bWVudF9tZXRob2QiOiBudWxsLAogICAgICAgICAgImRlZmF1bHRfc291cmNlIjogbnVsbCwKICAgICAgICAgICJkZWZhdWx0X3RheF9yYXRlcyI6IFtdLAogICAgICAgICAgImRlc2NyaXB0aW9uIjogbnVsbCwKICAgICAgICAgICJkaXNjb3VudCI6IG51bGwsCiAgICAgICAgICAiZW5kZWRfYXQiOiBudWxsLAogICAgICAgICAgImludm9pY2Vfc2V0dGluZ3MiOiB7CiAgICAgICAgICAgICJhY2NvdW50X3RheF9pZHMiOiBudWxsLAogICAgICAgICAgICAiaXNzdWVyIjogewogICAgICAgICAgICAgICJ0eXBlIjogInNlbGYiCiAgICAgICAgICAgIH0KICAgICAgICAgIH0sCiAgICAgICAgICAiaXRlbXMiOiB7CiAgICAgICAgICAgICJvYmplY3QiOiAibGlzdCIsCiAgICAgICAgICAgICJkYXRhIjogWwogICAgICAgICAgICAgIHsKICAgICAgICAgICAgICAgICJpZCI6ICJzaV9QaGd1NUJ2dENuT3EzaCIsCiAgICAgICAgICAgICAgICAib2JqZWN0IjogInN1YnNjcmlwdGlvbl9pdGVtIiwKICAgICAgICAgICAgICAgICJiaWxsaW5nX3RocmVzaG9sZHMiOiBudWxsLAogICAgICAgICAgICAgICAgImNyZWF0ZWQiOiAxNzA5OTU4NTQ0LAogICAgICAgICAgICAgICAgIm1ldGFkYXRhIjoge30sCiAgICAgICAgICAgICAgICAicGxhbiI6IHsKICAgICAgICAgICAgICAgICAgImlkIjogImRydW1rbm90dCIsCiAgICAgICAgICAgICAgICAgICJvYmplY3QiOiAicGxhbiIsCiAgICAgICAgICAgICAgICAgICJhY3RpdmUiOiB0cnVlLAogICAgICAgICAgICAgICAgICAiYWdncmVnYXRlX3VzYWdlIjogbnVsbCwKICAgICAgICAgICAgICAgICAgImFtb3VudCI6IDMwMCwKICAgICAgICAgICAgICAgICAgImFtb3VudF9kZWNpbWFsIjogIjMwMCIsCiAgICAgICAgICAgICAgICAgICJiaWxsaW5nX3NjaGVtZSI6ICJwZXJfdW5pdCIsCiAgICAgICAgICAgICAgICAgICJjcmVhdGVkIjogMTYwNDgwOTk0NywKICAgICAgICAgICAgICAgICAgImN1cnJlbmN5IjogInVzZCIsCiAgICAgICAgICAgICAgICAgICJpbnRlcnZhbCI6ICJtb250aCIsCiAgICAgICAgICAgICAgICAgICJpbnRlcnZhbF9jb3VudCI6IDEsCiAgICAgICAgICAgICAgICAgICJsaXZlbW9kZSI6IGZhbHNlLAogICAgICAgICAgICAgICAgICAibWV0YWRhdGEiOiB7fSwKICAgICAgICAgICAgICAgICAgIm5pY2tuYW1lIjogbnVsbCwKICAgICAgICAgICAgICAgICAgInByb2R1Y3QiOiAicHJvZF9JTG5Ba0pGd0JXRlBubCIsCiAgICAgICAgICAgICAgICAgICJ0aWVyc19tb2RlIjogbnVsbCwKICAgICAgICAgICAgICAgICAgInRyYW5zZm9ybV91c2FnZSI6IG51bGwsCiAgICAgICAgICAgICAgICAgICJ0cmlhbF9wZXJpb2RfZGF5cyI6IG51bGwsCiAgICAgICAgICAgICAgICAgICJ1c2FnZV90eXBlIjogImxpY2Vuc2VkIgogICAgICAgICAgICAgICAgfSwKICAgICAgICAgICAgICAgICJwcmljZSI6IHsKICAgICAgICAgICAgICAgICAgImlkIjogImRydW1rbm90dCIsCiAgICAgICAgICAgICAgICAgICJvYmplY3QiOiAicHJpY2UiLAogICAgICAgICAgICAgICAgICAiYWN0aXZlIjogdHJ1ZSwKICAgICAgICAgICAgICAgICAgImJpbGxpbmdfc2NoZW1lIjogInBlcl91bml0IiwKICAgICAgICAgICAgICAgICAgImNyZWF0ZWQiOiAxNjA0ODA5OTQ3LAogICAgICAgICAgICAgICAgICAiY3VycmVuY3kiOiAidXNkIiwKICAgICAgICAgICAgICAgICAgImN1c3RvbV91bml0X2Ftb3VudCI6IG51bGwsCiAgICAgICAgICAgICAgICAgICJsaXZlbW9kZSI6IGZhbHNlLAogICAgICAgICAgICAgICAgICAibG9va3VwX2tleSI6IG51bGwsCiAgICAgICAgICAgICAgICAgICJtZXRhZGF0YSI6IHt9LAogICAgICAgICAgICAgICAgICAibmlja25hbWUiOiBudWxsLAogICAgICAgICAgICAgICAgICAicHJvZHVjdCI6ICJwcm9kX0lMbkFrSkZ3QldGUG5sIiwKICAgICAgICAgICAgICAgICAgInJlY3VycmluZyI6IHsKICAgICAgICAgICAgICAgICAgICAiYWdncmVnYXRlX3VzYWdlIjogbnVsbCwKICAgICAgICAgICAgICAgICAgICAiaW50ZXJ2YWwiOiAibW9udGgiLAogICAgICAgICAgICAgICAgICAgICJpbnRlcnZhbF9jb3VudCI6IDEsCiAgICAgICAgICAgICAgICAgICAgInRyaWFsX3BlcmlvZF9kYXlzIjogbnVsbCwKICAgICAgICAgICAgICAgICAgICAidXNhZ2VfdHlwZSI6ICJsaWNlbnNlZCIKICAgICAgICAgICAgICAgICAgfSwKICAgICAgICAgICAgICAgICAgInRheF9iZWhhdmlvciI6ICJ1bnNwZWNpZmllZCIsCiAgICAgICAgICAgICAgICAgICJ0aWVyc19tb2RlIjogbnVsbCwKICAgICAgICAgICAgICAgICAgInRyYW5zZm9ybV9xdWFudGl0eSI6IG51bGwsCiAgICAgICAgICAgICAgICAgICJ0eXBlIjogInJlY3VycmluZyIsCiAgICAgICAgICAgICAgICAgICJ1bml0X2Ftb3VudCI6IDMwMCwKICAgICAgICAgICAgICAgICAgInVuaXRfYW1vdW50X2RlY2ltYWwiOiAiMzAwIgogICAgICAgICAgICAgICAgfSwKICAgICAgICAgICAgICAgICJxdWFudGl0eSI6IDEsCiAgICAgICAgICAgICAgICAic3Vic2NyaXB0aW9uIjogInN1Yl8wT3NIV3VrS2U0a0ZwWWJkOVFmOTdVbGoiLAogICAgICAgICAgICAgICAgInRheF9yYXRlcyI6IFtdCiAgICAgICAgICAgICAgfQogICAgICAgICAgICBdLAogICAgICAgICAgICAiaGFzX21vcmUiOiBmYWxzZSwKICAgICAgICAgICAgInRvdGFsX2NvdW50IjogMSwKICAgICAgICAgICAgInVybCI6ICIvdjEvc3Vic2NyaXB0aW9uX2l0ZW1zP3N1YnNjcmlwdGlvbj1zdWJfME9zSFd1a0tlNGtGcFliZDlRZjk3VWxqIgogICAgICAgICAgfSwKICAgICAgICAgICJsYXRlc3RfaW52b2ljZSI6ICJpbl8wT3NIV3VrS2U0a0ZwWWJkMkM5bjZ5d2MiLAogICAgICAgICAgImxpdmVtb2RlIjogZmFsc2UsCiAgICAgICAgICAibWV0YWRhdGEiOiB7fSwKICAgICAgICAgICJuZXh0X3BlbmRpbmdfaW52b2ljZV9pdGVtX2ludm9pY2UiOiBudWxsLAogICAgICAgICAgIm9uX2JlaGFsZl9vZiI6IG51bGwsCiAgICAgICAgICAicGF1c2VfY29sbGVjdGlvbiI6IG51bGwsCiAgICAgICAgICAicGF5bWVudF9zZXR0aW5ncyI6IHsKICAgICAgICAgICAgInBheW1lbnRfbWV0aG9kX29wdGlvbnMiOiBudWxsLAogICAgICAgICAgICAicGF5bWVudF9tZXRob2RfdHlwZXMiOiBudWxsLAogICAgICAgICAgICAic2F2ZV9kZWZhdWx0X3BheW1lbnRfbWV0aG9kIjogIm9mZiIKICAgICAgICAgIH0sCiAgICAgICAgICAicGVuZGluZ19pbnZvaWNlX2l0ZW1faW50ZXJ2YWwiOiBudWxsLAogICAgICAgICAgInBlbmRpbmdfc2V0dXBfaW50ZW50IjogbnVsbCwKICAgICAgICAgICJwZW5kaW5nX3VwZGF0ZSI6IG51bGwsCiAgICAgICAgICAicGxhbiI6IHsKICAgICAgICAgICAgImlkIjogImRydW1rbm90dCIsCiAgICAgICAgICAgICJvYmplY3QiOiAicGxhbiIsCiAgICAgICAgICAgICJhY3RpdmUiOiB0cnVlLAogICAgICAgICAgICAiYWdncmVnYXRlX3VzYWdlIjogbnVsbCwKICAgICAgICAgICAgImFtb3VudCI6IDMwMCwKICAgICAgICAgICAgImFtb3VudF9kZWNpbWFsIjogIjMwMCIsCiAgICAgICAgICAgICJiaWxsaW5nX3NjaGVtZSI6ICJwZXJfdW5pdCIsCiAgICAgICAgICAgICJjcmVhdGVkIjogMTYwNDgwOTk0NywKICAgICAgICAgICAgImN1cnJlbmN5IjogInVzZCIsCiAgICAgICAgICAgICJpbnRlcnZhbCI6ICJtb250aCIsCiAgICAgICAgICAgICJpbnRlcnZhbF9jb3VudCI6IDEsCiAgICAgICAgICAgICJsaXZlbW9kZSI6IGZhbHNlLAogICAgICAgICAgICAibWV0YWRhdGEiOiB7fSwKICAgICAgICAgICAgIm5pY2tuYW1lIjogbnVsbCwKICAgICAgICAgICAgInByb2R1Y3QiOiAicHJvZF9JTG5Ba0pGd0JXRlBubCIsCiAgICAgICAgICAgICJ0aWVyc19tb2RlIjogbnVsbCwKICAgICAgICAgICAgInRyYW5zZm9ybV91c2FnZSI6IG51bGwsCiAgICAgICAgICAgICJ0cmlhbF9wZXJpb2RfZGF5cyI6IG51bGwsCiAgICAgICAgICAgICJ1c2FnZV90eXBlIjogImxpY2Vuc2VkIgogICAgICAgICAgfSwKICAgICAgICAgICJxdWFudGl0eSI6IDEsCiAgICAgICAgICAic2NoZWR1bGUiOiBudWxsLAogICAgICAgICAgInN0YXJ0X2RhdGUiOiAxNzA5OTU4NTQ0LAogICAgICAgICAgInN0YXR1cyI6ICJhY3RpdmUiLAogICAgICAgICAgInRlc3RfY2xvY2siOiBudWxsLAogICAgICAgICAgInRyYW5zZmVyX2RhdGEiOiBudWxsLAogICAgICAgICAgInRyaWFsX2VuZCI6IG51bGwsCiAgICAgICAgICAidHJpYWxfc2V0dGluZ3MiOiB7CiAgICAgICAgICAgICJlbmRfYmVoYXZpb3IiOiB7CiAgICAgICAgICAgICAgIm1pc3NpbmdfcGF5bWVudF9tZXRob2QiOiAiY3JlYXRlX2ludm9pY2UiCiAgICAgICAgICAgIH0KICAgICAgICAgIH0sCiAgICAgICAgICAidHJpYWxfc3RhcnQiOiBudWxsCiAgICAgICAgfQogICAgICB9LAogICAgICAibGl2ZW1vZGUiOiBmYWxzZSwKICAgICAgInBlbmRpbmdfd2ViaG9va3MiOiAwLAogICAgICAicmVxdWVzdCI6IHsKICAgICAgICAiaWQiOiAicmVxX1lKUnlWVXo3VXFwTHB6IiwKICAgICAgICAiaWRlbXBvdGVuY3lfa2V5IjogImUyMWVhOWI5LTBmMmEtNDU4OC1hYzU3LTU2ZWVmMmFkNGE5YSIKICAgICAgfSwKICAgICAgInR5cGUiOiAiY3VzdG9tZXIuc3Vic2NyaXB0aW9uLmNyZWF0ZWQiCiAgICB9LAogICAgewogICAgICAiaWQiOiAiZXZ0XzBPc0hXd2tLZTRrRnBZYmRxT0ZtbG0wWiIsCiAgICAgICJvYmplY3QiOiAiZXZlbnQiLAogICAgICAiYXBpX3ZlcnNpb24iOiAiMjAyMy0xMC0xNiIsCiAgICAgICJjcmVhdGVkIjogMTcwOTk1ODU0NiwKICAgICAgImRhdGEiOiB7CiAgICAgICAgIm9iamVjdCI6IHsKICAgICAgICAgICJpZCI6ICJpbl8wT3NIV3VrS2U0a0ZwWWJkMkM5bjZ5d2MiLAogICAgICAgICAgIm9iamVjdCI6ICJpbnZvaWNlIiwKICAgICAgICAgICJhY2NvdW50X2NvdW50cnkiOiAiQVUiLAogICAgICAgICAgImFjY291bnRfbmFtZSI6ICJEcnVta25vdHQgU2VhcmNoIiwKICAgICAgICAgICJhY2NvdW50X3RheF9pZHMiOiBudWxsLAogICAgICAgICAgImFtb3VudF9kdWUiOiAzMDAsCiAgICAgICAgICAiYW1vdW50X3BhaWQiOiAzMDAsCiAgICAgICAgICAiYW1vdW50X3JlbWFpbmluZyI6IDAsCiAgICAgICAgICAiYW1vdW50X3NoaXBwaW5nIjogMCwKICAgICAgICAgICJhcHBsaWNhdGlvbiI6IG51bGwsCiAgICAgICAgICAiYXBwbGljYXRpb25fZmVlX2Ftb3VudCI6IG51bGwsCiAgICAgICAgICAiYXR0ZW1wdF9jb3VudCI6IDEsCiAgICAgICAgICAiYXR0ZW1wdGVkIjogdHJ1ZSwKICAgICAgICAgICJhdXRvX2FkdmFuY2UiOiBmYWxzZSwKICAgICAgICAgICJhdXRvbWF0aWNfdGF4IjogewogICAgICAgICAgICAiZW5hYmxlZCI6IGZhbHNlLAogICAgICAgICAgICAibGlhYmlsaXR5IjogbnVsbCwKICAgICAgICAgICAgInN0YXR1cyI6IG51bGwKICAgICAgICAgIH0sCiAgICAgICAgICAiYmlsbGluZ19yZWFzb24iOiAic3Vic2NyaXB0aW9uX2NyZWF0ZSIsCiAgICAgICAgICAiY2hhcmdlIjogImNoXzJPc0hXdWtLZTRrRnBZYmQxMWFhRGZEOCIsCiAgICAgICAgICAiY29sbGVjdGlvbl9tZXRob2QiOiAiY2hhcmdlX2F1dG9tYXRpY2FsbHkiLAogICAgICAgICAgImNyZWF0ZWQiOiAxNzA5OTU4NTQ0LAogICAgICAgICAgImN1cnJlbmN5IjogInVzZCIsCiAgICAgICAgICAiY3VzdG9tX2ZpZWxkcyI6IG51bGwsCiAgICAgICAgICAiY3VzdG9tZXIiOiAiY3VzX1BoZ3VQbXJvejRlU1dYIiwKICAgICAgICAgICJjdXN0b21lcl9hZGRyZXNzIjogbnVsbCwKICAgICAgICAgICJjdXN0b21lcl9lbWFpbCI6ICJzZWFyY2gwMDAzQGRydW1rbm90dHNlYXJjaC5jb20iLAogICAgICAgICAgImN1c3RvbWVyX25hbWUiOiBudWxsLAogICAgICAgICAgImN1c3RvbWVyX3Bob25lIjogbnVsbCwKICAgICAgICAgICJjdXN0b21lcl9zaGlwcGluZyI6IG51bGwsCiAgICAgICAgICAiY3VzdG9tZXJfdGF4X2V4ZW1wdCI6ICJub25lIiwKICAgICAgICAgICJjdXN0b21lcl90YXhfaWRzIjogW10sCiAgICAgICAgICAiZGVmYXVsdF9wYXltZW50X21ldGhvZCI6IG51bGwsCiAgICAgICAgICAiZGVmYXVsdF9zb3VyY2UiOiBudWxsLAogICAgICAgICAgImRlZmF1bHRfdGF4X3JhdGVzIjogW10sCiAgICAgICAgICAiZGVzY3JpcHRpb24iOiBudWxsLAogICAgICAgICAgImRpc2NvdW50IjogbnVsbCwKICAgICAgICAgICJkaXNjb3VudHMiOiBbXSwKICAgICAgICAgICJkdWVfZGF0ZSI6IG51bGwsCiAgICAgICAgICAiZWZmZWN0aXZlX2F0IjogMTcwOTk1ODU0NCwKICAgICAgICAgICJlbmRpbmdfYmFsYW5jZSI6IDAsCiAgICAgICAgICAiZm9vdGVyIjogbnVsbCwKICAgICAgICAgICJmcm9tX2ludm9pY2UiOiBudWxsLAogICAgICAgICAgImhvc3RlZF9pbnZvaWNlX3VybCI6ICJodHRwczovL2ludm9pY2Uuc3RyaXBlLmNvbS9pL2tLZTRrRnBZYmRMNnVSRjcxVGxIdnNPUXppYlRZUlUwL3Rlc3RfYTB0bE5HdEdjRmxpWkV3MmRWSkdOekZVYkVoMmMwOVJlbWxpVkZsU1ZUQXNYMUJvWjNWRU5sTk5XbGRoTkVodlVWWnBhRkJ1Vm1waWVVb3dRbk51ZDNrc01UQXdORGs1TXpRMjAyMDA0T0lkdnhWQT9zPWFwIiwKICAgICAgICAgICJpbnZvaWNlX3BkZiI6ICJodHRwczovL3BheS5zdHJpcGUuY29tL2ludm9pY2Uva0tlNGtGcFliZEw2dVJGNzFUbEh2c09RemliVFlSVTAvdGVzdF9hMHRsTkd0R2NGbGlaRXcyZFZKR056RlViRWgyYzA5UmVtbGlWRmxTVlRBc1gxQm9aM1ZFTmxOTldsZGhORWh2VVZacGFGQnVWbXBpZVVvd1FuTnVkM2tzTVRBd05EazVNelEyMDIwMDRPSWR2eFZBL3BkZj9zPWFwIiwKICAgICAgICAgICJpc3N1ZXIiOiB7CiAgICAgICAgICAgICJ0eXBlIjogInNlbGYiCiAgICAgICAgICB9LAogICAgICAgICAgImxhc3RfZmluYWxpemF0aW9uX2Vycm9yIjogbnVsbCwKICAgICAgICAgICJsYXRlc3RfcmV2aXNpb24iOiBudWxsLAogICAgICAgICAgImxpbmVzIjogewogICAgICAgICAgICAib2JqZWN0IjogImxpc3QiLAogICAgICAgICAgICAiZGF0YSI6IFsKICAgICAgICAgICAgICB7CiAgICAgICAgICAgICAgICAiaWQiOiAiaWxfME9zSFd1a0tlNGtGcFliZEk5dzM0Rk5OIiwKICAgICAgICAgICAgICAgICJvYmplY3QiOiAibGluZV9pdGVtIiwKICAgICAgICAgICAgICAgICJhbW91bnQiOiAzMDAsCiAgICAgICAgICAgICAgICAiYW1vdW50X2V4Y2x1ZGluZ190YXgiOiAzMDAsCiAgICAgICAgICAgICAgICAiY3VycmVuY3kiOiAidXNkIiwKICAgICAgICAgICAgICAgICJkZXNjcmlwdGlvbiI6ICIxIMOXIERydW1rbm90dCBUZXN0IChhdCAkMy4wMCAvIG1vbnRoKSIsCiAgICAgICAgICAgICAgICAiZGlzY291bnRfYW1vdW50cyI6IFtdLAogICAgICAgICAgICAgICAgImRpc2NvdW50YWJsZSI6IHRydWUsCiAgICAgICAgICAgICAgICAiZGlzY291bnRzIjogW10sCiAgICAgICAgICAgICAgICAiaW52b2ljZSI6ICJpbl8wT3NIV3VrS2U0a0ZwWWJkMkM5bjZ5d2MiLAogICAgICAgICAgICAgICAgImxpdmVtb2RlIjogZmFsc2UsCiAgICAgICAgICAgICAgICAibWV0YWRhdGEiOiB7fSwKICAgICAgICAgICAgICAgICJwZXJpb2QiOiB7CiAgICAgICAgICAgICAgICAgICJlbmQiOiAxNzEyNjM2OTQ0LAogICAgICAgICAgICAgICAgICAic3RhcnQiOiAxNzA5OTU4NTQ0CiAgICAgICAgICAgICAgICB9LAogICAgICAgICAgICAgICAgInBsYW4iOiB7CiAgICAgICAgICAgICAgICAgICJpZCI6ICJkcnVta25vdHQiLAogICAgICAgICAgICAgICAgICAib2JqZWN0IjogInBsYW4iLAogICAgICAgICAgICAgICAgICAiYWN0aXZlIjogdHJ1ZSwKICAgICAgICAgICAgICAgICAgImFnZ3JlZ2F0ZV91c2FnZSI6IG51bGwsCiAgICAgICAgICAgICAgICAgICJhbW91bnQiOiAzMDAsCiAgICAgICAgICAgICAgICAgICJhbW91bnRfZGVjaW1hbCI6ICIzMDAiLAogICAgICAgICAgICAgICAgICAiYmlsbGluZ19zY2hlbWUiOiAicGVyX3VuaXQiLAogICAgICAgICAgICAgICAgICAiY3JlYXRlZCI6IDE2MDQ4MDk5NDcsCiAgICAgICAgICAgICAgICAgICJjdXJyZW5jeSI6ICJ1c2QiLAogICAgICAgICAgICAgICAgICAiaW50ZXJ2YWwiOiAibW9udGgiLAogICAgICAgICAgICAgICAgICAiaW50ZXJ2YWxfY291bnQiOiAxLAogICAgICAgICAgICAgICAgICAibGl2ZW1vZGUiOiBmYWxzZSwKICAgICAgICAgICAgICAgICAgIm1ldGFkYXRhIjoge30sCiAgICAgICAgICAgICAgICAgICJuaWNrbmFtZSI6IG51bGwsCiAgICAgICAgICAgICAgICAgICJwcm9kdWN0IjogInByb2RfSUxuQWtKRndCV0ZQbmwiLAogICAgICAgICAgICAgICAgICAidGllcnNfbW9kZSI6IG51bGwsCiAgICAgICAgICAgICAgICAgICJ0cmFuc2Zvcm1fdXNhZ2UiOiBudWxsLAogICAgICAgICAgICAgICAgICAidHJpYWxfcGVyaW9kX2RheXMiOiBudWxsLAogICAgICAgICAgICAgICAgICAidXNhZ2VfdHlwZSI6ICJsaWNlbnNlZCIKICAgICAgICAgICAgICAgIH0sCiAgICAgICAgICAgICAgICAicHJpY2UiOiB7CiAgICAgICAgICAgICAgICAgICJpZCI6ICJkcnVta25vdHQiLAogICAgICAgICAgICAgICAgICAib2JqZWN0IjogInByaWNlIiwKICAgICAgICAgICAgICAgICAgImFjdGl2ZSI6IHRydWUsCiAgICAgICAgICAgICAgICAgICJiaWxsaW5nX3NjaGVtZSI6ICJwZXJfdW5pdCIsCiAgICAgICAgICAgICAgICAgICJjcmVhdGVkIjogMTYwNDgwOTk0NywKICAgICAgICAgICAgICAgICAgImN1cnJlbmN5IjogInVzZCIsCiAgICAgICAgICAgICAgICAgICJjdXN0b21fdW5pdF9hbW91bnQiOiBudWxsLAogICAgICAgICAgICAgICAgICAibGl2ZW1vZGUiOiBmYWxzZSwKICAgICAgICAgICAgICAgICAgImxvb2t1cF9rZXkiOiBudWxsLAogICAgICAgICAgICAgICAgICAibWV0YWRhdGEiOiB7fSwKICAgICAgICAgICAgICAgICAgIm5pY2tuYW1lIjogbnVsbCwKICAgICAgICAgICAgICAgICAgInByb2R1Y3QiOiAicHJvZF9JTG5Ba0pGd0JXRlBubCIsCiAgICAgICAgICAgICAgICAgICJyZWN1cnJpbmciOiB7CiAgICAgICAgICAgICAgICAgICAgImFnZ3JlZ2F0ZV91c2FnZSI6IG51bGwsCiAgICAgICAgICAgICAgICAgICAgImludGVydmFsIjogIm1vbnRoIiwKICAgICAgICAgICAgICAgICAgICAiaW50ZXJ2YWxfY291bnQiOiAxLAogICAgICAgICAgICAgICAgICAgICJ0cmlhbF9wZXJpb2RfZGF5cyI6IG51bGwsCiAgICAgICAgICAgICAgICAgICAgInVzYWdlX3R5cGUiOiAibGljZW5zZWQiCiAgICAgICAgICAgICAgICAgIH0sCiAgICAgICAgICAgICAgICAgICJ0YXhfYmVoYXZpb3IiOiAidW5zcGVjaWZpZWQiLAogICAgICAgICAgICAgICAgICAidGllcnNfbW9kZSI6IG51bGwsCiAgICAgICAgICAgICAgICAgICJ0cmFuc2Zvcm1fcXVhbnRpdHkiOiBudWxsLAogICAgICAgICAgICAgICAgICAidHlwZSI6ICJyZWN1cnJpbmciLAogICAgICAgICAgICAgICAgICAidW5pdF9hbW91bnQiOiAzMDAsCiAgICAgICAgICAgICAgICAgICJ1bml0X2Ftb3VudF9kZWNpbWFsIjogIjMwMCIKICAgICAgICAgICAgICAgIH0sCiAgICAgICAgICAgICAgICAicHJvcmF0aW9uIjogZmFsc2UsCiAgICAgICAgICAgICAgICAicHJvcmF0aW9uX2RldGFpbHMiOiB7CiAgICAgICAgICAgICAgICAgICJjcmVkaXRlZF9pdGVtcyI6IG51bGwKICAgICAgICAgICAgICAgIH0sCiAgICAgICAgICAgICAgICAicXVhbnRpdHkiOiAxLAogICAgICAgICAgICAgICAgInN1YnNjcmlwdGlvbiI6ICJzdWJfME9zSFd1a0tlNGtGcFliZDlRZjk3VWxqIiwKICAgICAgICAgICAgICAgICJzdWJzY3JpcHRpb25faXRlbSI6ICJzaV9QaGd1NUJ2dENuT3EzaCIsCiAgICAgICAgICAgICAgICAidGF4X2Ftb3VudHMiOiBbXSwKICAgICAgICAgICAgICAgICJ0YXhfcmF0ZXMiOiBbXSwKICAgICAgICAgICAgICAgICJ0eXBlIjogInN1YnNjcmlwdGlvbiIsCiAgICAgICAgICAgICAgICAidW5pdF9hbW91bnRfZXhjbHVkaW5nX3RheCI6ICIzMDAiCiAgICAgICAgICAgICAgfQogICAgICAgICAgICBdLAogICAgICAgICAgICAiaGFzX21vcmUiOiBmYWxzZSwKICAgICAgICAgICAgInRvdGFsX2NvdW50IjogMSwKICAgICAgICAgICAgInVybCI6ICIvdjEvaW52b2ljZXMvaW5fME9zSFd1a0tlNGtGcFliZDJDOW42eXdjL2xpbmVzIgogICAgICAgICAgfSwKICAgICAgICAgICJsaXZlbW9kZSI6IGZhbHNlLAogICAgICAgICAgIm1ldGFkYXRhIjoge30sCiAgICAgICAgICAibmV4dF9wYXltZW50X2F0dGVtcHQiOiBudWxsLAogICAgICAgICAgIm51bWJlciI6ICI0ODY0MDM3RS0wMDAxIiwKICAgICAgICAgICJvbl9iZWhhbGZfb2YiOiBudWxsLAogICAgICAgICAgInBhaWQiOiB0cnVlLAogICAgICAgICAgInBhaWRfb3V0X29mX2JhbmQiOiBmYWxzZSwKICAgICAgICAgICJwYXltZW50X2ludGVudCI6ICJwaV8yT3NIV3VrS2U0a0ZwWWJkMXJmNGhTU1IiLAogICAgICAgICAgInBheW1lbnRfc2V0dGluZ3MiOiB7CiAgICAgICAgICAgICJkZWZhdWx0X21hbmRhdGUiOiBudWxsLAogICAgICAgICAgICAicGF5bWVudF9tZXRob2Rfb3B0aW9ucyI6IG51bGwsCiAgICAgICAgICAgICJwYXltZW50X21ldGhvZF90eXBlcyI6IG51bGwKICAgICAgICAgIH0sCiAgICAgICAgICAicGVyaW9kX2VuZCI6IDE3MDk5NTg1NDQsCiAgICAgICAgICAicGVyaW9kX3N0YXJ0IjogMTcwOTk1ODU0NCwKICAgICAgICAgICJwb3N0X3BheW1lbnRfY3JlZGl0X25vdGVzX2Ftb3VudCI6IDAsCiAgICAgICAgICAicHJlX3BheW1lbnRfY3JlZGl0X25vdGVzX2Ftb3VudCI6IDAsCiAgICAgICAgICAicXVvdGUiOiBudWxsLAogICAgICAgICAgInJlY2VpcHRfbnVtYmVyIjogbnVsbCwKICAgICAgICAgICJyZW5kZXJpbmciOiBudWxsLAogICAgICAgICAgInJlbmRlcmluZ19vcHRpb25zIjogbnVsbCwKICAgICAgICAgICJzaGlwcGluZ19jb3N0IjogbnVsbCwKICAgICAgICAgICJzaGlwcGluZ19kZXRhaWxzIjogbnVsbCwKICAgICAgICAgICJzdGFydGluZ19iYWxhbmNlIjogMCwKICAgICAgICAgICJzdGF0ZW1lbnRfZGVzY3JpcHRvciI6IG51bGwsCiAgICAgICAgICAic3RhdHVzIjogInBhaWQiLAogICAgICAgICAgInN0YXR1c190cmFuc2l0aW9ucyI6IHsKICAgICAgICAgICAgImZpbmFsaXplZF9hdCI6IDE3MDk5NTg1NDQsCiAgICAgICAgICAgICJtYXJrZWRfdW5jb2xsZWN0aWJsZV9hdCI6IG51bGwsCiAgICAgICAgICAgICJwYWlkX2F0IjogMTcwOTk1ODU0NCwKICAgICAgICAgICAgInZvaWRlZF9hdCI6IG51bGwKICAgICAgICAgIH0sCiAgICAgICAgICAic3Vic2NyaXB0aW9uIjogInN1Yl8wT3NIV3VrS2U0a0ZwWWJkOVFmOTdVbGoiLAogICAgICAgICAgInN1YnNjcmlwdGlvbl9kZXRhaWxzIjogewogICAgICAgICAgICAibWV0YWRhdGEiOiB7fQogICAgICAgICAgfSwKICAgICAgICAgICJzdWJ0b3RhbCI6IDMwMCwKICAgICAgICAgICJzdWJ0b3RhbF9leGNsdWRpbmdfdGF4IjogMzAwLAogICAgICAgICAgInRheCI6IG51bGwsCiAgICAgICAgICAidGVzdF9jbG9jayI6IG51bGwsCiAgICAgICAgICAidG90YWwiOiAzMDAsCiAgICAgICAgICAidG90YWxfZGlzY291bnRfYW1vdW50cyI6IFtdLAogICAgICAgICAgInRvdGFsX2V4Y2x1ZGluZ190YXgiOiAzMDAsCiAgICAgICAgICAidG90YWxfdGF4X2Ftb3VudHMiOiBbXSwKICAgICAgICAgICJ0cmFuc2Zlcl9kYXRhIjogbnVsbCwKICAgICAgICAgICJ3ZWJob29rc19kZWxpdmVyZWRfYXQiOiAxNzA5OTU4NTQ0CiAgICAgICAgfQogICAgICB9LAogICAgICAibGl2ZW1vZGUiOiBmYWxzZSwKICAgICAgInBlbmRpbmdfd2ViaG9va3MiOiAwLAogICAgICAicmVxdWVzdCI6IHsKICAgICAgICAiaWQiOiAicmVxX1lKUnlWVXo3VXFwTHB6IiwKICAgICAgICAiaWRlbXBvdGVuY3lfa2V5IjogImUyMWVhOWI5LTBmMmEtNDU4OC1hYzU3LTU2ZWVmMmFkNGE5YSIKICAgICAgfSwKICAgICAgInR5cGUiOiAiaW52b2ljZS5wYXltZW50X3N1Y2NlZWRlZCIKICAgIH0sCiAgICB7CiAgICAgICJpZCI6ICJldnRfME9zSFd3a0tlNGtGcFliZDVpRTFLRWdSIiwKICAgICAgIm9iamVjdCI6ICJldmVudCIsCiAgICAgICJhcGlfdmVyc2lvbiI6ICIyMDIzLTEwLTE2IiwKICAgICAgImNyZWF0ZWQiOiAxNzA5OTU4NTQ2LAogICAgICAiZGF0YSI6IHsKICAgICAgICAib2JqZWN0IjogewogICAgICAgICAgImlkIjogImluXzBPc0hXdWtLZTRrRnBZYmQyQzluNnl3YyIsCiAgICAgICAgICAib2JqZWN0IjogImludm9pY2UiLAogICAgICAgICAgImFjY291bnRfY291bnRyeSI6ICJBVSIsCiAgICAgICAgICAiYWNjb3VudF9uYW1lIjogIkRydW1rbm90dCBTZWFyY2giLAogICAgICAgICAgImFjY291bnRfdGF4X2lkcyI6IG51bGwsCiAgICAgICAgICAiYW1vdW50X2R1ZSI6IDMwMCwKICAgICAgICAgICJhbW91bnRfcGFpZCI6IDMwMCwKICAgICAgICAgICJhbW91bnRfcmVtYWluaW5nIjogMCwKICAgICAgICAgICJhbW91bnRfc2hpcHBpbmciOiAwLAogICAgICAgICAgImFwcGxpY2F0aW9uIjogbnVsbCwKICAgICAgICAgICJhcHBsaWNhdGlvbl9mZWVfYW1vdW50IjogbnVsbCwKICAgICAgICAgICJhdHRlbXB0X2NvdW50IjogMSwKICAgICAgICAgICJhdHRlbXB0ZWQiOiB0cnVlLAogICAgICAgICAgImF1dG9fYWR2YW5jZSI6IGZhbHNlLAogICAgICAgICAgImF1dG9tYXRpY190YXgiOiB7CiAgICAgICAgICAgICJlbmFibGVkIjogZmFsc2UsCiAgICAgICAgICAgICJsaWFiaWxpdHkiOiBudWxsLAogICAgICAgICAgICAic3RhdHVzIjogbnVsbAogICAgICAgICAgfSwKICAgICAgICAgICJiaWxsaW5nX3JlYXNvbiI6ICJzdWJzY3JpcHRpb25fY3JlYXRlIiwKICAgICAgICAgICJjaGFyZ2UiOiAiY2hfMk9zSFd1a0tlNGtGcFliZDExYWFEZkQ4IiwKICAgICAgICAgICJjb2xsZWN0aW9uX21ldGhvZCI6ICJjaGFyZ2VfYXV0b21hdGljYWxseSIsCiAgICAgICAgICAiY3JlYXRlZCI6IDE3MDk5NTg1NDQsCiAgICAgICAgICAiY3VycmVuY3kiOiAidXNkIiwKICAgICAgICAgICJjdXN0b21fZmllbGRzIjogbnVsbCwKICAgICAgICAgICJjdXN0b21lciI6ICJjdXNfUGhndVBtcm96NGVTV1giLAogICAgICAgICAgImN1c3RvbWVyX2FkZHJlc3MiOiBudWxsLAogICAgICAgICAgImN1c3RvbWVyX2VtYWlsIjogInNlYXJjaDAwMDNAZHJ1bWtub3R0c2VhcmNoLmNvbSIsCiAgICAgICAgICAiY3VzdG9tZXJfbmFtZSI6IG51bGwsCiAgICAgICAgICAiY3VzdG9tZXJfcGhvbmUiOiBudWxsLAogICAgICAgICAgImN1c3RvbWVyX3NoaXBwaW5nIjogbnVsbCwKICAgICAgICAgICJjdXN0b21lcl90YXhfZXhlbXB0IjogIm5vbmUiLAogICAgICAgICAgImN1c3RvbWVyX3RheF9pZHMiOiBbXSwKICAgICAgICAgICJkZWZhdWx0X3BheW1lbnRfbWV0aG9kIjogbnVsbCwKICAgICAgICAgICJkZWZhdWx0X3NvdXJjZSI6IG51bGwsCiAgICAgICAgICAiZGVmYXVsdF90YXhfcmF0ZXMiOiBbXSwKICAgICAgICAgICJkZXNjcmlwdGlvbiI6IG51bGwsCiAgICAgICAgICAiZGlzY291bnQiOiBudWxsLAogICAgICAgICAgImRpc2NvdW50cyI6IFtdLAogICAgICAgICAgImR1ZV9kYXRlIjogbnVsbCwKICAgICAgICAgICJlZmZlY3RpdmVfYXQiOiAxNzA5OTU4NTQ0LAogICAgICAgICAgImVuZGluZ19iYWxhbmNlIjogMCwKICAgICAgICAgICJmb290ZXIiOiBudWxsLAogICAgICAgICAgImZyb21faW52b2ljZSI6IG51bGwsCiAgICAgICAgICAiaG9zdGVkX2ludm9pY2VfdXJsIjogImh0dHBzOi8vaW52b2ljZS5zdHJpcGUuY29tL2kva0tlNGtGcFliZEw2dVJGNzFUbEh2c09RemliVFlSVTAvdGVzdF9hMHRsTkd0R2NGbGlaRXcyZFZKR056RlViRWgyYzA5UmVtbGlWRmxTVlRBc1gxQm9aM1ZFTmxOTldsZGhORWh2VVZacGFGQnVWbXBpZVVvd1FuTnVkM2tzTVRBd05EazVNelEyMDIwMDRPSWR2eFZBP3M9YXAiLAogICAgICAgICAgImludm9pY2VfcGRmIjogImh0dHBzOi8vcGF5LnN0cmlwZS5jb20vaW52b2ljZS9rS2U0a0ZwWWJkTDZ1UkY3MVRsSHZzT1F6aWJUWVJVMC90ZXN0X2EwdGxOR3RHY0ZsaVpFdzJkVkpHTnpGVWJFaDJjMDlSZW1saVZGbFNWVEFzWDFCb1ozVkVObE5OV2xkaE5FaHZVVlpwYUZCdVZtcGllVW93UW5OdWQza3NNVEF3TkRrNU16UTIwMjAwNE9JZHZ4VkEvcGRmP3M9YXAiLAogICAgICAgICAgImlzc3VlciI6IHsKICAgICAgICAgICAgInR5cGUiOiAic2VsZiIKICAgICAgICAgIH0sCiAgICAgICAgICAibGFzdF9maW5hbGl6YXRpb25fZXJyb3IiOiBudWxsLAogICAgICAgICAgImxhdGVzdF9yZXZpc2lvbiI6IG51bGwsCiAgICAgICAgICAibGluZXMiOiB7CiAgICAgICAgICAgICJvYmplY3QiOiAibGlzdCIsCiAgICAgICAgICAgICJkYXRhIjogWwogICAgICAgICAgICAgIHsKICAgICAgICAgICAgICAgICJpZCI6ICJpbF8wT3NIV3VrS2U0a0ZwWWJkSTl3MzRGTk4iLAogICAgICAgICAgICAgICAgIm9iamVjdCI6ICJsaW5lX2l0ZW0iLAogICAgICAgICAgICAgICAgImFtb3VudCI6IDMwMCwKICAgICAgICAgICAgICAgICJhbW91bnRfZXhjbHVkaW5nX3RheCI6IDMwMCwKICAgICAgICAgICAgICAgICJjdXJyZW5jeSI6ICJ1c2QiLAogICAgICAgICAgICAgICAgImRlc2NyaXB0aW9uIjogIjEgw5cgRHJ1bWtub3R0IFRlc3QgKGF0ICQzLjAwIC8gbW9udGgpIiwKICAgICAgICAgICAgICAgICJkaXNjb3VudF9hbW91bnRzIjogW10sCiAgICAgICAgICAgICAgICAiZGlzY291bnRhYmxlIjogdHJ1ZSwKICAgICAgICAgICAgICAgICJkaXNjb3VudHMiOiBbXSwKICAgICAgICAgICAgICAgICJpbnZvaWNlIjogImluXzBPc0hXdWtLZTRrRnBZYmQyQzluNnl3YyIsCiAgICAgICAgICAgICAgICAibGl2ZW1vZGUiOiBmYWxzZSwKICAgICAgICAgICAgICAgICJtZXRhZGF0YSI6IHt9LAogICAgICAgICAgICAgICAgInBlcmlvZCI6IHsKICAgICAgICAgICAgICAgICAgImVuZCI6IDE3MTI2MzY5NDQsCiAgICAgICAgICAgICAgICAgICJzdGFydCI6IDE3MDk5NTg1NDQKICAgICAgICAgICAgICAgIH0sCiAgICAgICAgICAgICAgICAicGxhbiI6IHsKICAgICAgICAgICAgICAgICAgImlkIjogImRydW1rbm90dCIsCiAgICAgICAgICAgICAgICAgICJvYmplY3QiOiAicGxhbiIsCiAgICAgICAgICAgICAgICAgICJhY3RpdmUiOiB0cnVlLAogICAgICAgICAgICAgICAgICAiYWdncmVnYXRlX3VzYWdlIjogbnVsbCwKICAgICAgICAgICAgICAgICAgImFtb3VudCI6IDMwMCwKICAgICAgICAgICAgICAgICAgImFtb3VudF9kZWNpbWFsIjogIjMwMCIsCiAgICAgICAgICAgICAgICAgICJiaWxsaW5nX3NjaGVtZSI6ICJwZXJfdW5pdCIsCiAgICAgICAgICAgICAgICAgICJjcmVhdGVkIjogMTYwNDgwOTk0NywKICAgICAgICAgICAgICAgICAgImN1cnJlbmN5IjogInVzZCIsCiAgICAgICAgICAgICAgICAgICJpbnRlcnZhbCI6ICJtb250aCIsCiAgICAgICAgICAgICAgICAgICJpbnRlcnZhbF9jb3VudCI6IDEsCiAgICAgICAgICAgICAgICAgICJsaXZlbW9kZSI6IGZhbHNlLAogICAgICAgICAgICAgICAgICAibWV0YWRhdGEiOiB7fSwKICAgICAgICAgICAgICAgICAgIm5pY2tuYW1lIjogbnVsbCwKICAgICAgICAgICAgICAgICAgInByb2R1Y3QiOiAicHJvZF9JTG5Ba0pGd0JXRlBubCIsCiAgICAgICAgICAgICAgICAgICJ0aWVyc19tb2RlIjogbnVsbCwKICAgICAgICAgICAgICAgICAgInRyYW5zZm9ybV91c2FnZSI6IG51bGwsCiAgICAgICAgICAgICAgICAgICJ0cmlhbF9wZXJpb2RfZGF5cyI6IG51bGwsCiAgICAgICAgICAgICAgICAgICJ1c2FnZV90eXBlIjogImxpY2Vuc2VkIgogICAgICAgICAgICAgICAgfSwKICAgICAgICAgICAgICAgICJwcmljZSI6IHsKICAgICAgICAgICAgICAgICAgImlkIjogImRydW1rbm90dCIsCiAgICAgICAgICAgICAgICAgICJvYmplY3QiOiAicHJpY2UiLAogICAgICAgICAgICAgICAgICAiYWN0aXZlIjogdHJ1ZSwKICAgICAgICAgICAgICAgICAgImJpbGxpbmdfc2NoZW1lIjogInBlcl91bml0IiwKICAgICAgICAgICAgICAgICAgImNyZWF0ZWQiOiAxNjA0ODA5OTQ3LAogICAgICAgICAgICAgICAgICAiY3VycmVuY3kiOiAidXNkIiwKICAgICAgICAgICAgICAgICAgImN1c3RvbV91bml0X2Ftb3VudCI6IG51bGwsCiAgICAgICAgICAgICAgICAgICJsaXZlbW9kZSI6IGZhbHNlLAogICAgICAgICAgICAgICAgICAibG9va3VwX2tleSI6IG51bGwsCiAgICAgICAgICAgICAgICAgICJtZXRhZGF0YSI6IHt9LAogICAgICAgICAgICAgICAgICAibmlja25hbWUiOiBudWxsLAogICAgICAgICAgICAgICAgICAicHJvZHVjdCI6ICJwcm9kX0lMbkFrSkZ3QldGUG5sIiwKICAgICAgICAgICAgICAgICAgInJlY3VycmluZyI6IHsKICAgICAgICAgICAgICAgICAgICAiYWdncmVnYXRlX3VzYWdlIjogbnVsbCwKICAgICAgICAgICAgICAgICAgICAiaW50ZXJ2YWwiOiAibW9udGgiLAogICAgICAgICAgICAgICAgICAgICJpbnRlcnZhbF9jb3VudCI6IDEsCiAgICAgICAgICAgICAgICAgICAgInRyaWFsX3BlcmlvZF9kYXlzIjogbnVsbCwKICAgICAgICAgICAgICAgICAgICAidXNhZ2VfdHlwZSI6ICJsaWNlbnNlZCIKICAgICAgICAgICAgICAgICAgfSwKICAgICAgICAgICAgICAgICAgInRheF9iZWhhdmlvciI6ICJ1bnNwZWNpZmllZCIsCiAgICAgICAgICAgICAgICAgICJ0aWVyc19tb2RlIjogbnVsbCwKICAgICAgICAgICAgICAgICAgInRyYW5zZm9ybV9xdWFudGl0eSI6IG51bGwsCiAgICAgICAgICAgICAgICAgICJ0eXBlIjogInJlY3VycmluZyIsCiAgICAgICAgICAgICAgICAgICJ1bml0X2Ftb3VudCI6IDMwMCwKICAgICAgICAgICAgICAgICAgInVuaXRfYW1vdW50X2RlY2ltYWwiOiAiMzAwIgogICAgICAgICAgICAgICAgfSwKICAgICAgICAgICAgICAgICJwcm9yYXRpb24iOiBmYWxzZSwKICAgICAgICAgICAgICAgICJwcm9yYXRpb25fZGV0YWlscyI6IHsKICAgICAgICAgICAgICAgICAgImNyZWRpdGVkX2l0ZW1zIjogbnVsbAogICAgICAgICAgICAgICAgfSwKICAgICAgICAgICAgICAgICJxdWFudGl0eSI6IDEsCiAgICAgICAgICAgICAgICAic3Vic2NyaXB0aW9uIjogInN1Yl8wT3NIV3VrS2U0a0ZwWWJkOVFmOTdVbGoiLAogICAgICAgICAgICAgICAgInN1YnNjcmlwdGlvbl9pdGVtIjogInNpX1BoZ3U1QnZ0Q25PcTNoIiwKICAgICAgICAgICAgICAgICJ0YXhfYW1vdW50cyI6IFtdLAogICAgICAgICAgICAgICAgInRheF9yYXRlcyI6IFtdLAogICAgICAgICAgICAgICAgInR5cGUiOiAic3Vic2NyaXB0aW9uIiwKICAgICAgICAgICAgICAgICJ1bml0X2Ftb3VudF9leGNsdWRpbmdfdGF4IjogIjMwMCIKICAgICAgICAgICAgICB9CiAgICAgICAgICAgIF0sCiAgICAgICAgICAgICJoYXNfbW9yZSI6IGZhbHNlLAogICAgICAgICAgICAidG90YWxfY291bnQiOiAxLAogICAgICAgICAgICAidXJsIjogIi92MS9pbnZvaWNlcy9pbl8wT3NIV3VrS2U0a0ZwWWJkMkM5bjZ5d2MvbGluZXMiCiAgICAgICAgICB9LAogICAgICAgICAgImxpdmVtb2RlIjogZmFsc2UsCiAgICAgICAgICAibWV0YWRhdGEiOiB7fSwKICAgICAgICAgICJuZXh0X3BheW1lbnRfYXR0ZW1wdCI6IG51bGwsCiAgICAgICAgICAibnVtYmVyIjogIjQ4NjQwMzdFLTAwMDEiLAogICAgICAgICAgIm9uX2JlaGFsZl9vZiI6IG51bGwsCiAgICAgICAgICAicGFpZCI6IHRydWUsCiAgICAgICAgICAicGFpZF9vdXRfb2ZfYmFuZCI6IGZhbHNlLAogICAgICAgICAgInBheW1lbnRfaW50ZW50IjogInBpXzJPc0hXdWtLZTRrRnBZYmQxcmY0aFNTUiIsCiAgICAgICAgICAicGF5bWVudF9zZXR0aW5ncyI6IHsKICAgICAgICAgICAgImRlZmF1bHRfbWFuZGF0ZSI6IG51bGwsCiAgICAgICAgICAgICJwYXltZW50X21ldGhvZF9vcHRpb25zIjogbnVsbCwKICAgICAgICAgICAgInBheW1lbnRfbWV0aG9kX3R5cGVzIjogbnVsbAogICAgICAgICAgfSwKICAgICAgICAgICJwZXJpb2RfZW5kIjogMTcwOTk1ODU0NCwKICAgICAgICAgICJwZXJpb2Rfc3RhcnQiOiAxNzA5OTU4NTQ0LAogICAgICAgICAgInBvc3RfcGF5bWVudF9jcmVkaXRfbm90ZXNfYW1vdW50IjogMCwKICAgICAgICAgICJwcmVfcGF5bWVudF9jcmVkaXRfbm90ZXNfYW1vdW50IjogMCwKICAgICAgICAgICJxdW90ZSI6IG51bGwsCiAgICAgICAgICAicmVjZWlwdF9udW1iZXIiOiBudWxsLAogICAgICAgICAgInJlbmRlcmluZyI6IG51bGwsCiAgICAgICAgICAicmVuZGVyaW5nX29wdGlvbnMiOiBudWxsLAogICAgICAgICAgInNoaXBwaW5nX2Nvc3QiOiBudWxsLAogICAgICAgICAgInNoaXBwaW5nX2RldGFpbHMiOiBudWxsLAogICAgICAgICAgInN0YXJ0aW5nX2JhbGFuY2UiOiAwLAogICAgICAgICAgInN0YXRlbWVudF9kZXNjcmlwdG9yIjogbnVsbCwKICAgICAgICAgICJzdGF0dXMiOiAicGFpZCIsCiAgICAgICAgICAic3RhdHVzX3RyYW5zaXRpb25zIjogewogICAgICAgICAgICAiZmluYWxpemVkX2F0IjogMTcwOTk1ODU0NCwKICAgICAgICAgICAgIm1hcmtlZF91bmNvbGxlY3RpYmxlX2F0IjogbnVsbCwKICAgICAgICAgICAgInBhaWRfYXQiOiAxNzA5OTU4NTQ0LAogICAgICAgICAgICAidm9pZGVkX2F0IjogbnVsbAogICAgICAgICAgfSwKICAgICAgICAgICJzdWJzY3JpcHRpb24iOiAic3ViXzBPc0hXdWtLZTRrRnBZYmQ5UWY5N1VsaiIsCiAgICAgICAgICAic3Vic2NyaXB0aW9uX2RldGFpbHMiOiB7CiAgICAgICAgICAgICJtZXRhZGF0YSI6IHt9CiAgICAgICAgICB9LAogICAgICAgICAgInN1YnRvdGFsIjogMzAwLAogICAgICAgICAgInN1YnRvdGFsX2V4Y2x1ZGluZ190YXgiOiAzMDAsCiAgICAgICAgICAidGF4IjogbnVsbCwKICAgICAgICAgICJ0ZXN0X2Nsb2NrIjogbnVsbCwKICAgICAgICAgICJ0b3RhbCI6IDMwMCwKICAgICAgICAgICJ0b3RhbF9kaXNjb3VudF9hbW91bnRzIjogW10sCiAgICAgICAgICAidG90YWxfZXhjbHVkaW5nX3RheCI6IDMwMCwKICAgICAgICAgICJ0b3RhbF90YXhfYW1vdW50cyI6IFtdLAogICAgICAgICAgInRyYW5zZmVyX2RhdGEiOiBudWxsLAogICAgICAgICAgIndlYmhvb2tzX2RlbGl2ZXJlZF9hdCI6IDE3MDk5NTg1NDQKICAgICAgICB9CiAgICAgIH0sCiAgICAgICJsaXZlbW9kZSI6IGZhbHNlLAogICAgICAicGVuZGluZ193ZWJob29rcyI6IDAsCiAgICAgICJyZXF1ZXN0IjogewogICAgICAgICJpZCI6ICJyZXFfWUpSeVZVejdVcXBMcHoiLAogICAgICAgICJpZGVtcG90ZW5jeV9rZXkiOiAiZTIxZWE5YjktMGYyYS00NTg4LWFjNTctNTZlZWYyYWQ0YTlhIgogICAgICB9LAogICAgICAidHlwZSI6ICJpbnZvaWNlLnBhaWQiCiAgICB9LAogICAgewogICAgICAiaWQiOiAiZXZ0XzBPc0hXd2tLZTRrRnBZYmR2c3NxbmVPMSIsCiAgICAgICJvYmplY3QiOiAiZXZlbnQiLAogICAgICAiYXBpX3ZlcnNpb24iOiAiMjAyMy0xMC0xNiIsCiAgICAgICJjcmVhdGVkIjogMTcwOTk1ODU0NiwKICAgICAgImRhdGEiOiB7CiAgICAgICAgIm9iamVjdCI6IHsKICAgICAgICAgICJpZCI6ICJpbl8wT3NIV3VrS2U0a0ZwWWJkMkM5bjZ5d2MiLAogICAgICAgICAgIm9iamVjdCI6ICJpbnZvaWNlIiwKICAgICAgICAgICJhY2NvdW50X2NvdW50cnkiOiAiQVUiLAogICAgICAgICAgImFjY291bnRfbmFtZSI6ICJEcnVta25vdHQgU2VhcmNoIiwKICAgICAgICAgICJhY2NvdW50X3RheF9pZHMiOiBudWxsLAogICAgICAgICAgImFtb3VudF9kdWUiOiAzMDAsCiAgICAgICAgICAiYW1vdW50X3BhaWQiOiAzMDAsCiAgICAgICAgICAiYW1vdW50X3JlbWFpbmluZyI6IDAsCiAgICAgICAgICAiYW1vdW50X3NoaXBwaW5nIjogMCwKICAgICAgICAgICJhcHBsaWNhdGlvbiI6IG51bGwsCiAgICAgICAgICAiYXBwbGljYXRpb25fZmVlX2Ftb3VudCI6IG51bGwsCiAgICAgICAgICAiYXR0ZW1wdF9jb3VudCI6IDEsCiAgICAgICAgICAiYXR0ZW1wdGVkIjogdHJ1ZSwKICAgICAgICAgICJhdXRvX2FkdmFuY2UiOiBmYWxzZSwKICAgICAgICAgICJhdXRvbWF0aWNfdGF4IjogewogICAgICAgICAgICAiZW5hYmxlZCI6IGZhbHNlLAogICAgICAgICAgICAibGlhYmlsaXR5IjogbnVsbCwKICAgICAgICAgICAgInN0YXR1cyI6IG51bGwKICAgICAgICAgIH0sCiAgICAgICAgICAiYmlsbGluZ19yZWFzb24iOiAic3Vic2NyaXB0aW9uX2NyZWF0ZSIsCiAgICAgICAgICAiY2hhcmdlIjogImNoXzJPc0hXdWtLZTRrRnBZYmQxMWFhRGZEOCIsCiAgICAgICAgICAiY29sbGVjdGlvbl9tZXRob2QiOiAiY2hhcmdlX2F1dG9tYXRpY2FsbHkiLAogICAgICAgICAgImNyZWF0ZWQiOiAxNzA5OTU4NTQ0LAogICAgICAgICAgImN1cnJlbmN5IjogInVzZCIsCiAgICAgICAgICAiY3VzdG9tX2ZpZWxkcyI6IG51bGwsCiAgICAgICAgICAiY3VzdG9tZXIiOiAiY3VzX1BoZ3VQbXJvejRlU1dYIiwKICAgICAgICAgICJjdXN0b21lcl9hZGRyZXNzIjogbnVsbCwKICAgICAgICAgICJjdXN0b21lcl9lbWFpbCI6ICJzZWFyY2gwMDAzQGRydW1rbm90dHNlYXJjaC5jb20iLAogICAgICAgICAgImN1c3RvbWVyX25hbWUiOiBudWxsLAogICAgICAgICAgImN1c3RvbWVyX3Bob25lIjogbnVsbCwKICAgICAgICAgICJjdXN0b21lcl9zaGlwcGluZyI6IG51bGwsCiAgICAgICAgICAiY3VzdG9tZXJfdGF4X2V4ZW1wdCI6ICJub25lIiwKICAgICAgICAgICJjdXN0b21lcl90YXhfaWRzIjogW10sCiAgICAgICAgICAiZGVmYXVsdF9wYXltZW50X21ldGhvZCI6IG51bGwsCiAgICAgICAgICAiZGVmYXVsdF9zb3VyY2UiOiBudWxsLAogICAgICAgICAgImRlZmF1bHRfdGF4X3JhdGVzIjogW10sCiAgICAgICAgICAiZGVzY3JpcHRpb24iOiBudWxsLAogICAgICAgICAgImRpc2NvdW50IjogbnVsbCwKICAgICAgICAgICJkaXNjb3VudHMiOiBbXSwKICAgICAgICAgICJkdWVfZGF0ZSI6IG51bGwsCiAgICAgICAgICAiZWZmZWN0aXZlX2F0IjogMTcwOTk1ODU0NCwKICAgICAgICAgICJlbmRpbmdfYmFsYW5jZSI6IDAsCiAgICAgICAgICAiZm9vdGVyIjogbnVsbCwKICAgICAgICAgICJmcm9tX2ludm9pY2UiOiBudWxsLAogICAgICAgICAgImhvc3RlZF9pbnZvaWNlX3VybCI6ICJodHRwczovL2ludm9pY2Uuc3RyaXBlLmNvbS9pL2tLZTRrRnBZYmRMNnVSRjcxVGxIdnNPUXppYlRZUlUwL3Rlc3RfYTB0bE5HdEdjRmxpWkV3MmRWSkdOekZVYkVoMmMwOVJlbWxpVkZsU1ZUQXNYMUJvWjNWRU5sTk5XbGRoTkVodlVWWnBhRkJ1Vm1waWVVb3dRbk51ZDNrc01UQXdORGs1TXpRMjAyMDA0T0lkdnhWQT9zPWFwIiwKICAgICAgICAgICJpbnZvaWNlX3BkZiI6ICJodHRwczovL3BheS5zdHJpcGUuY29tL2ludm9pY2Uva0tlNGtGcFliZEw2dVJGNzFUbEh2c09RemliVFlSVTAvdGVzdF9hMHRsTkd0R2NGbGlaRXcyZFZKR056RlViRWgyYzA5UmVtbGlWRmxTVlRBc1gxQm9aM1ZFTmxOTldsZGhORWh2VVZacGFGQnVWbXBpZVVvd1FuTnVkM2tzTVRBd05EazVNelEyMDIwMDRPSWR2eFZBL3BkZj9zPWFwIiwKICAgICAgICAgICJpc3N1ZXIiOiB7CiAgICAgICAgICAgICJ0eXBlIjogInNlbGYiCiAgICAgICAgICB9LAogICAgICAgICAgImxhc3RfZmluYWxpemF0aW9uX2Vycm9yIjogbnVsbCwKICAgICAgICAgICJsYXRlc3RfcmV2aXNpb24iOiBudWxsLAogICAgICAgICAgImxpbmVzIjogewogICAgICAgICAgICAib2JqZWN0IjogImxpc3QiLAogICAgICAgICAgICAiZGF0YSI6IFsKICAgICAgICAgICAgICB7CiAgICAgICAgICAgICAgICAiaWQiOiAiaWxfME9zSFd1a0tlNGtGcFliZEk5dzM0Rk5OIiwKICAgICAgICAgICAgICAgICJvYmplY3QiOiAibGluZV9pdGVtIiwKICAgICAgICAgICAgICAgICJhbW91bnQiOiAzMDAsCiAgICAgICAgICAgICAgICAiYW1vdW50X2V4Y2x1ZGluZ190YXgiOiAzMDAsCiAgICAgICAgICAgICAgICAiY3VycmVuY3kiOiAidXNkIiwKICAgICAgICAgICAgICAgICJkZXNjcmlwdGlvbiI6ICIxIMOXIERydW1rbm90dCBUZXN0IChhdCAkMy4wMCAvIG1vbnRoKSIsCiAgICAgICAgICAgICAgICAiZGlzY291bnRfYW1vdW50cyI6IFtdLAogICAgICAgICAgICAgICAgImRpc2NvdW50YWJsZSI6IHRydWUsCiAgICAgICAgICAgICAgICAiZGlzY291bnRzIjogW10sCiAgICAgICAgICAgICAgICAiaW52b2ljZSI6ICJpbl8wT3NIV3VrS2U0a0ZwWWJkMkM5bjZ5d2MiLAogICAgICAgICAgICAgICAgImxpdmVtb2RlIjogZmFsc2UsCiAgICAgICAgICAgICAgICAibWV0YWRhdGEiOiB7fSwKICAgICAgICAgICAgICAgICJwZXJpb2QiOiB7CiAgICAgICAgICAgICAgICAgICJlbmQiOiAxNzEyNjM2OTQ0LAogICAgICAgICAgICAgICAgICAic3RhcnQiOiAxNzA5OTU4NTQ0CiAgICAgICAgICAgICAgICB9LAogICAgICAgICAgICAgICAgInBsYW4iOiB7CiAgICAgICAgICAgICAgICAgICJpZCI6ICJkcnVta25vdHQiLAogICAgICAgICAgICAgICAgICAib2JqZWN0IjogInBsYW4iLAogICAgICAgICAgICAgICAgICAiYWN0aXZlIjogdHJ1ZSwKICAgICAgICAgICAgICAgICAgImFnZ3JlZ2F0ZV91c2FnZSI6IG51bGwsCiAgICAgICAgICAgICAgICAgICJhbW91bnQiOiAzMDAsCiAgICAgICAgICAgICAgICAgICJhbW91bnRfZGVjaW1hbCI6ICIzMDAiLAogICAgICAgICAgICAgICAgICAiYmlsbGluZ19zY2hlbWUiOiAicGVyX3VuaXQiLAogICAgICAgICAgICAgICAgICAiY3JlYXRlZCI6IDE2MDQ4MDk5NDcsCiAgICAgICAgICAgICAgICAgICJjdXJyZW5jeSI6ICJ1c2QiLAogICAgICAgICAgICAgICAgICAiaW50ZXJ2YWwiOiAibW9udGgiLAogICAgICAgICAgICAgICAgICAiaW50ZXJ2YWxfY291bnQiOiAxLAogICAgICAgICAgICAgICAgICAibGl2ZW1vZGUiOiBmYWxzZSwKICAgICAgICAgICAgICAgICAgIm1ldGFkYXRhIjoge30sCiAgICAgICAgICAgICAgICAgICJuaWNrbmFtZSI6IG51bGwsCiAgICAgICAgICAgICAgICAgICJwcm9kdWN0IjogInByb2RfSUxuQWtKRndCV0ZQbmwiLAogICAgICAgICAgICAgICAgICAidGllcnNfbW9kZSI6IG51bGwsCiAgICAgICAgICAgICAgICAgICJ0cmFuc2Zvcm1fdXNhZ2UiOiBudWxsLAogICAgICAgICAgICAgICAgICAidHJpYWxfcGVyaW9kX2RheXMiOiBudWxsLAogICAgICAgICAgICAgICAgICAidXNhZ2VfdHlwZSI6ICJsaWNlbnNlZCIKICAgICAgICAgICAgICAgIH0sCiAgICAgICAgICAgICAgICAicHJpY2UiOiB7CiAgICAgICAgICAgICAgICAgICJpZCI6ICJkcnVta25vdHQiLAogICAgICAgICAgICAgICAgICAib2JqZWN0IjogInByaWNlIiwKICAgICAgICAgICAgICAgICAgImFjdGl2ZSI6IHRydWUsCiAgICAgICAgICAgICAgICAgICJiaWxsaW5nX3NjaGVtZSI6ICJwZXJfdW5pdCIsCiAgICAgICAgICAgICAgICAgICJjcmVhdGVkIjogMTYwNDgwOTk0NywKICAgICAgICAgICAgICAgICAgImN1cnJlbmN5IjogInVzZCIsCiAgICAgICAgICAgICAgICAgICJjdXN0b21fdW5pdF9hbW91bnQiOiBudWxsLAogICAgICAgICAgICAgICAgICAibGl2ZW1vZGUiOiBmYWxzZSwKICAgICAgICAgICAgICAgICAgImxvb2t1cF9rZXkiOiBudWxsLAogICAgICAgICAgICAgICAgICAibWV0YWRhdGEiOiB7fSwKICAgICAgICAgICAgICAgICAgIm5pY2tuYW1lIjogbnVsbCwKICAgICAgICAgICAgICAgICAgInByb2R1Y3QiOiAicHJvZF9JTG5Ba0pGd0JXRlBubCIsCiAgICAgICAgICAgICAgICAgICJyZWN1cnJpbmciOiB7CiAgICAgICAgICAgICAgICAgICAgImFnZ3JlZ2F0ZV91c2FnZSI6IG51bGwsCiAgICAgICAgICAgICAgICAgICAgImludGVydmFsIjogIm1vbnRoIiwKICAgICAgICAgICAgICAgICAgICAiaW50ZXJ2YWxfY291bnQiOiAxLAogICAgICAgICAgICAgICAgICAgICJ0cmlhbF9wZXJpb2RfZGF5cyI6IG51bGwsCiAgICAgICAgICAgICAgICAgICAgInVzYWdlX3R5cGUiOiAibGljZW5zZWQiCiAgICAgICAgICAgICAgICAgIH0sCiAgICAgICAgICAgICAgICAgICJ0YXhfYmVoYXZpb3IiOiAidW5zcGVjaWZpZWQiLAogICAgICAgICAgICAgICAgICAidGllcnNfbW9kZSI6IG51bGwsCiAgICAgICAgICAgICAgICAgICJ0cmFuc2Zvcm1fcXVhbnRpdHkiOiBudWxsLAogICAgICAgICAgICAgICAgICAidHlwZSI6ICJyZWN1cnJpbmciLAogICAgICAgICAgICAgICAgICAidW5pdF9hbW91bnQiOiAzMDAsCiAgICAgICAgICAgICAgICAgICJ1bml0X2Ftb3VudF9kZWNpbWFsIjogIjMwMCIKICAgICAgICAgICAgICAgIH0sCiAgICAgICAgICAgICAgICAicHJvcmF0aW9uIjogZmFsc2UsCiAgICAgICAgICAgICAgICAicHJvcmF0aW9uX2RldGFpbHMiOiB7CiAgICAgICAgICAgICAgICAgICJjcmVkaXRlZF9pdGVtcyI6IG51bGwKICAgICAgICAgICAgICAgIH0sCiAgICAgICAgICAgICAgICAicXVhbnRpdHkiOiAxLAogICAgICAgICAgICAgICAgInN1YnNjcmlwdGlvbiI6ICJzdWJfME9zSFd1a0tlNGtGcFliZDlRZjk3VWxqIiwKICAgICAgICAgICAgICAgICJzdWJzY3JpcHRpb25faXRlbSI6ICJzaV9QaGd1NUJ2dENuT3EzaCIsCiAgICAgICAgICAgICAgICAidGF4X2Ftb3VudHMiOiBbXSwKICAgICAgICAgICAgICAgICJ0YXhfcmF0ZXMiOiBbXSwKICAgICAgICAgICAgICAgICJ0eXBlIjogInN1YnNjcmlwdGlvbiIsCiAgICAgICAgICAgICAgICAidW5pdF9hbW91bnRfZXhjbHVkaW5nX3RheCI6ICIzMDAiCiAgICAgICAgICAgICAgfQogICAgICAgICAgICBdLAogICAgICAgICAgICAiaGFzX21vcmUiOiBmYWxzZSwKICAgICAgICAgICAgInRvdGFsX2NvdW50IjogMSwKICAgICAgICAgICAgInVybCI6ICIvdjEvaW52b2ljZXMvaW5fME9zSFd1a0tlNGtGcFliZDJDOW42eXdjL2xpbmVzIgogICAgICAgICAgfSwKICAgICAgICAgICJsaXZlbW9kZSI6IGZhbHNlLAogICAgICAgICAgIm1ldGFkYXRhIjoge30sCiAgICAgICAgICAibmV4dF9wYXltZW50X2F0dGVtcHQiOiBudWxsLAogICAgICAgICAgIm51bWJlciI6ICI0ODY0MDM3RS0wMDAxIiwKICAgICAgICAgICJvbl9iZWhhbGZfb2YiOiBudWxsLAogICAgICAgICAgInBhaWQiOiB0cnVlLAogICAgICAgICAgInBhaWRfb3V0X29mX2JhbmQiOiBmYWxzZSwKICAgICAgICAgICJwYXltZW50X2ludGVudCI6ICJwaV8yT3NIV3VrS2U0a0ZwWWJkMXJmNGhTU1IiLAogICAgICAgICAgInBheW1lbnRfc2V0dGluZ3MiOiB7CiAgICAgICAgICAgICJkZWZhdWx0X21hbmRhdGUiOiBudWxsLAogICAgICAgICAgICAicGF5bWVudF9tZXRob2Rfb3B0aW9ucyI6IG51bGwsCiAgICAgICAgICAgICJwYXltZW50X21ldGhvZF90eXBlcyI6IG51bGwKICAgICAgICAgIH0sCiAgICAgICAgICAicGVyaW9kX2VuZCI6IDE3MDk5NTg1NDQsCiAgICAgICAgICAicGVyaW9kX3N0YXJ0IjogMTcwOTk1ODU0NCwKICAgICAgICAgICJwb3N0X3BheW1lbnRfY3JlZGl0X25vdGVzX2Ftb3VudCI6IDAsCiAgICAgICAgICAicHJlX3BheW1lbnRfY3JlZGl0X25vdGVzX2Ftb3VudCI6IDAsCiAgICAgICAgICAicXVvdGUiOiBudWxsLAogICAgICAgICAgInJlY2VpcHRfbnVtYmVyIjogbnVsbCwKICAgICAgICAgICJyZW5kZXJpbmciOiBudWxsLAogICAgICAgICAgInJlbmRlcmluZ19vcHRpb25zIjogbnVsbCwKICAgICAgICAgICJzaGlwcGluZ19jb3N0IjogbnVsbCwKICAgICAgICAgICJzaGlwcGluZ19kZXRhaWxzIjogbnVsbCwKICAgICAgICAgICJzdGFydGluZ19iYWxhbmNlIjogMCwKICAgICAgICAgICJzdGF0ZW1lbnRfZGVzY3JpcHRvciI6IG51bGwsCiAgICAgICAgICAic3RhdHVzIjogInBhaWQiLAogICAgICAgICAgInN0YXR1c190cmFuc2l0aW9ucyI6IHsKICAgICAgICAgICAgImZpbmFsaXplZF9hdCI6IDE3MDk5NTg1NDQsCiAgICAgICAgICAgICJtYXJrZWRfdW5jb2xsZWN0aWJsZV9hdCI6IG51bGwsCiAgICAgICAgICAgICJwYWlkX2F0IjogMTcwOTk1ODU0NCwKICAgICAgICAgICAgInZvaWRlZF9hdCI6IG51bGwKICAgICAgICAgIH0sCiAgICAgICAgICAic3Vic2NyaXB0aW9uIjogInN1Yl8wT3NIV3VrS2U0a0ZwWWJkOVFmOTdVbGoiLAogICAgICAgICAgInN1YnNjcmlwdGlvbl9kZXRhaWxzIjogewogICAgICAgICAgICAibWV0YWRhdGEiOiB7fQogICAgICAgICAgfSwKICAgICAgICAgICJzdWJ0b3RhbCI6IDMwMCwKICAgICAgICAgICJzdWJ0b3RhbF9leGNsdWRpbmdfdGF4IjogMzAwLAogICAgICAgICAgInRheCI6IG51bGwsCiAgICAgICAgICAidGVzdF9jbG9jayI6IG51bGwsCiAgICAgICAgICAidG90YWwiOiAzMDAsCiAgICAgICAgICAidG90YWxfZGlzY291bnRfYW1vdW50cyI6IFtdLAogICAgICAgICAgInRvdGFsX2V4Y2x1ZGluZ190YXgiOiAzMDAsCiAgICAgICAgICAidG90YWxfdGF4X2Ftb3VudHMiOiBbXSwKICAgICAgICAgICJ0cmFuc2Zlcl9kYXRhIjogbnVsbCwKICAgICAgICAgICJ3ZWJob29rc19kZWxpdmVyZWRfYXQiOiAxNzA5OTU4NTQ0CiAgICAgICAgfQogICAgICB9LAogICAgICAibGl2ZW1vZGUiOiBmYWxzZSwKICAgICAgInBlbmRpbmdfd2ViaG9va3MiOiAwLAogICAgICAicmVxdWVzdCI6IHsKICAgICAgICAiaWQiOiAicmVxX1lKUnlWVXo3VXFwTHB6IiwKICAgICAgICAiaWRlbXBvdGVuY3lfa2V5IjogImUyMWVhOWI5LTBmMmEtNDU4OC1hYzU3LTU2ZWVmMmFkNGE5YSIKICAgICAgfSwKICAgICAgInR5cGUiOiAiaW52b2ljZS5maW5hbGl6ZWQiCiAgICB9LAogICAgewogICAgICAiaWQiOiAiZXZ0XzBPc0hXd2tLZTRrRnBZYmRBeHQ0d0tmQiIsCiAgICAgICJvYmplY3QiOiAiZXZlbnQiLAogICAgICAiYXBpX3ZlcnNpb24iOiAiMjAyMy0xMC0xNiIsCiAgICAgICJjcmVhdGVkIjogMTcwOTk1ODU0NiwKICAgICAgImRhdGEiOiB7CiAgICAgICAgIm9iamVjdCI6IHsKICAgICAgICAgICJpZCI6ICJpbl8wT3NIV3VrS2U0a0ZwWWJkMkM5bjZ5d2MiLAogICAgICAgICAgIm9iamVjdCI6ICJpbnZvaWNlIiwKICAgICAgICAgICJhY2NvdW50X2NvdW50cnkiOiAiQVUiLAogICAgICAgICAgImFjY291bnRfbmFtZSI6ICJEcnVta25vdHQgU2VhcmNoIiwKICAgICAgICAgICJhY2NvdW50X3RheF9pZHMiOiBudWxsLAogICAgICAgICAgImFtb3VudF9kdWUiOiAzMDAsCiAgICAgICAgICAiYW1vdW50X3BhaWQiOiAzMDAsCiAgICAgICAgICAiYW1vdW50X3JlbWFpbmluZyI6IDAsCiAgICAgICAgICAiYW1vdW50X3NoaXBwaW5nIjogMCwKICAgICAgICAgICJhcHBsaWNhdGlvbiI6IG51bGwsCiAgICAgICAgICAiYXBwbGljYXRpb25fZmVlX2Ftb3VudCI6IG51bGwsCiAgICAgICAgICAiYXR0ZW1wdF9jb3VudCI6IDEsCiAgICAgICAgICAiYXR0ZW1wdGVkIjogdHJ1ZSwKICAgICAgICAgICJhdXRvX2FkdmFuY2UiOiBmYWxzZSwKICAgICAgICAgICJhdXRvbWF0aWNfdGF4IjogewogICAgICAgICAgICAiZW5hYmxlZCI6IGZhbHNlLAogICAgICAgICAgICAibGlhYmlsaXR5IjogbnVsbCwKICAgICAgICAgICAgInN0YXR1cyI6IG51bGwKICAgICAgICAgIH0sCiAgICAgICAgICAiYmlsbGluZ19yZWFzb24iOiAic3Vic2NyaXB0aW9uX2NyZWF0ZSIsCiAgICAgICAgICAiY2hhcmdlIjogImNoXzJPc0hXdWtLZTRrRnBZYmQxMWFhRGZEOCIsCiAgICAgICAgICAiY29sbGVjdGlvbl9tZXRob2QiOiAiY2hhcmdlX2F1dG9tYXRpY2FsbHkiLAogICAgICAgICAgImNyZWF0ZWQiOiAxNzA5OTU4NTQ0LAogICAgICAgICAgImN1cnJlbmN5IjogInVzZCIsCiAgICAgICAgICAiY3VzdG9tX2ZpZWxkcyI6IG51bGwsCiAgICAgICAgICAiY3VzdG9tZXIiOiAiY3VzX1BoZ3VQbXJvejRlU1dYIiwKICAgICAgICAgICJjdXN0b21lcl9hZGRyZXNzIjogbnVsbCwKICAgICAgICAgICJjdXN0b21lcl9lbWFpbCI6ICJzZWFyY2gwMDAzQGRydW1rbm90dHNlYXJjaC5jb20iLAogICAgICAgICAgImN1c3RvbWVyX25hbWUiOiBudWxsLAogICAgICAgICAgImN1c3RvbWVyX3Bob25lIjogbnVsbCwKICAgICAgICAgICJjdXN0b21lcl9zaGlwcGluZyI6IG51bGwsCiAgICAgICAgICAiY3VzdG9tZXJfdGF4X2V4ZW1wdCI6ICJub25lIiwKICAgICAgICAgICJjdXN0b21lcl90YXhfaWRzIjogW10sCiAgICAgICAgICAiZGVmYXVsdF9wYXltZW50X21ldGhvZCI6IG51bGwsCiAgICAgICAgICAiZGVmYXVsdF9zb3VyY2UiOiBudWxsLAogICAgICAgICAgImRlZmF1bHRfdGF4X3JhdGVzIjogW10sCiAgICAgICAgICAiZGVzY3JpcHRpb24iOiBudWxsLAogICAgICAgICAgImRpc2NvdW50IjogbnVsbCwKICAgICAgICAgICJkaXNjb3VudHMiOiBbXSwKICAgICAgICAgICJkdWVfZGF0ZSI6IG51bGwsCiAgICAgICAgICAiZWZmZWN0aXZlX2F0IjogMTcwOTk1ODU0NCwKICAgICAgICAgICJlbmRpbmdfYmFsYW5jZSI6IDAsCiAgICAgICAgICAiZm9vdGVyIjogbnVsbCwKICAgICAgICAgICJmcm9tX2ludm9pY2UiOiBudWxsLAogICAgICAgICAgImhvc3RlZF9pbnZvaWNlX3VybCI6ICJodHRwczovL2ludm9pY2Uuc3RyaXBlLmNvbS9pL2tLZTRrRnBZYmRMNnVSRjcxVGxIdnNPUXppYlRZUlUwL3Rlc3RfYTB0bE5HdEdjRmxpWkV3MmRWSkdOekZVYkVoMmMwOVJlbWxpVkZsU1ZUQXNYMUJvWjNWRU5sTk5XbGRoTkVodlVWWnBhRkJ1Vm1waWVVb3dRbk51ZDNrc01UQXdORGs1TXpRMjAyMDA0T0lkdnhWQT9zPWFwIiwKICAgICAgICAgICJpbnZvaWNlX3BkZiI6ICJodHRwczovL3BheS5zdHJpcGUuY29tL2ludm9pY2Uva0tlNGtGcFliZEw2dVJGNzFUbEh2c09RemliVFlSVTAvdGVzdF9hMHRsTkd0R2NGbGlaRXcyZFZKR056RlViRWgyYzA5UmVtbGlWRmxTVlRBc1gxQm9aM1ZFTmxOTldsZGhORWh2VVZacGFGQnVWbXBpZVVvd1FuTnVkM2tzTVRBd05EazVNelEyMDIwMDRPSWR2eFZBL3BkZj9zPWFwIiwKICAgICAgICAgICJpc3N1ZXIiOiB7CiAgICAgICAgICAgICJ0eXBlIjogInNlbGYiCiAgICAgICAgICB9LAogICAgICAgICAgImxhc3RfZmluYWxpemF0aW9uX2Vycm9yIjogbnVsbCwKICAgICAgICAgICJsYXRlc3RfcmV2aXNpb24iOiBudWxsLAogICAgICAgICAgImxpbmVzIjogewogICAgICAgICAgICAib2JqZWN0IjogImxpc3QiLAogICAgICAgICAgICAiZGF0YSI6IFsKICAgICAgICAgICAgICB7CiAgICAgICAgICAgICAgICAiaWQiOiAiaWxfME9zSFd1a0tlNGtGcFliZEk5dzM0Rk5OIiwKICAgICAgICAgICAgICAgICJvYmplY3QiOiAibGluZV9pdGVtIiwKICAgICAgICAgICAgICAgICJhbW91bnQiOiAzMDAsCiAgICAgICAgICAgICAgICAiYW1vdW50X2V4Y2x1ZGluZ190YXgiOiAzMDAsCiAgICAgICAgICAgICAgICAiY3VycmVuY3kiOiAidXNkIiwKICAgICAgICAgICAgICAgICJkZXNjcmlwdGlvbiI6ICIxIMOXIERydW1rbm90dCBUZXN0IChhdCAkMy4wMCAvIG1vbnRoKSIsCiAgICAgICAgICAgICAgICAiZGlzY291bnRfYW1vdW50cyI6IFtdLAogICAgICAgICAgICAgICAgImRpc2NvdW50YWJsZSI6IHRydWUsCiAgICAgICAgICAgICAgICAiZGlzY291bnRzIjogW10sCiAgICAgICAgICAgICAgICAiaW52b2ljZSI6ICJpbl8wT3NIV3VrS2U0a0ZwWWJkMkM5bjZ5d2MiLAogICAgICAgICAgICAgICAgImxpdmVtb2RlIjogZmFsc2UsCiAgICAgICAgICAgICAgICAibWV0YWRhdGEiOiB7fSwKICAgICAgICAgICAgICAgICJwZXJpb2QiOiB7CiAgICAgICAgICAgICAgICAgICJlbmQiOiAxNzEyNjM2OTQ0LAogICAgICAgICAgICAgICAgICAic3RhcnQiOiAxNzA5OTU4NTQ0CiAgICAgICAgICAgICAgICB9LAogICAgICAgICAgICAgICAgInBsYW4iOiB7CiAgICAgICAgICAgICAgICAgICJpZCI6ICJkcnVta25vdHQiLAogICAgICAgICAgICAgICAgICAib2JqZWN0IjogInBsYW4iLAogICAgICAgICAgICAgICAgICAiYWN0aXZlIjogdHJ1ZSwKICAgICAgICAgICAgICAgICAgImFnZ3JlZ2F0ZV91c2FnZSI6IG51bGwsCiAgICAgICAgICAgICAgICAgICJhbW91bnQiOiAzMDAsCiAgICAgICAgICAgICAgICAgICJhbW91bnRfZGVjaW1hbCI6ICIzMDAiLAogICAgICAgICAgICAgICAgICAiYmlsbGluZ19zY2hlbWUiOiAicGVyX3VuaXQiLAogICAgICAgICAgICAgICAgICAiY3JlYXRlZCI6IDE2MDQ4MDk5NDcsCiAgICAgICAgICAgICAgICAgICJjdXJyZW5jeSI6ICJ1c2QiLAogICAgICAgICAgICAgICAgICAiaW50ZXJ2YWwiOiAibW9udGgiLAogICAgICAgICAgICAgICAgICAiaW50ZXJ2YWxfY291bnQiOiAxLAogICAgICAgICAgICAgICAgICAibGl2ZW1vZGUiOiBmYWxzZSwKICAgICAgICAgICAgICAgICAgIm1ldGFkYXRhIjoge30sCiAgICAgICAgICAgICAgICAgICJuaWNrbmFtZSI6IG51bGwsCiAgICAgICAgICAgICAgICAgICJwcm9kdWN0IjogInByb2RfSUxuQWtKRndCV0ZQbmwiLAogICAgICAgICAgICAgICAgICAidGllcnNfbW9kZSI6IG51bGwsCiAgICAgICAgICAgICAgICAgICJ0cmFuc2Zvcm1fdXNhZ2UiOiBudWxsLAogICAgICAgICAgICAgICAgICAidHJpYWxfcGVyaW9kX2RheXMiOiBudWxsLAogICAgICAgICAgICAgICAgICAidXNhZ2VfdHlwZSI6ICJsaWNlbnNlZCIKICAgICAgICAgICAgICAgIH0sCiAgICAgICAgICAgICAgICAicHJpY2UiOiB7CiAgICAgICAgICAgICAgICAgICJpZCI6ICJkcnVta25vdHQiLAogICAgICAgICAgICAgICAgICAib2JqZWN0IjogInByaWNlIiwKICAgICAgICAgICAgICAgICAgImFjdGl2ZSI6IHRydWUsCiAgICAgICAgICAgICAgICAgICJiaWxsaW5nX3NjaGVtZSI6ICJwZXJfdW5pdCIsCiAgICAgICAgICAgICAgICAgICJjcmVhdGVkIjogMTYwNDgwOTk0NywKICAgICAgICAgICAgICAgICAgImN1cnJlbmN5IjogInVzZCIsCiAgICAgICAgICAgICAgICAgICJjdXN0b21fdW5pdF9hbW91bnQiOiBudWxsLAogICAgICAgICAgICAgICAgICAibGl2ZW1vZGUiOiBmYWxzZSwKICAgICAgICAgICAgICAgICAgImxvb2t1cF9rZXkiOiBudWxsLAogICAgICAgICAgICAgICAgICAibWV0YWRhdGEiOiB7fSwKICAgICAgICAgICAgICAgICAgIm5pY2tuYW1lIjogbnVsbCwKICAgICAgICAgICAgICAgICAgInByb2R1Y3QiOiAicHJvZF9JTG5Ba0pGd0JXRlBubCIsCiAgICAgICAgICAgICAgICAgICJyZWN1cnJpbmciOiB7CiAgICAgICAgICAgICAgICAgICAgImFnZ3JlZ2F0ZV91c2FnZSI6IG51bGwsCiAgICAgICAgICAgICAgICAgICAgImludGVydmFsIjogIm1vbnRoIiwKICAgICAgICAgICAgICAgICAgICAiaW50ZXJ2YWxfY291bnQiOiAxLAogICAgICAgICAgICAgICAgICAgICJ0cmlhbF9wZXJpb2RfZGF5cyI6IG51bGwsCiAgICAgICAgICAgICAgICAgICAgInVzYWdlX3R5cGUiOiAibGljZW5zZWQiCiAgICAgICAgICAgICAgICAgIH0sCiAgICAgICAgICAgICAgICAgICJ0YXhfYmVoYXZpb3IiOiAidW5zcGVjaWZpZWQiLAogICAgICAgICAgICAgICAgICAidGllcnNfbW9kZSI6IG51bGwsCiAgICAgICAgICAgICAgICAgICJ0cmFuc2Zvcm1fcXVhbnRpdHkiOiBudWxsLAogICAgICAgICAgICAgICAgICAidHlwZSI6ICJyZWN1cnJpbmciLAogICAgICAgICAgICAgICAgICAidW5pdF9hbW91bnQiOiAzMDAsCiAgICAgICAgICAgICAgICAgICJ1bml0X2Ftb3VudF9kZWNpbWFsIjogIjMwMCIKICAgICAgICAgICAgICAgIH0sCiAgICAgICAgICAgICAgICAicHJvcmF0aW9uIjogZmFsc2UsCiAgICAgICAgICAgICAgICAicHJvcmF0aW9uX2RldGFpbHMiOiB7CiAgICAgICAgICAgICAgICAgICJjcmVkaXRlZF9pdGVtcyI6IG51bGwKICAgICAgICAgICAgICAgIH0sCiAgICAgICAgICAgICAgICAicXVhbnRpdHkiOiAxLAogICAgICAgICAgICAgICAgInN1YnNjcmlwdGlvbiI6ICJzdWJfME9zSFd1a0tlNGtGcFliZDlRZjk3VWxqIiwKICAgICAgICAgICAgICAgICJzdWJzY3JpcHRpb25faXRlbSI6ICJzaV9QaGd1NUJ2dENuT3EzaCIsCiAgICAgICAgICAgICAgICAidGF4X2Ftb3VudHMiOiBbXSwKICAgICAgICAgICAgICAgICJ0YXhfcmF0ZXMiOiBbXSwKICAgICAgICAgICAgICAgICJ0eXBlIjogInN1YnNjcmlwdGlvbiIsCiAgICAgICAgICAgICAgICAidW5pdF9hbW91bnRfZXhjbHVkaW5nX3RheCI6ICIzMDAiCiAgICAgICAgICAgICAgfQogICAgICAgICAgICBdLAogICAgICAgICAgICAiaGFzX21vcmUiOiBmYWxzZSwKICAgICAgICAgICAgInRvdGFsX2NvdW50IjogMSwKICAgICAgICAgICAgInVybCI6ICIvdjEvaW52b2ljZXMvaW5fME9zSFd1a0tlNGtGcFliZDJDOW42eXdjL2xpbmVzIgogICAgICAgICAgfSwKICAgICAgICAgICJsaXZlbW9kZSI6IGZhbHNlLAogICAgICAgICAgIm1ldGFkYXRhIjoge30sCiAgICAgICAgICAibmV4dF9wYXltZW50X2F0dGVtcHQiOiBudWxsLAogICAgICAgICAgIm51bWJlciI6ICI0ODY0MDM3RS0wMDAxIiwKICAgICAgICAgICJvbl9iZWhhbGZfb2YiOiBudWxsLAogICAgICAgICAgInBhaWQiOiB0cnVlLAogICAgICAgICAgInBhaWRfb3V0X29mX2JhbmQiOiBmYWxzZSwKICAgICAgICAgICJwYXltZW50X2ludGVudCI6ICJwaV8yT3NIV3VrS2U0a0ZwWWJkMXJmNGhTU1IiLAogICAgICAgICAgInBheW1lbnRfc2V0dGluZ3MiOiB7CiAgICAgICAgICAgICJkZWZhdWx0X21hbmRhdGUiOiBudWxsLAogICAgICAgICAgICAicGF5bWVudF9tZXRob2Rfb3B0aW9ucyI6IG51bGwsCiAgICAgICAgICAgICJwYXltZW50X21ldGhvZF90eXBlcyI6IG51bGwKICAgICAgICAgIH0sCiAgICAgICAgICAicGVyaW9kX2VuZCI6IDE3MDk5NTg1NDQsCiAgICAgICAgICAicGVyaW9kX3N0YXJ0IjogMTcwOTk1ODU0NCwKICAgICAgICAgICJwb3N0X3BheW1lbnRfY3JlZGl0X25vdGVzX2Ftb3VudCI6IDAsCiAgICAgICAgICAicHJlX3BheW1lbnRfY3JlZGl0X25vdGVzX2Ftb3VudCI6IDAsCiAgICAgICAgICAicXVvdGUiOiBudWxsLAogICAgICAgICAgInJlY2VpcHRfbnVtYmVyIjogbnVsbCwKICAgICAgICAgICJyZW5kZXJpbmciOiBudWxsLAogICAgICAgICAgInJlbmRlcmluZ19vcHRpb25zIjogbnVsbCwKICAgICAgICAgICJzaGlwcGluZ19jb3N0IjogbnVsbCwKICAgICAgICAgICJzaGlwcGluZ19kZXRhaWxzIjogbnVsbCwKICAgICAgICAgICJzdGFydGluZ19iYWxhbmNlIjogMCwKICAgICAgICAgICJzdGF0ZW1lbnRfZGVzY3JpcHRvciI6IG51bGwsCiAgICAgICAgICAic3RhdHVzIjogInBhaWQiLAogICAgICAgICAgInN0YXR1c190cmFuc2l0aW9ucyI6IHsKICAgICAgICAgICAgImZpbmFsaXplZF9hdCI6IDE3MDk5NTg1NDQsCiAgICAgICAgICAgICJtYXJrZWRfdW5jb2xsZWN0aWJsZV9hdCI6IG51bGwsCiAgICAgICAgICAgICJwYWlkX2F0IjogMTcwOTk1ODU0NCwKICAgICAgICAgICAgInZvaWRlZF9hdCI6IG51bGwKICAgICAgICAgIH0sCiAgICAgICAgICAic3Vic2NyaXB0aW9uIjogInN1Yl8wT3NIV3VrS2U0a0ZwWWJkOVFmOTdVbGoiLAogICAgICAgICAgInN1YnNjcmlwdGlvbl9kZXRhaWxzIjogewogICAgICAgICAgICAibWV0YWRhdGEiOiB7fQogICAgICAgICAgfSwKICAgICAgICAgICJzdWJ0b3RhbCI6IDMwMCwKICAgICAgICAgICJzdWJ0b3RhbF9leGNsdWRpbmdfdGF4IjogMzAwLAogICAgICAgICAgInRheCI6IG51bGwsCiAgICAgICAgICAidGVzdF9jbG9jayI6IG51bGwsCiAgICAgICAgICAidG90YWwiOiAzMDAsCiAgICAgICAgICAidG90YWxfZGlzY291bnRfYW1vdW50cyI6IFtdLAogICAgICAgICAgInRvdGFsX2V4Y2x1ZGluZ190YXgiOiAzMDAsCiAgICAgICAgICAidG90YWxfdGF4X2Ftb3VudHMiOiBbXSwKICAgICAgICAgICJ0cmFuc2Zlcl9kYXRhIjogbnVsbCwKICAgICAgICAgICJ3ZWJob29rc19kZWxpdmVyZWRfYXQiOiAxNzA5OTU4NTQ0CiAgICAgICAgfQogICAgICB9LAogICAgICAibGl2ZW1vZGUiOiBmYWxzZSwKICAgICAgInBlbmRpbmdfd2ViaG9va3MiOiAwLAogICAgICAicmVxdWVzdCI6IHsKICAgICAgICAiaWQiOiAicmVxX1lKUnlWVXo3VXFwTHB6IiwKICAgICAgICAiaWRlbXBvdGVuY3lfa2V5IjogImUyMWVhOWI5LTBmMmEtNDU4OC1hYzU3LTU2ZWVmMmFkNGE5YSIKICAgICAgfSwKICAgICAgInR5cGUiOiAiaW52b2ljZS5jcmVhdGVkIgogICAgfSwKICAgIHsKICAgICAgImlkIjogImV2dF8wT3NIV3drS2U0a0ZwWWJkV2k1T2o1djciLAogICAgICAib2JqZWN0IjogImV2ZW50IiwKICAgICAgImFwaV92ZXJzaW9uIjogIjIwMjMtMTAtMTYiLAogICAgICAiY3JlYXRlZCI6IDE3MDk5NTg1NDUsCiAgICAgICJkYXRhIjogewogICAgICAgICJvYmplY3QiOiB7CiAgICAgICAgICAiaWQiOiAiY3VzX1BoZ3VQbXJvejRlU1dYIiwKICAgICAgICAgICJvYmplY3QiOiAiY3VzdG9tZXIiLAogICAgICAgICAgImFkZHJlc3MiOiBudWxsLAogICAgICAgICAgImJhbGFuY2UiOiAwLAogICAgICAgICAgImNyZWF0ZWQiOiAxNzA5OTU4NTQxLAogICAgICAgICAgImN1cnJlbmN5IjogInVzZCIsCiAgICAgICAgICAiZGVmYXVsdF9zb3VyY2UiOiAiY2FyZF8wT3NIV3NrS2U0a0ZwWWJkWEVEajE1bGEiLAogICAgICAgICAgImRlbGlucXVlbnQiOiBmYWxzZSwKICAgICAgICAgICJkZXNjcmlwdGlvbiI6IG51bGwsCiAgICAgICAgICAiZGlzY291bnQiOiBudWxsLAogICAgICAgICAgImVtYWlsIjogInNlYXJjaDAwMDNAZHJ1bWtub3R0c2VhcmNoLmNvbSIsCiAgICAgICAgICAiaW52b2ljZV9wcmVmaXgiOiAiNDg2NDAzN0UiLAogICAgICAgICAgImludm9pY2Vfc2V0dGluZ3MiOiB7CiAgICAgICAgICAgICJjdXN0b21fZmllbGRzIjogbnVsbCwKICAgICAgICAgICAgImRlZmF1bHRfcGF5bWVudF9tZXRob2QiOiBudWxsLAogICAgICAgICAgICAiZm9vdGVyIjogbnVsbCwKICAgICAgICAgICAgInJlbmRlcmluZ19vcHRpb25zIjogbnVsbAogICAgICAgICAgfSwKICAgICAgICAgICJsaXZlbW9kZSI6IGZhbHNlLAogICAgICAgICAgIm1ldGFkYXRhIjoge30sCiAgICAgICAgICAibmFtZSI6IG51bGwsCiAgICAgICAgICAibmV4dF9pbnZvaWNlX3NlcXVlbmNlIjogMiwKICAgICAgICAgICJwaG9uZSI6IG51bGwsCiAgICAgICAgICAicHJlZmVycmVkX2xvY2FsZXMiOiBbXSwKICAgICAgICAgICJzaGlwcGluZyI6IG51bGwsCiAgICAgICAgICAidGF4X2V4ZW1wdCI6ICJub25lIiwKICAgICAgICAgICJ0ZXN0X2Nsb2NrIjogbnVsbAogICAgICAgIH0sCiAgICAgICAgInByZXZpb3VzX2F0dHJpYnV0ZXMiOiB7CiAgICAgICAgICAiY3VycmVuY3kiOiBudWxsCiAgICAgICAgfQogICAgICB9LAogICAgICAibGl2ZW1vZGUiOiBmYWxzZSwKICAgICAgInBlbmRpbmdfd2ViaG9va3MiOiAwLAogICAgICAicmVxdWVzdCI6IHsKICAgICAgICAiaWQiOiAicmVxX1lKUnlWVXo3VXFwTHB6IiwKICAgICAgICAiaWRlbXBvdGVuY3lfa2V5IjogImUyMWVhOWI5LTBmMmEtNDU4OC1hYzU3LTU2ZWVmMmFkNGE5YSIKICAgICAgfSwKICAgICAgInR5cGUiOiAiY3VzdG9tZXIudXBkYXRlZCIKICAgIH0sCiAgICB7CiAgICAgICJpZCI6ICJldnRfMk9zSFd1a0tlNGtGcFliZDF6TUZaRTdMIiwKICAgICAgIm9iamVjdCI6ICJldmVudCIsCiAgICAgICJhcGlfdmVyc2lvbiI6ICIyMDIzLTEwLTE2IiwKICAgICAgImNyZWF0ZWQiOiAxNzA5OTU4NTQ1LAogICAgICAiZGF0YSI6IHsKICAgICAgICAib2JqZWN0IjogewogICAgICAgICAgImlkIjogInBpXzJPc0hXdWtLZTRrRnBZYmQxcmY0aFNTUiIsCiAgICAgICAgICAib2JqZWN0IjogInBheW1lbnRfaW50ZW50IiwKICAgICAgICAgICJhbW91bnQiOiAzMDAsCiAgICAgICAgICAiYW1vdW50X2NhcHR1cmFibGUiOiAwLAogICAgICAgICAgImFtb3VudF9kZXRhaWxzIjogewogICAgICAgICAgICAidGlwIjoge30KICAgICAgICAgIH0sCiAgICAgICAgICAiYW1vdW50X3JlY2VpdmVkIjogMzAwLAogICAgICAgICAgImFwcGxpY2F0aW9uIjogbnVsbCwKICAgICAgICAgICJhcHBsaWNhdGlvbl9mZWVfYW1vdW50IjogbnVsbCwKICAgICAgICAgICJhdXRvbWF0aWNfcGF5bWVudF9tZXRob2RzIjogbnVsbCwKICAgICAgICAgICJjYW5jZWxlZF9hdCI6IG51bGwsCiAgICAgICAgICAiY2FuY2VsbGF0aW9uX3JlYXNvbiI6IG51bGwsCiAgICAgICAgICAiY2FwdHVyZV9tZXRob2QiOiAiYXV0b21hdGljIiwKICAgICAgICAgICJjbGllbnRfc2VjcmV0IjogInBpXzJPc0hXdWtLZTRrRnBZYmQxcmY0aFNTUl9zZWNyZXRfeXpKRmdYN2V0dVNJWGdhY05UZVd6ZXJDRyIsCiAgICAgICAgICAiY29uZmlybWF0aW9uX21ldGhvZCI6ICJhdXRvbWF0aWMiLAogICAgICAgICAgImNyZWF0ZWQiOiAxNzA5OTU4NTQ0LAogICAgICAgICAgImN1cnJlbmN5IjogInVzZCIsCiAgICAgICAgICAiY3VzdG9tZXIiOiAiY3VzX1BoZ3VQbXJvejRlU1dYIiwKICAgICAgICAgICJkZXNjcmlwdGlvbiI6ICJTdWJzY3JpcHRpb24gY3JlYXRpb24iLAogICAgICAgICAgImludm9pY2UiOiAiaW5fME9zSFd1a0tlNGtGcFliZDJDOW42eXdjIiwKICAgICAgICAgICJsYXN0X3BheW1lbnRfZXJyb3IiOiBudWxsLAogICAgICAgICAgImxhdGVzdF9jaGFyZ2UiOiAiY2hfMk9zSFd1a0tlNGtGcFliZDExYWFEZkQ4IiwKICAgICAgICAgICJsaXZlbW9kZSI6IGZhbHNlLAogICAgICAgICAgIm1ldGFkYXRhIjoge30sCiAgICAgICAgICAibmV4dF9hY3Rpb24iOiBudWxsLAogICAgICAgICAgIm9uX2JlaGFsZl9vZiI6IG51bGwsCiAgICAgICAgICAicGF5bWVudF9tZXRob2QiOiBudWxsLAogICAgICAgICAgInBheW1lbnRfbWV0aG9kX2NvbmZpZ3VyYXRpb25fZGV0YWlscyI6IG51bGwsCiAgICAgICAgICAicGF5bWVudF9tZXRob2Rfb3B0aW9ucyI6IHsKICAgICAgICAgICAgImNhcmQiOiB7CiAgICAgICAgICAgICAgImluc3RhbGxtZW50cyI6IG51bGwsCiAgICAgICAgICAgICAgIm1hbmRhdGVfb3B0aW9ucyI6IG51bGwsCiAgICAgICAgICAgICAgIm5ldHdvcmsiOiBudWxsLAogICAgICAgICAgICAgICJyZXF1ZXN0X3RocmVlX2Rfc2VjdXJlIjogImF1dG9tYXRpYyIKICAgICAgICAgICAgfQogICAgICAgICAgfSwKICAgICAgICAgICJwYXltZW50X21ldGhvZF90eXBlcyI6IFsKICAgICAgICAgICAgImNhcmQiCiAgICAgICAgICBdLAogICAgICAgICAgInByb2Nlc3NpbmciOiBudWxsLAogICAgICAgICAgInJlY2VpcHRfZW1haWwiOiBudWxsLAogICAgICAgICAgInJldmlldyI6IG51bGwsCiAgICAgICAgICAic2V0dXBfZnV0dXJlX3VzYWdlIjogIm9mZl9zZXNzaW9uIiwKICAgICAgICAgICJzaGlwcGluZyI6IG51bGwsCiAgICAgICAgICAic291cmNlIjogImNhcmRfME9zSFdza0tlNGtGcFliZFhFRGoxNWxhIiwKICAgICAgICAgICJzdGF0ZW1lbnRfZGVzY3JpcHRvciI6IG51bGwsCiAgICAgICAgICAic3RhdGVtZW50X2Rlc2NyaXB0b3Jfc3VmZml4IjogbnVsbCwKICAgICAgICAgICJzdGF0dXMiOiAic3VjY2VlZGVkIiwKICAgICAgICAgICJ0cmFuc2Zlcl9kYXRhIjogbnVsbCwKICAgICAgICAgICJ0cmFuc2Zlcl9ncm91cCI6IG51bGwKICAgICAgICB9CiAgICAgIH0sCiAgICAgICJsaXZlbW9kZSI6IGZhbHNlLAogICAgICAicGVuZGluZ193ZWJob29rcyI6IDAsCiAgICAgICJyZXF1ZXN0IjogewogICAgICAgICJpZCI6ICJyZXFfWUpSeVZVejdVcXBMcHoiLAogICAgICAgICJpZGVtcG90ZW5jeV9rZXkiOiAiZTIxZWE5YjktMGYyYS00NTg4LWFjNTctNTZlZWYyYWQ0YTlhIgogICAgICB9LAogICAgICAidHlwZSI6ICJwYXltZW50X2ludGVudC5zdWNjZWVkZWQiCiAgICB9LAogICAgewogICAgICAiaWQiOiAiZXZ0XzJPc0hXdWtLZTRrRnBZYmQxZ044aXg5bSIsCiAgICAgICJvYmplY3QiOiAiZXZlbnQiLAogICAgICAiYXBpX3ZlcnNpb24iOiAiMjAyMy0xMC0xNiIsCiAgICAgICJjcmVhdGVkIjogMTcwOTk1ODU0NSwKICAgICAgImRhdGEiOiB7CiAgICAgICAgIm9iamVjdCI6IHsKICAgICAgICAgICJpZCI6ICJjaF8yT3NIV3VrS2U0a0ZwWWJkMTFhYURmRDgiLAogICAgICAgICAgIm9iamVjdCI6ICJjaGFyZ2UiLAogICAgICAgICAgImFtb3VudCI6IDMwMCwKICAgICAgICAgICJhbW91bnRfY2FwdHVyZWQiOiAzMDAsCiAgICAgICAgICAiYW1vdW50X3JlZnVuZGVkIjogMCwKICAgICAgICAgICJhcHBsaWNhdGlvbiI6IG51bGwsCiAgICAgICAgICAiYXBwbGljYXRpb25fZmVlIjogbnVsbCwKICAgICAgICAgICJhcHBsaWNhdGlvbl9mZWVfYW1vdW50IjogbnVsbCwKICAgICAgICAgICJiYWxhbmNlX3RyYW5zYWN0aW9uIjogInR4bl8yT3NIV3VrS2U0a0ZwWWJkMWxNeEFBU1ciLAogICAgICAgICAgImJpbGxpbmdfZGV0YWlscyI6IHsKICAgICAgICAgICAgImFkZHJlc3MiOiB7CiAgICAgICAgICAgICAgImNpdHkiOiBudWxsLAogICAgICAgICAgICAgICJjb3VudHJ5IjogbnVsbCwKICAgICAgICAgICAgICAibGluZTEiOiBudWxsLAogICAgICAgICAgICAgICJsaW5lMiI6IG51bGwsCiAgICAgICAgICAgICAgInBvc3RhbF9jb2RlIjogbnVsbCwKICAgICAgICAgICAgICAic3RhdGUiOiBudWxsCiAgICAgICAgICAgIH0sCiAgICAgICAgICAgICJlbWFpbCI6IG51bGwsCiAgICAgICAgICAgICJuYW1lIjogbnVsbCwKICAgICAgICAgICAgInBob25lIjogbnVsbAogICAgICAgICAgfSwKICAgICAgICAgICJjYWxjdWxhdGVkX3N0YXRlbWVudF9kZXNjcmlwdG9yIjogIkRSVU1LTk9UVCIsCiAgICAgICAgICAiY2FwdHVyZWQiOiB0cnVlLAogICAgICAgICAgImNyZWF0ZWQiOiAxNzA5OTU4NTQ1LAogICAgICAgICAgImN1cnJlbmN5IjogInVzZCIsCiAgICAgICAgICAiY3VzdG9tZXIiOiAiY3VzX1BoZ3VQbXJvejRlU1dYIiwKICAgICAgICAgICJkZXNjcmlwdGlvbiI6ICJTdWJzY3JpcHRpb24gY3JlYXRpb24iLAogICAgICAgICAgImRlc3RpbmF0aW9uIjogbnVsbCwKICAgICAgICAgICJkaXNwdXRlIjogbnVsbCwKICAgICAgICAgICJkaXNwdXRlZCI6IGZhbHNlLAogICAgICAgICAgImZhaWx1cmVfYmFsYW5jZV90cmFuc2FjdGlvbiI6IG51bGwsCiAgICAgICAgICAiZmFpbHVyZV9jb2RlIjogbnVsbCwKICAgICAgICAgICJmYWlsdXJlX21lc3NhZ2UiOiBudWxsLAogICAgICAgICAgImZyYXVkX2RldGFpbHMiOiB7fSwKICAgICAgICAgICJpbnZvaWNlIjogImluXzBPc0hXdWtLZTRrRnBZYmQyQzluNnl3YyIsCiAgICAgICAgICAibGl2ZW1vZGUiOiBmYWxzZSwKICAgICAgICAgICJtZXRhZGF0YSI6IHt9LAogICAgICAgICAgIm9uX2JlaGFsZl9vZiI6IG51bGwsCiAgICAgICAgICAib3JkZXIiOiBudWxsLAogICAgICAgICAgIm91dGNvbWUiOiB7CiAgICAgICAgICAgICJuZXR3b3JrX3N0YXR1cyI6ICJhcHByb3ZlZF9ieV9uZXR3b3JrIiwKICAgICAgICAgICAgInJlYXNvbiI6IG51bGwsCiAgICAgICAgICAgICJyaXNrX2xldmVsIjogIm5vcm1hbCIsCiAgICAgICAgICAgICJyaXNrX3Njb3JlIjogMzQsCiAgICAgICAgICAgICJzZWxsZXJfbWVzc2FnZSI6ICJQYXltZW50IGNvbXBsZXRlLiIsCiAgICAgICAgICAgICJ0eXBlIjogImF1dGhvcml6ZWQiCiAgICAgICAgICB9LAogICAgICAgICAgInBhaWQiOiB0cnVlLAogICAgICAgICAgInBheW1lbnRfaW50ZW50IjogInBpXzJPc0hXdWtLZTRrRnBZYmQxcmY0aFNTUiIsCiAgICAgICAgICAicGF5bWVudF9tZXRob2QiOiAiY2FyZF8wT3NIV3NrS2U0a0ZwWWJkWEVEajE1bGEiLAogICAgICAgICAgInBheW1lbnRfbWV0aG9kX2RldGFpbHMiOiB7CiAgICAgICAgICAgICJjYXJkIjogewogICAgICAgICAgICAgICJhbW91bnRfYXV0aG9yaXplZCI6IDMwMCwKICAgICAgICAgICAgICAiYnJhbmQiOiAidmlzYSIsCiAgICAgICAgICAgICAgImNoZWNrcyI6IHsKICAgICAgICAgICAgICAgICJhZGRyZXNzX2xpbmUxX2NoZWNrIjogbnVsbCwKICAgICAgICAgICAgICAgICJhZGRyZXNzX3Bvc3RhbF9jb2RlX2NoZWNrIjogbnVsbCwKICAgICAgICAgICAgICAgICJjdmNfY2hlY2siOiAicGFzcyIKICAgICAgICAgICAgICB9LAogICAgICAgICAgICAgICJjb3VudHJ5IjogIlVTIiwKICAgICAgICAgICAgICAiZXhwX21vbnRoIjogMSwKICAgICAgICAgICAgICAiZXhwX3llYXIiOiAyMDI2LAogICAgICAgICAgICAgICJleHRlbmRlZF9hdXRob3JpemF0aW9uIjogewogICAgICAgICAgICAgICAgInN0YXR1cyI6ICJkaXNhYmxlZCIKICAgICAgICAgICAgICB9LAogICAgICAgICAgICAgICJmaW5nZXJwcmludCI6ICJEQ1piQjBqTkk2TzU2T3JBIiwKICAgICAgICAgICAgICAiZnVuZGluZyI6ICJjcmVkaXQiLAogICAgICAgICAgICAgICJpbmNyZW1lbnRhbF9hdXRob3JpemF0aW9uIjogewogICAgICAgICAgICAgICAgInN0YXR1cyI6ICJ1bmF2YWlsYWJsZSIKICAgICAgICAgICAgICB9LAogICAgICAgICAgICAgICJpbnN0YWxsbWVudHMiOiBudWxsLAogICAgICAgICAgICAgICJsYXN0NCI6ICI0MjQyIiwKICAgICAgICAgICAgICAibWFuZGF0ZSI6IG51bGwsCiAgICAgICAgICAgICAgIm11bHRpY2FwdHVyZSI6IHsKICAgICAgICAgICAgICAgICJzdGF0dXMiOiAidW5hdmFpbGFibGUiCiAgICAgICAgICAgICAgfSwKICAgICAgICAgICAgICAibmV0d29yayI6ICJ2aXNhIiwKICAgICAgICAgICAgICAibmV0d29ya190b2tlbiI6IHsKICAgICAgICAgICAgICAgICJ1c2VkIjogZmFsc2UKICAgICAgICAgICAgICB9LAogICAgICAgICAgICAgICJvdmVyY2FwdHVyZSI6IHsKICAgICAgICAgICAgICAgICJtYXhpbXVtX2Ftb3VudF9jYXB0dXJhYmxlIjogMzAwLAogICAgICAgICAgICAgICAgInN0YXR1cyI6ICJ1bmF2YWlsYWJsZSIKICAgICAgICAgICAgICB9LAogICAgICAgICAgICAgICJ0aHJlZV9kX3NlY3VyZSI6IG51bGwsCiAgICAgICAgICAgICAgIndhbGxldCI6IG51bGwKICAgICAgICAgICAgfSwKICAgICAgICAgICAgInR5cGUiOiAiY2FyZCIKICAgICAgICAgIH0sCiAgICAgICAgICAicmFkYXJfb3B0aW9ucyI6IHt9LAogICAgICAgICAgInJlY2VpcHRfZW1haWwiOiBudWxsLAogICAgICAgICAgInJlY2VpcHRfbnVtYmVyIjogbnVsbCwKICAgICAgICAgICJyZWNlaXB0X3VybCI6ICJodHRwczovL3BheS5zdHJpcGUuY29tL3JlY2VpcHRzL2ludm9pY2VzL0NBY2FJZ29nYTB0bE5HdEdjRmxpWkV3MmRWSkdOekZVYkVoMmMwOVJlbWxpVkZsU1ZUQW9rc3V2cndZeUJnTjV3SnlEOGpvc0ZqLThKTXExc3pwYVREOUdyYXNGS19sQlVmbGFMVTdORVdMcW85SGNsUXZESW9KSFA3c2I3WUM0YmtNP3M9YXAiLAogICAgICAgICAgInJlZnVuZGVkIjogZmFsc2UsCiAgICAgICAgICAicmV2aWV3IjogbnVsbCwKICAgICAgICAgICJzaGlwcGluZyI6IG51bGwsCiAgICAgICAgICAic291cmNlIjogewogICAgICAgICAgICAiaWQiOiAiY2FyZF8wT3NIV3NrS2U0a0ZwWWJkWEVEajE1bGEiLAogICAgICAgICAgICAib2JqZWN0IjogImNhcmQiLAogICAgICAgICAgICAiYWRkcmVzc19jaXR5IjogbnVsbCwKICAgICAgICAgICAgImFkZHJlc3NfY291bnRyeSI6IG51bGwsCiAgICAgICAgICAgICJhZGRyZXNzX2xpbmUxIjogbnVsbCwKICAgICAgICAgICAgImFkZHJlc3NfbGluZTFfY2hlY2siOiBudWxsLAogICAgICAgICAgICAiYWRkcmVzc19saW5lMiI6IG51bGwsCiAgICAgICAgICAgICJhZGRyZXNzX3N0YXRlIjogbnVsbCwKICAgICAgICAgICAgImFkZHJlc3NfemlwIjogbnVsbCwKICAgICAgICAgICAgImFkZHJlc3NfemlwX2NoZWNrIjogbnVsbCwKICAgICAgICAgICAgImJyYW5kIjogIlZpc2EiLAogICAgICAgICAgICAiY291bnRyeSI6ICJVUyIsCiAgICAgICAgICAgICJjdXN0b21lciI6ICJjdXNfUGhndVBtcm96NGVTV1giLAogICAgICAgICAgICAiY3ZjX2NoZWNrIjogInBhc3MiLAogICAgICAgICAgICAiZHluYW1pY19sYXN0NCI6IG51bGwsCiAgICAgICAgICAgICJleHBfbW9udGgiOiAxLAogICAgICAgICAgICAiZXhwX3llYXIiOiAyMDI2LAogICAgICAgICAgICAiZmluZ2VycHJpbnQiOiAiRENaYkIwak5JNk81Nk9yQSIsCiAgICAgICAgICAgICJmdW5kaW5nIjogImNyZWRpdCIsCiAgICAgICAgICAgICJsYXN0NCI6ICI0MjQyIiwKICAgICAgICAgICAgIm1ldGFkYXRhIjoge30sCiAgICAgICAgICAgICJuYW1lIjogbnVsbCwKICAgICAgICAgICAgInRva2VuaXphdGlvbl9tZXRob2QiOiBudWxsLAogICAgICAgICAgICAid2FsbGV0IjogbnVsbAogICAgICAgICAgfSwKICAgICAgICAgICJzb3VyY2VfdHJhbnNmZXIiOiBudWxsLAogICAgICAgICAgInN0YXRlbWVudF9kZXNjcmlwdG9yIjogbnVsbCwKICAgICAgICAgICJzdGF0ZW1lbnRfZGVzY3JpcHRvcl9zdWZmaXgiOiBudWxsLAogICAgICAgICAgInN0YXR1cyI6ICJzdWNjZWVkZWQiLAogICAgICAgICAgInRyYW5zZmVyX2RhdGEiOiBudWxsLAogICAgICAgICAgInRyYW5zZmVyX2dyb3VwIjogbnVsbAogICAgICAgIH0KICAgICAgfSwKICAgICAgImxpdmVtb2RlIjogZmFsc2UsCiAgICAgICJwZW5kaW5nX3dlYmhvb2tzIjogMCwKICAgICAgInJlcXVlc3QiOiB7CiAgICAgICAgImlkIjogInJlcV9ZSlJ5VlV6N1VxcExweiIsCiAgICAgICAgImlkZW1wb3RlbmN5X2tleSI6ICJlMjFlYTliOS0wZjJhLTQ1ODgtYWM1Ny01NmVlZjJhZDRhOWEiCiAgICAgIH0sCiAgICAgICJ0eXBlIjogImNoYXJnZS5zdWNjZWVkZWQiCiAgICB9LAogICAgewogICAgICAiaWQiOiAiZXZ0XzJPc0hXdWtLZTRrRnBZYmQxYm1yMGFUNSIsCiAgICAgICJvYmplY3QiOiAiZXZlbnQiLAogICAgICAiYXBpX3ZlcnNpb24iOiAiMjAyMy0xMC0xNiIsCiAgICAgICJjcmVhdGVkIjogMTcwOTk1ODU0NCwKICAgICAgImRhdGEiOiB7CiAgICAgICAgIm9iamVjdCI6IHsKICAgICAgICAgICJpZCI6ICJwaV8yT3NIV3VrS2U0a0ZwWWJkMXJmNGhTU1IiLAogICAgICAgICAgIm9iamVjdCI6ICJwYXltZW50X2ludGVudCIsCiAgICAgICAgICAiYW1vdW50IjogMzAwLAogICAgICAgICAgImFtb3VudF9jYXB0dXJhYmxlIjogMCwKICAgICAgICAgICJhbW91bnRfZGV0YWlscyI6IHsKICAgICAgICAgICAgInRpcCI6IHt9CiAgICAgICAgICB9LAogICAgICAgICAgImFtb3VudF9yZWNlaXZlZCI6IDAsCiAgICAgICAgICAiYXBwbGljYXRpb24iOiBudWxsLAogICAgICAgICAgImFwcGxpY2F0aW9uX2ZlZV9hbW91bnQiOiBudWxsLAogICAgICAgICAgImF1dG9tYXRpY19wYXltZW50X21ldGhvZHMiOiBudWxsLAogICAgICAgICAgImNhbmNlbGVkX2F0IjogbnVsbCwKICAgICAgICAgICJjYW5jZWxsYXRpb25fcmVhc29uIjogbnVsbCwKICAgICAgICAgICJjYXB0dXJlX21ldGhvZCI6ICJhdXRvbWF0aWMiLAogICAgICAgICAgImNsaWVudF9zZWNyZXQiOiAicGlfMk9zSFd1a0tlNGtGcFliZDFyZjRoU1NSX3NlY3JldF95ekpGZ1g3ZXR1U0lYZ2FjTlRlV3plckNHIiwKICAgICAgICAgICJjb25maXJtYXRpb25fbWV0aG9kIjogImF1dG9tYXRpYyIsCiAgICAgICAgICAiY3JlYXRlZCI6IDE3MDk5NTg1NDQsCiAgICAgICAgICAiY3VycmVuY3kiOiAidXNkIiwKICAgICAgICAgICJjdXN0b21lciI6ICJjdXNfUGhndVBtcm96NGVTV1giLAogICAgICAgICAgImRlc2NyaXB0aW9uIjogIlN1YnNjcmlwdGlvbiBjcmVhdGlvbiIsCiAgICAgICAgICAiaW52b2ljZSI6ICJpbl8wT3NIV3VrS2U0a0ZwWWJkMkM5bjZ5d2MiLAogICAgICAgICAgImxhc3RfcGF5bWVudF9lcnJvciI6IG51bGwsCiAgICAgICAgICAibGF0ZXN0X2NoYXJnZSI6IG51bGwsCiAgICAgICAgICAibGl2ZW1vZGUiOiBmYWxzZSwKICAgICAgICAgICJtZXRhZGF0YSI6IHt9LAogICAgICAgICAgIm5leHRfYWN0aW9uIjogbnVsbCwKICAgICAgICAgICJvbl9iZWhhbGZfb2YiOiBudWxsLAogICAgICAgICAgInBheW1lbnRfbWV0aG9kIjogbnVsbCwKICAgICAgICAgICJwYXltZW50X21ldGhvZF9jb25maWd1cmF0aW9uX2RldGFpbHMiOiBudWxsLAogICAgICAgICAgInBheW1lbnRfbWV0aG9kX29wdGlvbnMiOiB7CiAgICAgICAgICAgICJjYXJkIjogewogICAgICAgICAgICAgICJpbnN0YWxsbWVudHMiOiBudWxsLAogICAgICAgICAgICAgICJtYW5kYXRlX29wdGlvbnMiOiBudWxsLAogICAgICAgICAgICAgICJuZXR3b3JrIjogbnVsbCwKICAgICAgICAgICAgICAicmVxdWVzdF90aHJlZV9kX3NlY3VyZSI6ICJhdXRvbWF0aWMiCiAgICAgICAgICAgIH0KICAgICAgICAgIH0sCiAgICAgICAgICAicGF5bWVudF9tZXRob2RfdHlwZXMiOiBbCiAgICAgICAgICAgICJjYXJkIgogICAgICAgICAgXSwKICAgICAgICAgICJwcm9jZXNzaW5nIjogbnVsbCwKICAgICAgICAgICJyZWNlaXB0X2VtYWlsIjogbnVsbCwKICAgICAgICAgICJyZXZpZXciOiBudWxsLAogICAgICAgICAgInNldHVwX2Z1dHVyZV91c2FnZSI6ICJvZmZfc2Vzc2lvbiIsCiAgICAgICAgICAic2hpcHBpbmciOiBudWxsLAogICAgICAgICAgInNvdXJjZSI6IG51bGwsCiAgICAgICAgICAic3RhdGVtZW50X2Rlc2NyaXB0b3IiOiBudWxsLAogICAgICAgICAgInN0YXRlbWVudF9kZXNjcmlwdG9yX3N1ZmZpeCI6IG51bGwsCiAgICAgICAgICAic3RhdHVzIjogInJlcXVpcmVzX3BheW1lbnRfbWV0aG9kIiwKICAgICAgICAgICJ0cmFuc2Zlcl9kYXRhIjogbnVsbCwKICAgICAgICAgICJ0cmFuc2Zlcl9ncm91cCI6IG51bGwKICAgICAgICB9CiAgICAgIH0sCiAgICAgICJsaXZlbW9kZSI6IGZhbHNlLAogICAgICAicGVuZGluZ193ZWJob29rcyI6IDAsCiAgICAgICJyZXF1ZXN0IjogewogICAgICAgICJpZCI6ICJyZXFfWUpSeVZVejdVcXBMcHoiLAogICAgICAgICJpZGVtcG90ZW5jeV9rZXkiOiAiZTIxZWE5YjktMGYyYS00NTg4LWFjNTctNTZlZWYyYWQ0YTlhIgogICAgICB9LAogICAgICAidHlwZSI6ICJwYXltZW50X2ludGVudC5jcmVhdGVkIgogICAgfSwKICAgIHsKICAgICAgImlkIjogImV2dF8wT3NIV3RrS2U0a0ZwWWJkUE5LRWhWOWgiLAogICAgICAib2JqZWN0IjogImV2ZW50IiwKICAgICAgImFwaV92ZXJzaW9uIjogIjIwMjMtMTAtMTYiLAogICAgICAiY3JlYXRlZCI6IDE3MDk5NTg1NDMsCiAgICAgICJkYXRhIjogewogICAgICAgICJvYmplY3QiOiB7CiAgICAgICAgICAiaWQiOiAiY2FyZF8wT3NIV3NrS2U0a0ZwWWJkWEVEajE1bGEiLAogICAgICAgICAgIm9iamVjdCI6ICJjYXJkIiwKICAgICAgICAgICJhZGRyZXNzX2NpdHkiOiBudWxsLAogICAgICAgICAgImFkZHJlc3NfY291bnRyeSI6IG51bGwsCiAgICAgICAgICAiYWRkcmVzc19saW5lMSI6IG51bGwsCiAgICAgICAgICAiYWRkcmVzc19saW5lMV9jaGVjayI6IG51bGwsCiAgICAgICAgICAiYWRkcmVzc19saW5lMiI6IG51bGwsCiAgICAgICAgICAiYWRkcmVzc19zdGF0ZSI6IG51bGwsCiAgICAgICAgICAiYWRkcmVzc196aXAiOiBudWxsLAogICAgICAgICAgImFkZHJlc3NfemlwX2NoZWNrIjogbnVsbCwKICAgICAgICAgICJicmFuZCI6ICJWaXNhIiwKICAgICAgICAgICJjb3VudHJ5IjogIlVTIiwKICAgICAgICAgICJjdXN0b21lciI6ICJjdXNfUGhndVBtcm96NGVTV1giLAogICAgICAgICAgImN2Y19jaGVjayI6ICJwYXNzIiwKICAgICAgICAgICJkeW5hbWljX2xhc3Q0IjogbnVsbCwKICAgICAgICAgICJleHBfbW9udGgiOiAxLAogICAgICAgICAgImV4cF95ZWFyIjogMjAyNiwKICAgICAgICAgICJmaW5nZXJwcmludCI6ICJEQ1piQjBqTkk2TzU2T3JBIiwKICAgICAgICAgICJmdW5kaW5nIjogImNyZWRpdCIsCiAgICAgICAgICAibGFzdDQiOiAiNDI0MiIsCiAgICAgICAgICAibWV0YWRhdGEiOiB7fSwKICAgICAgICAgICJuYW1lIjogbnVsbCwKICAgICAgICAgICJ0b2tlbml6YXRpb25fbWV0aG9kIjogbnVsbCwKICAgICAgICAgICJ3YWxsZXQiOiBudWxsCiAgICAgICAgfQogICAgICB9LAogICAgICAibGl2ZW1vZGUiOiBmYWxzZSwKICAgICAgInBlbmRpbmdfd2ViaG9va3MiOiAwLAogICAgICAicmVxdWVzdCI6IHsKICAgICAgICAiaWQiOiAicmVxX2RNNzZVbFB0cmlha3U4IiwKICAgICAgICAiaWRlbXBvdGVuY3lfa2V5IjogIjJlN2U4MGNiLTlhMTgtNDlkYi05YmRmLWQyMmFhMjE4ZDZiYSIKICAgICAgfSwKICAgICAgInR5cGUiOiAiY3VzdG9tZXIuc291cmNlLmNyZWF0ZWQiCiAgICB9CiAgXSwKICAiaGFzX21vcmUiOiB0cnVlLAogICJ1cmwiOiAiL3YxL2V2ZW50cyIKfQ==
  recorded_at: Sat, 09 Mar 2024 04:29:07 GMT
recorded_with: VCR 6.2.0
