---
http_interactions:
- request:
    method: get
    uri: https://api.stripe.com/v1/customers
    body:
      encoding: US-ASCII
      string: ''
    headers:
      User-Agent:
      - Stripe/v1 RubyBindings/5.28.0
      Authorization:
      - Bearer aAcnj1rwUlr0eRc4MrHxFvsye3Dd4GXU
      Content-Type:
      - application/x-www-form-urlencoded
      X-Stripe-Client-Telemetry:
      - '{"last_request_metrics":{"request_id":"req_be1MwOPsP9Cmdj","request_duration_ms":800}}'
      X-Stripe-Client-User-Agent:
      - '{"bindings_version":"5.28.0","lang":"ruby","lang_version":"2.7.2 p137 (2020-10-01)","platform":"x86_64-darwin19","engine":"ruby","publisher":"stripe","uname":"Darwin
        pat 19.6.0 Darwin Kernel Version 19.6.0: Mon Aug 31 22:12:52 PDT 2020; root:xnu-6153.141.2~1/RELEASE_X86_64
        x86_64","hostname":"pat"}'
      Accept-Encoding:
      - gzip;q=1.0,deflate;q=0.6,identity;q=0.3
      Accept:
      - "*/*"
  response:
    status:
      code: 200
      message: OK
    headers:
      Server:
      - nginx
      Date:
      - Sun, 08 Nov 2020 04:01:28 GMT
      Content-Type:
      - application/json
      Content-Length:
      - '7517'
      Connection:
      - keep-alive
      Access-Control-Allow-Credentials:
      - 'true'
      Access-Control-Allow-Methods:
      - GET, POST, HEAD, OPTIONS, DELETE
      Access-Control-Allow-Origin:
      - "*"
      Access-Control-Expose-Headers:
      - Request-Id, Stripe-Manage-Version, X-Stripe-External-Auth-Required, X-Stripe-Privileged-Session-Required
      Access-Control-Max-Age:
      - '300'
      Cache-Control:
      - no-cache, no-store
      Request-Id:
      - req_ARWU870Oq1Sbgq
      Stripe-Version:
      - '2017-12-14'
      Strict-Transport-Security:
      - max-age=31556926; includeSubDomains; preload
    body:
      encoding: UTF-8
      string: |
        {
          "object": "list",
          "data": [
            {
              "id": "cus_ILmeoyUylsiGZR",
              "object": "customer",
              "account_balance": 0,
              "address": null,
              "balance": 0,
              "created": 1604808079,
              "currency": "usd",
              "default_source": "card_0Hl55gkKe4kFpYbdDBb4tPiC",
              "delinquent": false,
              "description": null,
              "discount": null,
              "email": "search0024@drumknottsearch.com",
              "invoice_prefix": "DD954ACE",
              "invoice_settings": {
                "custom_fields": null,
                "default_payment_method": null,
                "footer": null
              },
              "livemode": false,
              "metadata": {
              },
              "name": null,
              "next_invoice_sequence": 2,
              "phone": null,
              "preferred_locales": [

              ],
              "shipping": null,
              "sources": {
                "object": "list",
                "data": [
                  {
                    "id": "card_0Hl55gkKe4kFpYbdDBb4tPiC",
                    "object": "card",
                    "address_city": null,
                    "address_country": null,
                    "address_line1": null,
                    "address_line1_check": null,
                    "address_line2": null,
                    "address_state": null,
                    "address_zip": null,
                    "address_zip_check": null,
                    "brand": "Visa",
                    "country": "US",
                    "customer": "cus_ILmeoyUylsiGZR",
                    "cvc_check": "pass",
                    "dynamic_last4": null,
                    "exp_month": 1,
                    "exp_year": 2022,
                    "fingerprint": "DCZbB0jNI6O56OrA",
                    "funding": "credit",
                    "last4": "4242",
                    "metadata": {
                    },
                    "name": null,
                    "tokenization_method": null
                  }
                ],
                "has_more": false,
                "total_count": 1,
                "url": "/v1/customers/cus_ILmeoyUylsiGZR/sources"
              },
              "subscriptions": {
                "object": "list",
                "data": [
                  {
                    "id": "sub_ILmf5wVnje3Ee1",
                    "object": "subscription",
                    "application_fee_percent": null,
                    "billing": "charge_automatically",
                    "billing_cycle_anchor": 1604808082,
                    "billing_thresholds": null,
                    "cancel_at": 1607400082,
                    "cancel_at_period_end": true,
                    "canceled_at": 1604808086,
                    "collection_method": "charge_automatically",
                    "created": 1604808082,
                    "current_period_end": 1607400082,
                    "current_period_start": 1604808082,
                    "customer": "cus_ILmeoyUylsiGZR",
                    "days_until_due": null,
                    "default_payment_method": null,
                    "default_source": null,
                    "default_tax_rates": [

                    ],
                    "discount": null,
                    "ended_at": null,
                    "invoice_customer_balance_settings": {
                      "consume_applied_balance_on_void": true
                    },
                    "items": {
                      "object": "list",
                      "data": [
                        {
                          "id": "si_ILmfvajo3hqi1o",
                          "object": "subscription_item",
                          "billing_thresholds": null,
                          "created": 1604808083,
                          "metadata": {
                          },
                          "plan": {
                            "id": "drumknott",
                            "object": "plan",
                            "active": true,
                            "aggregate_usage": null,
                            "amount": 300,
                            "amount_decimal": "300",
                            "billing_scheme": "per_unit",
                            "created": 1604808079,
                            "currency": "usd",
                            "interval": "month",
                            "interval_count": 1,
                            "livemode": false,
                            "metadata": {
                            },
                            "name": "Drumknott Test",
                            "nickname": null,
                            "product": "prod_ILmeYYHN53SIYR",
                            "statement_descriptor": null,
                            "tiers": null,
                            "tiers_mode": null,
                            "transform_usage": null,
                            "trial_period_days": null,
                            "usage_type": "licensed"
                          },
                          "price": {
                            "id": "drumknott",
                            "object": "price",
                            "active": true,
                            "billing_scheme": "per_unit",
                            "created": 1604808079,
                            "currency": "usd",
                            "livemode": false,
                            "lookup_key": null,
                            "metadata": {
                            },
                            "nickname": null,
                            "product": "prod_ILmeYYHN53SIYR",
                            "recurring": {
                              "aggregate_usage": null,
                              "interval": "month",
                              "interval_count": 1,
                              "trial_period_days": null,
                              "usage_type": "licensed"
                            },
                            "tiers_mode": null,
                            "transform_quantity": null,
                            "type": "recurring",
                            "unit_amount": 300,
                            "unit_amount_decimal": "300"
                          },
                          "quantity": 1,
                          "subscription": "sub_ILmf5wVnje3Ee1",
                          "tax_rates": [

                          ]
                        }
                      ],
                      "has_more": false,
                      "total_count": 1,
                      "url": "/v1/subscription_items?subscription=sub_ILmf5wVnje3Ee1"
                    },
                    "latest_invoice": "in_0Hl55ikKe4kFpYbdtPuSk4No",
                    "livemode": false,
                    "metadata": {
                    },
                    "next_pending_invoice_item_invoice": null,
                    "pause_collection": null,
                    "pending_invoice_item_interval": null,
                    "pending_setup_intent": null,
                    "pending_update": null,
                    "plan": {
                      "id": "drumknott",
                      "object": "plan",
                      "active": true,
                      "aggregate_usage": null,
                      "amount": 300,
                      "amount_decimal": "300",
                      "billing_scheme": "per_unit",
                      "created": 1604808079,
                      "currency": "usd",
                      "interval": "month",
                      "interval_count": 1,
                      "livemode": false,
                      "metadata": {
                      },
                      "name": "Drumknott Test",
                      "nickname": null,
                      "product": "prod_ILmeYYHN53SIYR",
                      "statement_descriptor": null,
                      "tiers": null,
                      "tiers_mode": null,
                      "transform_usage": null,
                      "trial_period_days": null,
                      "usage_type": "licensed"
                    },
                    "quantity": 1,
                    "schedule": null,
                    "start": 1604808082,
                    "start_date": 1604808082,
                    "status": "active",
                    "tax_percent": null,
                    "transfer_data": null,
                    "trial_end": null,
                    "trial_start": null
                  }
                ],
                "has_more": false,
                "total_count": 1,
                "url": "/v1/customers/cus_ILmeoyUylsiGZR/subscriptions"
              },
              "tax_exempt": "none",
              "tax_ids": {
                "object": "list",
                "data": [

                ],
                "has_more": false,
                "total_count": 0,
                "url": "/v1/customers/cus_ILmeoyUylsiGZR/tax_ids"
              },
              "tax_info": null,
              "tax_info_verification": null
            }
          ],
          "has_more": false,
          "url": "/v1/customers"
        }
  recorded_at: Sun, 08 Nov 2020 04:01:28 GMT
- request:
    method: delete
    uri: https://api.stripe.com/v1/customers/cus_ILmeoyUylsiGZR
    body:
      encoding: US-ASCII
      string: ''
    headers:
      User-Agent:
      - Stripe/v1 RubyBindings/5.28.0
      Authorization:
      - Bearer aAcnj1rwUlr0eRc4MrHxFvsye3Dd4GXU
      Content-Type:
      - application/x-www-form-urlencoded
      X-Stripe-Client-Telemetry:
      - '{"last_request_metrics":{"request_id":"req_ARWU870Oq1Sbgq","request_duration_ms":815}}'
      X-Stripe-Client-User-Agent:
      - '{"bindings_version":"5.28.0","lang":"ruby","lang_version":"2.7.2 p137 (2020-10-01)","platform":"x86_64-darwin19","engine":"ruby","publisher":"stripe","uname":"Darwin
        pat 19.6.0 Darwin Kernel Version 19.6.0: Mon Aug 31 22:12:52 PDT 2020; root:xnu-6153.141.2~1/RELEASE_X86_64
        x86_64","hostname":"pat"}'
      Accept-Encoding:
      - gzip;q=1.0,deflate;q=0.6,identity;q=0.3
      Accept:
      - "*/*"
  response:
    status:
      code: 200
      message: OK
    headers:
      Server:
      - nginx
      Date:
      - Sun, 08 Nov 2020 04:01:29 GMT
      Content-Type:
      - application/json
      Content-Length:
      - '76'
      Connection:
      - keep-alive
      Access-Control-Allow-Credentials:
      - 'true'
      Access-Control-Allow-Methods:
      - GET, POST, HEAD, OPTIONS, DELETE
      Access-Control-Allow-Origin:
      - "*"
      Access-Control-Expose-Headers:
      - Request-Id, Stripe-Manage-Version, X-Stripe-External-Auth-Required, X-Stripe-Privileged-Session-Required
      Access-Control-Max-Age:
      - '300'
      Cache-Control:
      - no-cache, no-store
      Request-Id:
      - req_rduMjJ02FhVZam
      Stripe-Version:
      - '2017-12-14'
      Strict-Transport-Security:
      - max-age=31556926; includeSubDomains; preload
    body:
      encoding: UTF-8
      string: |
        {
          "id": "cus_ILmeoyUylsiGZR",
          "object": "customer",
          "deleted": true
        }
  recorded_at: Sun, 08 Nov 2020 04:01:29 GMT
- request:
    method: get
    uri: https://api.stripe.com/v1/coupons
    body:
      encoding: US-ASCII
      string: ''
    headers:
      User-Agent:
      - Stripe/v1 RubyBindings/5.28.0
      Authorization:
      - Bearer aAcnj1rwUlr0eRc4MrHxFvsye3Dd4GXU
      Content-Type:
      - application/x-www-form-urlencoded
      X-Stripe-Client-Telemetry:
      - '{"last_request_metrics":{"request_id":"req_rduMjJ02FhVZam","request_duration_ms":611}}'
      X-Stripe-Client-User-Agent:
      - '{"bindings_version":"5.28.0","lang":"ruby","lang_version":"2.7.2 p137 (2020-10-01)","platform":"x86_64-darwin19","engine":"ruby","publisher":"stripe","uname":"Darwin
        pat 19.6.0 Darwin Kernel Version 19.6.0: Mon Aug 31 22:12:52 PDT 2020; root:xnu-6153.141.2~1/RELEASE_X86_64
        x86_64","hostname":"pat"}'
      Accept-Encoding:
      - gzip;q=1.0,deflate;q=0.6,identity;q=0.3
      Accept:
      - "*/*"
  response:
    status:
      code: 200
      message: OK
    headers:
      Server:
      - nginx
      Date:
      - Sun, 08 Nov 2020 04:01:29 GMT
      Content-Type:
      - application/json
      Content-Length:
      - '86'
      Connection:
      - keep-alive
      Access-Control-Allow-Credentials:
      - 'true'
      Access-Control-Allow-Methods:
      - GET, POST, HEAD, OPTIONS, DELETE
      Access-Control-Allow-Origin:
      - "*"
      Access-Control-Expose-Headers:
      - Request-Id, Stripe-Manage-Version, X-Stripe-External-Auth-Required, X-Stripe-Privileged-Session-Required
      Access-Control-Max-Age:
      - '300'
      Cache-Control:
      - no-cache, no-store
      Request-Id:
      - req_fY8IRJA8TqJQoa
      Stripe-Version:
      - '2017-12-14'
      Strict-Transport-Security:
      - max-age=31556926; includeSubDomains; preload
    body:
      encoding: UTF-8
      string: |
        {
          "object": "list",
          "data": [

          ],
          "has_more": false,
          "url": "/v1/coupons"
        }
  recorded_at: Sun, 08 Nov 2020 04:01:29 GMT
- request:
    method: get
    uri: https://api.stripe.com/v1/plans
    body:
      encoding: US-ASCII
      string: ''
    headers:
      User-Agent:
      - Stripe/v1 RubyBindings/5.28.0
      Authorization:
      - Bearer aAcnj1rwUlr0eRc4MrHxFvsye3Dd4GXU
      Content-Type:
      - application/x-www-form-urlencoded
      X-Stripe-Client-Telemetry:
      - '{"last_request_metrics":{"request_id":"req_fY8IRJA8TqJQoa","request_duration_ms":364}}'
      X-Stripe-Client-User-Agent:
      - '{"bindings_version":"5.28.0","lang":"ruby","lang_version":"2.7.2 p137 (2020-10-01)","platform":"x86_64-darwin19","engine":"ruby","publisher":"stripe","uname":"Darwin
        pat 19.6.0 Darwin Kernel Version 19.6.0: Mon Aug 31 22:12:52 PDT 2020; root:xnu-6153.141.2~1/RELEASE_X86_64
        x86_64","hostname":"pat"}'
      Accept-Encoding:
      - gzip;q=1.0,deflate;q=0.6,identity;q=0.3
      Accept:
      - "*/*"
  response:
    status:
      code: 200
      message: OK
    headers:
      Server:
      - nginx
      Date:
      - Sun, 08 Nov 2020 04:01:30 GMT
      Content-Type:
      - application/json
      Content-Length:
      - '721'
      Connection:
      - keep-alive
      Access-Control-Allow-Credentials:
      - 'true'
      Access-Control-Allow-Methods:
      - GET, POST, HEAD, OPTIONS, DELETE
      Access-Control-Allow-Origin:
      - "*"
      Access-Control-Expose-Headers:
      - Request-Id, Stripe-Manage-Version, X-Stripe-External-Auth-Required, X-Stripe-Privileged-Session-Required
      Access-Control-Max-Age:
      - '300'
      Cache-Control:
      - no-cache, no-store
      Request-Id:
      - req_QW6fiDaZVZbFlb
      Stripe-Version:
      - '2017-12-14'
      Strict-Transport-Security:
      - max-age=31556926; includeSubDomains; preload
    body:
      encoding: UTF-8
      string: |
        {
          "object": "list",
          "data": [
            {
              "id": "drumknott",
              "object": "plan",
              "active": true,
              "aggregate_usage": null,
              "amount": 300,
              "amount_decimal": "300",
              "billing_scheme": "per_unit",
              "created": 1604808079,
              "currency": "usd",
              "interval": "month",
              "interval_count": 1,
              "livemode": false,
              "metadata": {
              },
              "name": "Drumknott Test",
              "nickname": null,
              "product": "prod_ILmeYYHN53SIYR",
              "statement_descriptor": null,
              "tiers": null,
              "tiers_mode": null,
              "transform_usage": null,
              "trial_period_days": null,
              "usage_type": "licensed"
            }
          ],
          "has_more": false,
          "url": "/v1/plans"
        }
  recorded_at: Sun, 08 Nov 2020 04:01:30 GMT
- request:
    method: delete
    uri: https://api.stripe.com/v1/plans/drumknott
    body:
      encoding: US-ASCII
      string: ''
    headers:
      User-Agent:
      - Stripe/v1 RubyBindings/5.28.0
      Authorization:
      - Bearer aAcnj1rwUlr0eRc4MrHxFvsye3Dd4GXU
      Content-Type:
      - application/x-www-form-urlencoded
      X-Stripe-Client-Telemetry:
      - '{"last_request_metrics":{"request_id":"req_QW6fiDaZVZbFlb","request_duration_ms":548}}'
      X-Stripe-Client-User-Agent:
      - '{"bindings_version":"5.28.0","lang":"ruby","lang_version":"2.7.2 p137 (2020-10-01)","platform":"x86_64-darwin19","engine":"ruby","publisher":"stripe","uname":"Darwin
        pat 19.6.0 Darwin Kernel Version 19.6.0: Mon Aug 31 22:12:52 PDT 2020; root:xnu-6153.141.2~1/RELEASE_X86_64
        x86_64","hostname":"pat"}'
      Accept-Encoding:
      - gzip;q=1.0,deflate;q=0.6,identity;q=0.3
      Accept:
      - "*/*"
  response:
    status:
      code: 200
      message: OK
    headers:
      Server:
      - nginx
      Date:
      - Sun, 08 Nov 2020 04:01:30 GMT
      Content-Type:
      - application/json
      Content-Length:
      - '63'
      Connection:
      - keep-alive
      Access-Control-Allow-Credentials:
      - 'true'
      Access-Control-Allow-Methods:
      - GET, POST, HEAD, OPTIONS, DELETE
      Access-Control-Allow-Origin:
      - "*"
      Access-Control-Expose-Headers:
      - Request-Id, Stripe-Manage-Version, X-Stripe-External-Auth-Required, X-Stripe-Privileged-Session-Required
      Access-Control-Max-Age:
      - '300'
      Cache-Control:
      - no-cache, no-store
      Request-Id:
      - req_iOIYiJ3e0bkvk5
      Stripe-Version:
      - '2017-12-14'
      Strict-Transport-Security:
      - max-age=31556926; includeSubDomains; preload
    body:
      encoding: UTF-8
      string: |
        {
          "id": "drumknott",
          "object": "plan",
          "deleted": true
        }
  recorded_at: Sun, 08 Nov 2020 04:01:31 GMT
- request:
    method: post
    uri: https://api.stripe.com/v1/plans
    body:
      encoding: UTF-8
      string: id=drumknott&amount=300&currency=USD&interval=month&interval_count=1&name=Drumknott+Test
    headers:
      User-Agent:
      - Stripe/v1 RubyBindings/5.28.0
      Authorization:
      - Bearer aAcnj1rwUlr0eRc4MrHxFvsye3Dd4GXU
      Content-Type:
      - application/x-www-form-urlencoded
      X-Stripe-Client-Telemetry:
      - '{"last_request_metrics":{"request_id":"req_iOIYiJ3e0bkvk5","request_duration_ms":614}}'
      X-Stripe-Client-User-Agent:
      - '{"bindings_version":"5.28.0","lang":"ruby","lang_version":"2.7.2 p137 (2020-10-01)","platform":"x86_64-darwin19","engine":"ruby","publisher":"stripe","uname":"Darwin
        pat 19.6.0 Darwin Kernel Version 19.6.0: Mon Aug 31 22:12:52 PDT 2020; root:xnu-6153.141.2~1/RELEASE_X86_64
        x86_64","hostname":"pat"}'
      Accept-Encoding:
      - gzip;q=1.0,deflate;q=0.6,identity;q=0.3
      Accept:
      - "*/*"
  response:
    status:
      code: 200
      message: OK
    headers:
      Server:
      - nginx
      Date:
      - Sun, 08 Nov 2020 04:01:31 GMT
      Content-Type:
      - application/json
      Content-Length:
      - '538'
      Connection:
      - keep-alive
      Access-Control-Allow-Credentials:
      - 'true'
      Access-Control-Allow-Methods:
      - GET, POST, HEAD, OPTIONS, DELETE
      Access-Control-Allow-Origin:
      - "*"
      Access-Control-Expose-Headers:
      - Request-Id, Stripe-Manage-Version, X-Stripe-External-Auth-Required, X-Stripe-Privileged-Session-Required
      Access-Control-Max-Age:
      - '300'
      Cache-Control:
      - no-cache, no-store
      Request-Id:
      - req_RVtjL2p9qlSI4m
      Stripe-Version:
      - '2017-12-14'
      Strict-Transport-Security:
      - max-age=31556926; includeSubDomains; preload
    body:
      encoding: UTF-8
      string: |
        {
          "id": "drumknott",
          "object": "plan",
          "active": true,
          "aggregate_usage": null,
          "amount": 300,
          "amount_decimal": "300",
          "billing_scheme": "per_unit",
          "created": 1604808091,
          "currency": "usd",
          "interval": "month",
          "interval_count": 1,
          "livemode": false,
          "metadata": {
          },
          "name": "Drumknott Test",
          "nickname": null,
          "product": "prod_ILmf9KUPH81oQh",
          "statement_descriptor": null,
          "tiers": null,
          "tiers_mode": null,
          "transform_usage": null,
          "trial_period_days": null,
          "usage_type": "licensed"
        }
  recorded_at: Sun, 08 Nov 2020 04:01:31 GMT
- request:
    method: post
    uri: https://api.stripe.com/v1/customers
    body:
      encoding: UTF-8
      string: email=search0025%40drumknottsearch.com
    headers:
      User-Agent:
      - Stripe/v1 RubyBindings/5.28.0
      Authorization:
      - Bearer aAcnj1rwUlr0eRc4MrHxFvsye3Dd4GXU
      Content-Type:
      - application/x-www-form-urlencoded
      X-Stripe-Client-Telemetry:
      - '{"last_request_metrics":{"request_id":"req_RVtjL2p9qlSI4m","request_duration_ms":610}}'
      X-Stripe-Client-User-Agent:
      - '{"bindings_version":"5.28.0","lang":"ruby","lang_version":"2.7.2 p137 (2020-10-01)","platform":"x86_64-darwin19","engine":"ruby","publisher":"stripe","uname":"Darwin
        pat 19.6.0 Darwin Kernel Version 19.6.0: Mon Aug 31 22:12:52 PDT 2020; root:xnu-6153.141.2~1/RELEASE_X86_64
        x86_64","hostname":"pat"}'
      Accept-Encoding:
      - gzip;q=1.0,deflate;q=0.6,identity;q=0.3
      Accept:
      - "*/*"
  response:
    status:
      code: 200
      message: OK
    headers:
      Server:
      - nginx
      Date:
      - Sun, 08 Nov 2020 04:01:32 GMT
      Content-Type:
      - application/json
      Content-Length:
      - '1175'
      Connection:
      - keep-alive
      Access-Control-Allow-Credentials:
      - 'true'
      Access-Control-Allow-Methods:
      - GET, POST, HEAD, OPTIONS, DELETE
      Access-Control-Allow-Origin:
      - "*"
      Access-Control-Expose-Headers:
      - Request-Id, Stripe-Manage-Version, X-Stripe-External-Auth-Required, X-Stripe-Privileged-Session-Required
      Access-Control-Max-Age:
      - '300'
      Cache-Control:
      - no-cache, no-store
      Request-Id:
      - req_waQgH9hrZ6rOgK
      Stripe-Version:
      - '2017-12-14'
      Strict-Transport-Security:
      - max-age=31556926; includeSubDomains; preload
    body:
      encoding: UTF-8
      string: |
        {
          "id": "cus_ILmfizk84bZwfv",
          "object": "customer",
          "account_balance": 0,
          "address": null,
          "balance": 0,
          "created": 1604808091,
          "currency": null,
          "default_source": null,
          "delinquent": false,
          "description": null,
          "discount": null,
          "email": "search0025@drumknottsearch.com",
          "invoice_prefix": "DC217C5E",
          "invoice_settings": {
            "custom_fields": null,
            "default_payment_method": null,
            "footer": null
          },
          "livemode": false,
          "metadata": {
          },
          "name": null,
          "next_invoice_sequence": 1,
          "phone": null,
          "preferred_locales": [

          ],
          "shipping": null,
          "sources": {
            "object": "list",
            "data": [

            ],
            "has_more": false,
            "total_count": 0,
            "url": "/v1/customers/cus_ILmfizk84bZwfv/sources"
          },
          "subscriptions": {
            "object": "list",
            "data": [

            ],
            "has_more": false,
            "total_count": 0,
            "url": "/v1/customers/cus_ILmfizk84bZwfv/subscriptions"
          },
          "tax_exempt": "none",
          "tax_ids": {
            "object": "list",
            "data": [

            ],
            "has_more": false,
            "total_count": 0,
            "url": "/v1/customers/cus_ILmfizk84bZwfv/tax_ids"
          },
          "tax_info": null,
          "tax_info_verification": null
        }
  recorded_at: Sun, 08 Nov 2020 04:01:32 GMT
- request:
    method: post
    uri: https://api.stripe.com/v1/tokens
    body:
      encoding: UTF-8
      string: card[number]=4242424242424242&card[exp_month]=1&card[exp_year]=2022&card[cvc]=123
    headers:
      User-Agent:
      - Stripe/v1 RubyBindings/5.28.0
      Authorization:
      - Bearer aAcnj1rwUlr0eRc4MrHxFvsye3Dd4GXU
      Content-Type:
      - application/x-www-form-urlencoded
      X-Stripe-Client-Telemetry:
      - '{"last_request_metrics":{"request_id":"req_waQgH9hrZ6rOgK","request_duration_ms":602}}'
      X-Stripe-Client-User-Agent:
      - '{"bindings_version":"5.28.0","lang":"ruby","lang_version":"2.7.2 p137 (2020-10-01)","platform":"x86_64-darwin19","engine":"ruby","publisher":"stripe","uname":"Darwin
        pat 19.6.0 Darwin Kernel Version 19.6.0: Mon Aug 31 22:12:52 PDT 2020; root:xnu-6153.141.2~1/RELEASE_X86_64
        x86_64","hostname":"pat"}'
      Accept-Encoding:
      - gzip;q=1.0,deflate;q=0.6,identity;q=0.3
      Accept:
      - "*/*"
  response:
    status:
      code: 200
      message: OK
    headers:
      Server:
      - nginx
      Date:
      - Sun, 08 Nov 2020 04:01:32 GMT
      Content-Type:
      - application/json
      Content-Length:
      - '785'
      Connection:
      - keep-alive
      Access-Control-Allow-Credentials:
      - 'true'
      Access-Control-Allow-Methods:
      - GET, POST, HEAD, OPTIONS, DELETE
      Access-Control-Allow-Origin:
      - "*"
      Access-Control-Expose-Headers:
      - Request-Id, Stripe-Manage-Version, X-Stripe-External-Auth-Required, X-Stripe-Privileged-Session-Required
      Access-Control-Max-Age:
      - '300'
      Cache-Control:
      - no-cache, no-store
      Request-Id:
      - req_aYjYTZVsoKTT4i
      Stripe-Version:
      - '2017-12-14'
      Strict-Transport-Security:
      - max-age=31556926; includeSubDomains; preload
    body:
      encoding: UTF-8
      string: |
        {
          "id": "tok_0Hl55skKe4kFpYbdKthAnEAM",
          "object": "token",
          "card": {
            "id": "card_0Hl55skKe4kFpYbdBJecwYb6",
            "object": "card",
            "address_city": null,
            "address_country": null,
            "address_line1": null,
            "address_line1_check": null,
            "address_line2": null,
            "address_state": null,
            "address_zip": null,
            "address_zip_check": null,
            "brand": "Visa",
            "country": "US",
            "cvc_check": "unchecked",
            "dynamic_last4": null,
            "exp_month": 1,
            "exp_year": 2022,
            "fingerprint": "DCZbB0jNI6O56OrA",
            "funding": "credit",
            "last4": "4242",
            "metadata": {
            },
            "name": null,
            "tokenization_method": null
          },
          "client_ip": "1.136.106.142",
          "created": 1604808092,
          "livemode": false,
          "type": "card",
          "used": false
        }
  recorded_at: Sun, 08 Nov 2020 04:01:32 GMT
- request:
    method: post
    uri: https://api.stripe.com/v1/customers/cus_ILmfizk84bZwfv/sources
    body:
      encoding: UTF-8
      string: source=tok_0Hl55skKe4kFpYbdKthAnEAM
    headers:
      User-Agent:
      - Stripe/v1 RubyBindings/5.28.0
      Authorization:
      - Bearer aAcnj1rwUlr0eRc4MrHxFvsye3Dd4GXU
      Content-Type:
      - application/x-www-form-urlencoded
      X-Stripe-Client-Telemetry:
      - '{"last_request_metrics":{"request_id":"req_aYjYTZVsoKTT4i","request_duration_ms":609}}'
      X-Stripe-Client-User-Agent:
      - '{"bindings_version":"5.28.0","lang":"ruby","lang_version":"2.7.2 p137 (2020-10-01)","platform":"x86_64-darwin19","engine":"ruby","publisher":"stripe","uname":"Darwin
        pat 19.6.0 Darwin Kernel Version 19.6.0: Mon Aug 31 22:12:52 PDT 2020; root:xnu-6153.141.2~1/RELEASE_X86_64
        x86_64","hostname":"pat"}'
      Accept-Encoding:
      - gzip;q=1.0,deflate;q=0.6,identity;q=0.3
      Accept:
      - "*/*"
  response:
    status:
      code: 200
      message: OK
    headers:
      Server:
      - nginx
      Date:
      - Sun, 08 Nov 2020 04:01:33 GMT
      Content-Type:
      - application/json
      Content-Length:
      - '580'
      Connection:
      - keep-alive
      Access-Control-Allow-Credentials:
      - 'true'
      Access-Control-Allow-Methods:
      - GET, POST, HEAD, OPTIONS, DELETE
      Access-Control-Allow-Origin:
      - "*"
      Access-Control-Expose-Headers:
      - Request-Id, Stripe-Manage-Version, X-Stripe-External-Auth-Required, X-Stripe-Privileged-Session-Required
      Access-Control-Max-Age:
      - '300'
      Cache-Control:
      - no-cache, no-store
      Request-Id:
      - req_ctXBr1dukaqp9F
      Stripe-Version:
      - '2017-12-14'
      Strict-Transport-Security:
      - max-age=31556926; includeSubDomains; preload
    body:
      encoding: UTF-8
      string: |
        {
          "id": "card_0Hl55skKe4kFpYbdBJecwYb6",
          "object": "card",
          "address_city": null,
          "address_country": null,
          "address_line1": null,
          "address_line1_check": null,
          "address_line2": null,
          "address_state": null,
          "address_zip": null,
          "address_zip_check": null,
          "brand": "Visa",
          "country": "US",
          "customer": "cus_ILmfizk84bZwfv",
          "cvc_check": "pass",
          "dynamic_last4": null,
          "exp_month": 1,
          "exp_year": 2022,
          "fingerprint": "DCZbB0jNI6O56OrA",
          "funding": "credit",
          "last4": "4242",
          "metadata": {
          },
          "name": null,
          "tokenization_method": null
        }
  recorded_at: Sun, 08 Nov 2020 04:01:33 GMT
- request:
    method: get
    uri: https://api.stripe.com/v1/customers/cus_ILmfizk84bZwfv
    body:
      encoding: US-ASCII
      string: ''
    headers:
      User-Agent:
      - Stripe/v1 RubyBindings/5.28.0
      Authorization:
      - Bearer aAcnj1rwUlr0eRc4MrHxFvsye3Dd4GXU
      Content-Type:
      - application/x-www-form-urlencoded
      X-Stripe-Client-Telemetry:
      - '{"last_request_metrics":{"request_id":"req_ctXBr1dukaqp9F","request_duration_ms":924}}'
      X-Stripe-Client-User-Agent:
      - '{"bindings_version":"5.28.0","lang":"ruby","lang_version":"2.7.2 p137 (2020-10-01)","platform":"x86_64-darwin19","engine":"ruby","publisher":"stripe","uname":"Darwin
        pat 19.6.0 Darwin Kernel Version 19.6.0: Mon Aug 31 22:12:52 PDT 2020; root:xnu-6153.141.2~1/RELEASE_X86_64
        x86_64","hostname":"pat"}'
      Accept-Encoding:
      - gzip;q=1.0,deflate;q=0.6,identity;q=0.3
      Accept:
      - "*/*"
  response:
    status:
      code: 200
      message: OK
    headers:
      Server:
      - nginx
      Date:
      - Sun, 08 Nov 2020 04:01:34 GMT
      Content-Type:
      - application/json
      Content-Length:
      - '1937'
      Connection:
      - keep-alive
      Access-Control-Allow-Credentials:
      - 'true'
      Access-Control-Allow-Methods:
      - GET, POST, HEAD, OPTIONS, DELETE
      Access-Control-Allow-Origin:
      - "*"
      Access-Control-Expose-Headers:
      - Request-Id, Stripe-Manage-Version, X-Stripe-External-Auth-Required, X-Stripe-Privileged-Session-Required
      Access-Control-Max-Age:
      - '300'
      Cache-Control:
      - no-cache, no-store
      Request-Id:
      - req_FLcuulCJUWjusI
      Stripe-Version:
      - '2017-12-14'
      Strict-Transport-Security:
      - max-age=31556926; includeSubDomains; preload
    body:
      encoding: UTF-8
      string: |
        {
          "id": "cus_ILmfizk84bZwfv",
          "object": "customer",
          "account_balance": 0,
          "address": null,
          "balance": 0,
          "created": 1604808091,
          "currency": null,
          "default_source": "card_0Hl55skKe4kFpYbdBJecwYb6",
          "delinquent": false,
          "description": null,
          "discount": null,
          "email": "search0025@drumknottsearch.com",
          "invoice_prefix": "DC217C5E",
          "invoice_settings": {
            "custom_fields": null,
            "default_payment_method": null,
            "footer": null
          },
          "livemode": false,
          "metadata": {
          },
          "name": null,
          "next_invoice_sequence": 1,
          "phone": null,
          "preferred_locales": [

          ],
          "shipping": null,
          "sources": {
            "object": "list",
            "data": [
              {
                "id": "card_0Hl55skKe4kFpYbdBJecwYb6",
                "object": "card",
                "address_city": null,
                "address_country": null,
                "address_line1": null,
                "address_line1_check": null,
                "address_line2": null,
                "address_state": null,
                "address_zip": null,
                "address_zip_check": null,
                "brand": "Visa",
                "country": "US",
                "customer": "cus_ILmfizk84bZwfv",
                "cvc_check": "pass",
                "dynamic_last4": null,
                "exp_month": 1,
                "exp_year": 2022,
                "fingerprint": "DCZbB0jNI6O56OrA",
                "funding": "credit",
                "last4": "4242",
                "metadata": {
                },
                "name": null,
                "tokenization_method": null
              }
            ],
            "has_more": false,
            "total_count": 1,
            "url": "/v1/customers/cus_ILmfizk84bZwfv/sources"
          },
          "subscriptions": {
            "object": "list",
            "data": [

            ],
            "has_more": false,
            "total_count": 0,
            "url": "/v1/customers/cus_ILmfizk84bZwfv/subscriptions"
          },
          "tax_exempt": "none",
          "tax_ids": {
            "object": "list",
            "data": [

            ],
            "has_more": false,
            "total_count": 0,
            "url": "/v1/customers/cus_ILmfizk84bZwfv/tax_ids"
          },
          "tax_info": null,
          "tax_info_verification": null
        }
  recorded_at: Sun, 08 Nov 2020 04:01:34 GMT
- request:
    method: get
    uri: https://api.stripe.com/v1/customers/cus_ILmfizk84bZwfv
    body:
      encoding: US-ASCII
      string: ''
    headers:
      User-Agent:
      - Stripe/v1 RubyBindings/5.28.0
      Authorization:
      - Bearer aAcnj1rwUlr0eRc4MrHxFvsye3Dd4GXU
      Content-Type:
      - application/x-www-form-urlencoded
      X-Stripe-Client-Telemetry:
      - '{"last_request_metrics":{"request_id":"req_FLcuulCJUWjusI","request_duration_ms":610}}'
      X-Stripe-Client-User-Agent:
      - '{"bindings_version":"5.28.0","lang":"ruby","lang_version":"2.7.2 p137 (2020-10-01)","platform":"x86_64-darwin19","engine":"ruby","publisher":"stripe","uname":"Darwin
        pat 19.6.0 Darwin Kernel Version 19.6.0: Mon Aug 31 22:12:52 PDT 2020; root:xnu-6153.141.2~1/RELEASE_X86_64
        x86_64","hostname":"pat"}'
      Accept-Encoding:
      - gzip;q=1.0,deflate;q=0.6,identity;q=0.3
      Accept:
      - "*/*"
  response:
    status:
      code: 200
      message: OK
    headers:
      Server:
      - nginx
      Date:
      - Sun, 08 Nov 2020 04:01:34 GMT
      Content-Type:
      - application/json
      Content-Length:
      - '1937'
      Connection:
      - keep-alive
      Access-Control-Allow-Credentials:
      - 'true'
      Access-Control-Allow-Methods:
      - GET, POST, HEAD, OPTIONS, DELETE
      Access-Control-Allow-Origin:
      - "*"
      Access-Control-Expose-Headers:
      - Request-Id, Stripe-Manage-Version, X-Stripe-External-Auth-Required, X-Stripe-Privileged-Session-Required
      Access-Control-Max-Age:
      - '300'
      Cache-Control:
      - no-cache, no-store
      Request-Id:
      - req_87ZqGn2hkuVrr3
      Stripe-Version:
      - '2017-12-14'
      Strict-Transport-Security:
      - max-age=31556926; includeSubDomains; preload
    body:
      encoding: UTF-8
      string: |
        {
          "id": "cus_ILmfizk84bZwfv",
          "object": "customer",
          "account_balance": 0,
          "address": null,
          "balance": 0,
          "created": 1604808091,
          "currency": null,
          "default_source": "card_0Hl55skKe4kFpYbdBJecwYb6",
          "delinquent": false,
          "description": null,
          "discount": null,
          "email": "search0025@drumknottsearch.com",
          "invoice_prefix": "DC217C5E",
          "invoice_settings": {
            "custom_fields": null,
            "default_payment_method": null,
            "footer": null
          },
          "livemode": false,
          "metadata": {
          },
          "name": null,
          "next_invoice_sequence": 1,
          "phone": null,
          "preferred_locales": [

          ],
          "shipping": null,
          "sources": {
            "object": "list",
            "data": [
              {
                "id": "card_0Hl55skKe4kFpYbdBJecwYb6",
                "object": "card",
                "address_city": null,
                "address_country": null,
                "address_line1": null,
                "address_line1_check": null,
                "address_line2": null,
                "address_state": null,
                "address_zip": null,
                "address_zip_check": null,
                "brand": "Visa",
                "country": "US",
                "customer": "cus_ILmfizk84bZwfv",
                "cvc_check": "pass",
                "dynamic_last4": null,
                "exp_month": 1,
                "exp_year": 2022,
                "fingerprint": "DCZbB0jNI6O56OrA",
                "funding": "credit",
                "last4": "4242",
                "metadata": {
                },
                "name": null,
                "tokenization_method": null
              }
            ],
            "has_more": false,
            "total_count": 1,
            "url": "/v1/customers/cus_ILmfizk84bZwfv/sources"
          },
          "subscriptions": {
            "object": "list",
            "data": [

            ],
            "has_more": false,
            "total_count": 0,
            "url": "/v1/customers/cus_ILmfizk84bZwfv/subscriptions"
          },
          "tax_exempt": "none",
          "tax_ids": {
            "object": "list",
            "data": [

            ],
            "has_more": false,
            "total_count": 0,
            "url": "/v1/customers/cus_ILmfizk84bZwfv/tax_ids"
          },
          "tax_info": null,
          "tax_info_verification": null
        }
  recorded_at: Sun, 08 Nov 2020 04:01:35 GMT
- request:
    method: post
    uri: https://api.stripe.com/v1/customers/cus_ILmfizk84bZwfv/subscriptions
    body:
      encoding: UTF-8
      string: plan=drumknott
    headers:
      User-Agent:
      - Stripe/v1 RubyBindings/5.28.0
      Authorization:
      - Bearer aAcnj1rwUlr0eRc4MrHxFvsye3Dd4GXU
      Content-Type:
      - application/x-www-form-urlencoded
      X-Stripe-Client-Telemetry:
      - '{"last_request_metrics":{"request_id":"req_87ZqGn2hkuVrr3","request_duration_ms":595}}'
      X-Stripe-Client-User-Agent:
      - '{"bindings_version":"5.28.0","lang":"ruby","lang_version":"2.7.2 p137 (2020-10-01)","platform":"x86_64-darwin19","engine":"ruby","publisher":"stripe","uname":"Darwin
        pat 19.6.0 Darwin Kernel Version 19.6.0: Mon Aug 31 22:12:52 PDT 2020; root:xnu-6153.141.2~1/RELEASE_X86_64
        x86_64","hostname":"pat"}'
      Accept-Encoding:
      - gzip;q=1.0,deflate;q=0.6,identity;q=0.3
      Accept:
      - "*/*"
  response:
    status:
      code: 200
      message: OK
    headers:
      Server:
      - nginx
      Date:
      - Sun, 08 Nov 2020 04:01:36 GMT
      Content-Type:
      - application/json
      Content-Length:
      - '3754'
      Connection:
      - keep-alive
      Access-Control-Allow-Credentials:
      - 'true'
      Access-Control-Allow-Methods:
      - GET, POST, HEAD, OPTIONS, DELETE
      Access-Control-Allow-Origin:
      - "*"
      Access-Control-Expose-Headers:
      - Request-Id, Stripe-Manage-Version, X-Stripe-External-Auth-Required, X-Stripe-Privileged-Session-Required
      Access-Control-Max-Age:
      - '300'
      Cache-Control:
      - no-cache, no-store
      Request-Id:
      - req_TGTyz11n2kyGuk
      Stripe-Version:
      - '2017-12-14'
      Strict-Transport-Security:
      - max-age=31556926; includeSubDomains; preload
    body:
      encoding: UTF-8
      string: |
        {
          "id": "sub_ILmfAwGA9dyuoh",
          "object": "subscription",
          "application_fee_percent": null,
          "billing": "charge_automatically",
          "billing_cycle_anchor": 1604808095,
          "billing_thresholds": null,
          "cancel_at": null,
          "cancel_at_period_end": false,
          "canceled_at": null,
          "collection_method": "charge_automatically",
          "created": 1604808095,
          "current_period_end": 1607400095,
          "current_period_start": 1604808095,
          "customer": "cus_ILmfizk84bZwfv",
          "days_until_due": null,
          "default_payment_method": null,
          "default_source": null,
          "default_tax_rates": [

          ],
          "discount": null,
          "ended_at": null,
          "invoice_customer_balance_settings": {
            "consume_applied_balance_on_void": true
          },
          "items": {
            "object": "list",
            "data": [
              {
                "id": "si_ILmfCpHxHKCaQq",
                "object": "subscription_item",
                "billing_thresholds": null,
                "created": 1604808095,
                "metadata": {
                },
                "plan": {
                  "id": "drumknott",
                  "object": "plan",
                  "active": true,
                  "aggregate_usage": null,
                  "amount": 300,
                  "amount_decimal": "300",
                  "billing_scheme": "per_unit",
                  "created": 1604808091,
                  "currency": "usd",
                  "interval": "month",
                  "interval_count": 1,
                  "livemode": false,
                  "metadata": {
                  },
                  "name": "Drumknott Test",
                  "nickname": null,
                  "product": "prod_ILmf9KUPH81oQh",
                  "statement_descriptor": null,
                  "tiers": null,
                  "tiers_mode": null,
                  "transform_usage": null,
                  "trial_period_days": null,
                  "usage_type": "licensed"
                },
                "price": {
                  "id": "drumknott",
                  "object": "price",
                  "active": true,
                  "billing_scheme": "per_unit",
                  "created": 1604808091,
                  "currency": "usd",
                  "livemode": false,
                  "lookup_key": null,
                  "metadata": {
                  },
                  "nickname": null,
                  "product": "prod_ILmf9KUPH81oQh",
                  "recurring": {
                    "aggregate_usage": null,
                    "interval": "month",
                    "interval_count": 1,
                    "trial_period_days": null,
                    "usage_type": "licensed"
                  },
                  "tiers_mode": null,
                  "transform_quantity": null,
                  "type": "recurring",
                  "unit_amount": 300,
                  "unit_amount_decimal": "300"
                },
                "quantity": 1,
                "subscription": "sub_ILmfAwGA9dyuoh",
                "tax_rates": [

                ]
              }
            ],
            "has_more": false,
            "total_count": 1,
            "url": "/v1/subscription_items?subscription=sub_ILmfAwGA9dyuoh"
          },
          "latest_invoice": "in_0Hl55vkKe4kFpYbd4djo94YG",
          "livemode": false,
          "metadata": {
          },
          "next_pending_invoice_item_invoice": null,
          "pause_collection": null,
          "pending_invoice_item_interval": null,
          "pending_setup_intent": null,
          "pending_update": null,
          "plan": {
            "id": "drumknott",
            "object": "plan",
            "active": true,
            "aggregate_usage": null,
            "amount": 300,
            "amount_decimal": "300",
            "billing_scheme": "per_unit",
            "created": 1604808091,
            "currency": "usd",
            "interval": "month",
            "interval_count": 1,
            "livemode": false,
            "metadata": {
            },
            "name": "Drumknott Test",
            "nickname": null,
            "product": "prod_ILmf9KUPH81oQh",
            "statement_descriptor": null,
            "tiers": null,
            "tiers_mode": null,
            "transform_usage": null,
            "trial_period_days": null,
            "usage_type": "licensed"
          },
          "quantity": 1,
          "schedule": null,
          "start": 1604808095,
          "start_date": 1604808095,
          "status": "active",
          "tax_percent": null,
          "transfer_data": null,
          "trial_end": null,
          "trial_start": null
        }
  recorded_at: Sun, 08 Nov 2020 04:01:36 GMT
- request:
    method: get
    uri: https://api.stripe.com/v1/customers/cus_ILmfizk84bZwfv
    body:
      encoding: US-ASCII
      string: ''
    headers:
      User-Agent:
      - Stripe/v1 RubyBindings/5.28.0
      Authorization:
      - Bearer aAcnj1rwUlr0eRc4MrHxFvsye3Dd4GXU
      Content-Type:
      - application/x-www-form-urlencoded
      X-Stripe-Client-Telemetry:
      - '{"last_request_metrics":{"request_id":"req_TGTyz11n2kyGuk","request_duration_ms":1842}}'
      X-Stripe-Client-User-Agent:
      - '{"bindings_version":"5.28.0","lang":"ruby","lang_version":"2.7.2 p137 (2020-10-01)","platform":"x86_64-darwin19","engine":"ruby","publisher":"stripe","uname":"Darwin
        pat 19.6.0 Darwin Kernel Version 19.6.0: Mon Aug 31 22:12:52 PDT 2020; root:xnu-6153.141.2~1/RELEASE_X86_64
        x86_64","hostname":"pat"}'
      Accept-Encoding:
      - gzip;q=1.0,deflate;q=0.6,identity;q=0.3
      Accept:
      - "*/*"
  response:
    status:
      code: 200
      message: OK
    headers:
      Server:
      - nginx
      Date:
      - Sun, 08 Nov 2020 04:01:37 GMT
      Content-Type:
      - application/json
      Content-Length:
      - '6531'
      Connection:
      - keep-alive
      Access-Control-Allow-Credentials:
      - 'true'
      Access-Control-Allow-Methods:
      - GET, POST, HEAD, OPTIONS, DELETE
      Access-Control-Allow-Origin:
      - "*"
      Access-Control-Expose-Headers:
      - Request-Id, Stripe-Manage-Version, X-Stripe-External-Auth-Required, X-Stripe-Privileged-Session-Required
      Access-Control-Max-Age:
      - '300'
      Cache-Control:
      - no-cache, no-store
      Request-Id:
      - req_MDJkvv0NOgushi
      Stripe-Version:
      - '2017-12-14'
      Strict-Transport-Security:
      - max-age=31556926; includeSubDomains; preload
    body:
      encoding: UTF-8
      string: |
        {
          "id": "cus_ILmfizk84bZwfv",
          "object": "customer",
          "account_balance": 0,
          "address": null,
          "balance": 0,
          "created": 1604808091,
          "currency": "usd",
          "default_source": "card_0Hl55skKe4kFpYbdBJecwYb6",
          "delinquent": false,
          "description": null,
          "discount": null,
          "email": "search0025@drumknottsearch.com",
          "invoice_prefix": "DC217C5E",
          "invoice_settings": {
            "custom_fields": null,
            "default_payment_method": null,
            "footer": null
          },
          "livemode": false,
          "metadata": {
          },
          "name": null,
          "next_invoice_sequence": 2,
          "phone": null,
          "preferred_locales": [

          ],
          "shipping": null,
          "sources": {
            "object": "list",
            "data": [
              {
                "id": "card_0Hl55skKe4kFpYbdBJecwYb6",
                "object": "card",
                "address_city": null,
                "address_country": null,
                "address_line1": null,
                "address_line1_check": null,
                "address_line2": null,
                "address_state": null,
                "address_zip": null,
                "address_zip_check": null,
                "brand": "Visa",
                "country": "US",
                "customer": "cus_ILmfizk84bZwfv",
                "cvc_check": "pass",
                "dynamic_last4": null,
                "exp_month": 1,
                "exp_year": 2022,
                "fingerprint": "DCZbB0jNI6O56OrA",
                "funding": "credit",
                "last4": "4242",
                "metadata": {
                },
                "name": null,
                "tokenization_method": null
              }
            ],
            "has_more": false,
            "total_count": 1,
            "url": "/v1/customers/cus_ILmfizk84bZwfv/sources"
          },
          "subscriptions": {
            "object": "list",
            "data": [
              {
                "id": "sub_ILmfAwGA9dyuoh",
                "object": "subscription",
                "application_fee_percent": null,
                "billing": "charge_automatically",
                "billing_cycle_anchor": 1604808095,
                "billing_thresholds": null,
                "cancel_at": null,
                "cancel_at_period_end": false,
                "canceled_at": null,
                "collection_method": "charge_automatically",
                "created": 1604808095,
                "current_period_end": 1607400095,
                "current_period_start": 1604808095,
                "customer": "cus_ILmfizk84bZwfv",
                "days_until_due": null,
                "default_payment_method": null,
                "default_source": null,
                "default_tax_rates": [

                ],
                "discount": null,
                "ended_at": null,
                "invoice_customer_balance_settings": {
                  "consume_applied_balance_on_void": true
                },
                "items": {
                  "object": "list",
                  "data": [
                    {
                      "id": "si_ILmfCpHxHKCaQq",
                      "object": "subscription_item",
                      "billing_thresholds": null,
                      "created": 1604808095,
                      "metadata": {
                      },
                      "plan": {
                        "id": "drumknott",
                        "object": "plan",
                        "active": true,
                        "aggregate_usage": null,
                        "amount": 300,
                        "amount_decimal": "300",
                        "billing_scheme": "per_unit",
                        "created": 1604808091,
                        "currency": "usd",
                        "interval": "month",
                        "interval_count": 1,
                        "livemode": false,
                        "metadata": {
                        },
                        "name": "Drumknott Test",
                        "nickname": null,
                        "product": "prod_ILmf9KUPH81oQh",
                        "statement_descriptor": null,
                        "tiers": null,
                        "tiers_mode": null,
                        "transform_usage": null,
                        "trial_period_days": null,
                        "usage_type": "licensed"
                      },
                      "price": {
                        "id": "drumknott",
                        "object": "price",
                        "active": true,
                        "billing_scheme": "per_unit",
                        "created": 1604808091,
                        "currency": "usd",
                        "livemode": false,
                        "lookup_key": null,
                        "metadata": {
                        },
                        "nickname": null,
                        "product": "prod_ILmf9KUPH81oQh",
                        "recurring": {
                          "aggregate_usage": null,
                          "interval": "month",
                          "interval_count": 1,
                          "trial_period_days": null,
                          "usage_type": "licensed"
                        },
                        "tiers_mode": null,
                        "transform_quantity": null,
                        "type": "recurring",
                        "unit_amount": 300,
                        "unit_amount_decimal": "300"
                      },
                      "quantity": 1,
                      "subscription": "sub_ILmfAwGA9dyuoh",
                      "tax_rates": [

                      ]
                    }
                  ],
                  "has_more": false,
                  "total_count": 1,
                  "url": "/v1/subscription_items?subscription=sub_ILmfAwGA9dyuoh"
                },
                "latest_invoice": "in_0Hl55vkKe4kFpYbd4djo94YG",
                "livemode": false,
                "metadata": {
                },
                "next_pending_invoice_item_invoice": null,
                "pause_collection": null,
                "pending_invoice_item_interval": null,
                "pending_setup_intent": null,
                "pending_update": null,
                "plan": {
                  "id": "drumknott",
                  "object": "plan",
                  "active": true,
                  "aggregate_usage": null,
                  "amount": 300,
                  "amount_decimal": "300",
                  "billing_scheme": "per_unit",
                  "created": 1604808091,
                  "currency": "usd",
                  "interval": "month",
                  "interval_count": 1,
                  "livemode": false,
                  "metadata": {
                  },
                  "name": "Drumknott Test",
                  "nickname": null,
                  "product": "prod_ILmf9KUPH81oQh",
                  "statement_descriptor": null,
                  "tiers": null,
                  "tiers_mode": null,
                  "transform_usage": null,
                  "trial_period_days": null,
                  "usage_type": "licensed"
                },
                "quantity": 1,
                "schedule": null,
                "start": 1604808095,
                "start_date": 1604808095,
                "status": "active",
                "tax_percent": null,
                "transfer_data": null,
                "trial_end": null,
                "trial_start": null
              }
            ],
            "has_more": false,
            "total_count": 1,
            "url": "/v1/customers/cus_ILmfizk84bZwfv/subscriptions"
          },
          "tax_exempt": "none",
          "tax_ids": {
            "object": "list",
            "data": [

            ],
            "has_more": false,
            "total_count": 0,
            "url": "/v1/customers/cus_ILmfizk84bZwfv/tax_ids"
          },
          "tax_info": null,
          "tax_info_verification": null
        }
  recorded_at: Sun, 08 Nov 2020 04:01:37 GMT
- request:
    method: get
    uri: https://api.stripe.com/v1/customers/cus_ILmfizk84bZwfv/subscriptions/sub_ILmfAwGA9dyuoh
    body:
      encoding: US-ASCII
      string: ''
    headers:
      User-Agent:
      - Stripe/v1 RubyBindings/5.28.0
      Authorization:
      - Bearer aAcnj1rwUlr0eRc4MrHxFvsye3Dd4GXU
      Content-Type:
      - application/x-www-form-urlencoded
      X-Stripe-Client-Telemetry:
      - '{"last_request_metrics":{"request_id":"req_MDJkvv0NOgushi","request_duration_ms":596}}'
      X-Stripe-Client-User-Agent:
      - '{"bindings_version":"5.28.0","lang":"ruby","lang_version":"2.7.2 p137 (2020-10-01)","platform":"x86_64-darwin19","engine":"ruby","publisher":"stripe","uname":"Darwin
        pat 19.6.0 Darwin Kernel Version 19.6.0: Mon Aug 31 22:12:52 PDT 2020; root:xnu-6153.141.2~1/RELEASE_X86_64
        x86_64","hostname":"pat"}'
      Accept-Encoding:
      - gzip;q=1.0,deflate;q=0.6,identity;q=0.3
      Accept:
      - "*/*"
  response:
    status:
      code: 200
      message: OK
    headers:
      Server:
      - nginx
      Date:
      - Sun, 08 Nov 2020 04:01:37 GMT
      Content-Type:
      - application/json
      Content-Length:
      - '3754'
      Connection:
      - keep-alive
      Access-Control-Allow-Credentials:
      - 'true'
      Access-Control-Allow-Methods:
      - GET, POST, HEAD, OPTIONS, DELETE
      Access-Control-Allow-Origin:
      - "*"
      Access-Control-Expose-Headers:
      - Request-Id, Stripe-Manage-Version, X-Stripe-External-Auth-Required, X-Stripe-Privileged-Session-Required
      Access-Control-Max-Age:
      - '300'
      Cache-Control:
      - no-cache, no-store
      Request-Id:
      - req_9zvY7JqfGsgyX0
      Stripe-Version:
      - '2017-12-14'
      Strict-Transport-Security:
      - max-age=31556926; includeSubDomains; preload
    body:
      encoding: UTF-8
      string: |
        {
          "id": "sub_ILmfAwGA9dyuoh",
          "object": "subscription",
          "application_fee_percent": null,
          "billing": "charge_automatically",
          "billing_cycle_anchor": 1604808095,
          "billing_thresholds": null,
          "cancel_at": null,
          "cancel_at_period_end": false,
          "canceled_at": null,
          "collection_method": "charge_automatically",
          "created": 1604808095,
          "current_period_end": 1607400095,
          "current_period_start": 1604808095,
          "customer": "cus_ILmfizk84bZwfv",
          "days_until_due": null,
          "default_payment_method": null,
          "default_source": null,
          "default_tax_rates": [

          ],
          "discount": null,
          "ended_at": null,
          "invoice_customer_balance_settings": {
            "consume_applied_balance_on_void": true
          },
          "items": {
            "object": "list",
            "data": [
              {
                "id": "si_ILmfCpHxHKCaQq",
                "object": "subscription_item",
                "billing_thresholds": null,
                "created": 1604808095,
                "metadata": {
                },
                "plan": {
                  "id": "drumknott",
                  "object": "plan",
                  "active": true,
                  "aggregate_usage": null,
                  "amount": 300,
                  "amount_decimal": "300",
                  "billing_scheme": "per_unit",
                  "created": 1604808091,
                  "currency": "usd",
                  "interval": "month",
                  "interval_count": 1,
                  "livemode": false,
                  "metadata": {
                  },
                  "name": "Drumknott Test",
                  "nickname": null,
                  "product": "prod_ILmf9KUPH81oQh",
                  "statement_descriptor": null,
                  "tiers": null,
                  "tiers_mode": null,
                  "transform_usage": null,
                  "trial_period_days": null,
                  "usage_type": "licensed"
                },
                "price": {
                  "id": "drumknott",
                  "object": "price",
                  "active": true,
                  "billing_scheme": "per_unit",
                  "created": 1604808091,
                  "currency": "usd",
                  "livemode": false,
                  "lookup_key": null,
                  "metadata": {
                  },
                  "nickname": null,
                  "product": "prod_ILmf9KUPH81oQh",
                  "recurring": {
                    "aggregate_usage": null,
                    "interval": "month",
                    "interval_count": 1,
                    "trial_period_days": null,
                    "usage_type": "licensed"
                  },
                  "tiers_mode": null,
                  "transform_quantity": null,
                  "type": "recurring",
                  "unit_amount": 300,
                  "unit_amount_decimal": "300"
                },
                "quantity": 1,
                "subscription": "sub_ILmfAwGA9dyuoh",
                "tax_rates": [

                ]
              }
            ],
            "has_more": false,
            "total_count": 1,
            "url": "/v1/subscription_items?subscription=sub_ILmfAwGA9dyuoh"
          },
          "latest_invoice": "in_0Hl55vkKe4kFpYbd4djo94YG",
          "livemode": false,
          "metadata": {
          },
          "next_pending_invoice_item_invoice": null,
          "pause_collection": null,
          "pending_invoice_item_interval": null,
          "pending_setup_intent": null,
          "pending_update": null,
          "plan": {
            "id": "drumknott",
            "object": "plan",
            "active": true,
            "aggregate_usage": null,
            "amount": 300,
            "amount_decimal": "300",
            "billing_scheme": "per_unit",
            "created": 1604808091,
            "currency": "usd",
            "interval": "month",
            "interval_count": 1,
            "livemode": false,
            "metadata": {
            },
            "name": "Drumknott Test",
            "nickname": null,
            "product": "prod_ILmf9KUPH81oQh",
            "statement_descriptor": null,
            "tiers": null,
            "tiers_mode": null,
            "transform_usage": null,
            "trial_period_days": null,
            "usage_type": "licensed"
          },
          "quantity": 1,
          "schedule": null,
          "start": 1604808095,
          "start_date": 1604808095,
          "status": "active",
          "tax_percent": null,
          "transfer_data": null,
          "trial_end": null,
          "trial_start": null
        }
  recorded_at: Sun, 08 Nov 2020 04:01:38 GMT
- request:
    method: delete
    uri: https://api.stripe.com/v1/subscriptions/sub_ILmfAwGA9dyuoh
    body:
      encoding: US-ASCII
      string: ''
    headers:
      User-Agent:
      - Stripe/v1 RubyBindings/5.28.0
      Authorization:
      - Bearer aAcnj1rwUlr0eRc4MrHxFvsye3Dd4GXU
      Content-Type:
      - application/x-www-form-urlencoded
      X-Stripe-Client-Telemetry:
      - '{"last_request_metrics":{"request_id":"req_9zvY7JqfGsgyX0","request_duration_ms":914}}'
      X-Stripe-Client-User-Agent:
      - '{"bindings_version":"5.28.0","lang":"ruby","lang_version":"2.7.2 p137 (2020-10-01)","platform":"x86_64-darwin19","engine":"ruby","publisher":"stripe","uname":"Darwin
        pat 19.6.0 Darwin Kernel Version 19.6.0: Mon Aug 31 22:12:52 PDT 2020; root:xnu-6153.141.2~1/RELEASE_X86_64
        x86_64","hostname":"pat"}'
      Accept-Encoding:
      - gzip;q=1.0,deflate;q=0.6,identity;q=0.3
      Accept:
      - "*/*"
  response:
    status:
      code: 200
      message: OK
    headers:
      Server:
      - nginx
      Date:
      - Sun, 08 Nov 2020 04:01:38 GMT
      Content-Type:
      - application/json
      Content-Length:
      - '3768'
      Connection:
      - keep-alive
      Access-Control-Allow-Credentials:
      - 'true'
      Access-Control-Allow-Methods:
      - GET, POST, HEAD, OPTIONS, DELETE
      Access-Control-Allow-Origin:
      - "*"
      Access-Control-Expose-Headers:
      - Request-Id, Stripe-Manage-Version, X-Stripe-External-Auth-Required, X-Stripe-Privileged-Session-Required
      Access-Control-Max-Age:
      - '300'
      Cache-Control:
      - no-cache, no-store
      Request-Id:
      - req_C2D12g8jCzOnUF
      Stripe-Version:
      - '2017-12-14'
      Strict-Transport-Security:
      - max-age=31556926; includeSubDomains; preload
    body:
      encoding: UTF-8
      string: |
        {
          "id": "sub_ILmfAwGA9dyuoh",
          "object": "subscription",
          "application_fee_percent": null,
          "billing": "charge_automatically",
          "billing_cycle_anchor": 1604808095,
          "billing_thresholds": null,
          "cancel_at": null,
          "cancel_at_period_end": false,
          "canceled_at": 1604808098,
          "collection_method": "charge_automatically",
          "created": 1604808095,
          "current_period_end": 1607400095,
          "current_period_start": 1604808095,
          "customer": "cus_ILmfizk84bZwfv",
          "days_until_due": null,
          "default_payment_method": null,
          "default_source": null,
          "default_tax_rates": [

          ],
          "discount": null,
          "ended_at": 1604808098,
          "invoice_customer_balance_settings": {
            "consume_applied_balance_on_void": true
          },
          "items": {
            "object": "list",
            "data": [
              {
                "id": "si_ILmfCpHxHKCaQq",
                "object": "subscription_item",
                "billing_thresholds": null,
                "created": 1604808095,
                "metadata": {
                },
                "plan": {
                  "id": "drumknott",
                  "object": "plan",
                  "active": true,
                  "aggregate_usage": null,
                  "amount": 300,
                  "amount_decimal": "300",
                  "billing_scheme": "per_unit",
                  "created": 1604808091,
                  "currency": "usd",
                  "interval": "month",
                  "interval_count": 1,
                  "livemode": false,
                  "metadata": {
                  },
                  "name": "Drumknott Test",
                  "nickname": null,
                  "product": "prod_ILmf9KUPH81oQh",
                  "statement_descriptor": null,
                  "tiers": null,
                  "tiers_mode": null,
                  "transform_usage": null,
                  "trial_period_days": null,
                  "usage_type": "licensed"
                },
                "price": {
                  "id": "drumknott",
                  "object": "price",
                  "active": true,
                  "billing_scheme": "per_unit",
                  "created": 1604808091,
                  "currency": "usd",
                  "livemode": false,
                  "lookup_key": null,
                  "metadata": {
                  },
                  "nickname": null,
                  "product": "prod_ILmf9KUPH81oQh",
                  "recurring": {
                    "aggregate_usage": null,
                    "interval": "month",
                    "interval_count": 1,
                    "trial_period_days": null,
                    "usage_type": "licensed"
                  },
                  "tiers_mode": null,
                  "transform_quantity": null,
                  "type": "recurring",
                  "unit_amount": 300,
                  "unit_amount_decimal": "300"
                },
                "quantity": 1,
                "subscription": "sub_ILmfAwGA9dyuoh",
                "tax_rates": [

                ]
              }
            ],
            "has_more": false,
            "total_count": 1,
            "url": "/v1/subscription_items?subscription=sub_ILmfAwGA9dyuoh"
          },
          "latest_invoice": "in_0Hl55vkKe4kFpYbd4djo94YG",
          "livemode": false,
          "metadata": {
          },
          "next_pending_invoice_item_invoice": null,
          "pause_collection": null,
          "pending_invoice_item_interval": null,
          "pending_setup_intent": null,
          "pending_update": null,
          "plan": {
            "id": "drumknott",
            "object": "plan",
            "active": true,
            "aggregate_usage": null,
            "amount": 300,
            "amount_decimal": "300",
            "billing_scheme": "per_unit",
            "created": 1604808091,
            "currency": "usd",
            "interval": "month",
            "interval_count": 1,
            "livemode": false,
            "metadata": {
            },
            "name": "Drumknott Test",
            "nickname": null,
            "product": "prod_ILmf9KUPH81oQh",
            "statement_descriptor": null,
            "tiers": null,
            "tiers_mode": null,
            "transform_usage": null,
            "trial_period_days": null,
            "usage_type": "licensed"
          },
          "quantity": 1,
          "schedule": null,
          "start": 1604808095,
          "start_date": 1604808095,
          "status": "canceled",
          "tax_percent": null,
          "transfer_data": null,
          "trial_end": null,
          "trial_start": null
        }
  recorded_at: Sun, 08 Nov 2020 04:01:39 GMT
- request:
    method: get
    uri: https://api.stripe.com/v1/events
    body:
      encoding: US-ASCII
      string: ''
    headers:
      User-Agent:
      - Stripe/v1 RubyBindings/5.28.0
      Authorization:
      - Bearer aAcnj1rwUlr0eRc4MrHxFvsye3Dd4GXU
      Content-Type:
      - application/x-www-form-urlencoded
      X-Stripe-Client-Telemetry:
      - '{"last_request_metrics":{"request_id":"req_C2D12g8jCzOnUF","request_duration_ms":930}}'
      X-Stripe-Client-User-Agent:
      - '{"bindings_version":"5.28.0","lang":"ruby","lang_version":"2.7.2 p137 (2020-10-01)","platform":"x86_64-darwin19","engine":"ruby","publisher":"stripe","uname":"Darwin
        pat 19.6.0 Darwin Kernel Version 19.6.0: Mon Aug 31 22:12:52 PDT 2020; root:xnu-6153.141.2~1/RELEASE_X86_64
        x86_64","hostname":"pat"}'
      Accept-Encoding:
      - gzip;q=1.0,deflate;q=0.6,identity;q=0.3
      Accept:
      - "*/*"
  response:
    status:
      code: 200
      message: OK
    headers:
      Server:
      - nginx
      Date:
      - Sun, 08 Nov 2020 04:01:39 GMT
      Content-Type:
      - application/json
      Content-Length:
      - '58511'
      Connection:
      - keep-alive
      Access-Control-Allow-Credentials:
      - 'true'
      Access-Control-Allow-Methods:
      - GET, POST, HEAD, OPTIONS, DELETE
      Access-Control-Allow-Origin:
      - "*"
      Access-Control-Expose-Headers:
      - Request-Id, Stripe-Manage-Version, X-Stripe-External-Auth-Required, X-Stripe-Privileged-Session-Required
      Access-Control-Max-Age:
      - '300'
      Cache-Control:
      - no-cache, no-store
      Request-Id:
      - req_cFVyh0jZ39u50Z
      Stripe-Version:
      - '2017-12-14'
      Strict-Transport-Security:
      - max-age=31556926; includeSubDomains; preload
    body:
      encoding: ASCII-8BIT
      string: !binary |-
        ewogICJvYmplY3QiOiAibGlzdCIsCiAgImRhdGEiOiBbCiAgICB7CiAgICAgICJpZCI6ICJldnRfMEhsNTV5a0tlNGtGcFliZFJnSGxkMUxSIiwKICAgICAgIm9iamVjdCI6ICJldmVudCIsCiAgICAgICJhcGlfdmVyc2lvbiI6ICIyMDE3LTEyLTE0IiwKICAgICAgImNyZWF0ZWQiOiAxNjA0ODA4MDk4LAogICAgICAiZGF0YSI6IHsKICAgICAgICAib2JqZWN0IjogewogICAgICAgICAgImlkIjogInN1Yl9JTG1mQXdHQTlkeXVvaCIsCiAgICAgICAgICAib2JqZWN0IjogInN1YnNjcmlwdGlvbiIsCiAgICAgICAgICAiYXBwbGljYXRpb25fZmVlX3BlcmNlbnQiOiBudWxsLAogICAgICAgICAgImJpbGxpbmciOiAiY2hhcmdlX2F1dG9tYXRpY2FsbHkiLAogICAgICAgICAgImJpbGxpbmdfY3ljbGVfYW5jaG9yIjogMTYwNDgwODA5NSwKICAgICAgICAgICJiaWxsaW5nX3RocmVzaG9sZHMiOiBudWxsLAogICAgICAgICAgImNhbmNlbF9hdCI6IG51bGwsCiAgICAgICAgICAiY2FuY2VsX2F0X3BlcmlvZF9lbmQiOiBmYWxzZSwKICAgICAgICAgICJjYW5jZWxlZF9hdCI6IDE2MDQ4MDgwOTgsCiAgICAgICAgICAiY29sbGVjdGlvbl9tZXRob2QiOiAiY2hhcmdlX2F1dG9tYXRpY2FsbHkiLAogICAgICAgICAgImNyZWF0ZWQiOiAxNjA0ODA4MDk1LAogICAgICAgICAgImN1cnJlbnRfcGVyaW9kX2VuZCI6IDE2MDc0MDAwOTUsCiAgICAgICAgICAiY3VycmVudF9wZXJpb2Rfc3RhcnQiOiAxNjA0ODA4MDk1LAogICAgICAgICAgImN1c3RvbWVyIjogImN1c19JTG1maXprODRiWndmdiIsCiAgICAgICAgICAiZGF5c191bnRpbF9kdWUiOiBudWxsLAogICAgICAgICAgImRlZmF1bHRfcGF5bWVudF9tZXRob2QiOiBudWxsLAogICAgICAgICAgImRlZmF1bHRfc291cmNlIjogbnVsbCwKICAgICAgICAgICJkZWZhdWx0X3RheF9yYXRlcyI6IFsKCiAgICAgICAgICBdLAogICAgICAgICAgImRpc2NvdW50IjogbnVsbCwKICAgICAgICAgICJlbmRlZF9hdCI6IDE2MDQ4MDgwOTgsCiAgICAgICAgICAiaW52b2ljZV9jdXN0b21lcl9iYWxhbmNlX3NldHRpbmdzIjogewogICAgICAgICAgICAiY29uc3VtZV9hcHBsaWVkX2JhbGFuY2Vfb25fdm9pZCI6IHRydWUKICAgICAgICAgIH0sCiAgICAgICAgICAiaXRlbXMiOiB7CiAgICAgICAgICAgICJvYmplY3QiOiAibGlzdCIsCiAgICAgICAgICAgICJkYXRhIjogWwogICAgICAgICAgICAgIHsKICAgICAgICAgICAgICAgICJpZCI6ICJzaV9JTG1mQ3BIeEhLQ2FRcSIsCiAgICAgICAgICAgICAgICAib2JqZWN0IjogInN1YnNjcmlwdGlvbl9pdGVtIiwKICAgICAgICAgICAgICAgICJiaWxsaW5nX3RocmVzaG9sZHMiOiBudWxsLAogICAgICAgICAgICAgICAgImNyZWF0ZWQiOiAxNjA0ODA4MDk1LAogICAgICAgICAgICAgICAgIm1ldGFkYXRhIjogewogICAgICAgICAgICAgICAgfSwKICAgICAgICAgICAgICAgICJwbGFuIjogewogICAgICAgICAgICAgICAgICAiaWQiOiAiZHJ1bWtub3R0IiwKICAgICAgICAgICAgICAgICAgIm9iamVjdCI6ICJwbGFuIiwKICAgICAgICAgICAgICAgICAgImFjdGl2ZSI6IHRydWUsCiAgICAgICAgICAgICAgICAgICJhZ2dyZWdhdGVfdXNhZ2UiOiBudWxsLAogICAgICAgICAgICAgICAgICAiYW1vdW50IjogMzAwLAogICAgICAgICAgICAgICAgICAiYW1vdW50X2RlY2ltYWwiOiAiMzAwIiwKICAgICAgICAgICAgICAgICAgImJpbGxpbmdfc2NoZW1lIjogInBlcl91bml0IiwKICAgICAgICAgICAgICAgICAgImNyZWF0ZWQiOiAxNjA0ODA4MDkxLAogICAgICAgICAgICAgICAgICAiY3VycmVuY3kiOiAidXNkIiwKICAgICAgICAgICAgICAgICAgImludGVydmFsIjogIm1vbnRoIiwKICAgICAgICAgICAgICAgICAgImludGVydmFsX2NvdW50IjogMSwKICAgICAgICAgICAgICAgICAgImxpdmVtb2RlIjogZmFsc2UsCiAgICAgICAgICAgICAgICAgICJtZXRhZGF0YSI6IHsKICAgICAgICAgICAgICAgICAgfSwKICAgICAgICAgICAgICAgICAgIm5hbWUiOiAiRHJ1bWtub3R0IFRlc3QiLAogICAgICAgICAgICAgICAgICAibmlja25hbWUiOiBudWxsLAogICAgICAgICAgICAgICAgICAicHJvZHVjdCI6ICJwcm9kX0lMbWY5S1VQSDgxb1FoIiwKICAgICAgICAgICAgICAgICAgInN0YXRlbWVudF9kZXNjcmlwdG9yIjogbnVsbCwKICAgICAgICAgICAgICAgICAgInRpZXJzIjogbnVsbCwKICAgICAgICAgICAgICAgICAgInRpZXJzX21vZGUiOiBudWxsLAogICAgICAgICAgICAgICAgICAidHJhbnNmb3JtX3VzYWdlIjogbnVsbCwKICAgICAgICAgICAgICAgICAgInRyaWFsX3BlcmlvZF9kYXlzIjogbnVsbCwKICAgICAgICAgICAgICAgICAgInVzYWdlX3R5cGUiOiAibGljZW5zZWQiCiAgICAgICAgICAgICAgICB9LAogICAgICAgICAgICAgICAgInByaWNlIjogewogICAgICAgICAgICAgICAgICAiaWQiOiAiZHJ1bWtub3R0IiwKICAgICAgICAgICAgICAgICAgIm9iamVjdCI6ICJwcmljZSIsCiAgICAgICAgICAgICAgICAgICJhY3RpdmUiOiB0cnVlLAogICAgICAgICAgICAgICAgICAiYmlsbGluZ19zY2hlbWUiOiAicGVyX3VuaXQiLAogICAgICAgICAgICAgICAgICAiY3JlYXRlZCI6IDE2MDQ4MDgwOTEsCiAgICAgICAgICAgICAgICAgICJjdXJyZW5jeSI6ICJ1c2QiLAogICAgICAgICAgICAgICAgICAibGl2ZW1vZGUiOiBmYWxzZSwKICAgICAgICAgICAgICAgICAgImxvb2t1cF9rZXkiOiBudWxsLAogICAgICAgICAgICAgICAgICAibWV0YWRhdGEiOiB7CiAgICAgICAgICAgICAgICAgIH0sCiAgICAgICAgICAgICAgICAgICJuaWNrbmFtZSI6IG51bGwsCiAgICAgICAgICAgICAgICAgICJwcm9kdWN0IjogInByb2RfSUxtZjlLVVBIODFvUWgiLAogICAgICAgICAgICAgICAgICAicmVjdXJyaW5nIjogewogICAgICAgICAgICAgICAgICAgICJhZ2dyZWdhdGVfdXNhZ2UiOiBudWxsLAogICAgICAgICAgICAgICAgICAgICJpbnRlcnZhbCI6ICJtb250aCIsCiAgICAgICAgICAgICAgICAgICAgImludGVydmFsX2NvdW50IjogMSwKICAgICAgICAgICAgICAgICAgICAidHJpYWxfcGVyaW9kX2RheXMiOiBudWxsLAogICAgICAgICAgICAgICAgICAgICJ1c2FnZV90eXBlIjogImxpY2Vuc2VkIgogICAgICAgICAgICAgICAgICB9LAogICAgICAgICAgICAgICAgICAidGllcnNfbW9kZSI6IG51bGwsCiAgICAgICAgICAgICAgICAgICJ0cmFuc2Zvcm1fcXVhbnRpdHkiOiBudWxsLAogICAgICAgICAgICAgICAgICAidHlwZSI6ICJyZWN1cnJpbmciLAogICAgICAgICAgICAgICAgICAidW5pdF9hbW91bnQiOiAzMDAsCiAgICAgICAgICAgICAgICAgICJ1bml0X2Ftb3VudF9kZWNpbWFsIjogIjMwMCIKICAgICAgICAgICAgICAgIH0sCiAgICAgICAgICAgICAgICAicXVhbnRpdHkiOiAxLAogICAgICAgICAgICAgICAgInN1YnNjcmlwdGlvbiI6ICJzdWJfSUxtZkF3R0E5ZHl1b2giLAogICAgICAgICAgICAgICAgInRheF9yYXRlcyI6IFsKCiAgICAgICAgICAgICAgICBdCiAgICAgICAgICAgICAgfQogICAgICAgICAgICBdLAogICAgICAgICAgICAiaGFzX21vcmUiOiBmYWxzZSwKICAgICAgICAgICAgInRvdGFsX2NvdW50IjogMSwKICAgICAgICAgICAgInVybCI6ICIvdjEvc3Vic2NyaXB0aW9uX2l0ZW1zP3N1YnNjcmlwdGlvbj1zdWJfSUxtZkF3R0E5ZHl1b2giCiAgICAgICAgICB9LAogICAgICAgICAgImxhdGVzdF9pbnZvaWNlIjogImluXzBIbDU1dmtLZTRrRnBZYmQ0ZGpvOTRZRyIsCiAgICAgICAgICAibGl2ZW1vZGUiOiBmYWxzZSwKICAgICAgICAgICJtZXRhZGF0YSI6IHsKICAgICAgICAgIH0sCiAgICAgICAgICAibmV4dF9wZW5kaW5nX2ludm9pY2VfaXRlbV9pbnZvaWNlIjogbnVsbCwKICAgICAgICAgICJwYXVzZV9jb2xsZWN0aW9uIjogbnVsbCwKICAgICAgICAgICJwZW5kaW5nX2ludm9pY2VfaXRlbV9pbnRlcnZhbCI6IG51bGwsCiAgICAgICAgICAicGVuZGluZ19zZXR1cF9pbnRlbnQiOiBudWxsLAogICAgICAgICAgInBlbmRpbmdfdXBkYXRlIjogbnVsbCwKICAgICAgICAgICJwbGFuIjogewogICAgICAgICAgICAiaWQiOiAiZHJ1bWtub3R0IiwKICAgICAgICAgICAgIm9iamVjdCI6ICJwbGFuIiwKICAgICAgICAgICAgImFjdGl2ZSI6IHRydWUsCiAgICAgICAgICAgICJhZ2dyZWdhdGVfdXNhZ2UiOiBudWxsLAogICAgICAgICAgICAiYW1vdW50IjogMzAwLAogICAgICAgICAgICAiYW1vdW50X2RlY2ltYWwiOiAiMzAwIiwKICAgICAgICAgICAgImJpbGxpbmdfc2NoZW1lIjogInBlcl91bml0IiwKICAgICAgICAgICAgImNyZWF0ZWQiOiAxNjA0ODA4MDkxLAogICAgICAgICAgICAiY3VycmVuY3kiOiAidXNkIiwKICAgICAgICAgICAgImludGVydmFsIjogIm1vbnRoIiwKICAgICAgICAgICAgImludGVydmFsX2NvdW50IjogMSwKICAgICAgICAgICAgImxpdmVtb2RlIjogZmFsc2UsCiAgICAgICAgICAgICJtZXRhZGF0YSI6IHsKICAgICAgICAgICAgfSwKICAgICAgICAgICAgIm5hbWUiOiAiRHJ1bWtub3R0IFRlc3QiLAogICAgICAgICAgICAibmlja25hbWUiOiBudWxsLAogICAgICAgICAgICAicHJvZHVjdCI6ICJwcm9kX0lMbWY5S1VQSDgxb1FoIiwKICAgICAgICAgICAgInN0YXRlbWVudF9kZXNjcmlwdG9yIjogbnVsbCwKICAgICAgICAgICAgInRpZXJzIjogbnVsbCwKICAgICAgICAgICAgInRpZXJzX21vZGUiOiBudWxsLAogICAgICAgICAgICAidHJhbnNmb3JtX3VzYWdlIjogbnVsbCwKICAgICAgICAgICAgInRyaWFsX3BlcmlvZF9kYXlzIjogbnVsbCwKICAgICAgICAgICAgInVzYWdlX3R5cGUiOiAibGljZW5zZWQiCiAgICAgICAgICB9LAogICAgICAgICAgInF1YW50aXR5IjogMSwKICAgICAgICAgICJzY2hlZHVsZSI6IG51bGwsCiAgICAgICAgICAic3RhcnQiOiAxNjA0ODA4MDk1LAogICAgICAgICAgInN0YXJ0X2RhdGUiOiAxNjA0ODA4MDk1LAogICAgICAgICAgInN0YXR1cyI6ICJjYW5jZWxlZCIsCiAgICAgICAgICAidGF4X3BlcmNlbnQiOiBudWxsLAogICAgICAgICAgInRyYW5zZmVyX2RhdGEiOiBudWxsLAogICAgICAgICAgInRyaWFsX2VuZCI6IG51bGwsCiAgICAgICAgICAidHJpYWxfc3RhcnQiOiBudWxsCiAgICAgICAgfQogICAgICB9LAogICAgICAibGl2ZW1vZGUiOiBmYWxzZSwKICAgICAgInBlbmRpbmdfd2ViaG9va3MiOiAwLAogICAgICAicmVxdWVzdCI6IHsKICAgICAgICAiaWQiOiAicmVxX0MyRDEyZzhqQ3pPblVGIiwKICAgICAgICAiaWRlbXBvdGVuY3lfa2V5IjogbnVsbAogICAgICB9LAogICAgICAidHlwZSI6ICJjdXN0b21lci5zdWJzY3JpcHRpb24uZGVsZXRlZCIKICAgIH0sCiAgICB7CiAgICAgICJpZCI6ICJldnRfMEhsNTV3a0tlNGtGcFliZGlrRlJ4TnBIIiwKICAgICAgIm9iamVjdCI6ICJldmVudCIsCiAgICAgICJhcGlfdmVyc2lvbiI6ICIyMDE3LTEyLTE0IiwKICAgICAgImNyZWF0ZWQiOiAxNjA0ODA4MDk2LAogICAgICAiZGF0YSI6IHsKICAgICAgICAib2JqZWN0IjogewogICAgICAgICAgImlkIjogInN1Yl9JTG1mQXdHQTlkeXVvaCIsCiAgICAgICAgICAib2JqZWN0IjogInN1YnNjcmlwdGlvbiIsCiAgICAgICAgICAiYXBwbGljYXRpb25fZmVlX3BlcmNlbnQiOiBudWxsLAogICAgICAgICAgImJpbGxpbmciOiAiY2hhcmdlX2F1dG9tYXRpY2FsbHkiLAogICAgICAgICAgImJpbGxpbmdfY3ljbGVfYW5jaG9yIjogMTYwNDgwODA5NSwKICAgICAgICAgICJiaWxsaW5nX3RocmVzaG9sZHMiOiBudWxsLAogICAgICAgICAgImNhbmNlbF9hdCI6IG51bGwsCiAgICAgICAgICAiY2FuY2VsX2F0X3BlcmlvZF9lbmQiOiBmYWxzZSwKICAgICAgICAgICJjYW5jZWxlZF9hdCI6IG51bGwsCiAgICAgICAgICAiY29sbGVjdGlvbl9tZXRob2QiOiAiY2hhcmdlX2F1dG9tYXRpY2FsbHkiLAogICAgICAgICAgImNyZWF0ZWQiOiAxNjA0ODA4MDk1LAogICAgICAgICAgImN1cnJlbnRfcGVyaW9kX2VuZCI6IDE2MDc0MDAwOTUsCiAgICAgICAgICAiY3VycmVudF9wZXJpb2Rfc3RhcnQiOiAxNjA0ODA4MDk1LAogICAgICAgICAgImN1c3RvbWVyIjogImN1c19JTG1maXprODRiWndmdiIsCiAgICAgICAgICAiZGF5c191bnRpbF9kdWUiOiBudWxsLAogICAgICAgICAgImRlZmF1bHRfcGF5bWVudF9tZXRob2QiOiBudWxsLAogICAgICAgICAgImRlZmF1bHRfc291cmNlIjogbnVsbCwKICAgICAgICAgICJkZWZhdWx0X3RheF9yYXRlcyI6IFsKCiAgICAgICAgICBdLAogICAgICAgICAgImRpc2NvdW50IjogbnVsbCwKICAgICAgICAgICJlbmRlZF9hdCI6IG51bGwsCiAgICAgICAgICAiaW52b2ljZV9jdXN0b21lcl9iYWxhbmNlX3NldHRpbmdzIjogewogICAgICAgICAgICAiY29uc3VtZV9hcHBsaWVkX2JhbGFuY2Vfb25fdm9pZCI6IHRydWUKICAgICAgICAgIH0sCiAgICAgICAgICAiaXRlbXMiOiB7CiAgICAgICAgICAgICJvYmplY3QiOiAibGlzdCIsCiAgICAgICAgICAgICJkYXRhIjogWwogICAgICAgICAgICAgIHsKICAgICAgICAgICAgICAgICJpZCI6ICJzaV9JTG1mQ3BIeEhLQ2FRcSIsCiAgICAgICAgICAgICAgICAib2JqZWN0IjogInN1YnNjcmlwdGlvbl9pdGVtIiwKICAgICAgICAgICAgICAgICJiaWxsaW5nX3RocmVzaG9sZHMiOiBudWxsLAogICAgICAgICAgICAgICAgImNyZWF0ZWQiOiAxNjA0ODA4MDk1LAogICAgICAgICAgICAgICAgIm1ldGFkYXRhIjogewogICAgICAgICAgICAgICAgfSwKICAgICAgICAgICAgICAgICJwbGFuIjogewogICAgICAgICAgICAgICAgICAiaWQiOiAiZHJ1bWtub3R0IiwKICAgICAgICAgICAgICAgICAgIm9iamVjdCI6ICJwbGFuIiwKICAgICAgICAgICAgICAgICAgImFjdGl2ZSI6IHRydWUsCiAgICAgICAgICAgICAgICAgICJhZ2dyZWdhdGVfdXNhZ2UiOiBudWxsLAogICAgICAgICAgICAgICAgICAiYW1vdW50IjogMzAwLAogICAgICAgICAgICAgICAgICAiYW1vdW50X2RlY2ltYWwiOiAiMzAwIiwKICAgICAgICAgICAgICAgICAgImJpbGxpbmdfc2NoZW1lIjogInBlcl91bml0IiwKICAgICAgICAgICAgICAgICAgImNyZWF0ZWQiOiAxNjA0ODA4MDkxLAogICAgICAgICAgICAgICAgICAiY3VycmVuY3kiOiAidXNkIiwKICAgICAgICAgICAgICAgICAgImludGVydmFsIjogIm1vbnRoIiwKICAgICAgICAgICAgICAgICAgImludGVydmFsX2NvdW50IjogMSwKICAgICAgICAgICAgICAgICAgImxpdmVtb2RlIjogZmFsc2UsCiAgICAgICAgICAgICAgICAgICJtZXRhZGF0YSI6IHsKICAgICAgICAgICAgICAgICAgfSwKICAgICAgICAgICAgICAgICAgIm5hbWUiOiAiRHJ1bWtub3R0IFRlc3QiLAogICAgICAgICAgICAgICAgICAibmlja25hbWUiOiBudWxsLAogICAgICAgICAgICAgICAgICAicHJvZHVjdCI6ICJwcm9kX0lMbWY5S1VQSDgxb1FoIiwKICAgICAgICAgICAgICAgICAgInN0YXRlbWVudF9kZXNjcmlwdG9yIjogbnVsbCwKICAgICAgICAgICAgICAgICAgInRpZXJzIjogbnVsbCwKICAgICAgICAgICAgICAgICAgInRpZXJzX21vZGUiOiBudWxsLAogICAgICAgICAgICAgICAgICAidHJhbnNmb3JtX3VzYWdlIjogbnVsbCwKICAgICAgICAgICAgICAgICAgInRyaWFsX3BlcmlvZF9kYXlzIjogbnVsbCwKICAgICAgICAgICAgICAgICAgInVzYWdlX3R5cGUiOiAibGljZW5zZWQiCiAgICAgICAgICAgICAgICB9LAogICAgICAgICAgICAgICAgInByaWNlIjogewogICAgICAgICAgICAgICAgICAiaWQiOiAiZHJ1bWtub3R0IiwKICAgICAgICAgICAgICAgICAgIm9iamVjdCI6ICJwcmljZSIsCiAgICAgICAgICAgICAgICAgICJhY3RpdmUiOiB0cnVlLAogICAgICAgICAgICAgICAgICAiYmlsbGluZ19zY2hlbWUiOiAicGVyX3VuaXQiLAogICAgICAgICAgICAgICAgICAiY3JlYXRlZCI6IDE2MDQ4MDgwOTEsCiAgICAgICAgICAgICAgICAgICJjdXJyZW5jeSI6ICJ1c2QiLAogICAgICAgICAgICAgICAgICAibGl2ZW1vZGUiOiBmYWxzZSwKICAgICAgICAgICAgICAgICAgImxvb2t1cF9rZXkiOiBudWxsLAogICAgICAgICAgICAgICAgICAibWV0YWRhdGEiOiB7CiAgICAgICAgICAgICAgICAgIH0sCiAgICAgICAgICAgICAgICAgICJuaWNrbmFtZSI6IG51bGwsCiAgICAgICAgICAgICAgICAgICJwcm9kdWN0IjogInByb2RfSUxtZjlLVVBIODFvUWgiLAogICAgICAgICAgICAgICAgICAicmVjdXJyaW5nIjogewogICAgICAgICAgICAgICAgICAgICJhZ2dyZWdhdGVfdXNhZ2UiOiBudWxsLAogICAgICAgICAgICAgICAgICAgICJpbnRlcnZhbCI6ICJtb250aCIsCiAgICAgICAgICAgICAgICAgICAgImludGVydmFsX2NvdW50IjogMSwKICAgICAgICAgICAgICAgICAgICAidHJpYWxfcGVyaW9kX2RheXMiOiBudWxsLAogICAgICAgICAgICAgICAgICAgICJ1c2FnZV90eXBlIjogImxpY2Vuc2VkIgogICAgICAgICAgICAgICAgICB9LAogICAgICAgICAgICAgICAgICAidGllcnNfbW9kZSI6IG51bGwsCiAgICAgICAgICAgICAgICAgICJ0cmFuc2Zvcm1fcXVhbnRpdHkiOiBudWxsLAogICAgICAgICAgICAgICAgICAidHlwZSI6ICJyZWN1cnJpbmciLAogICAgICAgICAgICAgICAgICAidW5pdF9hbW91bnQiOiAzMDAsCiAgICAgICAgICAgICAgICAgICJ1bml0X2Ftb3VudF9kZWNpbWFsIjogIjMwMCIKICAgICAgICAgICAgICAgIH0sCiAgICAgICAgICAgICAgICAicXVhbnRpdHkiOiAxLAogICAgICAgICAgICAgICAgInN1YnNjcmlwdGlvbiI6ICJzdWJfSUxtZkF3R0E5ZHl1b2giLAogICAgICAgICAgICAgICAgInRheF9yYXRlcyI6IFsKCiAgICAgICAgICAgICAgICBdCiAgICAgICAgICAgICAgfQogICAgICAgICAgICBdLAogICAgICAgICAgICAiaGFzX21vcmUiOiBmYWxzZSwKICAgICAgICAgICAgInRvdGFsX2NvdW50IjogMSwKICAgICAgICAgICAgInVybCI6ICIvdjEvc3Vic2NyaXB0aW9uX2l0ZW1zP3N1YnNjcmlwdGlvbj1zdWJfSUxtZkF3R0E5ZHl1b2giCiAgICAgICAgICB9LAogICAgICAgICAgImxhdGVzdF9pbnZvaWNlIjogImluXzBIbDU1dmtLZTRrRnBZYmQ0ZGpvOTRZRyIsCiAgICAgICAgICAibGl2ZW1vZGUiOiBmYWxzZSwKICAgICAgICAgICJtZXRhZGF0YSI6IHsKICAgICAgICAgIH0sCiAgICAgICAgICAibmV4dF9wZW5kaW5nX2ludm9pY2VfaXRlbV9pbnZvaWNlIjogbnVsbCwKICAgICAgICAgICJwYXVzZV9jb2xsZWN0aW9uIjogbnVsbCwKICAgICAgICAgICJwZW5kaW5nX2ludm9pY2VfaXRlbV9pbnRlcnZhbCI6IG51bGwsCiAgICAgICAgICAicGVuZGluZ19zZXR1cF9pbnRlbnQiOiBudWxsLAogICAgICAgICAgInBlbmRpbmdfdXBkYXRlIjogbnVsbCwKICAgICAgICAgICJwbGFuIjogewogICAgICAgICAgICAiaWQiOiAiZHJ1bWtub3R0IiwKICAgICAgICAgICAgIm9iamVjdCI6ICJwbGFuIiwKICAgICAgICAgICAgImFjdGl2ZSI6IHRydWUsCiAgICAgICAgICAgICJhZ2dyZWdhdGVfdXNhZ2UiOiBudWxsLAogICAgICAgICAgICAiYW1vdW50IjogMzAwLAogICAgICAgICAgICAiYW1vdW50X2RlY2ltYWwiOiAiMzAwIiwKICAgICAgICAgICAgImJpbGxpbmdfc2NoZW1lIjogInBlcl91bml0IiwKICAgICAgICAgICAgImNyZWF0ZWQiOiAxNjA0ODA4MDkxLAogICAgICAgICAgICAiY3VycmVuY3kiOiAidXNkIiwKICAgICAgICAgICAgImludGVydmFsIjogIm1vbnRoIiwKICAgICAgICAgICAgImludGVydmFsX2NvdW50IjogMSwKICAgICAgICAgICAgImxpdmVtb2RlIjogZmFsc2UsCiAgICAgICAgICAgICJtZXRhZGF0YSI6IHsKICAgICAgICAgICAgfSwKICAgICAgICAgICAgIm5hbWUiOiAiRHJ1bWtub3R0IFRlc3QiLAogICAgICAgICAgICAibmlja25hbWUiOiBudWxsLAogICAgICAgICAgICAicHJvZHVjdCI6ICJwcm9kX0lMbWY5S1VQSDgxb1FoIiwKICAgICAgICAgICAgInN0YXRlbWVudF9kZXNjcmlwdG9yIjogbnVsbCwKICAgICAgICAgICAgInRpZXJzIjogbnVsbCwKICAgICAgICAgICAgInRpZXJzX21vZGUiOiBudWxsLAogICAgICAgICAgICAidHJhbnNmb3JtX3VzYWdlIjogbnVsbCwKICAgICAgICAgICAgInRyaWFsX3BlcmlvZF9kYXlzIjogbnVsbCwKICAgICAgICAgICAgInVzYWdlX3R5cGUiOiAibGljZW5zZWQiCiAgICAgICAgICB9LAogICAgICAgICAgInF1YW50aXR5IjogMSwKICAgICAgICAgICJzY2hlZHVsZSI6IG51bGwsCiAgICAgICAgICAic3RhcnQiOiAxNjA0ODA4MDk1LAogICAgICAgICAgInN0YXJ0X2RhdGUiOiAxNjA0ODA4MDk1LAogICAgICAgICAgInN0YXR1cyI6ICJhY3RpdmUiLAogICAgICAgICAgInRheF9wZXJjZW50IjogbnVsbCwKICAgICAgICAgICJ0cmFuc2Zlcl9kYXRhIjogbnVsbCwKICAgICAgICAgICJ0cmlhbF9lbmQiOiBudWxsLAogICAgICAgICAgInRyaWFsX3N0YXJ0IjogbnVsbAogICAgICAgIH0KICAgICAgfSwKICAgICAgImxpdmVtb2RlIjogZmFsc2UsCiAgICAgICJwZW5kaW5nX3dlYmhvb2tzIjogMCwKICAgICAgInJlcXVlc3QiOiB7CiAgICAgICAgImlkIjogInJlcV9UR1R5ejExbjJreUd1ayIsCiAgICAgICAgImlkZW1wb3RlbmN5X2tleSI6IG51bGwKICAgICAgfSwKICAgICAgInR5cGUiOiAiY3VzdG9tZXIuc3Vic2NyaXB0aW9uLmNyZWF0ZWQiCiAgICB9LAogICAgewogICAgICAiaWQiOiAiZXZ0XzBIbDU1d2tLZTRrRnBZYmRwVGhvRzM3diIsCiAgICAgICJvYmplY3QiOiAiZXZlbnQiLAogICAgICAiYXBpX3ZlcnNpb24iOiAiMjAxNy0xMi0xNCIsCiAgICAgICJjcmVhdGVkIjogMTYwNDgwODA5NiwKICAgICAgImRhdGEiOiB7CiAgICAgICAgIm9iamVjdCI6IHsKICAgICAgICAgICJpZCI6ICJpbl8wSGw1NXZrS2U0a0ZwWWJkNGRqbzk0WUciLAogICAgICAgICAgIm9iamVjdCI6ICJpbnZvaWNlIiwKICAgICAgICAgICJhY2NvdW50X2NvdW50cnkiOiAiQVUiLAogICAgICAgICAgImFjY291bnRfbmFtZSI6ICJEcnVta25vdHQgU2VhcmNoIiwKICAgICAgICAgICJhY2NvdW50X3RheF9pZHMiOiBudWxsLAogICAgICAgICAgImFtb3VudF9kdWUiOiAzMDAsCiAgICAgICAgICAiYW1vdW50X3BhaWQiOiAzMDAsCiAgICAgICAgICAiYW1vdW50X3JlbWFpbmluZyI6IDAsCiAgICAgICAgICAiYXBwbGljYXRpb25fZmVlIjogbnVsbCwKICAgICAgICAgICJhdHRlbXB0X2NvdW50IjogMSwKICAgICAgICAgICJhdHRlbXB0ZWQiOiB0cnVlLAogICAgICAgICAgImF1dG9fYWR2YW5jZSI6IGZhbHNlLAogICAgICAgICAgImJpbGxpbmciOiAiY2hhcmdlX2F1dG9tYXRpY2FsbHkiLAogICAgICAgICAgImJpbGxpbmdfcmVhc29uIjogInN1YnNjcmlwdGlvbl91cGRhdGUiLAogICAgICAgICAgImNoYXJnZSI6ICJjaF8wSGw1NXZrS2U0a0ZwWWJkWTFSblJObjYiLAogICAgICAgICAgImNsb3NlZCI6IHRydWUsCiAgICAgICAgICAiY29sbGVjdGlvbl9tZXRob2QiOiAiY2hhcmdlX2F1dG9tYXRpY2FsbHkiLAogICAgICAgICAgImNyZWF0ZWQiOiAxNjA0ODA4MDk1LAogICAgICAgICAgImN1cnJlbmN5IjogInVzZCIsCiAgICAgICAgICAiY3VzdG9tX2ZpZWxkcyI6IG51bGwsCiAgICAgICAgICAiY3VzdG9tZXIiOiAiY3VzX0lMbWZpems4NGJad2Z2IiwKICAgICAgICAgICJjdXN0b21lcl9hZGRyZXNzIjogbnVsbCwKICAgICAgICAgICJjdXN0b21lcl9lbWFpbCI6ICJzZWFyY2gwMDI1QGRydW1rbm90dHNlYXJjaC5jb20iLAogICAgICAgICAgImN1c3RvbWVyX25hbWUiOiBudWxsLAogICAgICAgICAgImN1c3RvbWVyX3Bob25lIjogbnVsbCwKICAgICAgICAgICJjdXN0b21lcl9zaGlwcGluZyI6IG51bGwsCiAgICAgICAgICAiY3VzdG9tZXJfdGF4X2V4ZW1wdCI6ICJub25lIiwKICAgICAgICAgICJjdXN0b21lcl90YXhfaWRzIjogWwoKICAgICAgICAgIF0sCiAgICAgICAgICAiZGF0ZSI6IDE2MDQ4MDgwOTUsCiAgICAgICAgICAiZGVmYXVsdF9wYXltZW50X21ldGhvZCI6IG51bGwsCiAgICAgICAgICAiZGVmYXVsdF9zb3VyY2UiOiBudWxsLAogICAgICAgICAgImRlZmF1bHRfdGF4X3JhdGVzIjogWwoKICAgICAgICAgIF0sCiAgICAgICAgICAiZGVzY3JpcHRpb24iOiBudWxsLAogICAgICAgICAgImRpc2NvdW50IjogbnVsbCwKICAgICAgICAgICJkaXNjb3VudHMiOiBbCgogICAgICAgICAgXSwKICAgICAgICAgICJkdWVfZGF0ZSI6IG51bGwsCiAgICAgICAgICAiZW5kaW5nX2JhbGFuY2UiOiAwLAogICAgICAgICAgImZpbmFsaXplZF9hdCI6IDE2MDQ4MDgwOTUsCiAgICAgICAgICAiZm9vdGVyIjogbnVsbCwKICAgICAgICAgICJmb3JnaXZlbiI6IGZhbHNlLAogICAgICAgICAgImhvc3RlZF9pbnZvaWNlX3VybCI6ICJodHRwczovL3BheS5zdHJpcGUuY29tL2ludm9pY2Uva0tlNGtGcFliZEw2dVJGNzFUbEh2c09RemliVFlSVTAvaW52c3RfSUxtZkpPa1c5VTFRRVQyaHJOUXQyY2dIOG55NHZXciIsCiAgICAgICAgICAiaW52b2ljZV9wZGYiOiAiaHR0cHM6Ly9wYXkuc3RyaXBlLmNvbS9pbnZvaWNlL2tLZTRrRnBZYmRMNnVSRjcxVGxIdnNPUXppYlRZUlUwL2ludnN0X0lMbWZKT2tXOVUxUUVUMmhyTlF0MmNnSDhueTR2V3IvcGRmIiwKICAgICAgICAgICJsaW5lcyI6IHsKICAgICAgICAgICAgIm9iamVjdCI6ICJsaXN0IiwKICAgICAgICAgICAgImRhdGEiOiBbCiAgICAgICAgICAgICAgewogICAgICAgICAgICAgICAgImlkIjogInN1Yl9JTG1mQXdHQTlkeXVvaCIsCiAgICAgICAgICAgICAgICAib2JqZWN0IjogImxpbmVfaXRlbSIsCiAgICAgICAgICAgICAgICAiYW1vdW50IjogMzAwLAogICAgICAgICAgICAgICAgImN1cnJlbmN5IjogInVzZCIsCiAgICAgICAgICAgICAgICAiZGVzY3JpcHRpb24iOiAiMSDDlyBEcnVta25vdHQgVGVzdCAoYXQgJDMuMDAgLyBtb250aCkiLAogICAgICAgICAgICAgICAgImRpc2NvdW50X2Ftb3VudHMiOiBbCgogICAgICAgICAgICAgICAgXSwKICAgICAgICAgICAgICAgICJkaXNjb3VudGFibGUiOiB0cnVlLAogICAgICAgICAgICAgICAgImRpc2NvdW50cyI6IFsKCiAgICAgICAgICAgICAgICBdLAogICAgICAgICAgICAgICAgImxpdmVtb2RlIjogZmFsc2UsCiAgICAgICAgICAgICAgICAibWV0YWRhdGEiOiB7CiAgICAgICAgICAgICAgICB9LAogICAgICAgICAgICAgICAgInBlcmlvZCI6IHsKICAgICAgICAgICAgICAgICAgImVuZCI6IDE2MDc0MDAwOTUsCiAgICAgICAgICAgICAgICAgICJzdGFydCI6IDE2MDQ4MDgwOTUKICAgICAgICAgICAgICAgIH0sCiAgICAgICAgICAgICAgICAicGxhbiI6IHsKICAgICAgICAgICAgICAgICAgImlkIjogImRydW1rbm90dCIsCiAgICAgICAgICAgICAgICAgICJvYmplY3QiOiAicGxhbiIsCiAgICAgICAgICAgICAgICAgICJhY3RpdmUiOiB0cnVlLAogICAgICAgICAgICAgICAgICAiYWdncmVnYXRlX3VzYWdlIjogbnVsbCwKICAgICAgICAgICAgICAgICAgImFtb3VudCI6IDMwMCwKICAgICAgICAgICAgICAgICAgImFtb3VudF9kZWNpbWFsIjogIjMwMCIsCiAgICAgICAgICAgICAgICAgICJiaWxsaW5nX3NjaGVtZSI6ICJwZXJfdW5pdCIsCiAgICAgICAgICAgICAgICAgICJjcmVhdGVkIjogMTYwNDgwODA5MSwKICAgICAgICAgICAgICAgICAgImN1cnJlbmN5IjogInVzZCIsCiAgICAgICAgICAgICAgICAgICJpbnRlcnZhbCI6ICJtb250aCIsCiAgICAgICAgICAgICAgICAgICJpbnRlcnZhbF9jb3VudCI6IDEsCiAgICAgICAgICAgICAgICAgICJsaXZlbW9kZSI6IGZhbHNlLAogICAgICAgICAgICAgICAgICAibWV0YWRhdGEiOiB7CiAgICAgICAgICAgICAgICAgIH0sCiAgICAgICAgICAgICAgICAgICJuYW1lIjogIkRydW1rbm90dCBUZXN0IiwKICAgICAgICAgICAgICAgICAgIm5pY2tuYW1lIjogbnVsbCwKICAgICAgICAgICAgICAgICAgInByb2R1Y3QiOiAicHJvZF9JTG1mOUtVUEg4MW9RaCIsCiAgICAgICAgICAgICAgICAgICJzdGF0ZW1lbnRfZGVzY3JpcHRvciI6IG51bGwsCiAgICAgICAgICAgICAgICAgICJ0aWVycyI6IG51bGwsCiAgICAgICAgICAgICAgICAgICJ0aWVyc19tb2RlIjogbnVsbCwKICAgICAgICAgICAgICAgICAgInRyYW5zZm9ybV91c2FnZSI6IG51bGwsCiAgICAgICAgICAgICAgICAgICJ0cmlhbF9wZXJpb2RfZGF5cyI6IG51bGwsCiAgICAgICAgICAgICAgICAgICJ1c2FnZV90eXBlIjogImxpY2Vuc2VkIgogICAgICAgICAgICAgICAgfSwKICAgICAgICAgICAgICAgICJwcmljZSI6IHsKICAgICAgICAgICAgICAgICAgImlkIjogImRydW1rbm90dCIsCiAgICAgICAgICAgICAgICAgICJvYmplY3QiOiAicHJpY2UiLAogICAgICAgICAgICAgICAgICAiYWN0aXZlIjogdHJ1ZSwKICAgICAgICAgICAgICAgICAgImJpbGxpbmdfc2NoZW1lIjogInBlcl91bml0IiwKICAgICAgICAgICAgICAgICAgImNyZWF0ZWQiOiAxNjA0ODA4MDkxLAogICAgICAgICAgICAgICAgICAiY3VycmVuY3kiOiAidXNkIiwKICAgICAgICAgICAgICAgICAgImxpdmVtb2RlIjogZmFsc2UsCiAgICAgICAgICAgICAgICAgICJsb29rdXBfa2V5IjogbnVsbCwKICAgICAgICAgICAgICAgICAgIm1ldGFkYXRhIjogewogICAgICAgICAgICAgICAgICB9LAogICAgICAgICAgICAgICAgICAibmlja25hbWUiOiBudWxsLAogICAgICAgICAgICAgICAgICAicHJvZHVjdCI6ICJwcm9kX0lMbWY5S1VQSDgxb1FoIiwKICAgICAgICAgICAgICAgICAgInJlY3VycmluZyI6IHsKICAgICAgICAgICAgICAgICAgICAiYWdncmVnYXRlX3VzYWdlIjogbnVsbCwKICAgICAgICAgICAgICAgICAgICAiaW50ZXJ2YWwiOiAibW9udGgiLAogICAgICAgICAgICAgICAgICAgICJpbnRlcnZhbF9jb3VudCI6IDEsCiAgICAgICAgICAgICAgICAgICAgInRyaWFsX3BlcmlvZF9kYXlzIjogbnVsbCwKICAgICAgICAgICAgICAgICAgICAidXNhZ2VfdHlwZSI6ICJsaWNlbnNlZCIKICAgICAgICAgICAgICAgICAgfSwKICAgICAgICAgICAgICAgICAgInRpZXJzX21vZGUiOiBudWxsLAogICAgICAgICAgICAgICAgICAidHJhbnNmb3JtX3F1YW50aXR5IjogbnVsbCwKICAgICAgICAgICAgICAgICAgInR5cGUiOiAicmVjdXJyaW5nIiwKICAgICAgICAgICAgICAgICAgInVuaXRfYW1vdW50IjogMzAwLAogICAgICAgICAgICAgICAgICAidW5pdF9hbW91bnRfZGVjaW1hbCI6ICIzMDAiCiAgICAgICAgICAgICAgICB9LAogICAgICAgICAgICAgICAgInByb3JhdGlvbiI6IGZhbHNlLAogICAgICAgICAgICAgICAgInF1YW50aXR5IjogMSwKICAgICAgICAgICAgICAgICJzdWJzY3JpcHRpb24iOiBudWxsLAogICAgICAgICAgICAgICAgInN1YnNjcmlwdGlvbl9pdGVtIjogInNpX0lMbWZDcEh4SEtDYVFxIiwKICAgICAgICAgICAgICAgICJ0YXhfYW1vdW50cyI6IFsKCiAgICAgICAgICAgICAgICBdLAogICAgICAgICAgICAgICAgInRheF9yYXRlcyI6IFsKCiAgICAgICAgICAgICAgICBdLAogICAgICAgICAgICAgICAgInR5cGUiOiAic3Vic2NyaXB0aW9uIiwKICAgICAgICAgICAgICAgICJ1bmlxdWVfaWQiOiAiaWxfMEhsNTV2a0tlNGtGcFliZG84YjlKaExhIiwKICAgICAgICAgICAgICAgICJ1bmlxdWVfbGluZV9pdGVtX2lkIjogInNsaV9iYmE0Mjc5ODI2YzJmOSIKICAgICAgICAgICAgICB9CiAgICAgICAgICAgIF0sCiAgICAgICAgICAgICJoYXNfbW9yZSI6IGZhbHNlLAogICAgICAgICAgICAidG90YWxfY291bnQiOiAxLAogICAgICAgICAgICAidXJsIjogIi92MS9pbnZvaWNlcy9pbl8wSGw1NXZrS2U0a0ZwWWJkNGRqbzk0WUcvbGluZXMiCiAgICAgICAgICB9LAogICAgICAgICAgImxpdmVtb2RlIjogZmFsc2UsCiAgICAgICAgICAibWV0YWRhdGEiOiB7CiAgICAgICAgICB9LAogICAgICAgICAgIm5leHRfcGF5bWVudF9hdHRlbXB0IjogbnVsbCwKICAgICAgICAgICJudW1iZXIiOiAiREMyMTdDNUUtMDAwMSIsCiAgICAgICAgICAicGFpZCI6IHRydWUsCiAgICAgICAgICAicGF5bWVudF9pbnRlbnQiOiAicGlfMEhsNTV2a0tlNGtGcFliZEJhNGpXeDhaIiwKICAgICAgICAgICJwZXJpb2RfZW5kIjogMTYwNDgwODA5NSwKICAgICAgICAgICJwZXJpb2Rfc3RhcnQiOiAxNjA0ODA4MDk1LAogICAgICAgICAgInBvc3RfcGF5bWVudF9jcmVkaXRfbm90ZXNfYW1vdW50IjogMCwKICAgICAgICAgICJwcmVfcGF5bWVudF9jcmVkaXRfbm90ZXNfYW1vdW50IjogMCwKICAgICAgICAgICJyZWNlaXB0X251bWJlciI6IG51bGwsCiAgICAgICAgICAic3RhcnRpbmdfYmFsYW5jZSI6IDAsCiAgICAgICAgICAic3RhdGVtZW50X2Rlc2NyaXB0b3IiOiBudWxsLAogICAgICAgICAgInN0YXR1cyI6ICJwYWlkIiwKICAgICAgICAgICJzdGF0dXNfdHJhbnNpdGlvbnMiOiB7CiAgICAgICAgICAgICJmaW5hbGl6ZWRfYXQiOiAxNjA0ODA4MDk1LAogICAgICAgICAgICAibWFya2VkX3VuY29sbGVjdGlibGVfYXQiOiBudWxsLAogICAgICAgICAgICAicGFpZF9hdCI6IDE2MDQ4MDgwOTUsCiAgICAgICAgICAgICJ2b2lkZWRfYXQiOiBudWxsCiAgICAgICAgICB9LAogICAgICAgICAgInN1YnNjcmlwdGlvbiI6ICJzdWJfSUxtZkF3R0E5ZHl1b2giLAogICAgICAgICAgInN1YnRvdGFsIjogMzAwLAogICAgICAgICAgInRheCI6IG51bGwsCiAgICAgICAgICAidGF4X3BlcmNlbnQiOiBudWxsLAogICAgICAgICAgInRvdGFsIjogMzAwLAogICAgICAgICAgInRvdGFsX2Rpc2NvdW50X2Ftb3VudHMiOiBbCgogICAgICAgICAgXSwKICAgICAgICAgICJ0b3RhbF90YXhfYW1vdW50cyI6IFsKCiAgICAgICAgICBdLAogICAgICAgICAgInRyYW5zZmVyX2RhdGEiOiBudWxsLAogICAgICAgICAgIndlYmhvb2tzX2RlbGl2ZXJlZF9hdCI6IDE2MDQ4MDgwOTUKICAgICAgICB9CiAgICAgIH0sCiAgICAgICJsaXZlbW9kZSI6IGZhbHNlLAogICAgICAicGVuZGluZ193ZWJob29rcyI6IDAsCiAgICAgICJyZXF1ZXN0IjogewogICAgICAgICJpZCI6ICJyZXFfVEdUeXoxMW4ya3lHdWsiLAogICAgICAgICJpZGVtcG90ZW5jeV9rZXkiOiBudWxsCiAgICAgIH0sCiAgICAgICJ0eXBlIjogImludm9pY2UucGF5bWVudF9zdWNjZWVkZWQiCiAgICB9LAogICAgewogICAgICAiaWQiOiAiZXZ0XzBIbDU1d2tLZTRrRnBZYmQ2NzI2WHFpSyIsCiAgICAgICJvYmplY3QiOiAiZXZlbnQiLAogICAgICAiYXBpX3ZlcnNpb24iOiAiMjAxNy0xMi0xNCIsCiAgICAgICJjcmVhdGVkIjogMTYwNDgwODA5NiwKICAgICAgImRhdGEiOiB7CiAgICAgICAgIm9iamVjdCI6IHsKICAgICAgICAgICJpZCI6ICJpbl8wSGw1NXZrS2U0a0ZwWWJkNGRqbzk0WUciLAogICAgICAgICAgIm9iamVjdCI6ICJpbnZvaWNlIiwKICAgICAgICAgICJhY2NvdW50X2NvdW50cnkiOiAiQVUiLAogICAgICAgICAgImFjY291bnRfbmFtZSI6ICJEcnVta25vdHQgU2VhcmNoIiwKICAgICAgICAgICJhY2NvdW50X3RheF9pZHMiOiBudWxsLAogICAgICAgICAgImFtb3VudF9kdWUiOiAzMDAsCiAgICAgICAgICAiYW1vdW50X3BhaWQiOiAzMDAsCiAgICAgICAgICAiYW1vdW50X3JlbWFpbmluZyI6IDAsCiAgICAgICAgICAiYXBwbGljYXRpb25fZmVlIjogbnVsbCwKICAgICAgICAgICJhdHRlbXB0X2NvdW50IjogMSwKICAgICAgICAgICJhdHRlbXB0ZWQiOiB0cnVlLAogICAgICAgICAgImF1dG9fYWR2YW5jZSI6IGZhbHNlLAogICAgICAgICAgImJpbGxpbmciOiAiY2hhcmdlX2F1dG9tYXRpY2FsbHkiLAogICAgICAgICAgImJpbGxpbmdfcmVhc29uIjogInN1YnNjcmlwdGlvbl91cGRhdGUiLAogICAgICAgICAgImNoYXJnZSI6ICJjaF8wSGw1NXZrS2U0a0ZwWWJkWTFSblJObjYiLAogICAgICAgICAgImNsb3NlZCI6IHRydWUsCiAgICAgICAgICAiY29sbGVjdGlvbl9tZXRob2QiOiAiY2hhcmdlX2F1dG9tYXRpY2FsbHkiLAogICAgICAgICAgImNyZWF0ZWQiOiAxNjA0ODA4MDk1LAogICAgICAgICAgImN1cnJlbmN5IjogInVzZCIsCiAgICAgICAgICAiY3VzdG9tX2ZpZWxkcyI6IG51bGwsCiAgICAgICAgICAiY3VzdG9tZXIiOiAiY3VzX0lMbWZpems4NGJad2Z2IiwKICAgICAgICAgICJjdXN0b21lcl9hZGRyZXNzIjogbnVsbCwKICAgICAgICAgICJjdXN0b21lcl9lbWFpbCI6ICJzZWFyY2gwMDI1QGRydW1rbm90dHNlYXJjaC5jb20iLAogICAgICAgICAgImN1c3RvbWVyX25hbWUiOiBudWxsLAogICAgICAgICAgImN1c3RvbWVyX3Bob25lIjogbnVsbCwKICAgICAgICAgICJjdXN0b21lcl9zaGlwcGluZyI6IG51bGwsCiAgICAgICAgICAiY3VzdG9tZXJfdGF4X2V4ZW1wdCI6ICJub25lIiwKICAgICAgICAgICJjdXN0b21lcl90YXhfaWRzIjogWwoKICAgICAgICAgIF0sCiAgICAgICAgICAiZGF0ZSI6IDE2MDQ4MDgwOTUsCiAgICAgICAgICAiZGVmYXVsdF9wYXltZW50X21ldGhvZCI6IG51bGwsCiAgICAgICAgICAiZGVmYXVsdF9zb3VyY2UiOiBudWxsLAogICAgICAgICAgImRlZmF1bHRfdGF4X3JhdGVzIjogWwoKICAgICAgICAgIF0sCiAgICAgICAgICAiZGVzY3JpcHRpb24iOiBudWxsLAogICAgICAgICAgImRpc2NvdW50IjogbnVsbCwKICAgICAgICAgICJkaXNjb3VudHMiOiBbCgogICAgICAgICAgXSwKICAgICAgICAgICJkdWVfZGF0ZSI6IG51bGwsCiAgICAgICAgICAiZW5kaW5nX2JhbGFuY2UiOiAwLAogICAgICAgICAgImZpbmFsaXplZF9hdCI6IDE2MDQ4MDgwOTUsCiAgICAgICAgICAiZm9vdGVyIjogbnVsbCwKICAgICAgICAgICJmb3JnaXZlbiI6IGZhbHNlLAogICAgICAgICAgImhvc3RlZF9pbnZvaWNlX3VybCI6ICJodHRwczovL3BheS5zdHJpcGUuY29tL2ludm9pY2Uva0tlNGtGcFliZEw2dVJGNzFUbEh2c09RemliVFlSVTAvaW52c3RfSUxtZkpPa1c5VTFRRVQyaHJOUXQyY2dIOG55NHZXciIsCiAgICAgICAgICAiaW52b2ljZV9wZGYiOiAiaHR0cHM6Ly9wYXkuc3RyaXBlLmNvbS9pbnZvaWNlL2tLZTRrRnBZYmRMNnVSRjcxVGxIdnNPUXppYlRZUlUwL2ludnN0X0lMbWZKT2tXOVUxUUVUMmhyTlF0MmNnSDhueTR2V3IvcGRmIiwKICAgICAgICAgICJsaW5lcyI6IHsKICAgICAgICAgICAgIm9iamVjdCI6ICJsaXN0IiwKICAgICAgICAgICAgImRhdGEiOiBbCiAgICAgICAgICAgICAgewogICAgICAgICAgICAgICAgImlkIjogInN1Yl9JTG1mQXdHQTlkeXVvaCIsCiAgICAgICAgICAgICAgICAib2JqZWN0IjogImxpbmVfaXRlbSIsCiAgICAgICAgICAgICAgICAiYW1vdW50IjogMzAwLAogICAgICAgICAgICAgICAgImN1cnJlbmN5IjogInVzZCIsCiAgICAgICAgICAgICAgICAiZGVzY3JpcHRpb24iOiAiMSDDlyBEcnVta25vdHQgVGVzdCAoYXQgJDMuMDAgLyBtb250aCkiLAogICAgICAgICAgICAgICAgImRpc2NvdW50X2Ftb3VudHMiOiBbCgogICAgICAgICAgICAgICAgXSwKICAgICAgICAgICAgICAgICJkaXNjb3VudGFibGUiOiB0cnVlLAogICAgICAgICAgICAgICAgImRpc2NvdW50cyI6IFsKCiAgICAgICAgICAgICAgICBdLAogICAgICAgICAgICAgICAgImxpdmVtb2RlIjogZmFsc2UsCiAgICAgICAgICAgICAgICAibWV0YWRhdGEiOiB7CiAgICAgICAgICAgICAgICB9LAogICAgICAgICAgICAgICAgInBlcmlvZCI6IHsKICAgICAgICAgICAgICAgICAgImVuZCI6IDE2MDc0MDAwOTUsCiAgICAgICAgICAgICAgICAgICJzdGFydCI6IDE2MDQ4MDgwOTUKICAgICAgICAgICAgICAgIH0sCiAgICAgICAgICAgICAgICAicGxhbiI6IHsKICAgICAgICAgICAgICAgICAgImlkIjogImRydW1rbm90dCIsCiAgICAgICAgICAgICAgICAgICJvYmplY3QiOiAicGxhbiIsCiAgICAgICAgICAgICAgICAgICJhY3RpdmUiOiB0cnVlLAogICAgICAgICAgICAgICAgICAiYWdncmVnYXRlX3VzYWdlIjogbnVsbCwKICAgICAgICAgICAgICAgICAgImFtb3VudCI6IDMwMCwKICAgICAgICAgICAgICAgICAgImFtb3VudF9kZWNpbWFsIjogIjMwMCIsCiAgICAgICAgICAgICAgICAgICJiaWxsaW5nX3NjaGVtZSI6ICJwZXJfdW5pdCIsCiAgICAgICAgICAgICAgICAgICJjcmVhdGVkIjogMTYwNDgwODA5MSwKICAgICAgICAgICAgICAgICAgImN1cnJlbmN5IjogInVzZCIsCiAgICAgICAgICAgICAgICAgICJpbnRlcnZhbCI6ICJtb250aCIsCiAgICAgICAgICAgICAgICAgICJpbnRlcnZhbF9jb3VudCI6IDEsCiAgICAgICAgICAgICAgICAgICJsaXZlbW9kZSI6IGZhbHNlLAogICAgICAgICAgICAgICAgICAibWV0YWRhdGEiOiB7CiAgICAgICAgICAgICAgICAgIH0sCiAgICAgICAgICAgICAgICAgICJuYW1lIjogIkRydW1rbm90dCBUZXN0IiwKICAgICAgICAgICAgICAgICAgIm5pY2tuYW1lIjogbnVsbCwKICAgICAgICAgICAgICAgICAgInByb2R1Y3QiOiAicHJvZF9JTG1mOUtVUEg4MW9RaCIsCiAgICAgICAgICAgICAgICAgICJzdGF0ZW1lbnRfZGVzY3JpcHRvciI6IG51bGwsCiAgICAgICAgICAgICAgICAgICJ0aWVycyI6IG51bGwsCiAgICAgICAgICAgICAgICAgICJ0aWVyc19tb2RlIjogbnVsbCwKICAgICAgICAgICAgICAgICAgInRyYW5zZm9ybV91c2FnZSI6IG51bGwsCiAgICAgICAgICAgICAgICAgICJ0cmlhbF9wZXJpb2RfZGF5cyI6IG51bGwsCiAgICAgICAgICAgICAgICAgICJ1c2FnZV90eXBlIjogImxpY2Vuc2VkIgogICAgICAgICAgICAgICAgfSwKICAgICAgICAgICAgICAgICJwcmljZSI6IHsKICAgICAgICAgICAgICAgICAgImlkIjogImRydW1rbm90dCIsCiAgICAgICAgICAgICAgICAgICJvYmplY3QiOiAicHJpY2UiLAogICAgICAgICAgICAgICAgICAiYWN0aXZlIjogdHJ1ZSwKICAgICAgICAgICAgICAgICAgImJpbGxpbmdfc2NoZW1lIjogInBlcl91bml0IiwKICAgICAgICAgICAgICAgICAgImNyZWF0ZWQiOiAxNjA0ODA4MDkxLAogICAgICAgICAgICAgICAgICAiY3VycmVuY3kiOiAidXNkIiwKICAgICAgICAgICAgICAgICAgImxpdmVtb2RlIjogZmFsc2UsCiAgICAgICAgICAgICAgICAgICJsb29rdXBfa2V5IjogbnVsbCwKICAgICAgICAgICAgICAgICAgIm1ldGFkYXRhIjogewogICAgICAgICAgICAgICAgICB9LAogICAgICAgICAgICAgICAgICAibmlja25hbWUiOiBudWxsLAogICAgICAgICAgICAgICAgICAicHJvZHVjdCI6ICJwcm9kX0lMbWY5S1VQSDgxb1FoIiwKICAgICAgICAgICAgICAgICAgInJlY3VycmluZyI6IHsKICAgICAgICAgICAgICAgICAgICAiYWdncmVnYXRlX3VzYWdlIjogbnVsbCwKICAgICAgICAgICAgICAgICAgICAiaW50ZXJ2YWwiOiAibW9udGgiLAogICAgICAgICAgICAgICAgICAgICJpbnRlcnZhbF9jb3VudCI6IDEsCiAgICAgICAgICAgICAgICAgICAgInRyaWFsX3BlcmlvZF9kYXlzIjogbnVsbCwKICAgICAgICAgICAgICAgICAgICAidXNhZ2VfdHlwZSI6ICJsaWNlbnNlZCIKICAgICAgICAgICAgICAgICAgfSwKICAgICAgICAgICAgICAgICAgInRpZXJzX21vZGUiOiBudWxsLAogICAgICAgICAgICAgICAgICAidHJhbnNmb3JtX3F1YW50aXR5IjogbnVsbCwKICAgICAgICAgICAgICAgICAgInR5cGUiOiAicmVjdXJyaW5nIiwKICAgICAgICAgICAgICAgICAgInVuaXRfYW1vdW50IjogMzAwLAogICAgICAgICAgICAgICAgICAidW5pdF9hbW91bnRfZGVjaW1hbCI6ICIzMDAiCiAgICAgICAgICAgICAgICB9LAogICAgICAgICAgICAgICAgInByb3JhdGlvbiI6IGZhbHNlLAogICAgICAgICAgICAgICAgInF1YW50aXR5IjogMSwKICAgICAgICAgICAgICAgICJzdWJzY3JpcHRpb24iOiBudWxsLAogICAgICAgICAgICAgICAgInN1YnNjcmlwdGlvbl9pdGVtIjogInNpX0lMbWZDcEh4SEtDYVFxIiwKICAgICAgICAgICAgICAgICJ0YXhfYW1vdW50cyI6IFsKCiAgICAgICAgICAgICAgICBdLAogICAgICAgICAgICAgICAgInRheF9yYXRlcyI6IFsKCiAgICAgICAgICAgICAgICBdLAogICAgICAgICAgICAgICAgInR5cGUiOiAic3Vic2NyaXB0aW9uIiwKICAgICAgICAgICAgICAgICJ1bmlxdWVfaWQiOiAiaWxfMEhsNTV2a0tlNGtGcFliZG84YjlKaExhIiwKICAgICAgICAgICAgICAgICJ1bmlxdWVfbGluZV9pdGVtX2lkIjogInNsaV9iYmE0Mjc5ODI2YzJmOSIKICAgICAgICAgICAgICB9CiAgICAgICAgICAgIF0sCiAgICAgICAgICAgICJoYXNfbW9yZSI6IGZhbHNlLAogICAgICAgICAgICAidG90YWxfY291bnQiOiAxLAogICAgICAgICAgICAidXJsIjogIi92MS9pbnZvaWNlcy9pbl8wSGw1NXZrS2U0a0ZwWWJkNGRqbzk0WUcvbGluZXMiCiAgICAgICAgICB9LAogICAgICAgICAgImxpdmVtb2RlIjogZmFsc2UsCiAgICAgICAgICAibWV0YWRhdGEiOiB7CiAgICAgICAgICB9LAogICAgICAgICAgIm5leHRfcGF5bWVudF9hdHRlbXB0IjogbnVsbCwKICAgICAgICAgICJudW1iZXIiOiAiREMyMTdDNUUtMDAwMSIsCiAgICAgICAgICAicGFpZCI6IHRydWUsCiAgICAgICAgICAicGF5bWVudF9pbnRlbnQiOiAicGlfMEhsNTV2a0tlNGtGcFliZEJhNGpXeDhaIiwKICAgICAgICAgICJwZXJpb2RfZW5kIjogMTYwNDgwODA5NSwKICAgICAgICAgICJwZXJpb2Rfc3RhcnQiOiAxNjA0ODA4MDk1LAogICAgICAgICAgInBvc3RfcGF5bWVudF9jcmVkaXRfbm90ZXNfYW1vdW50IjogMCwKICAgICAgICAgICJwcmVfcGF5bWVudF9jcmVkaXRfbm90ZXNfYW1vdW50IjogMCwKICAgICAgICAgICJyZWNlaXB0X251bWJlciI6IG51bGwsCiAgICAgICAgICAic3RhcnRpbmdfYmFsYW5jZSI6IDAsCiAgICAgICAgICAic3RhdGVtZW50X2Rlc2NyaXB0b3IiOiBudWxsLAogICAgICAgICAgInN0YXR1cyI6ICJwYWlkIiwKICAgICAgICAgICJzdGF0dXNfdHJhbnNpdGlvbnMiOiB7CiAgICAgICAgICAgICJmaW5hbGl6ZWRfYXQiOiAxNjA0ODA4MDk1LAogICAgICAgICAgICAibWFya2VkX3VuY29sbGVjdGlibGVfYXQiOiBudWxsLAogICAgICAgICAgICAicGFpZF9hdCI6IDE2MDQ4MDgwOTUsCiAgICAgICAgICAgICJ2b2lkZWRfYXQiOiBudWxsCiAgICAgICAgICB9LAogICAgICAgICAgInN1YnNjcmlwdGlvbiI6ICJzdWJfSUxtZkF3R0E5ZHl1b2giLAogICAgICAgICAgInN1YnRvdGFsIjogMzAwLAogICAgICAgICAgInRheCI6IG51bGwsCiAgICAgICAgICAidGF4X3BlcmNlbnQiOiBudWxsLAogICAgICAgICAgInRvdGFsIjogMzAwLAogICAgICAgICAgInRvdGFsX2Rpc2NvdW50X2Ftb3VudHMiOiBbCgogICAgICAgICAgXSwKICAgICAgICAgICJ0b3RhbF90YXhfYW1vdW50cyI6IFsKCiAgICAgICAgICBdLAogICAgICAgICAgInRyYW5zZmVyX2RhdGEiOiBudWxsLAogICAgICAgICAgIndlYmhvb2tzX2RlbGl2ZXJlZF9hdCI6IDE2MDQ4MDgwOTUKICAgICAgICB9CiAgICAgIH0sCiAgICAgICJsaXZlbW9kZSI6IGZhbHNlLAogICAgICAicGVuZGluZ193ZWJob29rcyI6IDAsCiAgICAgICJyZXF1ZXN0IjogewogICAgICAgICJpZCI6ICJyZXFfVEdUeXoxMW4ya3lHdWsiLAogICAgICAgICJpZGVtcG90ZW5jeV9rZXkiOiBudWxsCiAgICAgIH0sCiAgICAgICJ0eXBlIjogImludm9pY2UucGFpZCIKICAgIH0sCiAgICB7CiAgICAgICJpZCI6ICJldnRfMEhsNTV3a0tlNGtGcFliZFNxSjUzUk9kIiwKICAgICAgIm9iamVjdCI6ICJldmVudCIsCiAgICAgICJhcGlfdmVyc2lvbiI6ICIyMDE3LTEyLTE0IiwKICAgICAgImNyZWF0ZWQiOiAxNjA0ODA4MDk2LAogICAgICAiZGF0YSI6IHsKICAgICAgICAib2JqZWN0IjogewogICAgICAgICAgImlkIjogImluXzBIbDU1dmtLZTRrRnBZYmQ0ZGpvOTRZRyIsCiAgICAgICAgICAib2JqZWN0IjogImludm9pY2UiLAogICAgICAgICAgImFjY291bnRfY291bnRyeSI6ICJBVSIsCiAgICAgICAgICAiYWNjb3VudF9uYW1lIjogIkRydW1rbm90dCBTZWFyY2giLAogICAgICAgICAgImFjY291bnRfdGF4X2lkcyI6IG51bGwsCiAgICAgICAgICAiYW1vdW50X2R1ZSI6IDMwMCwKICAgICAgICAgICJhbW91bnRfcGFpZCI6IDMwMCwKICAgICAgICAgICJhbW91bnRfcmVtYWluaW5nIjogMCwKICAgICAgICAgICJhcHBsaWNhdGlvbl9mZWUiOiBudWxsLAogICAgICAgICAgImF0dGVtcHRfY291bnQiOiAxLAogICAgICAgICAgImF0dGVtcHRlZCI6IHRydWUsCiAgICAgICAgICAiYXV0b19hZHZhbmNlIjogZmFsc2UsCiAgICAgICAgICAiYmlsbGluZyI6ICJjaGFyZ2VfYXV0b21hdGljYWxseSIsCiAgICAgICAgICAiYmlsbGluZ19yZWFzb24iOiAic3Vic2NyaXB0aW9uX3VwZGF0ZSIsCiAgICAgICAgICAiY2hhcmdlIjogImNoXzBIbDU1dmtLZTRrRnBZYmRZMVJuUk5uNiIsCiAgICAgICAgICAiY2xvc2VkIjogdHJ1ZSwKICAgICAgICAgICJjb2xsZWN0aW9uX21ldGhvZCI6ICJjaGFyZ2VfYXV0b21hdGljYWxseSIsCiAgICAgICAgICAiY3JlYXRlZCI6IDE2MDQ4MDgwOTUsCiAgICAgICAgICAiY3VycmVuY3kiOiAidXNkIiwKICAgICAgICAgICJjdXN0b21fZmllbGRzIjogbnVsbCwKICAgICAgICAgICJjdXN0b21lciI6ICJjdXNfSUxtZml6azg0Ylp3ZnYiLAogICAgICAgICAgImN1c3RvbWVyX2FkZHJlc3MiOiBudWxsLAogICAgICAgICAgImN1c3RvbWVyX2VtYWlsIjogInNlYXJjaDAwMjVAZHJ1bWtub3R0c2VhcmNoLmNvbSIsCiAgICAgICAgICAiY3VzdG9tZXJfbmFtZSI6IG51bGwsCiAgICAgICAgICAiY3VzdG9tZXJfcGhvbmUiOiBudWxsLAogICAgICAgICAgImN1c3RvbWVyX3NoaXBwaW5nIjogbnVsbCwKICAgICAgICAgICJjdXN0b21lcl90YXhfZXhlbXB0IjogIm5vbmUiLAogICAgICAgICAgImN1c3RvbWVyX3RheF9pZHMiOiBbCgogICAgICAgICAgXSwKICAgICAgICAgICJkYXRlIjogMTYwNDgwODA5NSwKICAgICAgICAgICJkZWZhdWx0X3BheW1lbnRfbWV0aG9kIjogbnVsbCwKICAgICAgICAgICJkZWZhdWx0X3NvdXJjZSI6IG51bGwsCiAgICAgICAgICAiZGVmYXVsdF90YXhfcmF0ZXMiOiBbCgogICAgICAgICAgXSwKICAgICAgICAgICJkZXNjcmlwdGlvbiI6IG51bGwsCiAgICAgICAgICAiZGlzY291bnQiOiBudWxsLAogICAgICAgICAgImRpc2NvdW50cyI6IFsKCiAgICAgICAgICBdLAogICAgICAgICAgImR1ZV9kYXRlIjogbnVsbCwKICAgICAgICAgICJlbmRpbmdfYmFsYW5jZSI6IDAsCiAgICAgICAgICAiZmluYWxpemVkX2F0IjogMTYwNDgwODA5NSwKICAgICAgICAgICJmb290ZXIiOiBudWxsLAogICAgICAgICAgImZvcmdpdmVuIjogZmFsc2UsCiAgICAgICAgICAiaG9zdGVkX2ludm9pY2VfdXJsIjogImh0dHBzOi8vcGF5LnN0cmlwZS5jb20vaW52b2ljZS9rS2U0a0ZwWWJkTDZ1UkY3MVRsSHZzT1F6aWJUWVJVMC9pbnZzdF9JTG1mSk9rVzlVMVFFVDJock5RdDJjZ0g4bnk0dldyIiwKICAgICAgICAgICJpbnZvaWNlX3BkZiI6ICJodHRwczovL3BheS5zdHJpcGUuY29tL2ludm9pY2Uva0tlNGtGcFliZEw2dVJGNzFUbEh2c09RemliVFlSVTAvaW52c3RfSUxtZkpPa1c5VTFRRVQyaHJOUXQyY2dIOG55NHZXci9wZGYiLAogICAgICAgICAgImxpbmVzIjogewogICAgICAgICAgICAib2JqZWN0IjogImxpc3QiLAogICAgICAgICAgICAiZGF0YSI6IFsKICAgICAgICAgICAgICB7CiAgICAgICAgICAgICAgICAiaWQiOiAic3ViX0lMbWZBd0dBOWR5dW9oIiwKICAgICAgICAgICAgICAgICJvYmplY3QiOiAibGluZV9pdGVtIiwKICAgICAgICAgICAgICAgICJhbW91bnQiOiAzMDAsCiAgICAgICAgICAgICAgICAiY3VycmVuY3kiOiAidXNkIiwKICAgICAgICAgICAgICAgICJkZXNjcmlwdGlvbiI6ICIxIMOXIERydW1rbm90dCBUZXN0IChhdCAkMy4wMCAvIG1vbnRoKSIsCiAgICAgICAgICAgICAgICAiZGlzY291bnRfYW1vdW50cyI6IFsKCiAgICAgICAgICAgICAgICBdLAogICAgICAgICAgICAgICAgImRpc2NvdW50YWJsZSI6IHRydWUsCiAgICAgICAgICAgICAgICAiZGlzY291bnRzIjogWwoKICAgICAgICAgICAgICAgIF0sCiAgICAgICAgICAgICAgICAibGl2ZW1vZGUiOiBmYWxzZSwKICAgICAgICAgICAgICAgICJtZXRhZGF0YSI6IHsKICAgICAgICAgICAgICAgIH0sCiAgICAgICAgICAgICAgICAicGVyaW9kIjogewogICAgICAgICAgICAgICAgICAiZW5kIjogMTYwNzQwMDA5NSwKICAgICAgICAgICAgICAgICAgInN0YXJ0IjogMTYwNDgwODA5NQogICAgICAgICAgICAgICAgfSwKICAgICAgICAgICAgICAgICJwbGFuIjogewogICAgICAgICAgICAgICAgICAiaWQiOiAiZHJ1bWtub3R0IiwKICAgICAgICAgICAgICAgICAgIm9iamVjdCI6ICJwbGFuIiwKICAgICAgICAgICAgICAgICAgImFjdGl2ZSI6IHRydWUsCiAgICAgICAgICAgICAgICAgICJhZ2dyZWdhdGVfdXNhZ2UiOiBudWxsLAogICAgICAgICAgICAgICAgICAiYW1vdW50IjogMzAwLAogICAgICAgICAgICAgICAgICAiYW1vdW50X2RlY2ltYWwiOiAiMzAwIiwKICAgICAgICAgICAgICAgICAgImJpbGxpbmdfc2NoZW1lIjogInBlcl91bml0IiwKICAgICAgICAgICAgICAgICAgImNyZWF0ZWQiOiAxNjA0ODA4MDkxLAogICAgICAgICAgICAgICAgICAiY3VycmVuY3kiOiAidXNkIiwKICAgICAgICAgICAgICAgICAgImludGVydmFsIjogIm1vbnRoIiwKICAgICAgICAgICAgICAgICAgImludGVydmFsX2NvdW50IjogMSwKICAgICAgICAgICAgICAgICAgImxpdmVtb2RlIjogZmFsc2UsCiAgICAgICAgICAgICAgICAgICJtZXRhZGF0YSI6IHsKICAgICAgICAgICAgICAgICAgfSwKICAgICAgICAgICAgICAgICAgIm5hbWUiOiAiRHJ1bWtub3R0IFRlc3QiLAogICAgICAgICAgICAgICAgICAibmlja25hbWUiOiBudWxsLAogICAgICAgICAgICAgICAgICAicHJvZHVjdCI6ICJwcm9kX0lMbWY5S1VQSDgxb1FoIiwKICAgICAgICAgICAgICAgICAgInN0YXRlbWVudF9kZXNjcmlwdG9yIjogbnVsbCwKICAgICAgICAgICAgICAgICAgInRpZXJzIjogbnVsbCwKICAgICAgICAgICAgICAgICAgInRpZXJzX21vZGUiOiBudWxsLAogICAgICAgICAgICAgICAgICAidHJhbnNmb3JtX3VzYWdlIjogbnVsbCwKICAgICAgICAgICAgICAgICAgInRyaWFsX3BlcmlvZF9kYXlzIjogbnVsbCwKICAgICAgICAgICAgICAgICAgInVzYWdlX3R5cGUiOiAibGljZW5zZWQiCiAgICAgICAgICAgICAgICB9LAogICAgICAgICAgICAgICAgInByaWNlIjogewogICAgICAgICAgICAgICAgICAiaWQiOiAiZHJ1bWtub3R0IiwKICAgICAgICAgICAgICAgICAgIm9iamVjdCI6ICJwcmljZSIsCiAgICAgICAgICAgICAgICAgICJhY3RpdmUiOiB0cnVlLAogICAgICAgICAgICAgICAgICAiYmlsbGluZ19zY2hlbWUiOiAicGVyX3VuaXQiLAogICAgICAgICAgICAgICAgICAiY3JlYXRlZCI6IDE2MDQ4MDgwOTEsCiAgICAgICAgICAgICAgICAgICJjdXJyZW5jeSI6ICJ1c2QiLAogICAgICAgICAgICAgICAgICAibGl2ZW1vZGUiOiBmYWxzZSwKICAgICAgICAgICAgICAgICAgImxvb2t1cF9rZXkiOiBudWxsLAogICAgICAgICAgICAgICAgICAibWV0YWRhdGEiOiB7CiAgICAgICAgICAgICAgICAgIH0sCiAgICAgICAgICAgICAgICAgICJuaWNrbmFtZSI6IG51bGwsCiAgICAgICAgICAgICAgICAgICJwcm9kdWN0IjogInByb2RfSUxtZjlLVVBIODFvUWgiLAogICAgICAgICAgICAgICAgICAicmVjdXJyaW5nIjogewogICAgICAgICAgICAgICAgICAgICJhZ2dyZWdhdGVfdXNhZ2UiOiBudWxsLAogICAgICAgICAgICAgICAgICAgICJpbnRlcnZhbCI6ICJtb250aCIsCiAgICAgICAgICAgICAgICAgICAgImludGVydmFsX2NvdW50IjogMSwKICAgICAgICAgICAgICAgICAgICAidHJpYWxfcGVyaW9kX2RheXMiOiBudWxsLAogICAgICAgICAgICAgICAgICAgICJ1c2FnZV90eXBlIjogImxpY2Vuc2VkIgogICAgICAgICAgICAgICAgICB9LAogICAgICAgICAgICAgICAgICAidGllcnNfbW9kZSI6IG51bGwsCiAgICAgICAgICAgICAgICAgICJ0cmFuc2Zvcm1fcXVhbnRpdHkiOiBudWxsLAogICAgICAgICAgICAgICAgICAidHlwZSI6ICJyZWN1cnJpbmciLAogICAgICAgICAgICAgICAgICAidW5pdF9hbW91bnQiOiAzMDAsCiAgICAgICAgICAgICAgICAgICJ1bml0X2Ftb3VudF9kZWNpbWFsIjogIjMwMCIKICAgICAgICAgICAgICAgIH0sCiAgICAgICAgICAgICAgICAicHJvcmF0aW9uIjogZmFsc2UsCiAgICAgICAgICAgICAgICAicXVhbnRpdHkiOiAxLAogICAgICAgICAgICAgICAgInN1YnNjcmlwdGlvbiI6IG51bGwsCiAgICAgICAgICAgICAgICAic3Vic2NyaXB0aW9uX2l0ZW0iOiAic2lfSUxtZkNwSHhIS0NhUXEiLAogICAgICAgICAgICAgICAgInRheF9hbW91bnRzIjogWwoKICAgICAgICAgICAgICAgIF0sCiAgICAgICAgICAgICAgICAidGF4X3JhdGVzIjogWwoKICAgICAgICAgICAgICAgIF0sCiAgICAgICAgICAgICAgICAidHlwZSI6ICJzdWJzY3JpcHRpb24iLAogICAgICAgICAgICAgICAgInVuaXF1ZV9pZCI6ICJpbF8wSGw1NXZrS2U0a0ZwWWJkbzhiOUpoTGEiLAogICAgICAgICAgICAgICAgInVuaXF1ZV9saW5lX2l0ZW1faWQiOiAic2xpX2JiYTQyNzk4MjZjMmY5IgogICAgICAgICAgICAgIH0KICAgICAgICAgICAgXSwKICAgICAgICAgICAgImhhc19tb3JlIjogZmFsc2UsCiAgICAgICAgICAgICJ0b3RhbF9jb3VudCI6IDEsCiAgICAgICAgICAgICJ1cmwiOiAiL3YxL2ludm9pY2VzL2luXzBIbDU1dmtLZTRrRnBZYmQ0ZGpvOTRZRy9saW5lcyIKICAgICAgICAgIH0sCiAgICAgICAgICAibGl2ZW1vZGUiOiBmYWxzZSwKICAgICAgICAgICJtZXRhZGF0YSI6IHsKICAgICAgICAgIH0sCiAgICAgICAgICAibmV4dF9wYXltZW50X2F0dGVtcHQiOiBudWxsLAogICAgICAgICAgIm51bWJlciI6ICJEQzIxN0M1RS0wMDAxIiwKICAgICAgICAgICJwYWlkIjogdHJ1ZSwKICAgICAgICAgICJwYXltZW50X2ludGVudCI6ICJwaV8wSGw1NXZrS2U0a0ZwWWJkQmE0ald4OFoiLAogICAgICAgICAgInBlcmlvZF9lbmQiOiAxNjA0ODA4MDk1LAogICAgICAgICAgInBlcmlvZF9zdGFydCI6IDE2MDQ4MDgwOTUsCiAgICAgICAgICAicG9zdF9wYXltZW50X2NyZWRpdF9ub3Rlc19hbW91bnQiOiAwLAogICAgICAgICAgInByZV9wYXltZW50X2NyZWRpdF9ub3Rlc19hbW91bnQiOiAwLAogICAgICAgICAgInJlY2VpcHRfbnVtYmVyIjogbnVsbCwKICAgICAgICAgICJzdGFydGluZ19iYWxhbmNlIjogMCwKICAgICAgICAgICJzdGF0ZW1lbnRfZGVzY3JpcHRvciI6IG51bGwsCiAgICAgICAgICAic3RhdHVzIjogInBhaWQiLAogICAgICAgICAgInN0YXR1c190cmFuc2l0aW9ucyI6IHsKICAgICAgICAgICAgImZpbmFsaXplZF9hdCI6IDE2MDQ4MDgwOTUsCiAgICAgICAgICAgICJtYXJrZWRfdW5jb2xsZWN0aWJsZV9hdCI6IG51bGwsCiAgICAgICAgICAgICJwYWlkX2F0IjogMTYwNDgwODA5NSwKICAgICAgICAgICAgInZvaWRlZF9hdCI6IG51bGwKICAgICAgICAgIH0sCiAgICAgICAgICAic3Vic2NyaXB0aW9uIjogInN1Yl9JTG1mQXdHQTlkeXVvaCIsCiAgICAgICAgICAic3VidG90YWwiOiAzMDAsCiAgICAgICAgICAidGF4IjogbnVsbCwKICAgICAgICAgICJ0YXhfcGVyY2VudCI6IG51bGwsCiAgICAgICAgICAidG90YWwiOiAzMDAsCiAgICAgICAgICAidG90YWxfZGlzY291bnRfYW1vdW50cyI6IFsKCiAgICAgICAgICBdLAogICAgICAgICAgInRvdGFsX3RheF9hbW91bnRzIjogWwoKICAgICAgICAgIF0sCiAgICAgICAgICAidHJhbnNmZXJfZGF0YSI6IG51bGwsCiAgICAgICAgICAid2ViaG9va3NfZGVsaXZlcmVkX2F0IjogMTYwNDgwODA5NQogICAgICAgIH0KICAgICAgfSwKICAgICAgImxpdmVtb2RlIjogZmFsc2UsCiAgICAgICJwZW5kaW5nX3dlYmhvb2tzIjogMCwKICAgICAgInJlcXVlc3QiOiB7CiAgICAgICAgImlkIjogInJlcV9UR1R5ejExbjJreUd1ayIsCiAgICAgICAgImlkZW1wb3RlbmN5X2tleSI6IG51bGwKICAgICAgfSwKICAgICAgInR5cGUiOiAiaW52b2ljZS5maW5hbGl6ZWQiCiAgICB9LAogICAgewogICAgICAiaWQiOiAiZXZ0XzBIbDU1d2tLZTRrRnBZYmRkWGN2VlRoMiIsCiAgICAgICJvYmplY3QiOiAiZXZlbnQiLAogICAgICAiYXBpX3ZlcnNpb24iOiAiMjAxNy0xMi0xNCIsCiAgICAgICJjcmVhdGVkIjogMTYwNDgwODA5NiwKICAgICAgImRhdGEiOiB7CiAgICAgICAgIm9iamVjdCI6IHsKICAgICAgICAgICJpZCI6ICJpbl8wSGw1NXZrS2U0a0ZwWWJkNGRqbzk0WUciLAogICAgICAgICAgIm9iamVjdCI6ICJpbnZvaWNlIiwKICAgICAgICAgICJhY2NvdW50X2NvdW50cnkiOiAiQVUiLAogICAgICAgICAgImFjY291bnRfbmFtZSI6ICJEcnVta25vdHQgU2VhcmNoIiwKICAgICAgICAgICJhY2NvdW50X3RheF9pZHMiOiBudWxsLAogICAgICAgICAgImFtb3VudF9kdWUiOiAzMDAsCiAgICAgICAgICAiYW1vdW50X3BhaWQiOiAzMDAsCiAgICAgICAgICAiYW1vdW50X3JlbWFpbmluZyI6IDAsCiAgICAgICAgICAiYXBwbGljYXRpb25fZmVlIjogbnVsbCwKICAgICAgICAgICJhdHRlbXB0X2NvdW50IjogMSwKICAgICAgICAgICJhdHRlbXB0ZWQiOiB0cnVlLAogICAgICAgICAgImF1dG9fYWR2YW5jZSI6IGZhbHNlLAogICAgICAgICAgImJpbGxpbmciOiAiY2hhcmdlX2F1dG9tYXRpY2FsbHkiLAogICAgICAgICAgImJpbGxpbmdfcmVhc29uIjogInN1YnNjcmlwdGlvbl91cGRhdGUiLAogICAgICAgICAgImNoYXJnZSI6ICJjaF8wSGw1NXZrS2U0a0ZwWWJkWTFSblJObjYiLAogICAgICAgICAgImNsb3NlZCI6IHRydWUsCiAgICAgICAgICAiY29sbGVjdGlvbl9tZXRob2QiOiAiY2hhcmdlX2F1dG9tYXRpY2FsbHkiLAogICAgICAgICAgImNyZWF0ZWQiOiAxNjA0ODA4MDk1LAogICAgICAgICAgImN1cnJlbmN5IjogInVzZCIsCiAgICAgICAgICAiY3VzdG9tX2ZpZWxkcyI6IG51bGwsCiAgICAgICAgICAiY3VzdG9tZXIiOiAiY3VzX0lMbWZpems4NGJad2Z2IiwKICAgICAgICAgICJjdXN0b21lcl9hZGRyZXNzIjogbnVsbCwKICAgICAgICAgICJjdXN0b21lcl9lbWFpbCI6ICJzZWFyY2gwMDI1QGRydW1rbm90dHNlYXJjaC5jb20iLAogICAgICAgICAgImN1c3RvbWVyX25hbWUiOiBudWxsLAogICAgICAgICAgImN1c3RvbWVyX3Bob25lIjogbnVsbCwKICAgICAgICAgICJjdXN0b21lcl9zaGlwcGluZyI6IG51bGwsCiAgICAgICAgICAiY3VzdG9tZXJfdGF4X2V4ZW1wdCI6ICJub25lIiwKICAgICAgICAgICJjdXN0b21lcl90YXhfaWRzIjogWwoKICAgICAgICAgIF0sCiAgICAgICAgICAiZGF0ZSI6IDE2MDQ4MDgwOTUsCiAgICAgICAgICAiZGVmYXVsdF9wYXltZW50X21ldGhvZCI6IG51bGwsCiAgICAgICAgICAiZGVmYXVsdF9zb3VyY2UiOiBudWxsLAogICAgICAgICAgImRlZmF1bHRfdGF4X3JhdGVzIjogWwoKICAgICAgICAgIF0sCiAgICAgICAgICAiZGVzY3JpcHRpb24iOiBudWxsLAogICAgICAgICAgImRpc2NvdW50IjogbnVsbCwKICAgICAgICAgICJkaXNjb3VudHMiOiBbCgogICAgICAgICAgXSwKICAgICAgICAgICJkdWVfZGF0ZSI6IG51bGwsCiAgICAgICAgICAiZW5kaW5nX2JhbGFuY2UiOiAwLAogICAgICAgICAgImZpbmFsaXplZF9hdCI6IDE2MDQ4MDgwOTUsCiAgICAgICAgICAiZm9vdGVyIjogbnVsbCwKICAgICAgICAgICJmb3JnaXZlbiI6IGZhbHNlLAogICAgICAgICAgImhvc3RlZF9pbnZvaWNlX3VybCI6ICJodHRwczovL3BheS5zdHJpcGUuY29tL2ludm9pY2Uva0tlNGtGcFliZEw2dVJGNzFUbEh2c09RemliVFlSVTAvaW52c3RfSUxtZkpPa1c5VTFRRVQyaHJOUXQyY2dIOG55NHZXciIsCiAgICAgICAgICAiaW52b2ljZV9wZGYiOiAiaHR0cHM6Ly9wYXkuc3RyaXBlLmNvbS9pbnZvaWNlL2tLZTRrRnBZYmRMNnVSRjcxVGxIdnNPUXppYlRZUlUwL2ludnN0X0lMbWZKT2tXOVUxUUVUMmhyTlF0MmNnSDhueTR2V3IvcGRmIiwKICAgICAgICAgICJsaW5lcyI6IHsKICAgICAgICAgICAgIm9iamVjdCI6ICJsaXN0IiwKICAgICAgICAgICAgImRhdGEiOiBbCiAgICAgICAgICAgICAgewogICAgICAgICAgICAgICAgImlkIjogInN1Yl9JTG1mQXdHQTlkeXVvaCIsCiAgICAgICAgICAgICAgICAib2JqZWN0IjogImxpbmVfaXRlbSIsCiAgICAgICAgICAgICAgICAiYW1vdW50IjogMzAwLAogICAgICAgICAgICAgICAgImN1cnJlbmN5IjogInVzZCIsCiAgICAgICAgICAgICAgICAiZGVzY3JpcHRpb24iOiAiMSDDlyBEcnVta25vdHQgVGVzdCAoYXQgJDMuMDAgLyBtb250aCkiLAogICAgICAgICAgICAgICAgImRpc2NvdW50X2Ftb3VudHMiOiBbCgogICAgICAgICAgICAgICAgXSwKICAgICAgICAgICAgICAgICJkaXNjb3VudGFibGUiOiB0cnVlLAogICAgICAgICAgICAgICAgImRpc2NvdW50cyI6IFsKCiAgICAgICAgICAgICAgICBdLAogICAgICAgICAgICAgICAgImxpdmVtb2RlIjogZmFsc2UsCiAgICAgICAgICAgICAgICAibWV0YWRhdGEiOiB7CiAgICAgICAgICAgICAgICB9LAogICAgICAgICAgICAgICAgInBlcmlvZCI6IHsKICAgICAgICAgICAgICAgICAgImVuZCI6IDE2MDc0MDAwOTUsCiAgICAgICAgICAgICAgICAgICJzdGFydCI6IDE2MDQ4MDgwOTUKICAgICAgICAgICAgICAgIH0sCiAgICAgICAgICAgICAgICAicGxhbiI6IHsKICAgICAgICAgICAgICAgICAgImlkIjogImRydW1rbm90dCIsCiAgICAgICAgICAgICAgICAgICJvYmplY3QiOiAicGxhbiIsCiAgICAgICAgICAgICAgICAgICJhY3RpdmUiOiB0cnVlLAogICAgICAgICAgICAgICAgICAiYWdncmVnYXRlX3VzYWdlIjogbnVsbCwKICAgICAgICAgICAgICAgICAgImFtb3VudCI6IDMwMCwKICAgICAgICAgICAgICAgICAgImFtb3VudF9kZWNpbWFsIjogIjMwMCIsCiAgICAgICAgICAgICAgICAgICJiaWxsaW5nX3NjaGVtZSI6ICJwZXJfdW5pdCIsCiAgICAgICAgICAgICAgICAgICJjcmVhdGVkIjogMTYwNDgwODA5MSwKICAgICAgICAgICAgICAgICAgImN1cnJlbmN5IjogInVzZCIsCiAgICAgICAgICAgICAgICAgICJpbnRlcnZhbCI6ICJtb250aCIsCiAgICAgICAgICAgICAgICAgICJpbnRlcnZhbF9jb3VudCI6IDEsCiAgICAgICAgICAgICAgICAgICJsaXZlbW9kZSI6IGZhbHNlLAogICAgICAgICAgICAgICAgICAibWV0YWRhdGEiOiB7CiAgICAgICAgICAgICAgICAgIH0sCiAgICAgICAgICAgICAgICAgICJuYW1lIjogIkRydW1rbm90dCBUZXN0IiwKICAgICAgICAgICAgICAgICAgIm5pY2tuYW1lIjogbnVsbCwKICAgICAgICAgICAgICAgICAgInByb2R1Y3QiOiAicHJvZF9JTG1mOUtVUEg4MW9RaCIsCiAgICAgICAgICAgICAgICAgICJzdGF0ZW1lbnRfZGVzY3JpcHRvciI6IG51bGwsCiAgICAgICAgICAgICAgICAgICJ0aWVycyI6IG51bGwsCiAgICAgICAgICAgICAgICAgICJ0aWVyc19tb2RlIjogbnVsbCwKICAgICAgICAgICAgICAgICAgInRyYW5zZm9ybV91c2FnZSI6IG51bGwsCiAgICAgICAgICAgICAgICAgICJ0cmlhbF9wZXJpb2RfZGF5cyI6IG51bGwsCiAgICAgICAgICAgICAgICAgICJ1c2FnZV90eXBlIjogImxpY2Vuc2VkIgogICAgICAgICAgICAgICAgfSwKICAgICAgICAgICAgICAgICJwcmljZSI6IHsKICAgICAgICAgICAgICAgICAgImlkIjogImRydW1rbm90dCIsCiAgICAgICAgICAgICAgICAgICJvYmplY3QiOiAicHJpY2UiLAogICAgICAgICAgICAgICAgICAiYWN0aXZlIjogdHJ1ZSwKICAgICAgICAgICAgICAgICAgImJpbGxpbmdfc2NoZW1lIjogInBlcl91bml0IiwKICAgICAgICAgICAgICAgICAgImNyZWF0ZWQiOiAxNjA0ODA4MDkxLAogICAgICAgICAgICAgICAgICAiY3VycmVuY3kiOiAidXNkIiwKICAgICAgICAgICAgICAgICAgImxpdmVtb2RlIjogZmFsc2UsCiAgICAgICAgICAgICAgICAgICJsb29rdXBfa2V5IjogbnVsbCwKICAgICAgICAgICAgICAgICAgIm1ldGFkYXRhIjogewogICAgICAgICAgICAgICAgICB9LAogICAgICAgICAgICAgICAgICAibmlja25hbWUiOiBudWxsLAogICAgICAgICAgICAgICAgICAicHJvZHVjdCI6ICJwcm9kX0lMbWY5S1VQSDgxb1FoIiwKICAgICAgICAgICAgICAgICAgInJlY3VycmluZyI6IHsKICAgICAgICAgICAgICAgICAgICAiYWdncmVnYXRlX3VzYWdlIjogbnVsbCwKICAgICAgICAgICAgICAgICAgICAiaW50ZXJ2YWwiOiAibW9udGgiLAogICAgICAgICAgICAgICAgICAgICJpbnRlcnZhbF9jb3VudCI6IDEsCiAgICAgICAgICAgICAgICAgICAgInRyaWFsX3BlcmlvZF9kYXlzIjogbnVsbCwKICAgICAgICAgICAgICAgICAgICAidXNhZ2VfdHlwZSI6ICJsaWNlbnNlZCIKICAgICAgICAgICAgICAgICAgfSwKICAgICAgICAgICAgICAgICAgInRpZXJzX21vZGUiOiBudWxsLAogICAgICAgICAgICAgICAgICAidHJhbnNmb3JtX3F1YW50aXR5IjogbnVsbCwKICAgICAgICAgICAgICAgICAgInR5cGUiOiAicmVjdXJyaW5nIiwKICAgICAgICAgICAgICAgICAgInVuaXRfYW1vdW50IjogMzAwLAogICAgICAgICAgICAgICAgICAidW5pdF9hbW91bnRfZGVjaW1hbCI6ICIzMDAiCiAgICAgICAgICAgICAgICB9LAogICAgICAgICAgICAgICAgInByb3JhdGlvbiI6IGZhbHNlLAogICAgICAgICAgICAgICAgInF1YW50aXR5IjogMSwKICAgICAgICAgICAgICAgICJzdWJzY3JpcHRpb24iOiBudWxsLAogICAgICAgICAgICAgICAgInN1YnNjcmlwdGlvbl9pdGVtIjogInNpX0lMbWZDcEh4SEtDYVFxIiwKICAgICAgICAgICAgICAgICJ0YXhfYW1vdW50cyI6IFsKCiAgICAgICAgICAgICAgICBdLAogICAgICAgICAgICAgICAgInRheF9yYXRlcyI6IFsKCiAgICAgICAgICAgICAgICBdLAogICAgICAgICAgICAgICAgInR5cGUiOiAic3Vic2NyaXB0aW9uIiwKICAgICAgICAgICAgICAgICJ1bmlxdWVfaWQiOiAiaWxfMEhsNTV2a0tlNGtGcFliZG84YjlKaExhIiwKICAgICAgICAgICAgICAgICJ1bmlxdWVfbGluZV9pdGVtX2lkIjogInNsaV9iYmE0Mjc5ODI2YzJmOSIKICAgICAgICAgICAgICB9CiAgICAgICAgICAgIF0sCiAgICAgICAgICAgICJoYXNfbW9yZSI6IGZhbHNlLAogICAgICAgICAgICAidG90YWxfY291bnQiOiAxLAogICAgICAgICAgICAidXJsIjogIi92MS9pbnZvaWNlcy9pbl8wSGw1NXZrS2U0a0ZwWWJkNGRqbzk0WUcvbGluZXMiCiAgICAgICAgICB9LAogICAgICAgICAgImxpdmVtb2RlIjogZmFsc2UsCiAgICAgICAgICAibWV0YWRhdGEiOiB7CiAgICAgICAgICB9LAogICAgICAgICAgIm5leHRfcGF5bWVudF9hdHRlbXB0IjogbnVsbCwKICAgICAgICAgICJudW1iZXIiOiAiREMyMTdDNUUtMDAwMSIsCiAgICAgICAgICAicGFpZCI6IHRydWUsCiAgICAgICAgICAicGF5bWVudF9pbnRlbnQiOiAicGlfMEhsNTV2a0tlNGtGcFliZEJhNGpXeDhaIiwKICAgICAgICAgICJwZXJpb2RfZW5kIjogMTYwNDgwODA5NSwKICAgICAgICAgICJwZXJpb2Rfc3RhcnQiOiAxNjA0ODA4MDk1LAogICAgICAgICAgInBvc3RfcGF5bWVudF9jcmVkaXRfbm90ZXNfYW1vdW50IjogMCwKICAgICAgICAgICJwcmVfcGF5bWVudF9jcmVkaXRfbm90ZXNfYW1vdW50IjogMCwKICAgICAgICAgICJyZWNlaXB0X251bWJlciI6IG51bGwsCiAgICAgICAgICAic3RhcnRpbmdfYmFsYW5jZSI6IDAsCiAgICAgICAgICAic3RhdGVtZW50X2Rlc2NyaXB0b3IiOiBudWxsLAogICAgICAgICAgInN0YXR1cyI6ICJwYWlkIiwKICAgICAgICAgICJzdGF0dXNfdHJhbnNpdGlvbnMiOiB7CiAgICAgICAgICAgICJmaW5hbGl6ZWRfYXQiOiAxNjA0ODA4MDk1LAogICAgICAgICAgICAibWFya2VkX3VuY29sbGVjdGlibGVfYXQiOiBudWxsLAogICAgICAgICAgICAicGFpZF9hdCI6IDE2MDQ4MDgwOTUsCiAgICAgICAgICAgICJ2b2lkZWRfYXQiOiBudWxsCiAgICAgICAgICB9LAogICAgICAgICAgInN1YnNjcmlwdGlvbiI6ICJzdWJfSUxtZkF3R0E5ZHl1b2giLAogICAgICAgICAgInN1YnRvdGFsIjogMzAwLAogICAgICAgICAgInRheCI6IG51bGwsCiAgICAgICAgICAidGF4X3BlcmNlbnQiOiBudWxsLAogICAgICAgICAgInRvdGFsIjogMzAwLAogICAgICAgICAgInRvdGFsX2Rpc2NvdW50X2Ftb3VudHMiOiBbCgogICAgICAgICAgXSwKICAgICAgICAgICJ0b3RhbF90YXhfYW1vdW50cyI6IFsKCiAgICAgICAgICBdLAogICAgICAgICAgInRyYW5zZmVyX2RhdGEiOiBudWxsLAogICAgICAgICAgIndlYmhvb2tzX2RlbGl2ZXJlZF9hdCI6IDE2MDQ4MDgwOTUKICAgICAgICB9CiAgICAgIH0sCiAgICAgICJsaXZlbW9kZSI6IGZhbHNlLAogICAgICAicGVuZGluZ193ZWJob29rcyI6IDAsCiAgICAgICJyZXF1ZXN0IjogewogICAgICAgICJpZCI6ICJyZXFfVEdUeXoxMW4ya3lHdWsiLAogICAgICAgICJpZGVtcG90ZW5jeV9rZXkiOiBudWxsCiAgICAgIH0sCiAgICAgICJ0eXBlIjogImludm9pY2UuY3JlYXRlZCIKICAgIH0sCiAgICB7CiAgICAgICJpZCI6ICJldnRfMEhsNTV3a0tlNGtGcFliZFF4UDkxbjZhIiwKICAgICAgIm9iamVjdCI6ICJldmVudCIsCiAgICAgICJhcGlfdmVyc2lvbiI6ICIyMDE3LTEyLTE0IiwKICAgICAgImNyZWF0ZWQiOiAxNjA0ODA4MDk2LAogICAgICAiZGF0YSI6IHsKICAgICAgICAib2JqZWN0IjogewogICAgICAgICAgImlkIjogImN1c19JTG1maXprODRiWndmdiIsCiAgICAgICAgICAib2JqZWN0IjogImN1c3RvbWVyIiwKICAgICAgICAgICJhY2NvdW50X2JhbGFuY2UiOiAwLAogICAgICAgICAgImFkZHJlc3MiOiBudWxsLAogICAgICAgICAgImJhbGFuY2UiOiAwLAogICAgICAgICAgImNyZWF0ZWQiOiAxNjA0ODA4MDkxLAogICAgICAgICAgImN1cnJlbmN5IjogInVzZCIsCiAgICAgICAgICAiZGVmYXVsdF9zb3VyY2UiOiAiY2FyZF8wSGw1NXNrS2U0a0ZwWWJkQkplY3dZYjYiLAogICAgICAgICAgImRlbGlucXVlbnQiOiBmYWxzZSwKICAgICAgICAgICJkZXNjcmlwdGlvbiI6IG51bGwsCiAgICAgICAgICAiZGlzY291bnQiOiBudWxsLAogICAgICAgICAgImVtYWlsIjogInNlYXJjaDAwMjVAZHJ1bWtub3R0c2VhcmNoLmNvbSIsCiAgICAgICAgICAiaW52b2ljZV9wcmVmaXgiOiAiREMyMTdDNUUiLAogICAgICAgICAgImludm9pY2Vfc2V0dGluZ3MiOiB7CiAgICAgICAgICAgICJjdXN0b21fZmllbGRzIjogbnVsbCwKICAgICAgICAgICAgImRlZmF1bHRfcGF5bWVudF9tZXRob2QiOiBudWxsLAogICAgICAgICAgICAiZm9vdGVyIjogbnVsbAogICAgICAgICAgfSwKICAgICAgICAgICJsaXZlbW9kZSI6IGZhbHNlLAogICAgICAgICAgIm1ldGFkYXRhIjogewogICAgICAgICAgfSwKICAgICAgICAgICJuYW1lIjogbnVsbCwKICAgICAgICAgICJuZXh0X2ludm9pY2Vfc2VxdWVuY2UiOiAyLAogICAgICAgICAgInBob25lIjogbnVsbCwKICAgICAgICAgICJwcmVmZXJyZWRfbG9jYWxlcyI6IFsKCiAgICAgICAgICBdLAogICAgICAgICAgInNoaXBwaW5nIjogbnVsbCwKICAgICAgICAgICJzb3VyY2VzIjogewogICAgICAgICAgICAib2JqZWN0IjogImxpc3QiLAogICAgICAgICAgICAiZGF0YSI6IFsKICAgICAgICAgICAgICB7CiAgICAgICAgICAgICAgICAiaWQiOiAiY2FyZF8wSGw1NXNrS2U0a0ZwWWJkQkplY3dZYjYiLAogICAgICAgICAgICAgICAgIm9iamVjdCI6ICJjYXJkIiwKICAgICAgICAgICAgICAgICJhZGRyZXNzX2NpdHkiOiBudWxsLAogICAgICAgICAgICAgICAgImFkZHJlc3NfY291bnRyeSI6IG51bGwsCiAgICAgICAgICAgICAgICAiYWRkcmVzc19saW5lMSI6IG51bGwsCiAgICAgICAgICAgICAgICAiYWRkcmVzc19saW5lMV9jaGVjayI6IG51bGwsCiAgICAgICAgICAgICAgICAiYWRkcmVzc19saW5lMiI6IG51bGwsCiAgICAgICAgICAgICAgICAiYWRkcmVzc19zdGF0ZSI6IG51bGwsCiAgICAgICAgICAgICAgICAiYWRkcmVzc196aXAiOiBudWxsLAogICAgICAgICAgICAgICAgImFkZHJlc3NfemlwX2NoZWNrIjogbnVsbCwKICAgICAgICAgICAgICAgICJicmFuZCI6ICJWaXNhIiwKICAgICAgICAgICAgICAgICJjb3VudHJ5IjogIlVTIiwKICAgICAgICAgICAgICAgICJjdXN0b21lciI6ICJjdXNfSUxtZml6azg0Ylp3ZnYiLAogICAgICAgICAgICAgICAgImN2Y19jaGVjayI6ICJwYXNzIiwKICAgICAgICAgICAgICAgICJkeW5hbWljX2xhc3Q0IjogbnVsbCwKICAgICAgICAgICAgICAgICJleHBfbW9udGgiOiAxLAogICAgICAgICAgICAgICAgImV4cF95ZWFyIjogMjAyMiwKICAgICAgICAgICAgICAgICJmaW5nZXJwcmludCI6ICJEQ1piQjBqTkk2TzU2T3JBIiwKICAgICAgICAgICAgICAgICJmdW5kaW5nIjogImNyZWRpdCIsCiAgICAgICAgICAgICAgICAibGFzdDQiOiAiNDI0MiIsCiAgICAgICAgICAgICAgICAibWV0YWRhdGEiOiB7CiAgICAgICAgICAgICAgICB9LAogICAgICAgICAgICAgICAgIm5hbWUiOiBudWxsLAogICAgICAgICAgICAgICAgInRva2VuaXphdGlvbl9tZXRob2QiOiBudWxsCiAgICAgICAgICAgICAgfQogICAgICAgICAgICBdLAogICAgICAgICAgICAiaGFzX21vcmUiOiBmYWxzZSwKICAgICAgICAgICAgInRvdGFsX2NvdW50IjogMSwKICAgICAgICAgICAgInVybCI6ICIvdjEvY3VzdG9tZXJzL2N1c19JTG1maXprODRiWndmdi9zb3VyY2VzIgogICAgICAgICAgfSwKICAgICAgICAgICJzdWJzY3JpcHRpb25zIjogewogICAgICAgICAgICAib2JqZWN0IjogImxpc3QiLAogICAgICAgICAgICAiZGF0YSI6IFsKICAgICAgICAgICAgICB7CiAgICAgICAgICAgICAgICAiaWQiOiAic3ViX0lMbWZBd0dBOWR5dW9oIiwKICAgICAgICAgICAgICAgICJvYmplY3QiOiAic3Vic2NyaXB0aW9uIiwKICAgICAgICAgICAgICAgICJhcHBsaWNhdGlvbl9mZWVfcGVyY2VudCI6IG51bGwsCiAgICAgICAgICAgICAgICAiYmlsbGluZyI6ICJjaGFyZ2VfYXV0b21hdGljYWxseSIsCiAgICAgICAgICAgICAgICAiYmlsbGluZ19jeWNsZV9hbmNob3IiOiAxNjA0ODA4MDk1LAogICAgICAgICAgICAgICAgImJpbGxpbmdfdGhyZXNob2xkcyI6IG51bGwsCiAgICAgICAgICAgICAgICAiY2FuY2VsX2F0IjogbnVsbCwKICAgICAgICAgICAgICAgICJjYW5jZWxfYXRfcGVyaW9kX2VuZCI6IGZhbHNlLAogICAgICAgICAgICAgICAgImNhbmNlbGVkX2F0IjogbnVsbCwKICAgICAgICAgICAgICAgICJjb2xsZWN0aW9uX21ldGhvZCI6ICJjaGFyZ2VfYXV0b21hdGljYWxseSIsCiAgICAgICAgICAgICAgICAiY3JlYXRlZCI6IDE2MDQ4MDgwOTUsCiAgICAgICAgICAgICAgICAiY3VycmVudF9wZXJpb2RfZW5kIjogMTYwNzQwMDA5NSwKICAgICAgICAgICAgICAgICJjdXJyZW50X3BlcmlvZF9zdGFydCI6IDE2MDQ4MDgwOTUsCiAgICAgICAgICAgICAgICAiY3VzdG9tZXIiOiAiY3VzX0lMbWZpems4NGJad2Z2IiwKICAgICAgICAgICAgICAgICJkYXlzX3VudGlsX2R1ZSI6IG51bGwsCiAgICAgICAgICAgICAgICAiZGVmYXVsdF9wYXltZW50X21ldGhvZCI6IG51bGwsCiAgICAgICAgICAgICAgICAiZGVmYXVsdF9zb3VyY2UiOiBudWxsLAogICAgICAgICAgICAgICAgImRlZmF1bHRfdGF4X3JhdGVzIjogWwoKICAgICAgICAgICAgICAgIF0sCiAgICAgICAgICAgICAgICAiZGlzY291bnQiOiBudWxsLAogICAgICAgICAgICAgICAgImVuZGVkX2F0IjogbnVsbCwKICAgICAgICAgICAgICAgICJpbnZvaWNlX2N1c3RvbWVyX2JhbGFuY2Vfc2V0dGluZ3MiOiB7CiAgICAgICAgICAgICAgICAgICJjb25zdW1lX2FwcGxpZWRfYmFsYW5jZV9vbl92b2lkIjogdHJ1ZQogICAgICAgICAgICAgICAgfSwKICAgICAgICAgICAgICAgICJpdGVtcyI6IHsKICAgICAgICAgICAgICAgICAgIm9iamVjdCI6ICJsaXN0IiwKICAgICAgICAgICAgICAgICAgImRhdGEiOiBbCiAgICAgICAgICAgICAgICAgICAgewogICAgICAgICAgICAgICAgICAgICAgImlkIjogInNpX0lMbWZDcEh4SEtDYVFxIiwKICAgICAgICAgICAgICAgICAgICAgICJvYmplY3QiOiAic3Vic2NyaXB0aW9uX2l0ZW0iLAogICAgICAgICAgICAgICAgICAgICAgImJpbGxpbmdfdGhyZXNob2xkcyI6IG51bGwsCiAgICAgICAgICAgICAgICAgICAgICAiY3JlYXRlZCI6IDE2MDQ4MDgwOTUsCiAgICAgICAgICAgICAgICAgICAgICAibWV0YWRhdGEiOiB7CiAgICAgICAgICAgICAgICAgICAgICB9LAogICAgICAgICAgICAgICAgICAgICAgInBsYW4iOiB7CiAgICAgICAgICAgICAgICAgICAgICAgICJpZCI6ICJkcnVta25vdHQiLAogICAgICAgICAgICAgICAgICAgICAgICAib2JqZWN0IjogInBsYW4iLAogICAgICAgICAgICAgICAgICAgICAgICAiYWN0aXZlIjogdHJ1ZSwKICAgICAgICAgICAgICAgICAgICAgICAgImFnZ3JlZ2F0ZV91c2FnZSI6IG51bGwsCiAgICAgICAgICAgICAgICAgICAgICAgICJhbW91bnQiOiAzMDAsCiAgICAgICAgICAgICAgICAgICAgICAgICJhbW91bnRfZGVjaW1hbCI6ICIzMDAiLAogICAgICAgICAgICAgICAgICAgICAgICAiYmlsbGluZ19zY2hlbWUiOiAicGVyX3VuaXQiLAogICAgICAgICAgICAgICAgICAgICAgICAiY3JlYXRlZCI6IDE2MDQ4MDgwOTEsCiAgICAgICAgICAgICAgICAgICAgICAgICJjdXJyZW5jeSI6ICJ1c2QiLAogICAgICAgICAgICAgICAgICAgICAgICAiaW50ZXJ2YWwiOiAibW9udGgiLAogICAgICAgICAgICAgICAgICAgICAgICAiaW50ZXJ2YWxfY291bnQiOiAxLAogICAgICAgICAgICAgICAgICAgICAgICAibGl2ZW1vZGUiOiBmYWxzZSwKICAgICAgICAgICAgICAgICAgICAgICAgIm1ldGFkYXRhIjogewogICAgICAgICAgICAgICAgICAgICAgICB9LAogICAgICAgICAgICAgICAgICAgICAgICAibmFtZSI6ICJEcnVta25vdHQgVGVzdCIsCiAgICAgICAgICAgICAgICAgICAgICAgICJuaWNrbmFtZSI6IG51bGwsCiAgICAgICAgICAgICAgICAgICAgICAgICJwcm9kdWN0IjogInByb2RfSUxtZjlLVVBIODFvUWgiLAogICAgICAgICAgICAgICAgICAgICAgICAic3RhdGVtZW50X2Rlc2NyaXB0b3IiOiBudWxsLAogICAgICAgICAgICAgICAgICAgICAgICAidGllcnMiOiBudWxsLAogICAgICAgICAgICAgICAgICAgICAgICAidGllcnNfbW9kZSI6IG51bGwsCiAgICAgICAgICAgICAgICAgICAgICAgICJ0cmFuc2Zvcm1fdXNhZ2UiOiBudWxsLAogICAgICAgICAgICAgICAgICAgICAgICAidHJpYWxfcGVyaW9kX2RheXMiOiBudWxsLAogICAgICAgICAgICAgICAgICAgICAgICAidXNhZ2VfdHlwZSI6ICJsaWNlbnNlZCIKICAgICAgICAgICAgICAgICAgICAgIH0sCiAgICAgICAgICAgICAgICAgICAgICAicHJpY2UiOiB7CiAgICAgICAgICAgICAgICAgICAgICAgICJpZCI6ICJkcnVta25vdHQiLAogICAgICAgICAgICAgICAgICAgICAgICAib2JqZWN0IjogInByaWNlIiwKICAgICAgICAgICAgICAgICAgICAgICAgImFjdGl2ZSI6IHRydWUsCiAgICAgICAgICAgICAgICAgICAgICAgICJiaWxsaW5nX3NjaGVtZSI6ICJwZXJfdW5pdCIsCiAgICAgICAgICAgICAgICAgICAgICAgICJjcmVhdGVkIjogMTYwNDgwODA5MSwKICAgICAgICAgICAgICAgICAgICAgICAgImN1cnJlbmN5IjogInVzZCIsCiAgICAgICAgICAgICAgICAgICAgICAgICJsaXZlbW9kZSI6IGZhbHNlLAogICAgICAgICAgICAgICAgICAgICAgICAibG9va3VwX2tleSI6IG51bGwsCiAgICAgICAgICAgICAgICAgICAgICAgICJtZXRhZGF0YSI6IHsKICAgICAgICAgICAgICAgICAgICAgICAgfSwKICAgICAgICAgICAgICAgICAgICAgICAgIm5pY2tuYW1lIjogbnVsbCwKICAgICAgICAgICAgICAgICAgICAgICAgInByb2R1Y3QiOiAicHJvZF9JTG1mOUtVUEg4MW9RaCIsCiAgICAgICAgICAgICAgICAgICAgICAgICJyZWN1cnJpbmciOiB7CiAgICAgICAgICAgICAgICAgICAgICAgICAgImFnZ3JlZ2F0ZV91c2FnZSI6IG51bGwsCiAgICAgICAgICAgICAgICAgICAgICAgICAgImludGVydmFsIjogIm1vbnRoIiwKICAgICAgICAgICAgICAgICAgICAgICAgICAiaW50ZXJ2YWxfY291bnQiOiAxLAogICAgICAgICAgICAgICAgICAgICAgICAgICJ0cmlhbF9wZXJpb2RfZGF5cyI6IG51bGwsCiAgICAgICAgICAgICAgICAgICAgICAgICAgInVzYWdlX3R5cGUiOiAibGljZW5zZWQiCiAgICAgICAgICAgICAgICAgICAgICAgIH0sCiAgICAgICAgICAgICAgICAgICAgICAgICJ0aWVyc19tb2RlIjogbnVsbCwKICAgICAgICAgICAgICAgICAgICAgICAgInRyYW5zZm9ybV9xdWFudGl0eSI6IG51bGwsCiAgICAgICAgICAgICAgICAgICAgICAgICJ0eXBlIjogInJlY3VycmluZyIsCiAgICAgICAgICAgICAgICAgICAgICAgICJ1bml0X2Ftb3VudCI6IDMwMCwKICAgICAgICAgICAgICAgICAgICAgICAgInVuaXRfYW1vdW50X2RlY2ltYWwiOiAiMzAwIgogICAgICAgICAgICAgICAgICAgICAgfSwKICAgICAgICAgICAgICAgICAgICAgICJxdWFudGl0eSI6IDEsCiAgICAgICAgICAgICAgICAgICAgICAic3Vic2NyaXB0aW9uIjogInN1Yl9JTG1mQXdHQTlkeXVvaCIsCiAgICAgICAgICAgICAgICAgICAgICAidGF4X3JhdGVzIjogWwoKICAgICAgICAgICAgICAgICAgICAgIF0KICAgICAgICAgICAgICAgICAgICB9CiAgICAgICAgICAgICAgICAgIF0sCiAgICAgICAgICAgICAgICAgICJoYXNfbW9yZSI6IGZhbHNlLAogICAgICAgICAgICAgICAgICAidG90YWxfY291bnQiOiAxLAogICAgICAgICAgICAgICAgICAidXJsIjogIi92MS9zdWJzY3JpcHRpb25faXRlbXM/c3Vic2NyaXB0aW9uPXN1Yl9JTG1mQXdHQTlkeXVvaCIKICAgICAgICAgICAgICAgIH0sCiAgICAgICAgICAgICAgICAibGF0ZXN0X2ludm9pY2UiOiAiaW5fMEhsNTV2a0tlNGtGcFliZDRkam85NFlHIiwKICAgICAgICAgICAgICAgICJsaXZlbW9kZSI6IGZhbHNlLAogICAgICAgICAgICAgICAgIm1ldGFkYXRhIjogewogICAgICAgICAgICAgICAgfSwKICAgICAgICAgICAgICAgICJuZXh0X3BlbmRpbmdfaW52b2ljZV9pdGVtX2ludm9pY2UiOiBudWxsLAogICAgICAgICAgICAgICAgInBhdXNlX2NvbGxlY3Rpb24iOiBudWxsLAogICAgICAgICAgICAgICAgInBlbmRpbmdfaW52b2ljZV9pdGVtX2ludGVydmFsIjogbnVsbCwKICAgICAgICAgICAgICAgICJwZW5kaW5nX3NldHVwX2ludGVudCI6IG51bGwsCiAgICAgICAgICAgICAgICAicGVuZGluZ191cGRhdGUiOiBudWxsLAogICAgICAgICAgICAgICAgInBsYW4iOiB7CiAgICAgICAgICAgICAgICAgICJpZCI6ICJkcnVta25vdHQiLAogICAgICAgICAgICAgICAgICAib2JqZWN0IjogInBsYW4iLAogICAgICAgICAgICAgICAgICAiYWN0aXZlIjogdHJ1ZSwKICAgICAgICAgICAgICAgICAgImFnZ3JlZ2F0ZV91c2FnZSI6IG51bGwsCiAgICAgICAgICAgICAgICAgICJhbW91bnQiOiAzMDAsCiAgICAgICAgICAgICAgICAgICJhbW91bnRfZGVjaW1hbCI6ICIzMDAiLAogICAgICAgICAgICAgICAgICAiYmlsbGluZ19zY2hlbWUiOiAicGVyX3VuaXQiLAogICAgICAgICAgICAgICAgICAiY3JlYXRlZCI6IDE2MDQ4MDgwOTEsCiAgICAgICAgICAgICAgICAgICJjdXJyZW5jeSI6ICJ1c2QiLAogICAgICAgICAgICAgICAgICAiaW50ZXJ2YWwiOiAibW9udGgiLAogICAgICAgICAgICAgICAgICAiaW50ZXJ2YWxfY291bnQiOiAxLAogICAgICAgICAgICAgICAgICAibGl2ZW1vZGUiOiBmYWxzZSwKICAgICAgICAgICAgICAgICAgIm1ldGFkYXRhIjogewogICAgICAgICAgICAgICAgICB9LAogICAgICAgICAgICAgICAgICAibmFtZSI6ICJEcnVta25vdHQgVGVzdCIsCiAgICAgICAgICAgICAgICAgICJuaWNrbmFtZSI6IG51bGwsCiAgICAgICAgICAgICAgICAgICJwcm9kdWN0IjogInByb2RfSUxtZjlLVVBIODFvUWgiLAogICAgICAgICAgICAgICAgICAic3RhdGVtZW50X2Rlc2NyaXB0b3IiOiBudWxsLAogICAgICAgICAgICAgICAgICAidGllcnMiOiBudWxsLAogICAgICAgICAgICAgICAgICAidGllcnNfbW9kZSI6IG51bGwsCiAgICAgICAgICAgICAgICAgICJ0cmFuc2Zvcm1fdXNhZ2UiOiBudWxsLAogICAgICAgICAgICAgICAgICAidHJpYWxfcGVyaW9kX2RheXMiOiBudWxsLAogICAgICAgICAgICAgICAgICAidXNhZ2VfdHlwZSI6ICJsaWNlbnNlZCIKICAgICAgICAgICAgICAgIH0sCiAgICAgICAgICAgICAgICAicXVhbnRpdHkiOiAxLAogICAgICAgICAgICAgICAgInNjaGVkdWxlIjogbnVsbCwKICAgICAgICAgICAgICAgICJzdGFydCI6IDE2MDQ4MDgwOTUsCiAgICAgICAgICAgICAgICAic3RhcnRfZGF0ZSI6IDE2MDQ4MDgwOTUsCiAgICAgICAgICAgICAgICAic3RhdHVzIjogImFjdGl2ZSIsCiAgICAgICAgICAgICAgICAidGF4X3BlcmNlbnQiOiBudWxsLAogICAgICAgICAgICAgICAgInRyYW5zZmVyX2RhdGEiOiBudWxsLAogICAgICAgICAgICAgICAgInRyaWFsX2VuZCI6IG51bGwsCiAgICAgICAgICAgICAgICAidHJpYWxfc3RhcnQiOiBudWxsCiAgICAgICAgICAgICAgfQogICAgICAgICAgICBdLAogICAgICAgICAgICAiaGFzX21vcmUiOiBmYWxzZSwKICAgICAgICAgICAgInRvdGFsX2NvdW50IjogMSwKICAgICAgICAgICAgInVybCI6ICIvdjEvY3VzdG9tZXJzL2N1c19JTG1maXprODRiWndmdi9zdWJzY3JpcHRpb25zIgogICAgICAgICAgfSwKICAgICAgICAgICJ0YXhfZXhlbXB0IjogIm5vbmUiLAogICAgICAgICAgInRheF9pZHMiOiB7CiAgICAgICAgICAgICJvYmplY3QiOiAibGlzdCIsCiAgICAgICAgICAgICJkYXRhIjogWwoKICAgICAgICAgICAgXSwKICAgICAgICAgICAgImhhc19tb3JlIjogZmFsc2UsCiAgICAgICAgICAgICJ0b3RhbF9jb3VudCI6IDAsCiAgICAgICAgICAgICJ1cmwiOiAiL3YxL2N1c3RvbWVycy9jdXNfSUxtZml6azg0Ylp3ZnYvdGF4X2lkcyIKICAgICAgICAgIH0sCiAgICAgICAgICAidGF4X2luZm8iOiBudWxsLAogICAgICAgICAgInRheF9pbmZvX3ZlcmlmaWNhdGlvbiI6IG51bGwKICAgICAgICB9LAogICAgICAgICJwcmV2aW91c19hdHRyaWJ1dGVzIjogewogICAgICAgICAgImN1cnJlbmN5IjogbnVsbAogICAgICAgIH0KICAgICAgfSwKICAgICAgImxpdmVtb2RlIjogZmFsc2UsCiAgICAgICJwZW5kaW5nX3dlYmhvb2tzIjogMCwKICAgICAgInJlcXVlc3QiOiB7CiAgICAgICAgImlkIjogInJlcV9UR1R5ejExbjJreUd1ayIsCiAgICAgICAgImlkZW1wb3RlbmN5X2tleSI6IG51bGwKICAgICAgfSwKICAgICAgInR5cGUiOiAiY3VzdG9tZXIudXBkYXRlZCIKICAgIH0sCiAgICB7CiAgICAgICJpZCI6ICJldnRfMEhsNTV4a0tlNGtGcFliZEliT3Vrcnk4IiwKICAgICAgIm9iamVjdCI6ICJldmVudCIsCiAgICAgICJhcGlfdmVyc2lvbiI6ICIyMDE3LTEyLTE0IiwKICAgICAgImNyZWF0ZWQiOiAxNjA0ODA4MDk2LAogICAgICAiZGF0YSI6IHsKICAgICAgICAib2JqZWN0IjogewogICAgICAgICAgImlkIjogInBpXzBIbDU1dmtLZTRrRnBZYmRCYTRqV3g4WiIsCiAgICAgICAgICAib2JqZWN0IjogInBheW1lbnRfaW50ZW50IiwKICAgICAgICAgICJhbGxvd2VkX3NvdXJjZV90eXBlcyI6IFsKICAgICAgICAgICAgImNhcmQiCiAgICAgICAgICBdLAogICAgICAgICAgImFtb3VudCI6IDMwMCwKICAgICAgICAgICJhbW91bnRfY2FwdHVyYWJsZSI6IDAsCiAgICAgICAgICAiYW1vdW50X3JlY2VpdmVkIjogMzAwLAogICAgICAgICAgImFwcGxpY2F0aW9uIjogbnVsbCwKICAgICAgICAgICJhcHBsaWNhdGlvbl9mZWVfYW1vdW50IjogbnVsbCwKICAgICAgICAgICJjYW5jZWxlZF9hdCI6IG51bGwsCiAgICAgICAgICAiY2FuY2VsbGF0aW9uX3JlYXNvbiI6IG51bGwsCiAgICAgICAgICAiY2FwdHVyZV9tZXRob2QiOiAiYXV0b21hdGljIiwKICAgICAgICAgICJjaGFyZ2VzIjogewogICAgICAgICAgICAib2JqZWN0IjogImxpc3QiLAogICAgICAgICAgICAiZGF0YSI6IFsKICAgICAgICAgICAgICB7CiAgICAgICAgICAgICAgICAiaWQiOiAiY2hfMEhsNTV2a0tlNGtGcFliZFkxUm5STm42IiwKICAgICAgICAgICAgICAgICJvYmplY3QiOiAiY2hhcmdlIiwKICAgICAgICAgICAgICAgICJhbW91bnQiOiAzMDAsCiAgICAgICAgICAgICAgICAiYW1vdW50X2NhcHR1cmVkIjogMzAwLAogICAgICAgICAgICAgICAgImFtb3VudF9yZWZ1bmRlZCI6IDAsCiAgICAgICAgICAgICAgICAiYXBwbGljYXRpb24iOiBudWxsLAogICAgICAgICAgICAgICAgImFwcGxpY2F0aW9uX2ZlZSI6IG51bGwsCiAgICAgICAgICAgICAgICAiYXBwbGljYXRpb25fZmVlX2Ftb3VudCI6IG51bGwsCiAgICAgICAgICAgICAgICAiYmFsYW5jZV90cmFuc2FjdGlvbiI6ICJ0eG5fMEhsNTV3a0tlNGtGcFliZHhTSWtJd1B0IiwKICAgICAgICAgICAgICAgICJiaWxsaW5nX2RldGFpbHMiOiB7CiAgICAgICAgICAgICAgICAgICJhZGRyZXNzIjogewogICAgICAgICAgICAgICAgICAgICJjaXR5IjogbnVsbCwKICAgICAgICAgICAgICAgICAgICAiY291bnRyeSI6IG51bGwsCiAgICAgICAgICAgICAgICAgICAgImxpbmUxIjogbnVsbCwKICAgICAgICAgICAgICAgICAgICAibGluZTIiOiBudWxsLAogICAgICAgICAgICAgICAgICAgICJwb3N0YWxfY29kZSI6IG51bGwsCiAgICAgICAgICAgICAgICAgICAgInN0YXRlIjogbnVsbAogICAgICAgICAgICAgICAgICB9LAogICAgICAgICAgICAgICAgICAiZW1haWwiOiBudWxsLAogICAgICAgICAgICAgICAgICAibmFtZSI6IG51bGwsCiAgICAgICAgICAgICAgICAgICJwaG9uZSI6IG51bGwKICAgICAgICAgICAgICAgIH0sCiAgICAgICAgICAgICAgICAiY2FsY3VsYXRlZF9zdGF0ZW1lbnRfZGVzY3JpcHRvciI6ICJEUlVNS05PVFQiLAogICAgICAgICAgICAgICAgImNhcHR1cmVkIjogdHJ1ZSwKICAgICAgICAgICAgICAgICJjcmVhdGVkIjogMTYwNDgwODA5NSwKICAgICAgICAgICAgICAgICJjdXJyZW5jeSI6ICJ1c2QiLAogICAgICAgICAgICAgICAgImN1c3RvbWVyIjogImN1c19JTG1maXprODRiWndmdiIsCiAgICAgICAgICAgICAgICAiZGVzY3JpcHRpb24iOiAiU3Vic2NyaXB0aW9uIGNyZWF0aW9uIiwKICAgICAgICAgICAgICAgICJkZXN0aW5hdGlvbiI6IG51bGwsCiAgICAgICAgICAgICAgICAiZGlzcHV0ZSI6IG51bGwsCiAgICAgICAgICAgICAgICAiZGlzcHV0ZWQiOiBmYWxzZSwKICAgICAgICAgICAgICAgICJmYWlsdXJlX2NvZGUiOiBudWxsLAogICAgICAgICAgICAgICAgImZhaWx1cmVfbWVzc2FnZSI6IG51bGwsCiAgICAgICAgICAgICAgICAiZnJhdWRfZGV0YWlscyI6IHsKICAgICAgICAgICAgICAgIH0sCiAgICAgICAgICAgICAgICAiaW52b2ljZSI6ICJpbl8wSGw1NXZrS2U0a0ZwWWJkNGRqbzk0WUciLAogICAgICAgICAgICAgICAgImxpdmVtb2RlIjogZmFsc2UsCiAgICAgICAgICAgICAgICAibWV0YWRhdGEiOiB7CiAgICAgICAgICAgICAgICB9LAogICAgICAgICAgICAgICAgIm9uX2JlaGFsZl9vZiI6IG51bGwsCiAgICAgICAgICAgICAgICAib3JkZXIiOiBudWxsLAogICAgICAgICAgICAgICAgIm91dGNvbWUiOiB7CiAgICAgICAgICAgICAgICAgICJuZXR3b3JrX3N0YXR1cyI6ICJhcHByb3ZlZF9ieV9uZXR3b3JrIiwKICAgICAgICAgICAgICAgICAgInJlYXNvbiI6IG51bGwsCiAgICAgICAgICAgICAgICAgICJyaXNrX2xldmVsIjogIm5vcm1hbCIsCiAgICAgICAgICAgICAgICAgICJyaXNrX3Njb3JlIjogMjgsCiAgICAgICAgICAgICAgICAgICJzZWxsZXJfbWVzc2FnZSI6ICJQYXltZW50IGNvbXBsZXRlLiIsCiAgICAgICAgICAgICAgICAgICJ0eXBlIjogImF1dGhvcml6ZWQiCiAgICAgICAgICAgICAgICB9LAogICAgICAgICAgICAgICAgInBhaWQiOiB0cnVlLAogICAgICAgICAgICAgICAgInBheW1lbnRfaW50ZW50IjogInBpXzBIbDU1dmtLZTRrRnBZYmRCYTRqV3g4WiIsCiAgICAgICAgICAgICAgICAicGF5bWVudF9tZXRob2QiOiAiY2FyZF8wSGw1NXNrS2U0a0ZwWWJkQkplY3dZYjYiLAogICAgICAgICAgICAgICAgInBheW1lbnRfbWV0aG9kX2RldGFpbHMiOiB7CiAgICAgICAgICAgICAgICAgICJjYXJkIjogewogICAgICAgICAgICAgICAgICAgICJicmFuZCI6ICJ2aXNhIiwKICAgICAgICAgICAgICAgICAgICAiY2hlY2tzIjogewogICAgICAgICAgICAgICAgICAgICAgImFkZHJlc3NfbGluZTFfY2hlY2siOiBudWxsLAogICAgICAgICAgICAgICAgICAgICAgImFkZHJlc3NfcG9zdGFsX2NvZGVfY2hlY2siOiBudWxsLAogICAgICAgICAgICAgICAgICAgICAgImN2Y19jaGVjayI6ICJwYXNzIgogICAgICAgICAgICAgICAgICAgIH0sCiAgICAgICAgICAgICAgICAgICAgImNvdW50cnkiOiAiVVMiLAogICAgICAgICAgICAgICAgICAgICJleHBfbW9udGgiOiAxLAogICAgICAgICAgICAgICAgICAgICJleHBfeWVhciI6IDIwMjIsCiAgICAgICAgICAgICAgICAgICAgImZpbmdlcnByaW50IjogIkRDWmJCMGpOSTZPNTZPckEiLAogICAgICAgICAgICAgICAgICAgICJmdW5kaW5nIjogImNyZWRpdCIsCiAgICAgICAgICAgICAgICAgICAgImluc3RhbGxtZW50cyI6IG51bGwsCiAgICAgICAgICAgICAgICAgICAgImxhc3Q0IjogIjQyNDIiLAogICAgICAgICAgICAgICAgICAgICJuZXR3b3JrIjogInZpc2EiLAogICAgICAgICAgICAgICAgICAgICJ0aHJlZV9kX3NlY3VyZSI6IG51bGwsCiAgICAgICAgICAgICAgICAgICAgIndhbGxldCI6IG51bGwKICAgICAgICAgICAgICAgICAgfSwKICAgICAgICAgICAgICAgICAgInR5cGUiOiAiY2FyZCIKICAgICAgICAgICAgICAgIH0sCiAgICAgICAgICAgICAgICAicmVjZWlwdF9lbWFpbCI6IG51bGwsCiAgICAgICAgICAgICAgICAicmVjZWlwdF9udW1iZXIiOiBudWxsLAogICAgICAgICAgICAgICAgInJlY2VpcHRfdXJsIjogImh0dHBzOi8vcGF5LnN0cmlwZS5jb20vcmVjZWlwdHMva0tlNGtGcFliZEw2dVJGNzFUbEh2c09RemliVFlSVTAvY2hfMEhsNTV2a0tlNGtGcFliZFkxUm5STm42L3JjcHRfSUxtZlBrYVFxeXNuZVh6bXhBVUJyQXE0Y0dtUkhrVCIsCiAgICAgICAgICAgICAgICAicmVmdW5kZWQiOiBmYWxzZSwKICAgICAgICAgICAgICAgICJyZWZ1bmRzIjogewogICAgICAgICAgICAgICAgICAib2JqZWN0IjogImxpc3QiLAogICAgICAgICAgICAgICAgICAiZGF0YSI6IFsKCiAgICAgICAgICAgICAgICAgIF0sCiAgICAgICAgICAgICAgICAgICJoYXNfbW9yZSI6IGZhbHNlLAogICAgICAgICAgICAgICAgICAidG90YWxfY291bnQiOiAwLAogICAgICAgICAgICAgICAgICAidXJsIjogIi92MS9jaGFyZ2VzL2NoXzBIbDU1dmtLZTRrRnBZYmRZMVJuUk5uNi9yZWZ1bmRzIgogICAgICAgICAgICAgICAgfSwKICAgICAgICAgICAgICAgICJyZXZpZXciOiBudWxsLAogICAgICAgICAgICAgICAgInNoaXBwaW5nIjogbnVsbCwKICAgICAgICAgICAgICAgICJzb3VyY2UiOiB7CiAgICAgICAgICAgICAgICAgICJpZCI6ICJjYXJkXzBIbDU1c2tLZTRrRnBZYmRCSmVjd1liNiIsCiAgICAgICAgICAgICAgICAgICJvYmplY3QiOiAiY2FyZCIsCiAgICAgICAgICAgICAgICAgICJhZGRyZXNzX2NpdHkiOiBudWxsLAogICAgICAgICAgICAgICAgICAiYWRkcmVzc19jb3VudHJ5IjogbnVsbCwKICAgICAgICAgICAgICAgICAgImFkZHJlc3NfbGluZTEiOiBudWxsLAogICAgICAgICAgICAgICAgICAiYWRkcmVzc19saW5lMV9jaGVjayI6IG51bGwsCiAgICAgICAgICAgICAgICAgICJhZGRyZXNzX2xpbmUyIjogbnVsbCwKICAgICAgICAgICAgICAgICAgImFkZHJlc3Nfc3RhdGUiOiBudWxsLAogICAgICAgICAgICAgICAgICAiYWRkcmVzc196aXAiOiBudWxsLAogICAgICAgICAgICAgICAgICAiYWRkcmVzc196aXBfY2hlY2siOiBudWxsLAogICAgICAgICAgICAgICAgICAiYnJhbmQiOiAiVmlzYSIsCiAgICAgICAgICAgICAgICAgICJjb3VudHJ5IjogIlVTIiwKICAgICAgICAgICAgICAgICAgImN1c3RvbWVyIjogImN1c19JTG1maXprODRiWndmdiIsCiAgICAgICAgICAgICAgICAgICJjdmNfY2hlY2siOiAicGFzcyIsCiAgICAgICAgICAgICAgICAgICJkeW5hbWljX2xhc3Q0IjogbnVsbCwKICAgICAgICAgICAgICAgICAgImV4cF9tb250aCI6IDEsCiAgICAgICAgICAgICAgICAgICJleHBfeWVhciI6IDIwMjIsCiAgICAgICAgICAgICAgICAgICJmaW5nZXJwcmludCI6ICJEQ1piQjBqTkk2TzU2T3JBIiwKICAgICAgICAgICAgICAgICAgImZ1bmRpbmciOiAiY3JlZGl0IiwKICAgICAgICAgICAgICAgICAgImxhc3Q0IjogIjQyNDIiLAogICAgICAgICAgICAgICAgICAibWV0YWRhdGEiOiB7CiAgICAgICAgICAgICAgICAgIH0sCiAgICAgICAgICAgICAgICAgICJuYW1lIjogbnVsbCwKICAgICAgICAgICAgICAgICAgInRva2VuaXphdGlvbl9tZXRob2QiOiBudWxsCiAgICAgICAgICAgICAgICB9LAogICAgICAgICAgICAgICAgInNvdXJjZV90cmFuc2ZlciI6IG51bGwsCiAgICAgICAgICAgICAgICAic3RhdGVtZW50X2Rlc2NyaXB0b3IiOiBudWxsLAogICAgICAgICAgICAgICAgInN0YXRlbWVudF9kZXNjcmlwdG9yX3N1ZmZpeCI6IG51bGwsCiAgICAgICAgICAgICAgICAic3RhdHVzIjogInN1Y2NlZWRlZCIsCiAgICAgICAgICAgICAgICAidHJhbnNmZXJfZGF0YSI6IG51bGwsCiAgICAgICAgICAgICAgICAidHJhbnNmZXJfZ3JvdXAiOiBudWxsCiAgICAgICAgICAgICAgfQogICAgICAgICAgICBdLAogICAgICAgICAgICAiaGFzX21vcmUiOiBmYWxzZSwKICAgICAgICAgICAgInRvdGFsX2NvdW50IjogMSwKICAgICAgICAgICAgInVybCI6ICIvdjEvY2hhcmdlcz9wYXltZW50X2ludGVudD1waV8wSGw1NXZrS2U0a0ZwWWJkQmE0ald4OFoiCiAgICAgICAgICB9LAogICAgICAgICAgImNsaWVudF9zZWNyZXQiOiAicGlfMEhsNTV2a0tlNGtGcFliZEJhNGpXeDhaX3NlY3JldF9HTkZwZHR0RHJpZ1Z6M2RQdjdsMXhSSGhlIiwKICAgICAgICAgICJjb25maXJtYXRpb25fbWV0aG9kIjogImF1dG9tYXRpYyIsCiAgICAgICAgICAiY3JlYXRlZCI6IDE2MDQ4MDgwOTUsCiAgICAgICAgICAiY3VycmVuY3kiOiAidXNkIiwKICAgICAgICAgICJjdXN0b21lciI6ICJjdXNfSUxtZml6azg0Ylp3ZnYiLAogICAgICAgICAgImRlc2NyaXB0aW9uIjogIlN1YnNjcmlwdGlvbiBjcmVhdGlvbiIsCiAgICAgICAgICAiaW52b2ljZSI6ICJpbl8wSGw1NXZrS2U0a0ZwWWJkNGRqbzk0WUciLAogICAgICAgICAgImxhc3RfcGF5bWVudF9lcnJvciI6IG51bGwsCiAgICAgICAgICAibGl2ZW1vZGUiOiBmYWxzZSwKICAgICAgICAgICJtZXRhZGF0YSI6IHsKICAgICAgICAgIH0sCiAgICAgICAgICAibmV4dF9hY3Rpb24iOiBudWxsLAogICAgICAgICAgIm5leHRfc291cmNlX2FjdGlvbiI6IG51bGwsCiAgICAgICAgICAib25fYmVoYWxmX29mIjogbnVsbCwKICAgICAgICAgICJwYXltZW50X21ldGhvZCI6IG51bGwsCiAgICAgICAgICAicGF5bWVudF9tZXRob2Rfb3B0aW9ucyI6IHsKICAgICAgICAgICAgImNhcmQiOiB7CiAgICAgICAgICAgICAgImluc3RhbGxtZW50cyI6IG51bGwsCiAgICAgICAgICAgICAgIm5ldHdvcmsiOiBudWxsLAogICAgICAgICAgICAgICJyZXF1ZXN0X3RocmVlX2Rfc2VjdXJlIjogImF1dG9tYXRpYyIKICAgICAgICAgICAgfQogICAgICAgICAgfSwKICAgICAgICAgICJwYXltZW50X21ldGhvZF90eXBlcyI6IFsKICAgICAgICAgICAgImNhcmQiCiAgICAgICAgICBdLAogICAgICAgICAgInJlY2VpcHRfZW1haWwiOiBudWxsLAogICAgICAgICAgInJldmlldyI6IG51bGwsCiAgICAgICAgICAic2V0dXBfZnV0dXJlX3VzYWdlIjogIm9mZl9zZXNzaW9uIiwKICAgICAgICAgICJzaGlwcGluZyI6IG51bGwsCiAgICAgICAgICAic291cmNlIjogImNhcmRfMEhsNTVza0tlNGtGcFliZEJKZWN3WWI2IiwKICAgICAgICAgICJzdGF0ZW1lbnRfZGVzY3JpcHRvciI6IG51bGwsCiAgICAgICAgICAic3RhdGVtZW50X2Rlc2NyaXB0b3Jfc3VmZml4IjogbnVsbCwKICAgICAgICAgICJzdGF0dXMiOiAic3VjY2VlZGVkIiwKICAgICAgICAgICJ0cmFuc2Zlcl9kYXRhIjogbnVsbCwKICAgICAgICAgICJ0cmFuc2Zlcl9ncm91cCI6IG51bGwKICAgICAgICB9CiAgICAgIH0sCiAgICAgICJsaXZlbW9kZSI6IGZhbHNlLAogICAgICAicGVuZGluZ193ZWJob29rcyI6IDAsCiAgICAgICJyZXF1ZXN0IjogewogICAgICAgICJpZCI6ICJyZXFfVEdUeXoxMW4ya3lHdWsiLAogICAgICAgICJpZGVtcG90ZW5jeV9rZXkiOiBudWxsCiAgICAgIH0sCiAgICAgICJ0eXBlIjogInBheW1lbnRfaW50ZW50LnN1Y2NlZWRlZCIKICAgIH0sCiAgICB7CiAgICAgICJpZCI6ICJldnRfMEhsNTV3a0tlNGtGcFliZDI3S3VNT0dkIiwKICAgICAgIm9iamVjdCI6ICJldmVudCIsCiAgICAgICJhcGlfdmVyc2lvbiI6ICIyMDE3LTEyLTE0IiwKICAgICAgImNyZWF0ZWQiOiAxNjA0ODA4MDk2LAogICAgICAiZGF0YSI6IHsKICAgICAgICAib2JqZWN0IjogewogICAgICAgICAgImlkIjogImNoXzBIbDU1dmtLZTRrRnBZYmRZMVJuUk5uNiIsCiAgICAgICAgICAib2JqZWN0IjogImNoYXJnZSIsCiAgICAgICAgICAiYW1vdW50IjogMzAwLAogICAgICAgICAgImFtb3VudF9jYXB0dXJlZCI6IDMwMCwKICAgICAgICAgICJhbW91bnRfcmVmdW5kZWQiOiAwLAogICAgICAgICAgImFwcGxpY2F0aW9uIjogbnVsbCwKICAgICAgICAgICJhcHBsaWNhdGlvbl9mZWUiOiBudWxsLAogICAgICAgICAgImFwcGxpY2F0aW9uX2ZlZV9hbW91bnQiOiBudWxsLAogICAgICAgICAgImJhbGFuY2VfdHJhbnNhY3Rpb24iOiAidHhuXzBIbDU1d2tLZTRrRnBZYmR4U0lrSXdQdCIsCiAgICAgICAgICAiYmlsbGluZ19kZXRhaWxzIjogewogICAgICAgICAgICAiYWRkcmVzcyI6IHsKICAgICAgICAgICAgICAiY2l0eSI6IG51bGwsCiAgICAgICAgICAgICAgImNvdW50cnkiOiBudWxsLAogICAgICAgICAgICAgICJsaW5lMSI6IG51bGwsCiAgICAgICAgICAgICAgImxpbmUyIjogbnVsbCwKICAgICAgICAgICAgICAicG9zdGFsX2NvZGUiOiBudWxsLAogICAgICAgICAgICAgICJzdGF0ZSI6IG51bGwKICAgICAgICAgICAgfSwKICAgICAgICAgICAgImVtYWlsIjogbnVsbCwKICAgICAgICAgICAgIm5hbWUiOiBudWxsLAogICAgICAgICAgICAicGhvbmUiOiBudWxsCiAgICAgICAgICB9LAogICAgICAgICAgImNhbGN1bGF0ZWRfc3RhdGVtZW50X2Rlc2NyaXB0b3IiOiAiRFJVTUtOT1RUIiwKICAgICAgICAgICJjYXB0dXJlZCI6IHRydWUsCiAgICAgICAgICAiY3JlYXRlZCI6IDE2MDQ4MDgwOTUsCiAgICAgICAgICAiY3VycmVuY3kiOiAidXNkIiwKICAgICAgICAgICJjdXN0b21lciI6ICJjdXNfSUxtZml6azg0Ylp3ZnYiLAogICAgICAgICAgImRlc2NyaXB0aW9uIjogIlN1YnNjcmlwdGlvbiBjcmVhdGlvbiIsCiAgICAgICAgICAiZGVzdGluYXRpb24iOiBudWxsLAogICAgICAgICAgImRpc3B1dGUiOiBudWxsLAogICAgICAgICAgImRpc3B1dGVkIjogZmFsc2UsCiAgICAgICAgICAiZmFpbHVyZV9jb2RlIjogbnVsbCwKICAgICAgICAgICJmYWlsdXJlX21lc3NhZ2UiOiBudWxsLAogICAgICAgICAgImZyYXVkX2RldGFpbHMiOiB7CiAgICAgICAgICB9LAogICAgICAgICAgImludm9pY2UiOiAiaW5fMEhsNTV2a0tlNGtGcFliZDRkam85NFlHIiwKICAgICAgICAgICJsaXZlbW9kZSI6IGZhbHNlLAogICAgICAgICAgIm1ldGFkYXRhIjogewogICAgICAgICAgfSwKICAgICAgICAgICJvbl9iZWhhbGZfb2YiOiBudWxsLAogICAgICAgICAgIm9yZGVyIjogbnVsbCwKICAgICAgICAgICJvdXRjb21lIjogewogICAgICAgICAgICAibmV0d29ya19zdGF0dXMiOiAiYXBwcm92ZWRfYnlfbmV0d29yayIsCiAgICAgICAgICAgICJyZWFzb24iOiBudWxsLAogICAgICAgICAgICAicmlza19sZXZlbCI6ICJub3JtYWwiLAogICAgICAgICAgICAicmlza19zY29yZSI6IDI4LAogICAgICAgICAgICAic2VsbGVyX21lc3NhZ2UiOiAiUGF5bWVudCBjb21wbGV0ZS4iLAogICAgICAgICAgICAidHlwZSI6ICJhdXRob3JpemVkIgogICAgICAgICAgfSwKICAgICAgICAgICJwYWlkIjogdHJ1ZSwKICAgICAgICAgICJwYXltZW50X2ludGVudCI6ICJwaV8wSGw1NXZrS2U0a0ZwWWJkQmE0ald4OFoiLAogICAgICAgICAgInBheW1lbnRfbWV0aG9kIjogImNhcmRfMEhsNTVza0tlNGtGcFliZEJKZWN3WWI2IiwKICAgICAgICAgICJwYXltZW50X21ldGhvZF9kZXRhaWxzIjogewogICAgICAgICAgICAiY2FyZCI6IHsKICAgICAgICAgICAgICAiYnJhbmQiOiAidmlzYSIsCiAgICAgICAgICAgICAgImNoZWNrcyI6IHsKICAgICAgICAgICAgICAgICJhZGRyZXNzX2xpbmUxX2NoZWNrIjogbnVsbCwKICAgICAgICAgICAgICAgICJhZGRyZXNzX3Bvc3RhbF9jb2RlX2NoZWNrIjogbnVsbCwKICAgICAgICAgICAgICAgICJjdmNfY2hlY2siOiAicGFzcyIKICAgICAgICAgICAgICB9LAogICAgICAgICAgICAgICJjb3VudHJ5IjogIlVTIiwKICAgICAgICAgICAgICAiZXhwX21vbnRoIjogMSwKICAgICAgICAgICAgICAiZXhwX3llYXIiOiAyMDIyLAogICAgICAgICAgICAgICJmaW5nZXJwcmludCI6ICJEQ1piQjBqTkk2TzU2T3JBIiwKICAgICAgICAgICAgICAiZnVuZGluZyI6ICJjcmVkaXQiLAogICAgICAgICAgICAgICJpbnN0YWxsbWVudHMiOiBudWxsLAogICAgICAgICAgICAgICJsYXN0NCI6ICI0MjQyIiwKICAgICAgICAgICAgICAibmV0d29yayI6ICJ2aXNhIiwKICAgICAgICAgICAgICAidGhyZWVfZF9zZWN1cmUiOiBudWxsLAogICAgICAgICAgICAgICJ3YWxsZXQiOiBudWxsCiAgICAgICAgICAgIH0sCiAgICAgICAgICAgICJ0eXBlIjogImNhcmQiCiAgICAgICAgICB9LAogICAgICAgICAgInJlY2VpcHRfZW1haWwiOiBudWxsLAogICAgICAgICAgInJlY2VpcHRfbnVtYmVyIjogbnVsbCwKICAgICAgICAgICJyZWNlaXB0X3VybCI6ICJodHRwczovL3BheS5zdHJpcGUuY29tL3JlY2VpcHRzL2tLZTRrRnBZYmRMNnVSRjcxVGxIdnNPUXppYlRZUlUwL2NoXzBIbDU1dmtLZTRrRnBZYmRZMVJuUk5uNi9yY3B0X0lMbWZQa2FRcXlzbmVYem14QVVCckFxNGNHbVJIa1QiLAogICAgICAgICAgInJlZnVuZGVkIjogZmFsc2UsCiAgICAgICAgICAicmVmdW5kcyI6IHsKICAgICAgICAgICAgIm9iamVjdCI6ICJsaXN0IiwKICAgICAgICAgICAgImRhdGEiOiBbCgogICAgICAgICAgICBdLAogICAgICAgICAgICAiaGFzX21vcmUiOiBmYWxzZSwKICAgICAgICAgICAgInRvdGFsX2NvdW50IjogMCwKICAgICAgICAgICAgInVybCI6ICIvdjEvY2hhcmdlcy9jaF8wSGw1NXZrS2U0a0ZwWWJkWTFSblJObjYvcmVmdW5kcyIKICAgICAgICAgIH0sCiAgICAgICAgICAicmV2aWV3IjogbnVsbCwKICAgICAgICAgICJzaGlwcGluZyI6IG51bGwsCiAgICAgICAgICAic291cmNlIjogewogICAgICAgICAgICAiaWQiOiAiY2FyZF8wSGw1NXNrS2U0a0ZwWWJkQkplY3dZYjYiLAogICAgICAgICAgICAib2JqZWN0IjogImNhcmQiLAogICAgICAgICAgICAiYWRkcmVzc19jaXR5IjogbnVsbCwKICAgICAgICAgICAgImFkZHJlc3NfY291bnRyeSI6IG51bGwsCiAgICAgICAgICAgICJhZGRyZXNzX2xpbmUxIjogbnVsbCwKICAgICAgICAgICAgImFkZHJlc3NfbGluZTFfY2hlY2siOiBudWxsLAogICAgICAgICAgICAiYWRkcmVzc19saW5lMiI6IG51bGwsCiAgICAgICAgICAgICJhZGRyZXNzX3N0YXRlIjogbnVsbCwKICAgICAgICAgICAgImFkZHJlc3NfemlwIjogbnVsbCwKICAgICAgICAgICAgImFkZHJlc3NfemlwX2NoZWNrIjogbnVsbCwKICAgICAgICAgICAgImJyYW5kIjogIlZpc2EiLAogICAgICAgICAgICAiY291bnRyeSI6ICJVUyIsCiAgICAgICAgICAgICJjdXN0b21lciI6ICJjdXNfSUxtZml6azg0Ylp3ZnYiLAogICAgICAgICAgICAiY3ZjX2NoZWNrIjogInBhc3MiLAogICAgICAgICAgICAiZHluYW1pY19sYXN0NCI6IG51bGwsCiAgICAgICAgICAgICJleHBfbW9udGgiOiAxLAogICAgICAgICAgICAiZXhwX3llYXIiOiAyMDIyLAogICAgICAgICAgICAiZmluZ2VycHJpbnQiOiAiRENaYkIwak5JNk81Nk9yQSIsCiAgICAgICAgICAgICJmdW5kaW5nIjogImNyZWRpdCIsCiAgICAgICAgICAgICJsYXN0NCI6ICI0MjQyIiwKICAgICAgICAgICAgIm1ldGFkYXRhIjogewogICAgICAgICAgICB9LAogICAgICAgICAgICAibmFtZSI6IG51bGwsCiAgICAgICAgICAgICJ0b2tlbml6YXRpb25fbWV0aG9kIjogbnVsbAogICAgICAgICAgfSwKICAgICAgICAgICJzb3VyY2VfdHJhbnNmZXIiOiBudWxsLAogICAgICAgICAgInN0YXRlbWVudF9kZXNjcmlwdG9yIjogbnVsbCwKICAgICAgICAgICJzdGF0ZW1lbnRfZGVzY3JpcHRvcl9zdWZmaXgiOiBudWxsLAogICAgICAgICAgInN0YXR1cyI6ICJzdWNjZWVkZWQiLAogICAgICAgICAgInRyYW5zZmVyX2RhdGEiOiBudWxsLAogICAgICAgICAgInRyYW5zZmVyX2dyb3VwIjogbnVsbAogICAgICAgIH0KICAgICAgfSwKICAgICAgImxpdmVtb2RlIjogZmFsc2UsCiAgICAgICJwZW5kaW5nX3dlYmhvb2tzIjogMCwKICAgICAgInJlcXVlc3QiOiB7CiAgICAgICAgImlkIjogInJlcV9UR1R5ejExbjJreUd1ayIsCiAgICAgICAgImlkZW1wb3RlbmN5X2tleSI6IG51bGwKICAgICAgfSwKICAgICAgInR5cGUiOiAiY2hhcmdlLnN1Y2NlZWRlZCIKICAgIH0sCiAgICB7CiAgICAgICJpZCI6ICJldnRfMEhsNTV4a0tlNGtGcFliZGczSUVuUTFVIiwKICAgICAgIm9iamVjdCI6ICJldmVudCIsCiAgICAgICJhcGlfdmVyc2lvbiI6ICIyMDE3LTEyLTE0IiwKICAgICAgImNyZWF0ZWQiOiAxNjA0ODA4MDk1LAogICAgICAiZGF0YSI6IHsKICAgICAgICAib2JqZWN0IjogewogICAgICAgICAgImlkIjogInBpXzBIbDU1dmtLZTRrRnBZYmRCYTRqV3g4WiIsCiAgICAgICAgICAib2JqZWN0IjogInBheW1lbnRfaW50ZW50IiwKICAgICAgICAgICJhbGxvd2VkX3NvdXJjZV90eXBlcyI6IFsKICAgICAgICAgICAgImNhcmQiCiAgICAgICAgICBdLAogICAgICAgICAgImFtb3VudCI6IDMwMCwKICAgICAgICAgICJhbW91bnRfY2FwdHVyYWJsZSI6IDAsCiAgICAgICAgICAiYW1vdW50X3JlY2VpdmVkIjogMCwKICAgICAgICAgICJhcHBsaWNhdGlvbiI6IG51bGwsCiAgICAgICAgICAiYXBwbGljYXRpb25fZmVlX2Ftb3VudCI6IG51bGwsCiAgICAgICAgICAiY2FuY2VsZWRfYXQiOiBudWxsLAogICAgICAgICAgImNhbmNlbGxhdGlvbl9yZWFzb24iOiBudWxsLAogICAgICAgICAgImNhcHR1cmVfbWV0aG9kIjogImF1dG9tYXRpYyIsCiAgICAgICAgICAiY2hhcmdlcyI6IHsKICAgICAgICAgICAgIm9iamVjdCI6ICJsaXN0IiwKICAgICAgICAgICAgImRhdGEiOiBbCgogICAgICAgICAgICBdLAogICAgICAgICAgICAiaGFzX21vcmUiOiBmYWxzZSwKICAgICAgICAgICAgInRvdGFsX2NvdW50IjogMCwKICAgICAgICAgICAgInVybCI6ICIvdjEvY2hhcmdlcz9wYXltZW50X2ludGVudD1waV8wSGw1NXZrS2U0a0ZwWWJkQmE0ald4OFoiCiAgICAgICAgICB9LAogICAgICAgICAgImNsaWVudF9zZWNyZXQiOiAicGlfMEhsNTV2a0tlNGtGcFliZEJhNGpXeDhaX3NlY3JldF9HTkZwZHR0RHJpZ1Z6M2RQdjdsMXhSSGhlIiwKICAgICAgICAgICJjb25maXJtYXRpb25fbWV0aG9kIjogImF1dG9tYXRpYyIsCiAgICAgICAgICAiY3JlYXRlZCI6IDE2MDQ4MDgwOTUsCiAgICAgICAgICAiY3VycmVuY3kiOiAidXNkIiwKICAgICAgICAgICJjdXN0b21lciI6ICJjdXNfSUxtZml6azg0Ylp3ZnYiLAogICAgICAgICAgImRlc2NyaXB0aW9uIjogIlN1YnNjcmlwdGlvbiBjcmVhdGlvbiIsCiAgICAgICAgICAiaW52b2ljZSI6ICJpbl8wSGw1NXZrS2U0a0ZwWWJkNGRqbzk0WUciLAogICAgICAgICAgImxhc3RfcGF5bWVudF9lcnJvciI6IG51bGwsCiAgICAgICAgICAibGl2ZW1vZGUiOiBmYWxzZSwKICAgICAgICAgICJtZXRhZGF0YSI6IHsKICAgICAgICAgIH0sCiAgICAgICAgICAibmV4dF9hY3Rpb24iOiBudWxsLAogICAgICAgICAgIm5leHRfc291cmNlX2FjdGlvbiI6IG51bGwsCiAgICAgICAgICAib25fYmVoYWxmX29mIjogbnVsbCwKICAgICAgICAgICJwYXltZW50X21ldGhvZCI6IG51bGwsCiAgICAgICAgICAicGF5bWVudF9tZXRob2Rfb3B0aW9ucyI6IHsKICAgICAgICAgICAgImNhcmQiOiB7CiAgICAgICAgICAgICAgImluc3RhbGxtZW50cyI6IG51bGwsCiAgICAgICAgICAgICAgIm5ldHdvcmsiOiBudWxsLAogICAgICAgICAgICAgICJyZXF1ZXN0X3RocmVlX2Rfc2VjdXJlIjogImF1dG9tYXRpYyIKICAgICAgICAgICAgfQogICAgICAgICAgfSwKICAgICAgICAgICJwYXltZW50X21ldGhvZF90eXBlcyI6IFsKICAgICAgICAgICAgImNhcmQiCiAgICAgICAgICBdLAogICAgICAgICAgInJlY2VpcHRfZW1haWwiOiBudWxsLAogICAgICAgICAgInJldmlldyI6IG51bGwsCiAgICAgICAgICAic2V0dXBfZnV0dXJlX3VzYWdlIjogIm9mZl9zZXNzaW9uIiwKICAgICAgICAgICJzaGlwcGluZyI6IG51bGwsCiAgICAgICAgICAic291cmNlIjogbnVsbCwKICAgICAgICAgICJzdGF0ZW1lbnRfZGVzY3JpcHRvciI6IG51bGwsCiAgICAgICAgICAic3RhdGVtZW50X2Rlc2NyaXB0b3Jfc3VmZml4IjogbnVsbCwKICAgICAgICAgICJzdGF0dXMiOiAicmVxdWlyZXNfc291cmNlIiwKICAgICAgICAgICJ0cmFuc2Zlcl9kYXRhIjogbnVsbCwKICAgICAgICAgICJ0cmFuc2Zlcl9ncm91cCI6IG51bGwKICAgICAgICB9CiAgICAgIH0sCiAgICAgICJsaXZlbW9kZSI6IGZhbHNlLAogICAgICAicGVuZGluZ193ZWJob29rcyI6IDAsCiAgICAgICJyZXF1ZXN0IjogewogICAgICAgICJpZCI6ICJyZXFfVEdUeXoxMW4ya3lHdWsiLAogICAgICAgICJpZGVtcG90ZW5jeV9rZXkiOiBudWxsCiAgICAgIH0sCiAgICAgICJ0eXBlIjogInBheW1lbnRfaW50ZW50LmNyZWF0ZWQiCiAgICB9CiAgXSwKICAiaGFzX21vcmUiOiB0cnVlLAogICJ1cmwiOiAiL3YxL2V2ZW50cyIKfQo=
  recorded_at: Sun, 08 Nov 2020 04:01:39 GMT
recorded_with: VCR 6.0.0
